2026-07-21 10:30:52 [INFO] [Reporter]: Starting test run with 1 project(s).
2026-07-21 10:30:53 [INFO] [Reporter]: Test Started: TC_AP_0001 - Verify Main Page screen of 77QA QA tool  (Project: Unknown Project)
2026-07-21 10:30:53 [DEBUG] [Reporter]: Step Started: Unknown Step {"test":"TC_AP_0001 - Verify Main Page screen of 77QA QA tool "}
2026-07-21 10:30:53 [DEBUG] [Reporter]: Step Started: Unknown Step {"test":"TC_AP_0001 - Verify Main Page screen of 77QA QA tool "}
2026-07-21 10:30:53 [DEBUG] [Reporter]: Step Started: Unknown Step {"test":"TC_AP_0001 - Verify Main Page screen of 77QA QA tool "}
2026-07-21 10:30:53 [DEBUG] [Reporter]: Step Ended: Unknown Step - PASSED {"test":"TC_AP_0001 - Verify Main Page screen of 77QA QA tool ","duration":0}
2026-07-21 10:30:53 [DEBUG] [Reporter]: Step Ended: Unknown Step - PASSED {"test":"TC_AP_0001 - Verify Main Page screen of 77QA QA tool ","duration":0}
2026-07-21 10:30:53 [DEBUG] [Reporter]: Step Started: Unknown Step {"test":"TC_AP_0001 - Verify Main Page screen of 77QA QA tool "}
2026-07-21 10:30:53 [DEBUG] [Reporter]: Step Started: Unknown Step {"test":"TC_AP_0001 - Verify Main Page screen of 77QA QA tool "}
2026-07-21 10:30:53 [DEBUG] [Reporter]: Step Ended: Unknown Step - PASSED {"test":"TC_AP_0001 - Verify Main Page screen of 77QA QA tool ","duration":0}
2026-07-21 10:30:53 [INFO] [TC_AP_0001 - Verify Main Page screen of 77QA QA tool ]: Test
2026-07-21 10:30:53 [DEBUG] [Reporter]: Step Ended: Unknown Step - PASSED {"test":"TC_AP_0001 - Verify Main Page screen of 77QA QA tool ","duration":0}
2026-07-21 10:30:53 [DEBUG] [Reporter]: Step Ended: Unknown Step - PASSED {"test":"TC_AP_0001 - Verify Main Page screen of 77QA QA tool ","duration":0}
2026-07-21 10:30:53 [DEBUG] [Reporter]: Step Started: Unknown Step {"test":"TC_AP_0001 - Verify Main Page screen of 77QA QA tool "}
2026-07-21 10:30:53 [DEBUG] [Reporter]: Step Started: Unknown Step {"test":"TC_AP_0001 - Verify Main Page screen of 77QA QA tool "}
2026-07-21 10:30:53 [DEBUG] [Reporter]: Step Ended: Unknown Step - PASSED {"test":"TC_AP_0001 - Verify Main Page screen of 77QA QA tool ","duration":0}
2026-07-21 10:30:53 [DEBUG] [Reporter]: Step Started: Unknown Step {"test":"TC_AP_0001 - Verify Main Page screen of 77QA QA tool "}
2026-07-21 10:30:53 [DEBUG] [Reporter]: Step Ended: Unknown Step - PASSED {"test":"TC_AP_0001 - Verify Main Page screen of 77QA QA tool ","duration":0}
2026-07-21 10:30:53 [DEBUG] [Reporter]: Step Started: Unknown Step {"test":"TC_AP_0001 - Verify Main Page screen of 77QA QA tool "}
2026-07-21 10:30:53 [DEBUG] [Reporter]: Step Ended: Unknown Step - PASSED {"test":"TC_AP_0001 - Verify Main Page screen of 77QA QA tool ","duration":0}
2026-07-21 10:30:53 [DEBUG] [Reporter]: Step Ended: Unknown Step - PASSED {"test":"TC_AP_0001 - Verify Main Page screen of 77QA QA tool ","duration":0}
2026-07-21 10:30:53 [DEBUG] [Reporter]: Step Started: Unknown Step {"test":"TC_AP_0001 - Verify Main Page screen of 77QA QA tool "}
2026-07-21 10:30:53 [DEBUG] [Reporter]: Step Started: Unknown Step {"test":"TC_AP_0001 - Verify Main Page screen of 77QA QA tool "}
2026-07-21 10:30:53 [DEBUG] [Reporter]: Step Ended: Unknown Step - PASSED {"test":"TC_AP_0001 - Verify Main Page screen of 77QA QA tool ","duration":0}
2026-07-21 10:30:53 [DEBUG] [Reporter]: Step Ended: Unknown Step - PASSED {"test":"TC_AP_0001 - Verify Main Page screen of 77QA QA tool ","duration":0}
2026-07-21 10:30:53 [INFO] [Reporter]: Test Ended: TC_AP_0001 - Verify Main Page screen of 77QA QA tool  - FAILED (20ms)
2026-07-21 10:30:53 [ERROR] [Reporter]: Test Failure: TC_AP_0001 - Verify Main Page screen of 77QA QA tool  - Error: browserType.launch: Executable doesn't exist at C:\Users\NSAMPAYAN\AppData\Local\ms-playwright\chromium-1228\chrome-win64\chrome.exe
╔════════════════════════════════════════════════════════════╗
║ Looks like Playwright was just installed or updated.       ║
║ Please run the following command to download new browsers: ║
║                                                            ║
║     npx playwright install                                 ║
║                                                            ║
║ <3 Playwright Team                                         ║
╚════════════════════════════════════════════════════════════╝
Error: browserType.launch: Executable doesn't exist at C:\Users\NSAMPAYAN\AppData\Local\ms-playwright\chromium-1228\chrome-win64\chrome.exe
╔════════════════════════════════════════════════════════════╗
║ Looks like Playwright was just installed or updated.       ║
║ Please run the following command to download new browsers: ║
║                                                            ║
║     npx playwright install                                 ║
║                                                            ║
║ <3 Playwright Team                                         ║
╚════════════════════════════════════════════════════════════╝
2026-07-21 10:30:53 [INFO] [Reporter]: Test run finished. Status: failed
2026-07-21 10:30:53 [ERROR] [Reporter]: 0 test(s) failed, 0 test(s) passed.
2026-07-21 10:32:19 [INFO] [Reporter]: Starting test run with 1 project(s).
2026-07-21 10:32:20 [INFO] [Reporter]: Test Started: TC_AP_0001 - Verify Main Page screen of 77QA QA tool  (Project: Unknown Project)
2026-07-21 10:32:20 [DEBUG] [Reporter]: Step Started: Unknown Step {"test":"TC_AP_0001 - Verify Main Page screen of 77QA QA tool "}
2026-07-21 10:32:20 [DEBUG] [Reporter]: Step Started: Unknown Step {"test":"TC_AP_0001 - Verify Main Page screen of 77QA QA tool "}
2026-07-21 10:32:20 [DEBUG] [Reporter]: Step Started: Unknown Step {"test":"TC_AP_0001 - Verify Main Page screen of 77QA QA tool "}
2026-07-21 10:32:20 [DEBUG] [Reporter]: Step Ended: Unknown Step - PASSED {"test":"TC_AP_0001 - Verify Main Page screen of 77QA QA tool ","duration":0}
2026-07-21 10:32:20 [DEBUG] [Reporter]: Step Ended: Unknown Step - PASSED {"test":"TC_AP_0001 - Verify Main Page screen of 77QA QA tool ","duration":0}
2026-07-21 10:32:20 [DEBUG] [Reporter]: Step Started: Unknown Step {"test":"TC_AP_0001 - Verify Main Page screen of 77QA QA tool "}
2026-07-21 10:32:20 [DEBUG] [Reporter]: Step Started: Unknown Step {"test":"TC_AP_0001 - Verify Main Page screen of 77QA QA tool "}
2026-07-21 10:32:20 [INFO] [TC_AP_0001 - Verify Main Page screen of 77QA QA tool ]: Test
2026-07-21 10:32:36 [DEBUG] [Reporter]: Step Ended: Unknown Step - PASSED {"test":"TC_AP_0001 - Verify Main Page screen of 77QA QA tool ","duration":0}
2026-07-21 10:32:36 [DEBUG] [Reporter]: Step Ended: Unknown Step - PASSED {"test":"TC_AP_0001 - Verify Main Page screen of 77QA QA tool ","duration":0}
2026-07-21 10:32:36 [DEBUG] [Reporter]: Step Started: Unknown Step {"test":"TC_AP_0001 - Verify Main Page screen of 77QA QA tool "}
2026-07-21 10:32:36 [DEBUG] [Reporter]: Step Started: Unknown Step {"test":"TC_AP_0001 - Verify Main Page screen of 77QA QA tool "}
2026-07-21 10:32:37 [DEBUG] [Reporter]: Step Ended: Unknown Step - PASSED {"test":"TC_AP_0001 - Verify Main Page screen of 77QA QA tool ","duration":0}
2026-07-21 10:32:37 [DEBUG] [Reporter]: Step Ended: Unknown Step - PASSED {"test":"TC_AP_0001 - Verify Main Page screen of 77QA QA tool ","duration":0}
2026-07-21 10:32:37 [DEBUG] [Reporter]: Step Started: Unknown Step {"test":"TC_AP_0001 - Verify Main Page screen of 77QA QA tool "}
2026-07-21 10:32:37 [DEBUG] [Reporter]: Step Started: Unknown Step {"test":"TC_AP_0001 - Verify Main Page screen of 77QA QA tool "}
2026-07-21 10:32:37 [DEBUG] [Reporter]: Step Ended: Unknown Step - PASSED {"test":"TC_AP_0001 - Verify Main Page screen of 77QA QA tool ","duration":0}
2026-07-21 10:32:37 [DEBUG] [Reporter]: Step Ended: Unknown Step - PASSED {"test":"TC_AP_0001 - Verify Main Page screen of 77QA QA tool ","duration":0}
2026-07-21 10:32:37 [DEBUG] [Reporter]: Step Started: Unknown Step {"test":"TC_AP_0001 - Verify Main Page screen of 77QA QA tool "}
2026-07-21 10:32:37 [INFO] [TC_AP_0001 - Verify Main Page screen of 77QA QA tool ]: Accessing Playwright Page object directly.
2026-07-21 10:32:37 [DEBUG] [Reporter]: Step Ended: Unknown Step - PASSED {"test":"TC_AP_0001 - Verify Main Page screen of 77QA QA tool ","duration":0}
2026-07-21 10:32:37 [DEBUG] [Reporter]: Step Ended: Unknown Step - PASSED {"test":"TC_AP_0001 - Verify Main Page screen of 77QA QA tool ","duration":0}
2026-07-21 10:32:37 [DEBUG] [Reporter]: Step Started: Unknown Step {"test":"TC_AP_0001 - Verify Main Page screen of 77QA QA tool "}
2026-07-21 10:32:37 [INFO] [TC_AP_0001 - Verify Main Page screen of 77QA QA tool ]: Accessing Playwright Page object directly.
2026-07-21 10:32:37 [INFO] [TC_AP_0001 - Verify Main Page screen of 77QA QA tool ]: Accessing Playwright Page object directly.
2026-07-21 10:32:37 [INFO] [TC_AP_0001 - Verify Main Page screen of 77QA QA tool ]: Accessing Playwright Page object directly.
2026-07-21 10:32:37 [INFO] [TC_AP_0001 - Verify Main Page screen of 77QA QA tool ]: Navigating to the target page...
2026-07-21 10:32:37 [INFO] [TC_AP_0001 - Verify Main Page screen of 77QA QA tool ]: Navigating to URL: (baseURL from config)
2026-07-21 10:32:37 [INFO] [TC_AP_0001 - Verify Main Page screen of 77QA QA tool ]: Accessing Playwright Page object directly.
2026-07-21 10:32:39 [DEBUG] [Reporter]: Step Ended: Unknown Step - PASSED {"test":"TC_AP_0001 - Verify Main Page screen of 77QA QA tool ","duration":0}
2026-07-21 10:32:39 [INFO] [TC_AP_0001 - Verify Main Page screen of 77QA QA tool ]: Accessing Playwright Page object directly.
2026-07-21 10:32:39 [DEBUG] [Reporter]: Step Started: Unknown Step {"test":"TC_AP_0001 - Verify Main Page screen of 77QA QA tool "}
2026-07-21 10:32:39 [DEBUG] [Reporter]: Step Ended: Unknown Step - PASSED {"test":"TC_AP_0001 - Verify Main Page screen of 77QA QA tool ","duration":0}
2026-07-21 10:32:39 [DEBUG] [Reporter]: Step Started: Unknown Step {"test":"TC_AP_0001 - Verify Main Page screen of 77QA QA tool "}
2026-07-21 10:32:39 [INFO] [TC_AP_0001 - Verify Main Page screen of 77QA QA tool ]: Successfully navigated to: https://automationexercise.com/
2026-07-21 10:32:39 [INFO] [TC_AP_0001 - Verify Main Page screen of 77QA QA tool ]: Accessing Playwright Page object directly.
2026-07-21 10:32:39 [INFO] [TC_AP_0001 - Verify Main Page screen of 77QA QA tool ]: Page loaded and stable after navigation.
2026-07-21 10:32:39 [INFO] [TC_AP_0001 - Verify Main Page screen of 77QA QA tool ]: Waiting for element to be visible: "getByText('LOGIN')"
2026-07-21 10:32:39 [DEBUG] [Reporter]: Step Ended: Unknown Step - PASSED {"test":"TC_AP_0001 - Verify Main Page screen of 77QA QA tool ","duration":0}
2026-07-21 10:32:39 [INFO] [TC_AP_0001 - Verify Main Page screen of 77QA QA tool ]: Element is now visible: "getByText('LOGIN')"
2026-07-21 10:32:39 [DEBUG] [Reporter]: Step Started: Unknown Step {"test":"TC_AP_0001 - Verify Main Page screen of 77QA QA tool "}
2026-07-21 10:32:39 [DEBUG] [Reporter]: Step Started: Unknown Step {"test":"TC_AP_0001 - Verify Main Page screen of 77QA QA tool "}
2026-07-21 10:32:39 [DEBUG] [Reporter]: Step Ended: Unknown Step - PASSED {"test":"TC_AP_0001 - Verify Main Page screen of 77QA QA tool ","duration":0}
2026-07-21 10:32:39 [DEBUG] [Reporter]: Step Started: Unknown Step {"test":"TC_AP_0001 - Verify Main Page screen of 77QA QA tool "}
2026-07-21 10:32:39 [DEBUG] [Reporter]: Step Ended: Unknown Step - PASSED {"test":"TC_AP_0001 - Verify Main Page screen of 77QA QA tool ","duration":0}
2026-07-21 10:32:39 [DEBUG] [Reporter]: Step Started: Unknown Step {"test":"TC_AP_0001 - Verify Main Page screen of 77QA QA tool "}
2026-07-21 10:32:39 [DEBUG] [Reporter]: Step Ended: Unknown Step - PASSED {"test":"TC_AP_0001 - Verify Main Page screen of 77QA QA tool ","duration":0}
2026-07-21 10:32:39 [DEBUG] [Reporter]: Step Started: Unknown Step {"test":"TC_AP_0001 - Verify Main Page screen of 77QA QA tool "}
2026-07-21 10:32:39 [INFO] [TC_AP_0001 - Verify Main Page screen of 77QA QA tool ]: Navigating to the target page...
2026-07-21 10:32:43 [DEBUG] [Reporter]: Step Started: Unknown Step {"test":"TC_AP_0001 - Verify Main Page screen of 77QA QA tool "}
2026-07-21 10:32:44 [DEBUG] [Reporter]: Step Ended: Unknown Step - PASSED {"test":"TC_AP_0001 - Verify Main Page screen of 77QA QA tool ","duration":0}
2026-07-21 10:32:44 [DEBUG] [Reporter]: Step Ended: Unknown Step - PASSED {"test":"TC_AP_0001 - Verify Main Page screen of 77QA QA tool ","duration":0}
2026-07-21 10:32:44 [DEBUG] [Reporter]: Step Started: Unknown Step {"test":"TC_AP_0001 - Verify Main Page screen of 77QA QA tool "}
2026-07-21 10:32:44 [DEBUG] [Reporter]: Step Ended: Unknown Step - PASSED {"test":"TC_AP_0001 - Verify Main Page screen of 77QA QA tool ","duration":0}
2026-07-21 10:32:44 [DEBUG] [Reporter]: Step Started: Unknown Step {"test":"TC_AP_0001 - Verify Main Page screen of 77QA QA tool "}
2026-07-21 10:32:44 [DEBUG] [Reporter]: Step Ended: Unknown Step - PASSED {"test":"TC_AP_0001 - Verify Main Page screen of 77QA QA tool ","duration":0}
2026-07-21 10:32:44 [DEBUG] [Reporter]: Step Ended: Unknown Step - PASSED {"test":"TC_AP_0001 - Verify Main Page screen of 77QA QA tool ","duration":0}
2026-07-21 10:32:44 [INFO] [Reporter]: Test Ended: TC_AP_0001 - Verify Main Page screen of 77QA QA tool  - PASSED (7114ms)
2026-07-21 10:32:45 [INFO] [Reporter]: Test run finished. Status: passed
2026-07-21 10:32:45 [INFO] [Reporter]: All 0 test(s) passed.
2026-07-21 10:34:01 [INFO] [Reporter]: Starting test run with 1 project(s).
2026-07-21 10:34:01 [INFO] [Reporter]: Test Started: TC_AP_0001 - Verify Main Page screen of 77QA QA tool  (Project: Unknown Project)
2026-07-21 10:34:01 [DEBUG] [Reporter]: Step Started: Unknown Step {"test":"TC_AP_0001 - Verify Main Page screen of 77QA QA tool "}
2026-07-21 10:34:01 [DEBUG] [Reporter]: Step Started: Unknown Step {"test":"TC_AP_0001 - Verify Main Page screen of 77QA QA tool "}
2026-07-21 10:34:01 [DEBUG] [Reporter]: Step Started: Unknown Step {"test":"TC_AP_0001 - Verify Main Page screen of 77QA QA tool "}
2026-07-21 10:34:01 [DEBUG] [Reporter]: Step Ended: Unknown Step - PASSED {"test":"TC_AP_0001 - Verify Main Page screen of 77QA QA tool ","duration":0}
2026-07-21 10:34:01 [DEBUG] [Reporter]: Step Ended: Unknown Step - PASSED {"test":"TC_AP_0001 - Verify Main Page screen of 77QA QA tool ","duration":0}
2026-07-21 10:34:01 [DEBUG] [Reporter]: Step Started: Unknown Step {"test":"TC_AP_0001 - Verify Main Page screen of 77QA QA tool "}
2026-07-21 10:34:01 [DEBUG] [Reporter]: Step Started: Unknown Step {"test":"TC_AP_0001 - Verify Main Page screen of 77QA QA tool "}
2026-07-21 10:34:01 [INFO] [TC_AP_0001 - Verify Main Page screen of 77QA QA tool ]: Test
2026-07-21 10:34:02 [DEBUG] [Reporter]: Step Ended: Unknown Step - PASSED {"test":"TC_AP_0001 - Verify Main Page screen of 77QA QA tool ","duration":0}
2026-07-21 10:34:02 [DEBUG] [Reporter]: Step Ended: Unknown Step - PASSED {"test":"TC_AP_0001 - Verify Main Page screen of 77QA QA tool ","duration":0}
2026-07-21 10:34:02 [DEBUG] [Reporter]: Step Started: Unknown Step {"test":"TC_AP_0001 - Verify Main Page screen of 77QA QA tool "}
2026-07-21 10:34:02 [DEBUG] [Reporter]: Step Started: Unknown Step {"test":"TC_AP_0001 - Verify Main Page screen of 77QA QA tool "}
2026-07-21 10:34:02 [DEBUG] [Reporter]: Step Ended: Unknown Step - PASSED {"test":"TC_AP_0001 - Verify Main Page screen of 77QA QA tool ","duration":0}
2026-07-21 10:34:02 [DEBUG] [Reporter]: Step Ended: Unknown Step - PASSED {"test":"TC_AP_0001 - Verify Main Page screen of 77QA QA tool ","duration":0}
2026-07-21 10:34:02 [DEBUG] [Reporter]: Step Started: Unknown Step {"test":"TC_AP_0001 - Verify Main Page screen of 77QA QA tool "}
2026-07-21 10:34:02 [DEBUG] [Reporter]: Step Started: Unknown Step {"test":"TC_AP_0001 - Verify Main Page screen of 77QA QA tool "}
2026-07-21 10:34:02 [DEBUG] [Reporter]: Step Ended: Unknown Step - PASSED {"test":"TC_AP_0001 - Verify Main Page screen of 77QA QA tool ","duration":0}
2026-07-21 10:34:02 [DEBUG] [Reporter]: Step Ended: Unknown Step - PASSED {"test":"TC_AP_0001 - Verify Main Page screen of 77QA QA tool ","duration":0}
2026-07-21 10:34:02 [DEBUG] [Reporter]: Step Started: Unknown Step {"test":"TC_AP_0001 - Verify Main Page screen of 77QA QA tool "}
2026-07-21 10:34:02 [INFO] [TC_AP_0001 - Verify Main Page screen of 77QA QA tool ]: Accessing Playwright Page object directly.
2026-07-21 10:34:02 [DEBUG] [Reporter]: Step Ended: Unknown Step - PASSED {"test":"TC_AP_0001 - Verify Main Page screen of 77QA QA tool ","duration":0}
2026-07-21 10:34:02 [DEBUG] [Reporter]: Step Ended: Unknown Step - PASSED {"test":"TC_AP_0001 - Verify Main Page screen of 77QA QA tool ","duration":0}
2026-07-21 10:34:02 [DEBUG] [Reporter]: Step Started: Unknown Step {"test":"TC_AP_0001 - Verify Main Page screen of 77QA QA tool "}
2026-07-21 10:34:02 [INFO] [TC_AP_0001 - Verify Main Page screen of 77QA QA tool ]: Accessing Playwright Page object directly.
2026-07-21 10:34:02 [INFO] [TC_AP_0001 - Verify Main Page screen of 77QA QA tool ]: Accessing Playwright Page object directly.
2026-07-21 10:34:02 [INFO] [TC_AP_0001 - Verify Main Page screen of 77QA QA tool ]: Accessing Playwright Page object directly.
2026-07-21 10:34:02 [INFO] [TC_AP_0001 - Verify Main Page screen of 77QA QA tool ]: Navigating to the target page...
2026-07-21 10:34:02 [INFO] [TC_AP_0001 - Verify Main Page screen of 77QA QA tool ]: Navigating to URL: (baseURL from config)
2026-07-21 10:34:02 [INFO] [TC_AP_0001 - Verify Main Page screen of 77QA QA tool ]: Accessing Playwright Page object directly.
2026-07-21 10:34:03 [DEBUG] [Reporter]: Step Ended: Unknown Step - PASSED {"test":"TC_AP_0001 - Verify Main Page screen of 77QA QA tool ","duration":0}
2026-07-21 10:34:03 [INFO] [TC_AP_0001 - Verify Main Page screen of 77QA QA tool ]: Accessing Playwright Page object directly.
2026-07-21 10:34:03 [DEBUG] [Reporter]: Step Started: Unknown Step {"test":"TC_AP_0001 - Verify Main Page screen of 77QA QA tool "}
2026-07-21 10:34:03 [DEBUG] [Reporter]: Step Ended: Unknown Step - PASSED {"test":"TC_AP_0001 - Verify Main Page screen of 77QA QA tool ","duration":0}
2026-07-21 10:34:03 [DEBUG] [Reporter]: Step Started: Unknown Step {"test":"TC_AP_0001 - Verify Main Page screen of 77QA QA tool "}
2026-07-21 10:34:03 [INFO] [TC_AP_0001 - Verify Main Page screen of 77QA QA tool ]: Successfully navigated to: https://qa-test-management-dev.ap-southeast-1.elasticbeanstalk.com/seven-seven-qa/login
2026-07-21 10:34:03 [INFO] [TC_AP_0001 - Verify Main Page screen of 77QA QA tool ]: Accessing Playwright Page object directly.
2026-07-21 10:34:03 [INFO] [TC_AP_0001 - Verify Main Page screen of 77QA QA tool ]: Page loaded and stable after navigation.
2026-07-21 10:34:03 [INFO] [TC_AP_0001 - Verify Main Page screen of 77QA QA tool ]: Waiting for element to be visible: "getByText('LOGIN')"
2026-07-21 10:34:03 [DEBUG] [Reporter]: Step Ended: Unknown Step - PASSED {"test":"TC_AP_0001 - Verify Main Page screen of 77QA QA tool ","duration":0}
2026-07-21 10:34:03 [INFO] [TC_AP_0001 - Verify Main Page screen of 77QA QA tool ]: Element is now visible: "getByText('LOGIN')"
2026-07-21 10:34:03 [DEBUG] [Reporter]: Step Started: Unknown Step {"test":"TC_AP_0001 - Verify Main Page screen of 77QA QA tool "}
2026-07-21 10:34:03 [DEBUG] [Reporter]: Step Started: Unknown Step {"test":"TC_AP_0001 - Verify Main Page screen of 77QA QA tool "}
2026-07-21 10:34:03 [DEBUG] [Reporter]: Step Ended: Unknown Step - PASSED {"test":"TC_AP_0001 - Verify Main Page screen of 77QA QA tool ","duration":0}
2026-07-21 10:34:03 [DEBUG] [Reporter]: Step Started: Unknown Step {"test":"TC_AP_0001 - Verify Main Page screen of 77QA QA tool "}
2026-07-21 10:34:03 [DEBUG] [Reporter]: Step Ended: Unknown Step - PASSED {"test":"TC_AP_0001 - Verify Main Page screen of 77QA QA tool ","duration":0}
2026-07-21 10:34:03 [DEBUG] [Reporter]: Step Started: Unknown Step {"test":"TC_AP_0001 - Verify Main Page screen of 77QA QA tool "}
2026-07-21 10:34:03 [DEBUG] [Reporter]: Step Ended: Unknown Step - PASSED {"test":"TC_AP_0001 - Verify Main Page screen of 77QA QA tool ","duration":0}
2026-07-21 10:34:03 [DEBUG] [Reporter]: Step Started: Unknown Step {"test":"TC_AP_0001 - Verify Main Page screen of 77QA QA tool "}
2026-07-21 10:34:03 [INFO] [TC_AP_0001 - Verify Main Page screen of 77QA QA tool ]: Navigating to the target page...
2026-07-21 10:34:03 [DEBUG] [Reporter]: Step Started: Unknown Step {"test":"TC_AP_0001 - Verify Main Page screen of 77QA QA tool "}
2026-07-21 10:34:03 [DEBUG] [Reporter]: Step Ended: Unknown Step - PASSED {"test":"TC_AP_0001 - Verify Main Page screen of 77QA QA tool ","duration":0}
2026-07-21 10:34:03 [DEBUG] [Reporter]: Step Ended: Unknown Step - PASSED {"test":"TC_AP_0001 - Verify Main Page screen of 77QA QA tool ","duration":0}
2026-07-21 10:34:03 [DEBUG] [Reporter]: Step Started: Unknown Step {"test":"TC_AP_0001 - Verify Main Page screen of 77QA QA tool "}
2026-07-21 10:34:03 [DEBUG] [Reporter]: Step Ended: Unknown Step - PASSED {"test":"TC_AP_0001 - Verify Main Page screen of 77QA QA tool ","duration":0}
2026-07-21 10:34:03 [DEBUG] [Reporter]: Step Started: Unknown Step {"test":"TC_AP_0001 - Verify Main Page screen of 77QA QA tool "}
2026-07-21 10:34:03 [DEBUG] [Reporter]: Step Ended: Unknown Step - PASSED {"test":"TC_AP_0001 - Verify Main Page screen of 77QA QA tool ","duration":0}
2026-07-21 10:34:03 [DEBUG] [Reporter]: Step Ended: Unknown Step - PASSED {"test":"TC_AP_0001 - Verify Main Page screen of 77QA QA tool ","duration":0}
2026-07-21 10:34:03 [INFO] [Reporter]: Test Ended: TC_AP_0001 - Verify Main Page screen of 77QA QA tool  - PASSED (1432ms)
2026-07-21 10:34:04 [INFO] [Reporter]: Test run finished. Status: passed
2026-07-21 10:34:04 [INFO] [Reporter]: All 0 test(s) passed.
2026-07-21 11:12:28 [INFO] [Reporter]: Starting test run with 1 project(s).
2026-07-21 11:12:29 [INFO] [Reporter]: Test Started: TC_AP_0001 - Verify Main Page screen of 77QA QA tool  (Project: Unknown Project)
2026-07-21 11:12:29 [DEBUG] [Reporter]: Step Started: Unknown Step {"test":"TC_AP_0001 - Verify Main Page screen of 77QA QA tool "}
2026-07-21 11:12:29 [DEBUG] [Reporter]: Step Started: Unknown Step {"test":"TC_AP_0001 - Verify Main Page screen of 77QA QA tool "}
2026-07-21 11:12:29 [DEBUG] [Reporter]: Step Started: Unknown Step {"test":"TC_AP_0001 - Verify Main Page screen of 77QA QA tool "}
2026-07-21 11:12:29 [DEBUG] [Reporter]: Step Ended: Unknown Step - PASSED {"test":"TC_AP_0001 - Verify Main Page screen of 77QA QA tool ","duration":0}
2026-07-21 11:12:29 [DEBUG] [Reporter]: Step Ended: Unknown Step - PASSED {"test":"TC_AP_0001 - Verify Main Page screen of 77QA QA tool ","duration":0}
2026-07-21 11:12:29 [DEBUG] [Reporter]: Step Started: Unknown Step {"test":"TC_AP_0001 - Verify Main Page screen of 77QA QA tool "}
2026-07-21 11:12:29 [DEBUG] [Reporter]: Step Started: Unknown Step {"test":"TC_AP_0001 - Verify Main Page screen of 77QA QA tool "}
2026-07-21 11:12:29 [INFO] [TC_AP_0001 - Verify Main Page screen of 77QA QA tool ]: Test Nem
2026-07-21 11:12:29 [DEBUG] [Reporter]: Step Ended: Unknown Step - PASSED {"test":"TC_AP_0001 - Verify Main Page screen of 77QA QA tool ","duration":0}
2026-07-21 11:12:29 [DEBUG] [Reporter]: Step Ended: Unknown Step - PASSED {"test":"TC_AP_0001 - Verify Main Page screen of 77QA QA tool ","duration":0}
2026-07-21 11:12:29 [DEBUG] [Reporter]: Step Started: Unknown Step {"test":"TC_AP_0001 - Verify Main Page screen of 77QA QA tool "}
2026-07-21 11:12:29 [DEBUG] [Reporter]: Step Started: Unknown Step {"test":"TC_AP_0001 - Verify Main Page screen of 77QA QA tool "}
2026-07-21 11:12:29 [DEBUG] [Reporter]: Step Ended: Unknown Step - PASSED {"test":"TC_AP_0001 - Verify Main Page screen of 77QA QA tool ","duration":0}
2026-07-21 11:12:29 [DEBUG] [Reporter]: Step Ended: Unknown Step - PASSED {"test":"TC_AP_0001 - Verify Main Page screen of 77QA QA tool ","duration":0}
2026-07-21 11:12:29 [DEBUG] [Reporter]: Step Started: Unknown Step {"test":"TC_AP_0001 - Verify Main Page screen of 77QA QA tool "}
2026-07-21 11:12:29 [DEBUG] [Reporter]: Step Started: Unknown Step {"test":"TC_AP_0001 - Verify Main Page screen of 77QA QA tool "}
2026-07-21 11:12:29 [DEBUG] [Reporter]: Step Ended: Unknown Step - PASSED {"test":"TC_AP_0001 - Verify Main Page screen of 77QA QA tool ","duration":0}
2026-07-21 11:12:29 [DEBUG] [Reporter]: Step Ended: Unknown Step - PASSED {"test":"TC_AP_0001 - Verify Main Page screen of 77QA QA tool ","duration":0}
2026-07-21 11:12:29 [DEBUG] [Reporter]: Step Started: Unknown Step {"test":"TC_AP_0001 - Verify Main Page screen of 77QA QA tool "}
2026-07-21 11:12:29 [INFO] [TC_AP_0001 - Verify Main Page screen of 77QA QA tool ]: Accessing Playwright Page object directly.
2026-07-21 11:12:29 [DEBUG] [Reporter]: Step Ended: Unknown Step - PASSED {"test":"TC_AP_0001 - Verify Main Page screen of 77QA QA tool ","duration":0}
2026-07-21 11:12:29 [DEBUG] [Reporter]: Step Started: Unknown Step {"test":"TC_AP_0001 - Verify Main Page screen of 77QA QA tool "}
2026-07-21 11:12:29 [DEBUG] [Reporter]: Step Ended: Unknown Step - PASSED {"test":"TC_AP_0001 - Verify Main Page screen of 77QA QA tool ","duration":0}
2026-07-21 11:12:29 [DEBUG] [Reporter]: Step Ended: Unknown Step - PASSED {"test":"TC_AP_0001 - Verify Main Page screen of 77QA QA tool ","duration":0}
2026-07-21 11:12:29 [DEBUG] [Reporter]: Step Started: Unknown Step {"test":"TC_AP_0001 - Verify Main Page screen of 77QA QA tool "}
2026-07-21 11:12:29 [INFO] [TC_AP_0001 - Verify Main Page screen of 77QA QA tool ]: Accessing Playwright Page object directly.
2026-07-21 11:12:29 [INFO] [TC_AP_0001 - Verify Main Page screen of 77QA QA tool ]: Accessing Playwright Page object directly.
2026-07-21 11:12:29 [INFO] [TC_AP_0001 - Verify Main Page screen of 77QA QA tool ]: Accessing Playwright Page object directly.
2026-07-21 11:12:29 [INFO] [TC_AP_0001 - Verify Main Page screen of 77QA QA tool ]: Accessing Playwright Page object directly.
2026-07-21 11:12:29 [INFO] [TC_AP_0001 - Verify Main Page screen of 77QA QA tool ]: Navigating to the target page...
2026-07-21 11:12:29 [INFO] [TC_AP_0001 - Verify Main Page screen of 77QA QA tool ]: Navigating to URL: (baseURL from config)
2026-07-21 11:12:29 [INFO] [TC_AP_0001 - Verify Main Page screen of 77QA QA tool ]: Accessing Playwright Page object directly.
2026-07-21 11:12:30 [DEBUG] [Reporter]: Step Ended: Unknown Step - PASSED {"test":"TC_AP_0001 - Verify Main Page screen of 77QA QA tool ","duration":0}
2026-07-21 11:12:30 [INFO] [TC_AP_0001 - Verify Main Page screen of 77QA QA tool ]: Accessing Playwright Page object directly.
2026-07-21 11:12:30 [DEBUG] [Reporter]: Step Started: Unknown Step {"test":"TC_AP_0001 - Verify Main Page screen of 77QA QA tool "}
2026-07-21 11:12:30 [DEBUG] [Reporter]: Step Ended: Unknown Step - PASSED {"test":"TC_AP_0001 - Verify Main Page screen of 77QA QA tool ","duration":0}
2026-07-21 11:12:30 [DEBUG] [Reporter]: Step Started: Unknown Step {"test":"TC_AP_0001 - Verify Main Page screen of 77QA QA tool "}
2026-07-21 11:12:30 [INFO] [TC_AP_0001 - Verify Main Page screen of 77QA QA tool ]: Successfully navigated to: https://qa-test-management-dev.ap-southeast-1.elasticbeanstalk.com/seven-seven-qa/login
2026-07-21 11:12:30 [INFO] [TC_AP_0001 - Verify Main Page screen of 77QA QA tool ]: Accessing Playwright Page object directly.
2026-07-21 11:12:30 [INFO] [TC_AP_0001 - Verify Main Page screen of 77QA QA tool ]: Page loaded and stable after navigation.
2026-07-21 11:12:30 [INFO] [TC_AP_0001 - Verify Main Page screen of 77QA QA tool ]: Waiting for element to be visible: "getByText('LOGIN')"
2026-07-21 11:12:30 [DEBUG] [Reporter]: Step Ended: Unknown Step - PASSED {"test":"TC_AP_0001 - Verify Main Page screen of 77QA QA tool ","duration":0}
2026-07-21 11:12:30 [INFO] [TC_AP_0001 - Verify Main Page screen of 77QA QA tool ]: Element is now visible: "getByText('LOGIN')"
2026-07-21 11:12:30 [INFO] [TC_AP_0001 - Verify Main Page screen of 77QA QA tool ]: Navigating to the target page...
2026-07-21 11:12:30 [INFO] [TC_AP_0001 - Verify Main Page screen of 77QA QA tool ]: Performing login action.
2026-07-21 11:12:30 [INFO] [TC_AP_0001 - Verify Main Page screen of 77QA QA tool ]: Entering username: qsuperadmin
2026-07-21 11:12:30 [INFO] [TC_AP_0001 - Verify Main Page screen of 77QA QA tool ]: Filling element "locator('#username')" with value: "qsuperadmin"
2026-07-21 11:12:30 [DEBUG] [Reporter]: Step Started: Unknown Step {"test":"TC_AP_0001 - Verify Main Page screen of 77QA QA tool "}
2026-07-21 11:12:30 [ERROR] [TC_AP_0001 - Verify Main Page screen of 77QA QA tool ]: Failed to fill element "locator('#username')" with value: "qsuperadmin". Error: locator.fill: Error: strict mode violation: locator('#username') resolved to 2 elements:
    1) <input value="" type="text" id="username" name="username" aria-invalid="false" class="MuiInputBase-input MuiInput-input css-mnn31"/> aka getByRole('textbox', { name: 'Username' })
    2) <p id="username" class="MuiFormHelperText-root Mui-error MuiFormHelperText-sizeMedium css-18eqa8y"></p> aka locator('#username').nth(1)

Call log:
[2m  - waiting for locator('#username')[22m

2026-07-21 11:12:30 [DEBUG] [Reporter]: Step Ended: Unknown Step - PASSED {"test":"TC_AP_0001 - Verify Main Page screen of 77QA QA tool ","duration":0}
2026-07-21 11:12:30 [DEBUG] [Reporter]: Step Started: Unknown Step {"test":"TC_AP_0001 - Verify Main Page screen of 77QA QA tool "}
2026-07-21 11:12:31 [DEBUG] [Reporter]: Step Started: Unknown Step {"test":"TC_AP_0001 - Verify Main Page screen of 77QA QA tool "}
2026-07-21 11:12:31 [DEBUG] [Reporter]: Step Ended: Unknown Step - PASSED {"test":"TC_AP_0001 - Verify Main Page screen of 77QA QA tool ","duration":0}
2026-07-21 11:12:31 [DEBUG] [Reporter]: Step Started: Unknown Step {"test":"TC_AP_0001 - Verify Main Page screen of 77QA QA tool "}
2026-07-21 11:12:31 [DEBUG] [Reporter]: Step Ended: Unknown Step - PASSED {"test":"TC_AP_0001 - Verify Main Page screen of 77QA QA tool ","duration":0}
2026-07-21 11:12:31 [DEBUG] [Reporter]: Step Started: Unknown Step {"test":"TC_AP_0001 - Verify Main Page screen of 77QA QA tool "}
2026-07-21 11:12:31 [DEBUG] [Reporter]: Step Ended: Unknown Step - PASSED {"test":"TC_AP_0001 - Verify Main Page screen of 77QA QA tool ","duration":0}
2026-07-21 11:12:31 [DEBUG] [Reporter]: Step Started: Unknown Step {"test":"TC_AP_0001 - Verify Main Page screen of 77QA QA tool "}
2026-07-21 11:12:31 [DEBUG] [Reporter]: Step Ended: Unknown Step - PASSED {"test":"TC_AP_0001 - Verify Main Page screen of 77QA QA tool ","duration":0}
2026-07-21 11:12:31 [DEBUG] [Reporter]: Step Started: Unknown Step {"test":"TC_AP_0001 - Verify Main Page screen of 77QA QA tool "}
2026-07-21 11:12:31 [DEBUG] [Reporter]: Step Started: Unknown Step {"test":"TC_AP_0001 - Verify Main Page screen of 77QA QA tool "}
2026-07-21 11:12:31 [DEBUG] [Reporter]: Step Ended: Unknown Step - PASSED {"test":"TC_AP_0001 - Verify Main Page screen of 77QA QA tool ","duration":0}
2026-07-21 11:12:31 [DEBUG] [Reporter]: Step Ended: Unknown Step - PASSED {"test":"TC_AP_0001 - Verify Main Page screen of 77QA QA tool ","duration":0}
2026-07-21 11:12:31 [DEBUG] [Reporter]: Step Started: Unknown Step {"test":"TC_AP_0001 - Verify Main Page screen of 77QA QA tool "}
2026-07-21 11:12:31 [DEBUG] [Reporter]: Step Ended: Unknown Step - PASSED {"test":"TC_AP_0001 - Verify Main Page screen of 77QA QA tool ","duration":0}
2026-07-21 11:12:31 [DEBUG] [Reporter]: Step Started: Unknown Step {"test":"TC_AP_0001 - Verify Main Page screen of 77QA QA tool "}
2026-07-21 11:12:31 [DEBUG] [Reporter]: Step Ended: Unknown Step - PASSED {"test":"TC_AP_0001 - Verify Main Page screen of 77QA QA tool ","duration":0}
2026-07-21 11:12:31 [DEBUG] [Reporter]: Step Ended: Unknown Step - PASSED {"test":"TC_AP_0001 - Verify Main Page screen of 77QA QA tool ","duration":0}
2026-07-21 11:12:31 [DEBUG] [Reporter]: Step Started: Unknown Step {"test":"TC_AP_0001 - Verify Main Page screen of 77QA QA tool "}
2026-07-21 11:12:31 [DEBUG] [Reporter]: Step Started: Unknown Step {"test":"TC_AP_0001 - Verify Main Page screen of 77QA QA tool "}
2026-07-21 11:12:31 [DEBUG] [Reporter]: Step Ended: Unknown Step - PASSED {"test":"TC_AP_0001 - Verify Main Page screen of 77QA QA tool ","duration":0}
2026-07-21 11:12:31 [DEBUG] [Reporter]: Step Ended: Unknown Step - PASSED {"test":"TC_AP_0001 - Verify Main Page screen of 77QA QA tool ","duration":0}
2026-07-21 11:12:31 [INFO] [Reporter]: Test Ended: TC_AP_0001 - Verify Main Page screen of 77QA QA tool  - FAILED (1699ms)
2026-07-21 11:12:31 [ERROR] [Reporter]: Test Failure: TC_AP_0001 - Verify Main Page screen of 77QA QA tool  - Error: Fill action failed: locator.fill: Error: strict mode violation: locator('#username') resolved to 2 elements:
    1) <input value="" type="text" id="username" name="username" aria-invalid="false" class="MuiInputBase-input MuiInput-input css-mnn31"/> aka getByRole('textbox', { name: 'Username' })
    2) <p id="username" class="MuiFormHelperText-root Mui-error MuiFormHelperText-sizeMedium css-18eqa8y"></p> aka locator('#username').nth(1)

Call log:
[2m  - waiting for locator('#username')[22m

Error: Fill action failed: locator.fill: Error: strict mode violation: locator('#username') resolved to 2 elements:
    1) <input value="" type="text" id="username" name="username" aria-invalid="false" class="MuiInputBase-input MuiInput-input css-mnn31"/> aka getByRole('textbox', { name: 'Username' })
    2) <p id="username" class="MuiFormHelperText-root Mui-error MuiFormHelperText-sizeMedium css-18eqa8y"></p> aka locator('#username').nth(1)

Call log:
[2m  - waiting for locator('#username')[22m

    at ElementActions.fill (C:\.automation\Personal\Playwright-TypeScript\src\actions\element.actions.ts:90:13)
    at LoginPage.fillUsername (C:\.automation\Personal\Playwright-TypeScript\src\pages\login.page.ts:46:5)
    at LoginPage.login (C:\.automation\Personal\Playwright-TypeScript\src\pages\login.page.ts:80:5)
    at C:\.automation\Personal\Playwright-TypeScript\tests\login-page.spec.ts:15:9
2026-07-21 11:12:32 [INFO] [Reporter]: Test run finished. Status: failed
2026-07-21 11:12:32 [ERROR] [Reporter]: 0 test(s) failed, 0 test(s) passed.
2026-07-21 11:18:23 [INFO] [Reporter]: Starting test run with 1 project(s).
2026-07-21 11:18:24 [INFO] [Reporter]: Test Started: TC_AP_0001 - Verify Main Page screen of 77QA QA tool  (Project: Unknown Project)
2026-07-21 11:18:24 [DEBUG] [Reporter]: Step Started: Unknown Step {"test":"TC_AP_0001 - Verify Main Page screen of 77QA QA tool "}
2026-07-21 11:18:24 [DEBUG] [Reporter]: Step Started: Unknown Step {"test":"TC_AP_0001 - Verify Main Page screen of 77QA QA tool "}
2026-07-21 11:18:24 [DEBUG] [Reporter]: Step Started: Unknown Step {"test":"TC_AP_0001 - Verify Main Page screen of 77QA QA tool "}
2026-07-21 11:18:24 [DEBUG] [Reporter]: Step Ended: Unknown Step - PASSED {"test":"TC_AP_0001 - Verify Main Page screen of 77QA QA tool ","duration":0}
2026-07-21 11:18:24 [DEBUG] [Reporter]: Step Ended: Unknown Step - PASSED {"test":"TC_AP_0001 - Verify Main Page screen of 77QA QA tool ","duration":0}
2026-07-21 11:18:24 [DEBUG] [Reporter]: Step Started: Unknown Step {"test":"TC_AP_0001 - Verify Main Page screen of 77QA QA tool "}
2026-07-21 11:18:24 [DEBUG] [Reporter]: Step Started: Unknown Step {"test":"TC_AP_0001 - Verify Main Page screen of 77QA QA tool "}
2026-07-21 11:18:24 [INFO] [TC_AP_0001 - Verify Main Page screen of 77QA QA tool ]: Test Nem
2026-07-21 11:18:24 [DEBUG] [Reporter]: Step Ended: Unknown Step - PASSED {"test":"TC_AP_0001 - Verify Main Page screen of 77QA QA tool ","duration":0}
2026-07-21 11:18:24 [DEBUG] [Reporter]: Step Ended: Unknown Step - PASSED {"test":"TC_AP_0001 - Verify Main Page screen of 77QA QA tool ","duration":0}
2026-07-21 11:18:24 [DEBUG] [Reporter]: Step Started: Unknown Step {"test":"TC_AP_0001 - Verify Main Page screen of 77QA QA tool "}
2026-07-21 11:18:24 [DEBUG] [Reporter]: Step Started: Unknown Step {"test":"TC_AP_0001 - Verify Main Page screen of 77QA QA tool "}
2026-07-21 11:18:24 [DEBUG] [Reporter]: Step Ended: Unknown Step - PASSED {"test":"TC_AP_0001 - Verify Main Page screen of 77QA QA tool ","duration":0}
2026-07-21 11:18:24 [DEBUG] [Reporter]: Step Ended: Unknown Step - PASSED {"test":"TC_AP_0001 - Verify Main Page screen of 77QA QA tool ","duration":0}
2026-07-21 11:18:24 [DEBUG] [Reporter]: Step Started: Unknown Step {"test":"TC_AP_0001 - Verify Main Page screen of 77QA QA tool "}
2026-07-21 11:18:24 [DEBUG] [Reporter]: Step Started: Unknown Step {"test":"TC_AP_0001 - Verify Main Page screen of 77QA QA tool "}
2026-07-21 11:18:24 [DEBUG] [Reporter]: Step Ended: Unknown Step - PASSED {"test":"TC_AP_0001 - Verify Main Page screen of 77QA QA tool ","duration":0}
2026-07-21 11:18:24 [DEBUG] [Reporter]: Step Ended: Unknown Step - PASSED {"test":"TC_AP_0001 - Verify Main Page screen of 77QA QA tool ","duration":0}
2026-07-21 11:18:24 [INFO] [TC_AP_0001 - Verify Main Page screen of 77QA QA tool ]: Accessing Playwright Page object directly.
2026-07-21 11:18:24 [DEBUG] [Reporter]: Step Started: Unknown Step {"test":"TC_AP_0001 - Verify Main Page screen of 77QA QA tool "}
2026-07-21 11:18:24 [DEBUG] [Reporter]: Step Ended: Unknown Step - PASSED {"test":"TC_AP_0001 - Verify Main Page screen of 77QA QA tool ","duration":0}
2026-07-21 11:18:24 [DEBUG] [Reporter]: Step Started: Unknown Step {"test":"TC_AP_0001 - Verify Main Page screen of 77QA QA tool "}
2026-07-21 11:18:24 [DEBUG] [Reporter]: Step Ended: Unknown Step - PASSED {"test":"TC_AP_0001 - Verify Main Page screen of 77QA QA tool ","duration":0}
2026-07-21 11:18:24 [DEBUG] [Reporter]: Step Ended: Unknown Step - PASSED {"test":"TC_AP_0001 - Verify Main Page screen of 77QA QA tool ","duration":0}
2026-07-21 11:18:24 [DEBUG] [Reporter]: Step Started: Unknown Step {"test":"TC_AP_0001 - Verify Main Page screen of 77QA QA tool "}
2026-07-21 11:18:24 [INFO] [TC_AP_0001 - Verify Main Page screen of 77QA QA tool ]: Accessing Playwright Page object directly.
2026-07-21 11:18:24 [INFO] [TC_AP_0001 - Verify Main Page screen of 77QA QA tool ]: Accessing Playwright Page object directly.
2026-07-21 11:18:24 [INFO] [TC_AP_0001 - Verify Main Page screen of 77QA QA tool ]: Accessing Playwright Page object directly.
2026-07-21 11:18:24 [INFO] [TC_AP_0001 - Verify Main Page screen of 77QA QA tool ]: Accessing Playwright Page object directly.
2026-07-21 11:18:24 [INFO] [TC_AP_0001 - Verify Main Page screen of 77QA QA tool ]: Navigating to the target page...
2026-07-21 11:18:24 [INFO] [TC_AP_0001 - Verify Main Page screen of 77QA QA tool ]: Navigating to URL: (baseURL from config)
2026-07-21 11:18:24 [INFO] [TC_AP_0001 - Verify Main Page screen of 77QA QA tool ]: Accessing Playwright Page object directly.
2026-07-21 11:18:25 [DEBUG] [Reporter]: Step Ended: Unknown Step - PASSED {"test":"TC_AP_0001 - Verify Main Page screen of 77QA QA tool ","duration":0}
2026-07-21 11:18:25 [INFO] [TC_AP_0001 - Verify Main Page screen of 77QA QA tool ]: Accessing Playwright Page object directly.
2026-07-21 11:18:25 [DEBUG] [Reporter]: Step Started: Unknown Step {"test":"TC_AP_0001 - Verify Main Page screen of 77QA QA tool "}
2026-07-21 11:18:25 [DEBUG] [Reporter]: Step Ended: Unknown Step - PASSED {"test":"TC_AP_0001 - Verify Main Page screen of 77QA QA tool ","duration":0}
2026-07-21 11:18:25 [DEBUG] [Reporter]: Step Started: Unknown Step {"test":"TC_AP_0001 - Verify Main Page screen of 77QA QA tool "}
2026-07-21 11:18:25 [INFO] [TC_AP_0001 - Verify Main Page screen of 77QA QA tool ]: Successfully navigated to: https://qa-test-management-dev.ap-southeast-1.elasticbeanstalk.com/seven-seven-qa/login
2026-07-21 11:18:25 [INFO] [TC_AP_0001 - Verify Main Page screen of 77QA QA tool ]: Accessing Playwright Page object directly.
2026-07-21 11:18:25 [INFO] [TC_AP_0001 - Verify Main Page screen of 77QA QA tool ]: Page loaded and stable after navigation.
2026-07-21 11:18:25 [INFO] [TC_AP_0001 - Verify Main Page screen of 77QA QA tool ]: Waiting for element to be visible: "getByText('LOGIN')"
2026-07-21 11:18:25 [INFO] [TC_AP_0001 - Verify Main Page screen of 77QA QA tool ]: Element is now visible: "getByText('LOGIN')"
2026-07-21 11:18:25 [DEBUG] [Reporter]: Step Ended: Unknown Step - PASSED {"test":"TC_AP_0001 - Verify Main Page screen of 77QA QA tool ","duration":0}
2026-07-21 11:18:25 [DEBUG] [Reporter]: Step Started: Unknown Step {"test":"TC_AP_0001 - Verify Main Page screen of 77QA QA tool "}
2026-07-21 11:18:25 [INFO] [TC_AP_0001 - Verify Main Page screen of 77QA QA tool ]: Navigating to the target page...
2026-07-21 11:18:25 [INFO] [TC_AP_0001 - Verify Main Page screen of 77QA QA tool ]: Performing login action.
2026-07-21 11:18:25 [INFO] [TC_AP_0001 - Verify Main Page screen of 77QA QA tool ]: Entering username: qsuperadmin
2026-07-21 11:18:25 [INFO] [TC_AP_0001 - Verify Main Page screen of 77QA QA tool ]: Filling element "locator('input#username')" with value: "qsuperadmin"
2026-07-21 11:18:25 [DEBUG] [Reporter]: Step Ended: Unknown Step - PASSED {"test":"TC_AP_0001 - Verify Main Page screen of 77QA QA tool ","duration":0}
2026-07-21 11:18:25 [INFO] [TC_AP_0001 - Verify Main Page screen of 77QA QA tool ]: Successfully filled element "locator('input#username')" with value: "qsuperadmin"
2026-07-21 11:18:25 [DEBUG] [Reporter]: Step Started: Unknown Step {"test":"TC_AP_0001 - Verify Main Page screen of 77QA QA tool "}
2026-07-21 11:18:25 [INFO] [TC_AP_0001 - Verify Main Page screen of 77QA QA tool ]: Entering password.
2026-07-21 11:18:25 [INFO] [TC_AP_0001 - Verify Main Page screen of 77QA QA tool ]: Filling element "locator('input#password')" with value: "Qsuperadmin@77"
2026-07-21 11:18:25 [DEBUG] [Reporter]: Step Ended: Unknown Step - PASSED {"test":"TC_AP_0001 - Verify Main Page screen of 77QA QA tool ","duration":0}
2026-07-21 11:18:25 [INFO] [TC_AP_0001 - Verify Main Page screen of 77QA QA tool ]: Successfully filled element "locator('input#password')" with value: "Qsuperadmin@77"
2026-07-21 11:18:25 [DEBUG] [Reporter]: Step Started: Unknown Step {"test":"TC_AP_0001 - Verify Main Page screen of 77QA QA tool "}
2026-07-21 11:18:25 [INFO] [TC_AP_0001 - Verify Main Page screen of 77QA QA tool ]: Clicking the Login button.
2026-07-21 11:18:25 [INFO] [TC_AP_0001 - Verify Main Page screen of 77QA QA tool ]: Clicking on element with selector: "getByText('AUTHENTICATE')"
2026-07-21 11:18:26 [INFO] [TC_AP_0001 - Verify Main Page screen of 77QA QA tool ]: Successfully clicked on element: "getByText('AUTHENTICATE')"
2026-07-21 11:18:26 [DEBUG] [Reporter]: Step Ended: Unknown Step - PASSED {"test":"TC_AP_0001 - Verify Main Page screen of 77QA QA tool ","duration":0}
2026-07-21 11:18:26 [DEBUG] [Reporter]: Step Started: Unknown Step {"test":"TC_AP_0001 - Verify Main Page screen of 77QA QA tool "}
2026-07-21 11:18:26 [INFO] [TC_AP_0001 - Verify Main Page screen of 77QA QA tool ]: Login action completed.
2026-07-21 11:18:26 [INFO] [TC_AP_0001 - Verify Main Page screen of 77QA QA tool ]: Asserting that the landed in Admin Dashboard Page
2026-07-21 11:18:26 [DEBUG] [Reporter]: Step Ended: Unknown Step - PASSED {"test":"TC_AP_0001 - Verify Main Page screen of 77QA QA tool ","duration":0}
2026-07-21 11:18:26 [DEBUG] [Reporter]: Step Started: Unknown Step {"test":"TC_AP_0001 - Verify Main Page screen of 77QA QA tool "}
2026-07-21 11:18:26 [DEBUG] [Reporter]: Step Started: Unknown Step {"test":"TC_AP_0001 - Verify Main Page screen of 77QA QA tool "}
2026-07-21 11:18:26 [DEBUG] [Reporter]: Step Ended: Unknown Step - PASSED {"test":"TC_AP_0001 - Verify Main Page screen of 77QA QA tool ","duration":0}
2026-07-21 11:18:26 [DEBUG] [Reporter]: Step Started: Unknown Step {"test":"TC_AP_0001 - Verify Main Page screen of 77QA QA tool "}
2026-07-21 11:18:26 [DEBUG] [Reporter]: Step Ended: Unknown Step - PASSED {"test":"TC_AP_0001 - Verify Main Page screen of 77QA QA tool ","duration":0}
2026-07-21 11:18:26 [DEBUG] [Reporter]: Step Started: Unknown Step {"test":"TC_AP_0001 - Verify Main Page screen of 77QA QA tool "}
2026-07-21 11:18:26 [DEBUG] [Reporter]: Step Ended: Unknown Step - PASSED {"test":"TC_AP_0001 - Verify Main Page screen of 77QA QA tool ","duration":0}
2026-07-21 11:18:26 [DEBUG] [Reporter]: Step Started: Unknown Step {"test":"TC_AP_0001 - Verify Main Page screen of 77QA QA tool "}
2026-07-21 11:18:26 [DEBUG] [Reporter]: Step Ended: Unknown Step - PASSED {"test":"TC_AP_0001 - Verify Main Page screen of 77QA QA tool ","duration":0}
2026-07-21 11:18:26 [DEBUG] [Reporter]: Step Started: Unknown Step {"test":"TC_AP_0001 - Verify Main Page screen of 77QA QA tool "}
2026-07-21 11:18:27 [DEBUG] [Reporter]: Step Started: Unknown Step {"test":"TC_AP_0001 - Verify Main Page screen of 77QA QA tool "}
2026-07-21 11:18:27 [DEBUG] [Reporter]: Step Ended: Unknown Step - PASSED {"test":"TC_AP_0001 - Verify Main Page screen of 77QA QA tool ","duration":0}
2026-07-21 11:18:27 [DEBUG] [Reporter]: Step Ended: Unknown Step - PASSED {"test":"TC_AP_0001 - Verify Main Page screen of 77QA QA tool ","duration":0}
2026-07-21 11:18:27 [DEBUG] [Reporter]: Step Started: Unknown Step {"test":"TC_AP_0001 - Verify Main Page screen of 77QA QA tool "}
2026-07-21 11:18:27 [DEBUG] [Reporter]: Step Ended: Unknown Step - PASSED {"test":"TC_AP_0001 - Verify Main Page screen of 77QA QA tool ","duration":0}
2026-07-21 11:18:27 [DEBUG] [Reporter]: Step Started: Unknown Step {"test":"TC_AP_0001 - Verify Main Page screen of 77QA QA tool "}
2026-07-21 11:18:27 [DEBUG] [Reporter]: Step Ended: Unknown Step - PASSED {"test":"TC_AP_0001 - Verify Main Page screen of 77QA QA tool ","duration":0}
2026-07-21 11:18:27 [DEBUG] [Reporter]: Step Ended: Unknown Step - PASSED {"test":"TC_AP_0001 - Verify Main Page screen of 77QA QA tool ","duration":0}
2026-07-21 11:18:27 [DEBUG] [Reporter]: Step Started: Unknown Step {"test":"TC_AP_0001 - Verify Main Page screen of 77QA QA tool "}
2026-07-21 11:18:27 [DEBUG] [Reporter]: Step Started: Unknown Step {"test":"TC_AP_0001 - Verify Main Page screen of 77QA QA tool "}
2026-07-21 11:18:27 [DEBUG] [Reporter]: Step Ended: Unknown Step - PASSED {"test":"TC_AP_0001 - Verify Main Page screen of 77QA QA tool ","duration":0}
2026-07-21 11:18:27 [DEBUG] [Reporter]: Step Ended: Unknown Step - PASSED {"test":"TC_AP_0001 - Verify Main Page screen of 77QA QA tool ","duration":0}
2026-07-21 11:18:28 [INFO] [Reporter]: Test Ended: TC_AP_0001 - Verify Main Page screen of 77QA QA tool  - FAILED (2840ms)
2026-07-21 11:18:28 [ERROR] [Reporter]: Test Failure: TC_AP_0001 - Verify Main Page screen of 77QA QA tool  - Error: [2mexpect([22m[31mlocator[39m[2m).[22mtoBeVisible[2m([22m[2m)[22m failed

Locator: getByText('Admin Dashboard')
Expected: visible
Error: strict mode violation: getByText('Admin Dashboard') resolved to 2 elements:
    1) <h6 class="MuiTypography-root MuiTypography-h6 css-1pnwouy">Admin Dashboard</h6> aka getByRole('heading', { name: 'Admin Dashboard' })
    2) <div class="MuiBox-root css-28bjv2">…</div> aka locator('#menu-appbar').getByText('Admin Dashboard')

Call log:
[2m  - Expect "toBeVisible" with timeout 30000ms[22m
[2m  - waiting for getByText('Admin Dashboard')[22m

Error: [2mexpect([22m[31mlocator[39m[2m).[22mtoBeVisible[2m([22m[2m)[22m failed

Locator: getByText('Admin Dashboard')
Expected: visible
Error: strict mode violation: getByText('Admin Dashboard') resolved to 2 elements:
    1) <h6 class="MuiTypography-root MuiTypography-h6 css-1pnwouy">Admin Dashboard</h6> aka getByRole('heading', { name: 'Admin Dashboard' })
    2) <div class="MuiBox-root css-28bjv2">…</div> aka locator('#menu-appbar').getByText('Admin Dashboard')

Call log:
[2m  - Expect "toBeVisible" with timeout 30000ms[22m
[2m  - waiting for getByText('Admin Dashboard')[22m

    at SuperAdminPage.expectLandedInAdminDashboard (C:\.automation\Personal\Playwright-TypeScript\src\pages\admin\superadmin.pages.ts:21:49)
    at C:\.automation\Personal\Playwright-TypeScript\tests\login-page.spec.ts:16:9
2026-07-21 11:18:28 [INFO] [Reporter]: Test run finished. Status: failed
2026-07-21 11:18:28 [ERROR] [Reporter]: 0 test(s) failed, 0 test(s) passed.
2026-07-21 11:20:54 [INFO] [Reporter]: Starting test run with 1 project(s).
2026-07-21 11:20:55 [INFO] [Reporter]: Test Started: TC_AP_0001 - Verify Main Page screen of 77QA QA tool  (Project: Unknown Project)
2026-07-21 11:20:55 [DEBUG] [Reporter]: Step Started: Unknown Step {"test":"TC_AP_0001 - Verify Main Page screen of 77QA QA tool "}
2026-07-21 11:20:55 [DEBUG] [Reporter]: Step Started: Unknown Step {"test":"TC_AP_0001 - Verify Main Page screen of 77QA QA tool "}
2026-07-21 11:20:55 [DEBUG] [Reporter]: Step Started: Unknown Step {"test":"TC_AP_0001 - Verify Main Page screen of 77QA QA tool "}
2026-07-21 11:20:55 [DEBUG] [Reporter]: Step Ended: Unknown Step - PASSED {"test":"TC_AP_0001 - Verify Main Page screen of 77QA QA tool ","duration":0}
2026-07-21 11:20:55 [DEBUG] [Reporter]: Step Ended: Unknown Step - PASSED {"test":"TC_AP_0001 - Verify Main Page screen of 77QA QA tool ","duration":0}
2026-07-21 11:20:55 [DEBUG] [Reporter]: Step Started: Unknown Step {"test":"TC_AP_0001 - Verify Main Page screen of 77QA QA tool "}
2026-07-21 11:20:55 [DEBUG] [Reporter]: Step Started: Unknown Step {"test":"TC_AP_0001 - Verify Main Page screen of 77QA QA tool "}
2026-07-21 11:20:55 [INFO] [TC_AP_0001 - Verify Main Page screen of 77QA QA tool ]: Test Nem
2026-07-21 11:20:55 [DEBUG] [Reporter]: Step Ended: Unknown Step - PASSED {"test":"TC_AP_0001 - Verify Main Page screen of 77QA QA tool ","duration":0}
2026-07-21 11:20:55 [DEBUG] [Reporter]: Step Ended: Unknown Step - PASSED {"test":"TC_AP_0001 - Verify Main Page screen of 77QA QA tool ","duration":0}
2026-07-21 11:20:55 [DEBUG] [Reporter]: Step Started: Unknown Step {"test":"TC_AP_0001 - Verify Main Page screen of 77QA QA tool "}
2026-07-21 11:20:55 [DEBUG] [Reporter]: Step Started: Unknown Step {"test":"TC_AP_0001 - Verify Main Page screen of 77QA QA tool "}
2026-07-21 11:20:55 [DEBUG] [Reporter]: Step Ended: Unknown Step - PASSED {"test":"TC_AP_0001 - Verify Main Page screen of 77QA QA tool ","duration":0}
2026-07-21 11:20:55 [DEBUG] [Reporter]: Step Ended: Unknown Step - PASSED {"test":"TC_AP_0001 - Verify Main Page screen of 77QA QA tool ","duration":0}
2026-07-21 11:20:55 [DEBUG] [Reporter]: Step Started: Unknown Step {"test":"TC_AP_0001 - Verify Main Page screen of 77QA QA tool "}
2026-07-21 11:20:55 [DEBUG] [Reporter]: Step Started: Unknown Step {"test":"TC_AP_0001 - Verify Main Page screen of 77QA QA tool "}
2026-07-21 11:20:55 [DEBUG] [Reporter]: Step Ended: Unknown Step - PASSED {"test":"TC_AP_0001 - Verify Main Page screen of 77QA QA tool ","duration":0}
2026-07-21 11:20:55 [DEBUG] [Reporter]: Step Ended: Unknown Step - PASSED {"test":"TC_AP_0001 - Verify Main Page screen of 77QA QA tool ","duration":0}
2026-07-21 11:20:55 [DEBUG] [Reporter]: Step Started: Unknown Step {"test":"TC_AP_0001 - Verify Main Page screen of 77QA QA tool "}
2026-07-21 11:20:55 [INFO] [TC_AP_0001 - Verify Main Page screen of 77QA QA tool ]: Accessing Playwright Page object directly.
2026-07-21 11:20:55 [DEBUG] [Reporter]: Step Ended: Unknown Step - PASSED {"test":"TC_AP_0001 - Verify Main Page screen of 77QA QA tool ","duration":0}
2026-07-21 11:20:55 [DEBUG] [Reporter]: Step Started: Unknown Step {"test":"TC_AP_0001 - Verify Main Page screen of 77QA QA tool "}
2026-07-21 11:20:55 [DEBUG] [Reporter]: Step Ended: Unknown Step - PASSED {"test":"TC_AP_0001 - Verify Main Page screen of 77QA QA tool ","duration":0}
2026-07-21 11:20:55 [DEBUG] [Reporter]: Step Ended: Unknown Step - PASSED {"test":"TC_AP_0001 - Verify Main Page screen of 77QA QA tool ","duration":0}
2026-07-21 11:20:55 [DEBUG] [Reporter]: Step Started: Unknown Step {"test":"TC_AP_0001 - Verify Main Page screen of 77QA QA tool "}
2026-07-21 11:20:55 [INFO] [TC_AP_0001 - Verify Main Page screen of 77QA QA tool ]: Accessing Playwright Page object directly.
2026-07-21 11:20:55 [INFO] [TC_AP_0001 - Verify Main Page screen of 77QA QA tool ]: Accessing Playwright Page object directly.
2026-07-21 11:20:55 [INFO] [TC_AP_0001 - Verify Main Page screen of 77QA QA tool ]: Accessing Playwright Page object directly.
2026-07-21 11:20:55 [INFO] [TC_AP_0001 - Verify Main Page screen of 77QA QA tool ]: Accessing Playwright Page object directly.
2026-07-21 11:20:55 [INFO] [TC_AP_0001 - Verify Main Page screen of 77QA QA tool ]: Navigating to the target page...
2026-07-21 11:20:55 [INFO] [TC_AP_0001 - Verify Main Page screen of 77QA QA tool ]: Navigating to URL: (baseURL from config)
2026-07-21 11:20:55 [INFO] [TC_AP_0001 - Verify Main Page screen of 77QA QA tool ]: Accessing Playwright Page object directly.
2026-07-21 11:20:56 [DEBUG] [Reporter]: Step Ended: Unknown Step - PASSED {"test":"TC_AP_0001 - Verify Main Page screen of 77QA QA tool ","duration":0}
2026-07-21 11:20:56 [INFO] [TC_AP_0001 - Verify Main Page screen of 77QA QA tool ]: Accessing Playwright Page object directly.
2026-07-21 11:20:56 [DEBUG] [Reporter]: Step Started: Unknown Step {"test":"TC_AP_0001 - Verify Main Page screen of 77QA QA tool "}
2026-07-21 11:20:56 [DEBUG] [Reporter]: Step Ended: Unknown Step - PASSED {"test":"TC_AP_0001 - Verify Main Page screen of 77QA QA tool ","duration":0}
2026-07-21 11:20:56 [INFO] [TC_AP_0001 - Verify Main Page screen of 77QA QA tool ]: Successfully navigated to: https://qa-test-management-dev.ap-southeast-1.elasticbeanstalk.com/seven-seven-qa/login
2026-07-21 11:20:56 [DEBUG] [Reporter]: Step Started: Unknown Step {"test":"TC_AP_0001 - Verify Main Page screen of 77QA QA tool "}
2026-07-21 11:20:56 [INFO] [TC_AP_0001 - Verify Main Page screen of 77QA QA tool ]: Accessing Playwright Page object directly.
2026-07-21 11:20:56 [INFO] [TC_AP_0001 - Verify Main Page screen of 77QA QA tool ]: Page loaded and stable after navigation.
2026-07-21 11:20:56 [INFO] [TC_AP_0001 - Verify Main Page screen of 77QA QA tool ]: Waiting for element to be visible: "getByText('LOGIN')"
2026-07-21 11:20:56 [DEBUG] [Reporter]: Step Ended: Unknown Step - PASSED {"test":"TC_AP_0001 - Verify Main Page screen of 77QA QA tool ","duration":0}
2026-07-21 11:20:56 [INFO] [TC_AP_0001 - Verify Main Page screen of 77QA QA tool ]: Element is now visible: "getByText('LOGIN')"
2026-07-21 11:20:56 [DEBUG] [Reporter]: Step Started: Unknown Step {"test":"TC_AP_0001 - Verify Main Page screen of 77QA QA tool "}
2026-07-21 11:20:56 [INFO] [TC_AP_0001 - Verify Main Page screen of 77QA QA tool ]: Navigating to the target page...
2026-07-21 11:20:56 [INFO] [TC_AP_0001 - Verify Main Page screen of 77QA QA tool ]: Performing login action.
2026-07-21 11:20:56 [INFO] [TC_AP_0001 - Verify Main Page screen of 77QA QA tool ]: Entering username: qsuperadmin
2026-07-21 11:20:56 [INFO] [TC_AP_0001 - Verify Main Page screen of 77QA QA tool ]: Filling element "locator('input#username')" with value: "qsuperadmin"
2026-07-21 11:20:56 [DEBUG] [Reporter]: Step Ended: Unknown Step - PASSED {"test":"TC_AP_0001 - Verify Main Page screen of 77QA QA tool ","duration":0}
2026-07-21 11:20:56 [INFO] [TC_AP_0001 - Verify Main Page screen of 77QA QA tool ]: Successfully filled element "locator('input#username')" with value: "qsuperadmin"
2026-07-21 11:20:56 [DEBUG] [Reporter]: Step Started: Unknown Step {"test":"TC_AP_0001 - Verify Main Page screen of 77QA QA tool "}
2026-07-21 11:20:56 [INFO] [TC_AP_0001 - Verify Main Page screen of 77QA QA tool ]: Entering password.
2026-07-21 11:20:56 [INFO] [TC_AP_0001 - Verify Main Page screen of 77QA QA tool ]: Filling element "locator('input#password')" with value: "Qsuperadmin@77"
2026-07-21 11:20:56 [INFO] [TC_AP_0001 - Verify Main Page screen of 77QA QA tool ]: Successfully filled element "locator('input#password')" with value: "Qsuperadmin@77"
2026-07-21 11:20:56 [DEBUG] [Reporter]: Step Ended: Unknown Step - PASSED {"test":"TC_AP_0001 - Verify Main Page screen of 77QA QA tool ","duration":0}
2026-07-21 11:20:56 [DEBUG] [Reporter]: Step Started: Unknown Step {"test":"TC_AP_0001 - Verify Main Page screen of 77QA QA tool "}
2026-07-21 11:20:56 [INFO] [TC_AP_0001 - Verify Main Page screen of 77QA QA tool ]: Clicking the Login button.
2026-07-21 11:20:56 [INFO] [TC_AP_0001 - Verify Main Page screen of 77QA QA tool ]: Clicking on element with selector: "getByText('AUTHENTICATE').locator('//h6')"
2026-07-21 11:21:06 [ERROR] [TC_AP_0001 - Verify Main Page screen of 77QA QA tool ]: Failed to click on element: "getByText('AUTHENTICATE').locator('//h6')". Error: locator.click: Timeout 10000ms exceeded.
Call log:
[2m  - waiting for getByText('AUTHENTICATE').locator('//h6')[22m

2026-07-21 11:21:06 [DEBUG] [Reporter]: Step Ended: Unknown Step - PASSED {"test":"TC_AP_0001 - Verify Main Page screen of 77QA QA tool ","duration":0}
2026-07-21 11:21:06 [DEBUG] [Reporter]: Step Started: Unknown Step {"test":"TC_AP_0001 - Verify Main Page screen of 77QA QA tool "}
2026-07-21 11:21:06 [DEBUG] [Reporter]: Step Started: Unknown Step {"test":"TC_AP_0001 - Verify Main Page screen of 77QA QA tool "}
2026-07-21 11:21:06 [DEBUG] [Reporter]: Step Ended: Unknown Step - PASSED {"test":"TC_AP_0001 - Verify Main Page screen of 77QA QA tool ","duration":0}
2026-07-21 11:21:06 [DEBUG] [Reporter]: Step Started: Unknown Step {"test":"TC_AP_0001 - Verify Main Page screen of 77QA QA tool "}
2026-07-21 11:21:06 [DEBUG] [Reporter]: Step Ended: Unknown Step - PASSED {"test":"TC_AP_0001 - Verify Main Page screen of 77QA QA tool ","duration":0}
2026-07-21 11:21:06 [DEBUG] [Reporter]: Step Started: Unknown Step {"test":"TC_AP_0001 - Verify Main Page screen of 77QA QA tool "}
2026-07-21 11:21:06 [DEBUG] [Reporter]: Step Ended: Unknown Step - PASSED {"test":"TC_AP_0001 - Verify Main Page screen of 77QA QA tool ","duration":0}
2026-07-21 11:21:06 [DEBUG] [Reporter]: Step Started: Unknown Step {"test":"TC_AP_0001 - Verify Main Page screen of 77QA QA tool "}
2026-07-21 11:21:06 [DEBUG] [Reporter]: Step Ended: Unknown Step - PASSED {"test":"TC_AP_0001 - Verify Main Page screen of 77QA QA tool ","duration":0}
2026-07-21 11:21:06 [DEBUG] [Reporter]: Step Started: Unknown Step {"test":"TC_AP_0001 - Verify Main Page screen of 77QA QA tool "}
2026-07-21 11:21:07 [DEBUG] [Reporter]: Step Started: Unknown Step {"test":"TC_AP_0001 - Verify Main Page screen of 77QA QA tool "}
2026-07-21 11:21:07 [DEBUG] [Reporter]: Step Ended: Unknown Step - PASSED {"test":"TC_AP_0001 - Verify Main Page screen of 77QA QA tool ","duration":0}
2026-07-21 11:21:07 [DEBUG] [Reporter]: Step Ended: Unknown Step - PASSED {"test":"TC_AP_0001 - Verify Main Page screen of 77QA QA tool ","duration":0}
2026-07-21 11:21:07 [DEBUG] [Reporter]: Step Started: Unknown Step {"test":"TC_AP_0001 - Verify Main Page screen of 77QA QA tool "}
2026-07-21 11:21:07 [DEBUG] [Reporter]: Step Ended: Unknown Step - PASSED {"test":"TC_AP_0001 - Verify Main Page screen of 77QA QA tool ","duration":0}
2026-07-21 11:21:07 [DEBUG] [Reporter]: Step Started: Unknown Step {"test":"TC_AP_0001 - Verify Main Page screen of 77QA QA tool "}
2026-07-21 11:21:07 [DEBUG] [Reporter]: Step Ended: Unknown Step - PASSED {"test":"TC_AP_0001 - Verify Main Page screen of 77QA QA tool ","duration":0}
2026-07-21 11:21:07 [DEBUG] [Reporter]: Step Ended: Unknown Step - PASSED {"test":"TC_AP_0001 - Verify Main Page screen of 77QA QA tool ","duration":0}
2026-07-21 11:21:07 [DEBUG] [Reporter]: Step Started: Unknown Step {"test":"TC_AP_0001 - Verify Main Page screen of 77QA QA tool "}
2026-07-21 11:21:07 [DEBUG] [Reporter]: Step Started: Unknown Step {"test":"TC_AP_0001 - Verify Main Page screen of 77QA QA tool "}
2026-07-21 11:21:07 [DEBUG] [Reporter]: Step Ended: Unknown Step - PASSED {"test":"TC_AP_0001 - Verify Main Page screen of 77QA QA tool ","duration":0}
2026-07-21 11:21:07 [DEBUG] [Reporter]: Step Ended: Unknown Step - PASSED {"test":"TC_AP_0001 - Verify Main Page screen of 77QA QA tool ","duration":0}
2026-07-21 11:21:08 [INFO] [Reporter]: Test Ended: TC_AP_0001 - Verify Main Page screen of 77QA QA tool  - FAILED (11789ms)
2026-07-21 11:21:08 [ERROR] [Reporter]: Test Failure: TC_AP_0001 - Verify Main Page screen of 77QA QA tool  - Error: Click action failed: locator.click: Timeout 10000ms exceeded.
Call log:
[2m  - waiting for getByText('AUTHENTICATE').locator('//h6')[22m

Error: Click action failed: locator.click: Timeout 10000ms exceeded.
Call log:
[2m  - waiting for getByText('AUTHENTICATE').locator('//h6')[22m

    at ElementActions.click (C:\.automation\Personal\Playwright-TypeScript\src\actions\element.actions.ts:50:13)
    at LoginPage.authenticateCredential (C:\.automation\Personal\Playwright-TypeScript\src\pages\login.page.ts:67:5)
    at LoginPage.login (C:\.automation\Personal\Playwright-TypeScript\src\pages\login.page.ts:82:5)
    at C:\.automation\Personal\Playwright-TypeScript\tests\login-page.spec.ts:15:9
2026-07-21 11:21:08 [INFO] [Reporter]: Test run finished. Status: failed
2026-07-21 11:21:08 [ERROR] [Reporter]: 0 test(s) failed, 0 test(s) passed.
2026-07-21 11:21:38 [INFO] [Reporter]: Starting test run with 1 project(s).
2026-07-21 11:21:38 [INFO] [Reporter]: Test Started: TC_AP_0001 - Verify Main Page screen of 77QA QA tool  (Project: Unknown Project)
2026-07-21 11:21:38 [DEBUG] [Reporter]: Step Started: Unknown Step {"test":"TC_AP_0001 - Verify Main Page screen of 77QA QA tool "}
2026-07-21 11:21:38 [DEBUG] [Reporter]: Step Started: Unknown Step {"test":"TC_AP_0001 - Verify Main Page screen of 77QA QA tool "}
2026-07-21 11:21:38 [DEBUG] [Reporter]: Step Started: Unknown Step {"test":"TC_AP_0001 - Verify Main Page screen of 77QA QA tool "}
2026-07-21 11:21:38 [DEBUG] [Reporter]: Step Ended: Unknown Step - PASSED {"test":"TC_AP_0001 - Verify Main Page screen of 77QA QA tool ","duration":0}
2026-07-21 11:21:38 [DEBUG] [Reporter]: Step Ended: Unknown Step - PASSED {"test":"TC_AP_0001 - Verify Main Page screen of 77QA QA tool ","duration":0}
2026-07-21 11:21:38 [DEBUG] [Reporter]: Step Started: Unknown Step {"test":"TC_AP_0001 - Verify Main Page screen of 77QA QA tool "}
2026-07-21 11:21:38 [DEBUG] [Reporter]: Step Started: Unknown Step {"test":"TC_AP_0001 - Verify Main Page screen of 77QA QA tool "}
2026-07-21 11:21:38 [INFO] [TC_AP_0001 - Verify Main Page screen of 77QA QA tool ]: Test Nem
2026-07-21 11:21:38 [DEBUG] [Reporter]: Step Ended: Unknown Step - PASSED {"test":"TC_AP_0001 - Verify Main Page screen of 77QA QA tool ","duration":0}
2026-07-21 11:21:38 [DEBUG] [Reporter]: Step Ended: Unknown Step - PASSED {"test":"TC_AP_0001 - Verify Main Page screen of 77QA QA tool ","duration":0}
2026-07-21 11:21:38 [DEBUG] [Reporter]: Step Started: Unknown Step {"test":"TC_AP_0001 - Verify Main Page screen of 77QA QA tool "}
2026-07-21 11:21:38 [DEBUG] [Reporter]: Step Started: Unknown Step {"test":"TC_AP_0001 - Verify Main Page screen of 77QA QA tool "}
2026-07-21 11:21:38 [DEBUG] [Reporter]: Step Ended: Unknown Step - PASSED {"test":"TC_AP_0001 - Verify Main Page screen of 77QA QA tool ","duration":0}
2026-07-21 11:21:38 [DEBUG] [Reporter]: Step Ended: Unknown Step - PASSED {"test":"TC_AP_0001 - Verify Main Page screen of 77QA QA tool ","duration":0}
2026-07-21 11:21:38 [DEBUG] [Reporter]: Step Started: Unknown Step {"test":"TC_AP_0001 - Verify Main Page screen of 77QA QA tool "}
2026-07-21 11:21:38 [DEBUG] [Reporter]: Step Started: Unknown Step {"test":"TC_AP_0001 - Verify Main Page screen of 77QA QA tool "}
2026-07-21 11:21:39 [DEBUG] [Reporter]: Step Ended: Unknown Step - PASSED {"test":"TC_AP_0001 - Verify Main Page screen of 77QA QA tool ","duration":0}
2026-07-21 11:21:39 [DEBUG] [Reporter]: Step Ended: Unknown Step - PASSED {"test":"TC_AP_0001 - Verify Main Page screen of 77QA QA tool ","duration":0}
2026-07-21 11:21:39 [DEBUG] [Reporter]: Step Started: Unknown Step {"test":"TC_AP_0001 - Verify Main Page screen of 77QA QA tool "}
2026-07-21 11:21:39 [INFO] [TC_AP_0001 - Verify Main Page screen of 77QA QA tool ]: Accessing Playwright Page object directly.
2026-07-21 11:21:39 [DEBUG] [Reporter]: Step Ended: Unknown Step - PASSED {"test":"TC_AP_0001 - Verify Main Page screen of 77QA QA tool ","duration":0}
2026-07-21 11:21:39 [DEBUG] [Reporter]: Step Started: Unknown Step {"test":"TC_AP_0001 - Verify Main Page screen of 77QA QA tool "}
2026-07-21 11:21:39 [DEBUG] [Reporter]: Step Ended: Unknown Step - PASSED {"test":"TC_AP_0001 - Verify Main Page screen of 77QA QA tool ","duration":0}
2026-07-21 11:21:39 [DEBUG] [Reporter]: Step Ended: Unknown Step - PASSED {"test":"TC_AP_0001 - Verify Main Page screen of 77QA QA tool ","duration":0}
2026-07-21 11:21:39 [DEBUG] [Reporter]: Step Started: Unknown Step {"test":"TC_AP_0001 - Verify Main Page screen of 77QA QA tool "}
2026-07-21 11:21:39 [INFO] [TC_AP_0001 - Verify Main Page screen of 77QA QA tool ]: Accessing Playwright Page object directly.
2026-07-21 11:21:39 [INFO] [TC_AP_0001 - Verify Main Page screen of 77QA QA tool ]: Accessing Playwright Page object directly.
2026-07-21 11:21:39 [INFO] [TC_AP_0001 - Verify Main Page screen of 77QA QA tool ]: Accessing Playwright Page object directly.
2026-07-21 11:21:39 [INFO] [TC_AP_0001 - Verify Main Page screen of 77QA QA tool ]: Accessing Playwright Page object directly.
2026-07-21 11:21:39 [INFO] [TC_AP_0001 - Verify Main Page screen of 77QA QA tool ]: Navigating to the target page...
2026-07-21 11:21:39 [INFO] [TC_AP_0001 - Verify Main Page screen of 77QA QA tool ]: Navigating to URL: (baseURL from config)
2026-07-21 11:21:39 [INFO] [TC_AP_0001 - Verify Main Page screen of 77QA QA tool ]: Accessing Playwright Page object directly.
2026-07-21 11:21:39 [DEBUG] [Reporter]: Step Ended: Unknown Step - PASSED {"test":"TC_AP_0001 - Verify Main Page screen of 77QA QA tool ","duration":0}
2026-07-21 11:21:39 [INFO] [TC_AP_0001 - Verify Main Page screen of 77QA QA tool ]: Accessing Playwright Page object directly.
2026-07-21 11:21:39 [DEBUG] [Reporter]: Step Started: Unknown Step {"test":"TC_AP_0001 - Verify Main Page screen of 77QA QA tool "}
2026-07-21 11:21:39 [DEBUG] [Reporter]: Step Ended: Unknown Step - PASSED {"test":"TC_AP_0001 - Verify Main Page screen of 77QA QA tool ","duration":0}
2026-07-21 11:21:39 [DEBUG] [Reporter]: Step Started: Unknown Step {"test":"TC_AP_0001 - Verify Main Page screen of 77QA QA tool "}
2026-07-21 11:21:39 [INFO] [TC_AP_0001 - Verify Main Page screen of 77QA QA tool ]: Successfully navigated to: https://qa-test-management-dev.ap-southeast-1.elasticbeanstalk.com/seven-seven-qa/login
2026-07-21 11:21:39 [INFO] [TC_AP_0001 - Verify Main Page screen of 77QA QA tool ]: Accessing Playwright Page object directly.
2026-07-21 11:21:39 [INFO] [TC_AP_0001 - Verify Main Page screen of 77QA QA tool ]: Page loaded and stable after navigation.
2026-07-21 11:21:39 [INFO] [TC_AP_0001 - Verify Main Page screen of 77QA QA tool ]: Waiting for element to be visible: "getByText('LOGIN')"
2026-07-21 11:21:40 [DEBUG] [Reporter]: Step Ended: Unknown Step - PASSED {"test":"TC_AP_0001 - Verify Main Page screen of 77QA QA tool ","duration":0}
2026-07-21 11:21:40 [INFO] [TC_AP_0001 - Verify Main Page screen of 77QA QA tool ]: Element is now visible: "getByText('LOGIN')"
2026-07-21 11:21:40 [DEBUG] [Reporter]: Step Started: Unknown Step {"test":"TC_AP_0001 - Verify Main Page screen of 77QA QA tool "}
2026-07-21 11:21:40 [INFO] [TC_AP_0001 - Verify Main Page screen of 77QA QA tool ]: Navigating to the target page...
2026-07-21 11:21:40 [INFO] [TC_AP_0001 - Verify Main Page screen of 77QA QA tool ]: Performing login action.
2026-07-21 11:21:40 [INFO] [TC_AP_0001 - Verify Main Page screen of 77QA QA tool ]: Entering username: qsuperadmin
2026-07-21 11:21:40 [INFO] [TC_AP_0001 - Verify Main Page screen of 77QA QA tool ]: Filling element "locator('input#username')" with value: "qsuperadmin"
2026-07-21 11:21:40 [DEBUG] [Reporter]: Step Ended: Unknown Step - PASSED {"test":"TC_AP_0001 - Verify Main Page screen of 77QA QA tool ","duration":0}
2026-07-21 11:21:40 [INFO] [TC_AP_0001 - Verify Main Page screen of 77QA QA tool ]: Successfully filled element "locator('input#username')" with value: "qsuperadmin"
2026-07-21 11:21:40 [DEBUG] [Reporter]: Step Started: Unknown Step {"test":"TC_AP_0001 - Verify Main Page screen of 77QA QA tool "}
2026-07-21 11:21:40 [INFO] [TC_AP_0001 - Verify Main Page screen of 77QA QA tool ]: Entering password.
2026-07-21 11:21:40 [INFO] [TC_AP_0001 - Verify Main Page screen of 77QA QA tool ]: Filling element "locator('input#password')" with value: "Qsuperadmin@77"
2026-07-21 11:21:40 [DEBUG] [Reporter]: Step Ended: Unknown Step - PASSED {"test":"TC_AP_0001 - Verify Main Page screen of 77QA QA tool ","duration":0}
2026-07-21 11:21:40 [INFO] [TC_AP_0001 - Verify Main Page screen of 77QA QA tool ]: Successfully filled element "locator('input#password')" with value: "Qsuperadmin@77"
2026-07-21 11:21:40 [DEBUG] [Reporter]: Step Started: Unknown Step {"test":"TC_AP_0001 - Verify Main Page screen of 77QA QA tool "}
2026-07-21 11:21:40 [INFO] [TC_AP_0001 - Verify Main Page screen of 77QA QA tool ]: Clicking the Login button.
2026-07-21 11:21:40 [INFO] [TC_AP_0001 - Verify Main Page screen of 77QA QA tool ]: Clicking on element with selector: "getByText('AUTHENTICATE')"
2026-07-21 11:21:40 [INFO] [TC_AP_0001 - Verify Main Page screen of 77QA QA tool ]: Successfully clicked on element: "getByText('AUTHENTICATE')"
2026-07-21 11:21:40 [DEBUG] [Reporter]: Step Ended: Unknown Step - PASSED {"test":"TC_AP_0001 - Verify Main Page screen of 77QA QA tool ","duration":0}
2026-07-21 11:21:40 [DEBUG] [Reporter]: Step Started: Unknown Step {"test":"TC_AP_0001 - Verify Main Page screen of 77QA QA tool "}
2026-07-21 11:21:40 [INFO] [TC_AP_0001 - Verify Main Page screen of 77QA QA tool ]: Login action completed.
2026-07-21 11:21:40 [INFO] [TC_AP_0001 - Verify Main Page screen of 77QA QA tool ]: Asserting that the landed in Admin Dashboard Page
2026-07-21 11:22:10 [DEBUG] [Reporter]: Step Ended: Unknown Step - PASSED {"test":"TC_AP_0001 - Verify Main Page screen of 77QA QA tool ","duration":0}
2026-07-21 11:22:10 [DEBUG] [Reporter]: Step Started: Unknown Step {"test":"TC_AP_0001 - Verify Main Page screen of 77QA QA tool "}
2026-07-21 11:22:10 [DEBUG] [Reporter]: Step Started: Unknown Step {"test":"TC_AP_0001 - Verify Main Page screen of 77QA QA tool "}
2026-07-21 11:22:10 [DEBUG] [Reporter]: Step Ended: Unknown Step - PASSED {"test":"TC_AP_0001 - Verify Main Page screen of 77QA QA tool ","duration":0}
2026-07-21 11:22:10 [DEBUG] [Reporter]: Step Started: Unknown Step {"test":"TC_AP_0001 - Verify Main Page screen of 77QA QA tool "}
2026-07-21 11:22:10 [DEBUG] [Reporter]: Step Ended: Unknown Step - PASSED {"test":"TC_AP_0001 - Verify Main Page screen of 77QA QA tool ","duration":0}
2026-07-21 11:22:10 [DEBUG] [Reporter]: Step Started: Unknown Step {"test":"TC_AP_0001 - Verify Main Page screen of 77QA QA tool "}
2026-07-21 11:22:10 [DEBUG] [Reporter]: Step Ended: Unknown Step - PASSED {"test":"TC_AP_0001 - Verify Main Page screen of 77QA QA tool ","duration":0}
2026-07-21 11:22:10 [DEBUG] [Reporter]: Step Started: Unknown Step {"test":"TC_AP_0001 - Verify Main Page screen of 77QA QA tool "}
2026-07-21 11:22:10 [DEBUG] [Reporter]: Step Ended: Unknown Step - PASSED {"test":"TC_AP_0001 - Verify Main Page screen of 77QA QA tool ","duration":0}
2026-07-21 11:22:10 [DEBUG] [Reporter]: Step Started: Unknown Step {"test":"TC_AP_0001 - Verify Main Page screen of 77QA QA tool "}
2026-07-21 11:22:10 [DEBUG] [Reporter]: Step Started: Unknown Step {"test":"TC_AP_0001 - Verify Main Page screen of 77QA QA tool "}
2026-07-21 11:22:14 [DEBUG] [Reporter]: Step Ended: Unknown Step - PASSED {"test":"TC_AP_0001 - Verify Main Page screen of 77QA QA tool ","duration":0}
2026-07-21 11:22:14 [DEBUG] [Reporter]: Step Ended: Unknown Step - PASSED {"test":"TC_AP_0001 - Verify Main Page screen of 77QA QA tool ","duration":0}
2026-07-21 11:22:14 [DEBUG] [Reporter]: Step Started: Unknown Step {"test":"TC_AP_0001 - Verify Main Page screen of 77QA QA tool "}
2026-07-21 11:22:14 [DEBUG] [Reporter]: Step Ended: Unknown Step - PASSED {"test":"TC_AP_0001 - Verify Main Page screen of 77QA QA tool ","duration":0}
2026-07-21 11:22:14 [DEBUG] [Reporter]: Step Started: Unknown Step {"test":"TC_AP_0001 - Verify Main Page screen of 77QA QA tool "}
2026-07-21 11:22:14 [DEBUG] [Reporter]: Step Ended: Unknown Step - PASSED {"test":"TC_AP_0001 - Verify Main Page screen of 77QA QA tool ","duration":0}
2026-07-21 11:22:14 [DEBUG] [Reporter]: Step Ended: Unknown Step - PASSED {"test":"TC_AP_0001 - Verify Main Page screen of 77QA QA tool ","duration":0}
2026-07-21 11:22:14 [DEBUG] [Reporter]: Step Started: Unknown Step {"test":"TC_AP_0001 - Verify Main Page screen of 77QA QA tool "}
2026-07-21 11:22:14 [DEBUG] [Reporter]: Step Started: Unknown Step {"test":"TC_AP_0001 - Verify Main Page screen of 77QA QA tool "}
2026-07-21 11:22:15 [DEBUG] [Reporter]: Step Ended: Unknown Step - PASSED {"test":"TC_AP_0001 - Verify Main Page screen of 77QA QA tool ","duration":0}
2026-07-21 11:22:15 [DEBUG] [Reporter]: Step Ended: Unknown Step - PASSED {"test":"TC_AP_0001 - Verify Main Page screen of 77QA QA tool ","duration":0}
2026-07-21 11:22:15 [INFO] [Reporter]: Test Ended: TC_AP_0001 - Verify Main Page screen of 77QA QA tool  - FAILED (35767ms)
2026-07-21 11:22:15 [ERROR] [Reporter]: Test Failure: TC_AP_0001 - Verify Main Page screen of 77QA QA tool  - Error: [2mexpect([22m[31mlocator[39m[2m).[22mtoBeVisible[2m([22m[2m)[22m failed

Locator: getByText('Admin Dashboard').locator('//h6')
Expected: visible
Timeout: 30000ms
Error: element(s) not found

Call log:
[2m  - Expect "toBeVisible" with timeout 30000ms[22m
[2m  - waiting for getByText('Admin Dashboard').locator('//h6')[22m

Error: [2mexpect([22m[31mlocator[39m[2m).[22mtoBeVisible[2m([22m[2m)[22m failed

Locator: getByText('Admin Dashboard').locator('//h6')
Expected: visible
Timeout: 30000ms
Error: element(s) not found

Call log:
[2m  - Expect "toBeVisible" with timeout 30000ms[22m
[2m  - waiting for getByText('Admin Dashboard').locator('//h6')[22m

    at SuperAdminPage.expectLandedInAdminDashboard (C:\.automation\Personal\Playwright-TypeScript\src\pages\admin\superadmin.pages.ts:21:49)
    at C:\.automation\Personal\Playwright-TypeScript\tests\login-page.spec.ts:16:9
2026-07-21 11:22:15 [INFO] [Reporter]: Test run finished. Status: failed
2026-07-21 11:22:15 [ERROR] [Reporter]: 0 test(s) failed, 0 test(s) passed.
2026-07-21 11:27:51 [INFO] [Reporter]: Starting test run with 1 project(s).
2026-07-21 11:27:51 [INFO] [Reporter]: Test Started: TC_AP_0001 - Verify Main Page screen of 77QA QA tool  (Project: Unknown Project)
2026-07-21 11:27:51 [DEBUG] [Reporter]: Step Started: Unknown Step {"test":"TC_AP_0001 - Verify Main Page screen of 77QA QA tool "}
2026-07-21 11:27:51 [DEBUG] [Reporter]: Step Started: Unknown Step {"test":"TC_AP_0001 - Verify Main Page screen of 77QA QA tool "}
2026-07-21 11:27:51 [DEBUG] [Reporter]: Step Started: Unknown Step {"test":"TC_AP_0001 - Verify Main Page screen of 77QA QA tool "}
2026-07-21 11:27:51 [DEBUG] [Reporter]: Step Ended: Unknown Step - PASSED {"test":"TC_AP_0001 - Verify Main Page screen of 77QA QA tool ","duration":0}
2026-07-21 11:27:51 [DEBUG] [Reporter]: Step Ended: Unknown Step - PASSED {"test":"TC_AP_0001 - Verify Main Page screen of 77QA QA tool ","duration":0}
2026-07-21 11:27:51 [DEBUG] [Reporter]: Step Started: Unknown Step {"test":"TC_AP_0001 - Verify Main Page screen of 77QA QA tool "}
2026-07-21 11:27:51 [DEBUG] [Reporter]: Step Started: Unknown Step {"test":"TC_AP_0001 - Verify Main Page screen of 77QA QA tool "}
2026-07-21 11:27:51 [INFO] [TC_AP_0001 - Verify Main Page screen of 77QA QA tool ]: Test Nem
2026-07-21 11:27:52 [DEBUG] [Reporter]: Step Ended: Unknown Step - PASSED {"test":"TC_AP_0001 - Verify Main Page screen of 77QA QA tool ","duration":0}
2026-07-21 11:27:52 [DEBUG] [Reporter]: Step Ended: Unknown Step - PASSED {"test":"TC_AP_0001 - Verify Main Page screen of 77QA QA tool ","duration":0}
2026-07-21 11:27:52 [DEBUG] [Reporter]: Step Started: Unknown Step {"test":"TC_AP_0001 - Verify Main Page screen of 77QA QA tool "}
2026-07-21 11:27:52 [DEBUG] [Reporter]: Step Started: Unknown Step {"test":"TC_AP_0001 - Verify Main Page screen of 77QA QA tool "}
2026-07-21 11:27:52 [DEBUG] [Reporter]: Step Ended: Unknown Step - PASSED {"test":"TC_AP_0001 - Verify Main Page screen of 77QA QA tool ","duration":0}
2026-07-21 11:27:52 [DEBUG] [Reporter]: Step Ended: Unknown Step - PASSED {"test":"TC_AP_0001 - Verify Main Page screen of 77QA QA tool ","duration":0}
2026-07-21 11:27:52 [DEBUG] [Reporter]: Step Started: Unknown Step {"test":"TC_AP_0001 - Verify Main Page screen of 77QA QA tool "}
2026-07-21 11:27:52 [DEBUG] [Reporter]: Step Started: Unknown Step {"test":"TC_AP_0001 - Verify Main Page screen of 77QA QA tool "}
2026-07-21 11:27:52 [DEBUG] [Reporter]: Step Ended: Unknown Step - PASSED {"test":"TC_AP_0001 - Verify Main Page screen of 77QA QA tool ","duration":0}
2026-07-21 11:27:52 [INFO] [TC_AP_0001 - Verify Main Page screen of 77QA QA tool ]: Accessing Playwright Page object directly.
2026-07-21 11:27:52 [DEBUG] [Reporter]: Step Ended: Unknown Step - PASSED {"test":"TC_AP_0001 - Verify Main Page screen of 77QA QA tool ","duration":0}
2026-07-21 11:27:52 [INFO] [TC_AP_0001 - Verify Main Page screen of 77QA QA tool ]: Accessing Playwright Page object directly.
2026-07-21 11:27:52 [INFO] [TC_AP_0001 - Verify Main Page screen of 77QA QA tool ]: Accessing Playwright Page object directly.
2026-07-21 11:27:52 [INFO] [TC_AP_0001 - Verify Main Page screen of 77QA QA tool ]: Accessing Playwright Page object directly.
2026-07-21 11:27:52 [INFO] [TC_AP_0001 - Verify Main Page screen of 77QA QA tool ]: Accessing Playwright Page object directly.
2026-07-21 11:27:52 [INFO] [TC_AP_0001 - Verify Main Page screen of 77QA QA tool ]: Navigating to the target page...
2026-07-21 11:27:52 [INFO] [TC_AP_0001 - Verify Main Page screen of 77QA QA tool ]: Navigating to URL: (baseURL from config)
2026-07-21 11:27:52 [INFO] [TC_AP_0001 - Verify Main Page screen of 77QA QA tool ]: Accessing Playwright Page object directly.
2026-07-21 11:27:52 [DEBUG] [Reporter]: Step Started: Unknown Step {"test":"TC_AP_0001 - Verify Main Page screen of 77QA QA tool "}
2026-07-21 11:27:52 [DEBUG] [Reporter]: Step Ended: Unknown Step - PASSED {"test":"TC_AP_0001 - Verify Main Page screen of 77QA QA tool ","duration":0}
2026-07-21 11:27:52 [DEBUG] [Reporter]: Step Started: Unknown Step {"test":"TC_AP_0001 - Verify Main Page screen of 77QA QA tool "}
2026-07-21 11:27:52 [DEBUG] [Reporter]: Step Ended: Unknown Step - PASSED {"test":"TC_AP_0001 - Verify Main Page screen of 77QA QA tool ","duration":0}
2026-07-21 11:27:52 [DEBUG] [Reporter]: Step Ended: Unknown Step - PASSED {"test":"TC_AP_0001 - Verify Main Page screen of 77QA QA tool ","duration":0}
2026-07-21 11:27:52 [DEBUG] [Reporter]: Step Started: Unknown Step {"test":"TC_AP_0001 - Verify Main Page screen of 77QA QA tool "}
2026-07-21 11:27:53 [DEBUG] [Reporter]: Step Ended: Unknown Step - PASSED {"test":"TC_AP_0001 - Verify Main Page screen of 77QA QA tool ","duration":0}
2026-07-21 11:27:53 [INFO] [TC_AP_0001 - Verify Main Page screen of 77QA QA tool ]: Accessing Playwright Page object directly.
2026-07-21 11:27:53 [DEBUG] [Reporter]: Step Started: Unknown Step {"test":"TC_AP_0001 - Verify Main Page screen of 77QA QA tool "}
2026-07-21 11:27:53 [DEBUG] [Reporter]: Step Ended: Unknown Step - PASSED {"test":"TC_AP_0001 - Verify Main Page screen of 77QA QA tool ","duration":0}
2026-07-21 11:27:53 [DEBUG] [Reporter]: Step Started: Unknown Step {"test":"TC_AP_0001 - Verify Main Page screen of 77QA QA tool "}
2026-07-21 11:27:53 [INFO] [TC_AP_0001 - Verify Main Page screen of 77QA QA tool ]: Successfully navigated to: https://qa-test-management-dev.ap-southeast-1.elasticbeanstalk.com/seven-seven-qa/login
2026-07-21 11:27:53 [INFO] [TC_AP_0001 - Verify Main Page screen of 77QA QA tool ]: Accessing Playwright Page object directly.
2026-07-21 11:27:53 [INFO] [TC_AP_0001 - Verify Main Page screen of 77QA QA tool ]: Page loaded and stable after navigation.
2026-07-21 11:27:53 [INFO] [TC_AP_0001 - Verify Main Page screen of 77QA QA tool ]: Waiting for element to be visible: "getByText('LOGIN')"
2026-07-21 11:27:53 [DEBUG] [Reporter]: Step Ended: Unknown Step - PASSED {"test":"TC_AP_0001 - Verify Main Page screen of 77QA QA tool ","duration":0}
2026-07-21 11:27:53 [INFO] [TC_AP_0001 - Verify Main Page screen of 77QA QA tool ]: Element is now visible: "getByText('LOGIN')"
2026-07-21 11:27:53 [DEBUG] [Reporter]: Step Started: Unknown Step {"test":"TC_AP_0001 - Verify Main Page screen of 77QA QA tool "}
2026-07-21 11:27:53 [INFO] [TC_AP_0001 - Verify Main Page screen of 77QA QA tool ]: Navigating to the target page...
2026-07-21 11:27:53 [INFO] [TC_AP_0001 - Verify Main Page screen of 77QA QA tool ]: Performing login action.
2026-07-21 11:27:53 [INFO] [TC_AP_0001 - Verify Main Page screen of 77QA QA tool ]: Entering username: qsuperadmin
2026-07-21 11:27:53 [INFO] [TC_AP_0001 - Verify Main Page screen of 77QA QA tool ]: Filling element "locator('input#username')" with value: "qsuperadmin"
2026-07-21 11:27:53 [DEBUG] [Reporter]: Step Ended: Unknown Step - PASSED {"test":"TC_AP_0001 - Verify Main Page screen of 77QA QA tool ","duration":0}
2026-07-21 11:27:53 [INFO] [TC_AP_0001 - Verify Main Page screen of 77QA QA tool ]: Successfully filled element "locator('input#username')" with value: "qsuperadmin"
2026-07-21 11:27:53 [DEBUG] [Reporter]: Step Started: Unknown Step {"test":"TC_AP_0001 - Verify Main Page screen of 77QA QA tool "}
2026-07-21 11:27:53 [INFO] [TC_AP_0001 - Verify Main Page screen of 77QA QA tool ]: Entering password.
2026-07-21 11:27:53 [INFO] [TC_AP_0001 - Verify Main Page screen of 77QA QA tool ]: Filling element "locator('input#password')" with value: "Qsuperadmin@77"
2026-07-21 11:27:53 [DEBUG] [Reporter]: Step Ended: Unknown Step - PASSED {"test":"TC_AP_0001 - Verify Main Page screen of 77QA QA tool ","duration":0}
2026-07-21 11:27:53 [INFO] [TC_AP_0001 - Verify Main Page screen of 77QA QA tool ]: Successfully filled element "locator('input#password')" with value: "Qsuperadmin@77"
2026-07-21 11:27:53 [DEBUG] [Reporter]: Step Started: Unknown Step {"test":"TC_AP_0001 - Verify Main Page screen of 77QA QA tool "}
2026-07-21 11:27:53 [INFO] [TC_AP_0001 - Verify Main Page screen of 77QA QA tool ]: Clicking the Login button.
2026-07-21 11:27:53 [INFO] [TC_AP_0001 - Verify Main Page screen of 77QA QA tool ]: Clicking on element with selector: "getByText('AUTHENTICATE')"
2026-07-21 11:27:53 [INFO] [TC_AP_0001 - Verify Main Page screen of 77QA QA tool ]: Successfully clicked on element: "getByText('AUTHENTICATE')"
2026-07-21 11:27:53 [DEBUG] [Reporter]: Step Ended: Unknown Step - PASSED {"test":"TC_AP_0001 - Verify Main Page screen of 77QA QA tool ","duration":0}
2026-07-21 11:27:53 [DEBUG] [Reporter]: Step Started: Unknown Step {"test":"TC_AP_0001 - Verify Main Page screen of 77QA QA tool "}
2026-07-21 11:27:53 [INFO] [TC_AP_0001 - Verify Main Page screen of 77QA QA tool ]: Login action completed.
2026-07-21 11:27:53 [INFO] [TC_AP_0001 - Verify Main Page screen of 77QA QA tool ]: Asserting that the landed in Admin Dashboard Page
2026-07-21 11:27:54 [DEBUG] [Reporter]: Step Ended: Unknown Step - PASSED {"test":"TC_AP_0001 - Verify Main Page screen of 77QA QA tool ","duration":0}
2026-07-21 11:27:54 [INFO] [TC_AP_0001 - Verify Main Page screen of 77QA QA tool ]: Assertion passed: Landed in Admin Dashboard Page.
2026-07-21 11:27:54 [DEBUG] [Reporter]: Step Started: Unknown Step {"test":"TC_AP_0001 - Verify Main Page screen of 77QA QA tool "}
2026-07-21 11:27:54 [DEBUG] [Reporter]: Step Started: Unknown Step {"test":"TC_AP_0001 - Verify Main Page screen of 77QA QA tool "}
2026-07-21 11:27:54 [DEBUG] [Reporter]: Step Ended: Unknown Step - PASSED {"test":"TC_AP_0001 - Verify Main Page screen of 77QA QA tool ","duration":0}
2026-07-21 11:27:54 [DEBUG] [Reporter]: Step Started: Unknown Step {"test":"TC_AP_0001 - Verify Main Page screen of 77QA QA tool "}
2026-07-21 11:27:54 [DEBUG] [Reporter]: Step Ended: Unknown Step - PASSED {"test":"TC_AP_0001 - Verify Main Page screen of 77QA QA tool ","duration":0}
2026-07-21 11:27:54 [DEBUG] [Reporter]: Step Started: Unknown Step {"test":"TC_AP_0001 - Verify Main Page screen of 77QA QA tool "}
2026-07-21 11:27:54 [DEBUG] [Reporter]: Step Ended: Unknown Step - PASSED {"test":"TC_AP_0001 - Verify Main Page screen of 77QA QA tool ","duration":0}
2026-07-21 11:27:54 [DEBUG] [Reporter]: Step Started: Unknown Step {"test":"TC_AP_0001 - Verify Main Page screen of 77QA QA tool "}
2026-07-21 11:27:54 [DEBUG] [Reporter]: Step Ended: Unknown Step - PASSED {"test":"TC_AP_0001 - Verify Main Page screen of 77QA QA tool ","duration":0}
2026-07-21 11:27:54 [DEBUG] [Reporter]: Step Started: Unknown Step {"test":"TC_AP_0001 - Verify Main Page screen of 77QA QA tool "}
2026-07-21 11:27:54 [DEBUG] [Reporter]: Step Started: Unknown Step {"test":"TC_AP_0001 - Verify Main Page screen of 77QA QA tool "}
2026-07-21 11:27:55 [DEBUG] [Reporter]: Step Ended: Unknown Step - PASSED {"test":"TC_AP_0001 - Verify Main Page screen of 77QA QA tool ","duration":0}
2026-07-21 11:27:55 [DEBUG] [Reporter]: Step Ended: Unknown Step - PASSED {"test":"TC_AP_0001 - Verify Main Page screen of 77QA QA tool ","duration":0}
2026-07-21 11:27:55 [DEBUG] [Reporter]: Step Started: Unknown Step {"test":"TC_AP_0001 - Verify Main Page screen of 77QA QA tool "}
2026-07-21 11:27:55 [DEBUG] [Reporter]: Step Ended: Unknown Step - PASSED {"test":"TC_AP_0001 - Verify Main Page screen of 77QA QA tool ","duration":0}
2026-07-21 11:27:55 [DEBUG] [Reporter]: Step Started: Unknown Step {"test":"TC_AP_0001 - Verify Main Page screen of 77QA QA tool "}
2026-07-21 11:27:55 [DEBUG] [Reporter]: Step Ended: Unknown Step - PASSED {"test":"TC_AP_0001 - Verify Main Page screen of 77QA QA tool ","duration":0}
2026-07-21 11:27:55 [DEBUG] [Reporter]: Step Ended: Unknown Step - PASSED {"test":"TC_AP_0001 - Verify Main Page screen of 77QA QA tool ","duration":0}
2026-07-21 11:27:55 [INFO] [Reporter]: Test Ended: TC_AP_0001 - Verify Main Page screen of 77QA QA tool  - PASSED (2912ms)
2026-07-21 11:27:55 [INFO] [Reporter]: Test run finished. Status: passed
2026-07-21 11:27:55 [INFO] [Reporter]: All 0 test(s) passed.
2026-07-21 14:06:49 [INFO] [Reporter]: Starting test run with 1 project(s).
2026-07-21 14:06:50 [INFO] [Reporter]: Test Started: TC_AP_0001 - Verify Main Page screen of 77QA QA tool  (Project: Unknown Project)
2026-07-21 14:06:50 [DEBUG] [Reporter]: Step Started: Unknown Step {"test":"TC_AP_0001 - Verify Main Page screen of 77QA QA tool "}
2026-07-21 14:06:50 [DEBUG] [Reporter]: Step Started: Unknown Step {"test":"TC_AP_0001 - Verify Main Page screen of 77QA QA tool "}
2026-07-21 14:06:50 [DEBUG] [Reporter]: Step Started: Unknown Step {"test":"TC_AP_0001 - Verify Main Page screen of 77QA QA tool "}
2026-07-21 14:06:50 [DEBUG] [Reporter]: Step Started: Unknown Step {"test":"TC_AP_0001 - Verify Main Page screen of 77QA QA tool "}
2026-07-21 14:06:50 [DEBUG] [Reporter]: Step Ended: Unknown Step - PASSED {"test":"TC_AP_0001 - Verify Main Page screen of 77QA QA tool ","duration":0}
2026-07-21 14:06:50 [DEBUG] [Reporter]: Step Ended: Unknown Step - PASSED {"test":"TC_AP_0001 - Verify Main Page screen of 77QA QA tool ","duration":0}
2026-07-21 14:06:50 [DEBUG] [Reporter]: Step Started: Unknown Step {"test":"TC_AP_0001 - Verify Main Page screen of 77QA QA tool "}
2026-07-21 14:06:50 [DEBUG] [Reporter]: Step Started: Unknown Step {"test":"TC_AP_0001 - Verify Main Page screen of 77QA QA tool "}
2026-07-21 14:06:50 [DEBUG] [Reporter]: Step Ended: Unknown Step - PASSED {"test":"TC_AP_0001 - Verify Main Page screen of 77QA QA tool ","duration":0}
2026-07-21 14:06:50 [DEBUG] [Reporter]: Step Ended: Unknown Step - PASSED {"test":"TC_AP_0001 - Verify Main Page screen of 77QA QA tool ","duration":0}
2026-07-21 14:06:50 [DEBUG] [Reporter]: Step Started: Unknown Step {"test":"TC_AP_0001 - Verify Main Page screen of 77QA QA tool "}
2026-07-21 14:06:50 [DEBUG] [Reporter]: Step Started: Unknown Step {"test":"TC_AP_0001 - Verify Main Page screen of 77QA QA tool "}
2026-07-21 14:06:51 [DEBUG] [Reporter]: Step Ended: Unknown Step - PASSED {"test":"TC_AP_0001 - Verify Main Page screen of 77QA QA tool ","duration":0}
2026-07-21 14:06:51 [DEBUG] [Reporter]: Step Ended: Unknown Step - PASSED {"test":"TC_AP_0001 - Verify Main Page screen of 77QA QA tool ","duration":0}
2026-07-21 14:06:51 [DEBUG] [Reporter]: Step Started: Unknown Step {"test":"TC_AP_0001 - Verify Main Page screen of 77QA QA tool "}
2026-07-21 14:06:51 [DEBUG] [Reporter]: Step Ended: Unknown Step - PASSED {"test":"TC_AP_0001 - Verify Main Page screen of 77QA QA tool ","duration":0}
2026-07-21 14:06:51 [DEBUG] [Reporter]: Step Started: Unknown Step {"test":"TC_AP_0001 - Verify Main Page screen of 77QA QA tool "}
2026-07-21 14:06:51 [DEBUG] [Reporter]: Step Ended: Unknown Step - PASSED {"test":"TC_AP_0001 - Verify Main Page screen of 77QA QA tool ","duration":0}
2026-07-21 14:06:51 [DEBUG] [Reporter]: Step Started: Unknown Step {"test":"TC_AP_0001 - Verify Main Page screen of 77QA QA tool "}
2026-07-21 14:06:51 [INFO] [TC_AP_0001 - Verify Main Page screen of 77QA QA tool ]: Accessing Playwright Page object directly.
2026-07-21 14:06:51 [INFO] [TC_AP_0001 - Verify Main Page screen of 77QA QA tool ]: Accessing Playwright Page object directly.
2026-07-21 14:06:51 [INFO] [TC_AP_0001 - Verify Main Page screen of 77QA QA tool ]: Accessing Playwright Page object directly.
2026-07-21 14:06:51 [INFO] [TC_AP_0001 - Verify Main Page screen of 77QA QA tool ]: Accessing Playwright Page object directly.
2026-07-21 14:06:51 [INFO] [TC_AP_0001 - Verify Main Page screen of 77QA QA tool ]: Navigating to the target page...
2026-07-21 14:06:51 [INFO] [TC_AP_0001 - Verify Main Page screen of 77QA QA tool ]: Navigating to URL: (baseURL from config)
2026-07-21 14:06:51 [INFO] [TC_AP_0001 - Verify Main Page screen of 77QA QA tool ]: Accessing Playwright Page object directly.
2026-07-21 14:06:52 [INFO] [TC_AP_0001 - Verify Main Page screen of 77QA QA tool ]: Accessing Playwright Page object directly.
2026-07-21 14:06:52 [DEBUG] [Reporter]: Step Ended: Unknown Step - PASSED {"test":"TC_AP_0001 - Verify Main Page screen of 77QA QA tool ","duration":0}
2026-07-21 14:06:52 [DEBUG] [Reporter]: Step Started: Unknown Step {"test":"TC_AP_0001 - Verify Main Page screen of 77QA QA tool "}
2026-07-21 14:06:52 [DEBUG] [Reporter]: Step Ended: Unknown Step - PASSED {"test":"TC_AP_0001 - Verify Main Page screen of 77QA QA tool ","duration":0}
2026-07-21 14:06:52 [DEBUG] [Reporter]: Step Started: Unknown Step {"test":"TC_AP_0001 - Verify Main Page screen of 77QA QA tool "}
2026-07-21 14:06:52 [INFO] [TC_AP_0001 - Verify Main Page screen of 77QA QA tool ]: Successfully navigated to: https://qa-test-management-dev.ap-southeast-1.elasticbeanstalk.com/seven-seven-qa/login
2026-07-21 14:06:52 [INFO] [TC_AP_0001 - Verify Main Page screen of 77QA QA tool ]: Accessing Playwright Page object directly.
2026-07-21 14:06:52 [INFO] [TC_AP_0001 - Verify Main Page screen of 77QA QA tool ]: Page loaded and stable after navigation.
2026-07-21 14:06:52 [INFO] [TC_AP_0001 - Verify Main Page screen of 77QA QA tool ]: Waiting for element to be visible: "getByText('LOGIN')"
2026-07-21 14:06:52 [INFO] [TC_AP_0001 - Verify Main Page screen of 77QA QA tool ]: Element is now visible: "getByText('LOGIN')"
2026-07-21 14:06:52 [DEBUG] [Reporter]: Step Ended: Unknown Step - PASSED {"test":"TC_AP_0001 - Verify Main Page screen of 77QA QA tool ","duration":0}
2026-07-21 14:06:52 [DEBUG] [Reporter]: Step Ended: Unknown Step - PASSED {"test":"TC_AP_0001 - Verify Main Page screen of 77QA QA tool ","duration":0}
2026-07-21 14:06:52 [DEBUG] [Reporter]: Step Started: Unknown Step {"test":"TC_AP_0001 - Verify Main Page screen of 77QA QA tool "}
2026-07-21 14:06:52 [DEBUG] [Reporter]: Step Ended: Unknown Step - PASSED {"test":"TC_AP_0001 - Verify Main Page screen of 77QA QA tool ","duration":0}
2026-07-21 14:06:52 [DEBUG] [Reporter]: Step Ended: Unknown Step - PASSED {"test":"TC_AP_0001 - Verify Main Page screen of 77QA QA tool ","duration":0}
2026-07-21 14:06:52 [INFO] [TC_AP_0001 - Verify Main Page screen of 77QA QA tool ]: Navigating to the target page...
2026-07-21 14:06:52 [INFO] [TC_AP_0001 - Verify Main Page screen of 77QA QA tool ]: Accessing Playwright Page object directly.
2026-07-21 14:06:52 [INFO] [TC_AP_0001 - Verify Main Page screen of 77QA QA tool ]: Performing login action.
2026-07-21 14:06:52 [INFO] [TC_AP_0001 - Verify Main Page screen of 77QA QA tool ]: Entering username: qsuperadmin
2026-07-21 14:06:52 [INFO] [TC_AP_0001 - Verify Main Page screen of 77QA QA tool ]: Filling element "locator('input#username')" with value: "qsuperadmin"
2026-07-21 14:06:52 [DEBUG] [Reporter]: Step Started: Unknown Step {"test":"TC_AP_0001 - Verify Main Page screen of 77QA QA tool "}
2026-07-21 14:06:52 [DEBUG] [Reporter]: Step Ended: Unknown Step - PASSED {"test":"TC_AP_0001 - Verify Main Page screen of 77QA QA tool ","duration":0}
2026-07-21 14:06:52 [INFO] [TC_AP_0001 - Verify Main Page screen of 77QA QA tool ]: Successfully filled element "locator('input#username')" with value: "qsuperadmin"
2026-07-21 14:06:52 [INFO] [TC_AP_0001 - Verify Main Page screen of 77QA QA tool ]: Entering password.
2026-07-21 14:06:52 [INFO] [TC_AP_0001 - Verify Main Page screen of 77QA QA tool ]: Filling element "locator('input#password')" with value: "Qsuperadmin@77"
2026-07-21 14:06:52 [DEBUG] [Reporter]: Step Started: Unknown Step {"test":"TC_AP_0001 - Verify Main Page screen of 77QA QA tool "}
2026-07-21 14:06:52 [DEBUG] [Reporter]: Step Ended: Unknown Step - PASSED {"test":"TC_AP_0001 - Verify Main Page screen of 77QA QA tool ","duration":0}
2026-07-21 14:06:52 [INFO] [TC_AP_0001 - Verify Main Page screen of 77QA QA tool ]: Successfully filled element "locator('input#password')" with value: "Qsuperadmin@77"
2026-07-21 14:06:52 [INFO] [TC_AP_0001 - Verify Main Page screen of 77QA QA tool ]: Clicking the Login button.
2026-07-21 14:06:52 [INFO] [TC_AP_0001 - Verify Main Page screen of 77QA QA tool ]: Clicking on element with selector: "getByText('AUTHENTICATE')"
2026-07-21 14:06:52 [DEBUG] [Reporter]: Step Started: Unknown Step {"test":"TC_AP_0001 - Verify Main Page screen of 77QA QA tool "}
2026-07-21 14:06:53 [DEBUG] [Reporter]: Step Ended: Unknown Step - PASSED {"test":"TC_AP_0001 - Verify Main Page screen of 77QA QA tool ","duration":0}
2026-07-21 14:06:53 [INFO] [TC_AP_0001 - Verify Main Page screen of 77QA QA tool ]: Successfully clicked on element: "getByText('AUTHENTICATE')"
2026-07-21 14:06:53 [DEBUG] [Reporter]: Step Started: Unknown Step {"test":"TC_AP_0001 - Verify Main Page screen of 77QA QA tool "}
2026-07-21 14:06:53 [INFO] [TC_AP_0001 - Verify Main Page screen of 77QA QA tool ]: Login action completed.
2026-07-21 14:06:53 [INFO] [TC_AP_0001 - Verify Main Page screen of 77QA QA tool ]: Asserting that the landed in Admin Dashboard Page
2026-07-21 14:06:54 [DEBUG] [Reporter]: Step Ended: Unknown Step - PASSED {"test":"TC_AP_0001 - Verify Main Page screen of 77QA QA tool ","duration":0}
2026-07-21 14:06:54 [INFO] [TC_AP_0001 - Verify Main Page screen of 77QA QA tool ]: Assertion passed: Landed in Admin Dashboard Page.
2026-07-21 14:06:54 [DEBUG] [Reporter]: Step Started: Unknown Step {"test":"TC_AP_0001 - Verify Main Page screen of 77QA QA tool "}
2026-07-21 14:06:54 [DEBUG] [Reporter]: Step Started: Unknown Step {"test":"TC_AP_0001 - Verify Main Page screen of 77QA QA tool "}
2026-07-21 14:06:54 [DEBUG] [Reporter]: Step Ended: Unknown Step - PASSED {"test":"TC_AP_0001 - Verify Main Page screen of 77QA QA tool ","duration":0}
2026-07-21 14:06:54 [DEBUG] [Reporter]: Step Started: Unknown Step {"test":"TC_AP_0001 - Verify Main Page screen of 77QA QA tool "}
2026-07-21 14:06:54 [DEBUG] [Reporter]: Step Ended: Unknown Step - PASSED {"test":"TC_AP_0001 - Verify Main Page screen of 77QA QA tool ","duration":0}
2026-07-21 14:06:54 [DEBUG] [Reporter]: Step Started: Unknown Step {"test":"TC_AP_0001 - Verify Main Page screen of 77QA QA tool "}
2026-07-21 14:06:54 [DEBUG] [Reporter]: Step Ended: Unknown Step - PASSED {"test":"TC_AP_0001 - Verify Main Page screen of 77QA QA tool ","duration":0}
2026-07-21 14:06:54 [DEBUG] [Reporter]: Step Started: Unknown Step {"test":"TC_AP_0001 - Verify Main Page screen of 77QA QA tool "}
2026-07-21 14:06:54 [DEBUG] [Reporter]: Step Ended: Unknown Step - PASSED {"test":"TC_AP_0001 - Verify Main Page screen of 77QA QA tool ","duration":0}
2026-07-21 14:06:54 [DEBUG] [Reporter]: Step Started: Unknown Step {"test":"TC_AP_0001 - Verify Main Page screen of 77QA QA tool "}
2026-07-21 14:06:54 [DEBUG] [Reporter]: Step Ended: Unknown Step - PASSED {"test":"TC_AP_0001 - Verify Main Page screen of 77QA QA tool ","duration":0}
2026-07-21 14:06:54 [DEBUG] [Reporter]: Step Started: Unknown Step {"test":"TC_AP_0001 - Verify Main Page screen of 77QA QA tool "}
2026-07-21 14:06:56 [DEBUG] [Reporter]: Step Started: Unknown Step {"test":"TC_AP_0001 - Verify Main Page screen of 77QA QA tool "}
2026-07-21 14:06:57 [DEBUG] [Reporter]: Step Ended: Unknown Step - PASSED {"test":"TC_AP_0001 - Verify Main Page screen of 77QA QA tool ","duration":0}
2026-07-21 14:06:57 [DEBUG] [Reporter]: Step Ended: Unknown Step - PASSED {"test":"TC_AP_0001 - Verify Main Page screen of 77QA QA tool ","duration":0}
2026-07-21 14:06:57 [DEBUG] [Reporter]: Step Started: Unknown Step {"test":"TC_AP_0001 - Verify Main Page screen of 77QA QA tool "}
2026-07-21 14:06:57 [DEBUG] [Reporter]: Step Ended: Unknown Step - PASSED {"test":"TC_AP_0001 - Verify Main Page screen of 77QA QA tool ","duration":0}
2026-07-21 14:06:57 [DEBUG] [Reporter]: Step Ended: Unknown Step - PASSED {"test":"TC_AP_0001 - Verify Main Page screen of 77QA QA tool ","duration":0}
2026-07-21 14:06:58 [INFO] [Reporter]: Test Ended: TC_AP_0001 - Verify Main Page screen of 77QA QA tool  - PASSED (6332ms)
2026-07-21 14:07:00 [INFO] [Reporter]: Test run finished. Status: passed
2026-07-21 14:07:00 [INFO] [Reporter]: All 0 test(s) passed.
2026-07-29 17:11:17 [INFO] [Reporter]: Starting test run with 1 project(s).
2026-07-29 17:11:17 [INFO] [Reporter]: Test Started: TC_AP_0001 - Verify Main Page screen of 77QA QA tool  (Project: Unknown Project)
2026-07-29 17:11:17 [DEBUG] [Reporter]: Step Started: Unknown Step {"test":"TC_AP_0001 - Verify Main Page screen of 77QA QA tool "}
2026-07-29 17:11:17 [DEBUG] [Reporter]: Step Started: Unknown Step {"test":"TC_AP_0001 - Verify Main Page screen of 77QA QA tool "}
2026-07-29 17:11:17 [DEBUG] [Reporter]: Step Started: Unknown Step {"test":"TC_AP_0001 - Verify Main Page screen of 77QA QA tool "}
2026-07-29 17:11:17 [DEBUG] [Reporter]: Step Started: Unknown Step {"test":"TC_AP_0001 - Verify Main Page screen of 77QA QA tool "}
2026-07-29 17:11:18 [DEBUG] [Reporter]: Step Ended: Unknown Step - PASSED {"test":"TC_AP_0001 - Verify Main Page screen of 77QA QA tool ","duration":0}
2026-07-29 17:11:18 [DEBUG] [Reporter]: Step Ended: Unknown Step - PASSED {"test":"TC_AP_0001 - Verify Main Page screen of 77QA QA tool ","duration":0}
2026-07-29 17:11:18 [DEBUG] [Reporter]: Step Started: Unknown Step {"test":"TC_AP_0001 - Verify Main Page screen of 77QA QA tool "}
2026-07-29 17:11:18 [DEBUG] [Reporter]: Step Started: Unknown Step {"test":"TC_AP_0001 - Verify Main Page screen of 77QA QA tool "}
2026-07-29 17:11:18 [DEBUG] [Reporter]: Step Ended: Unknown Step - PASSED {"test":"TC_AP_0001 - Verify Main Page screen of 77QA QA tool ","duration":0}
2026-07-29 17:11:18 [DEBUG] [Reporter]: Step Ended: Unknown Step - PASSED {"test":"TC_AP_0001 - Verify Main Page screen of 77QA QA tool ","duration":0}
2026-07-29 17:11:18 [DEBUG] [Reporter]: Step Started: Unknown Step {"test":"TC_AP_0001 - Verify Main Page screen of 77QA QA tool "}
2026-07-29 17:11:18 [DEBUG] [Reporter]: Step Started: Unknown Step {"test":"TC_AP_0001 - Verify Main Page screen of 77QA QA tool "}
2026-07-29 17:11:19 [DEBUG] [Reporter]: Step Ended: Unknown Step - PASSED {"test":"TC_AP_0001 - Verify Main Page screen of 77QA QA tool ","duration":0}
2026-07-29 17:11:19 [DEBUG] [Reporter]: Step Ended: Unknown Step - PASSED {"test":"TC_AP_0001 - Verify Main Page screen of 77QA QA tool ","duration":0}
2026-07-29 17:11:19 [DEBUG] [Reporter]: Step Started: Unknown Step {"test":"TC_AP_0001 - Verify Main Page screen of 77QA QA tool "}
2026-07-29 17:11:19 [DEBUG] [Reporter]: Step Ended: Unknown Step - PASSED {"test":"TC_AP_0001 - Verify Main Page screen of 77QA QA tool ","duration":0}
2026-07-29 17:11:19 [DEBUG] [Reporter]: Step Started: Unknown Step {"test":"TC_AP_0001 - Verify Main Page screen of 77QA QA tool "}
2026-07-29 17:11:19 [DEBUG] [Reporter]: Step Ended: Unknown Step - PASSED {"test":"TC_AP_0001 - Verify Main Page screen of 77QA QA tool ","duration":0}
2026-07-29 17:11:19 [DEBUG] [Reporter]: Step Started: Unknown Step {"test":"TC_AP_0001 - Verify Main Page screen of 77QA QA tool "}
2026-07-29 17:11:19 [INFO] [TC_AP_0001 - Verify Main Page screen of 77QA QA tool ]: Accessing Playwright Page object directly.
2026-07-29 17:11:19 [INFO] [TC_AP_0001 - Verify Main Page screen of 77QA QA tool ]: Accessing Playwright Page object directly.
2026-07-29 17:11:19 [INFO] [TC_AP_0001 - Verify Main Page screen of 77QA QA tool ]: Accessing Playwright Page object directly.
2026-07-29 17:11:19 [INFO] [TC_AP_0001 - Verify Main Page screen of 77QA QA tool ]: Accessing Playwright Page object directly.
2026-07-29 17:11:19 [INFO] [TC_AP_0001 - Verify Main Page screen of 77QA QA tool ]: Start of BeforeEach
2026-07-29 17:11:19 [INFO] [TC_AP_0001 - Verify Main Page screen of 77QA QA tool ]: Navigating to the target page...
2026-07-29 17:11:19 [INFO] [TC_AP_0001 - Verify Main Page screen of 77QA QA tool ]: Navigating to URL: (baseURL from config)
2026-07-29 17:11:19 [INFO] [TC_AP_0001 - Verify Main Page screen of 77QA QA tool ]: Accessing Playwright Page object directly.
2026-07-29 17:11:19 [DEBUG] [Reporter]: Step Ended: Unknown Step - PASSED {"test":"TC_AP_0001 - Verify Main Page screen of 77QA QA tool ","duration":0}
2026-07-29 17:11:19 [INFO] [TC_AP_0001 - Verify Main Page screen of 77QA QA tool ]: Accessing Playwright Page object directly.
2026-07-29 17:11:19 [DEBUG] [Reporter]: Step Started: Unknown Step {"test":"TC_AP_0001 - Verify Main Page screen of 77QA QA tool "}
2026-07-29 17:11:19 [DEBUG] [Reporter]: Step Ended: Unknown Step - PASSED {"test":"TC_AP_0001 - Verify Main Page screen of 77QA QA tool ","duration":0}
2026-07-29 17:11:19 [DEBUG] [Reporter]: Step Started: Unknown Step {"test":"TC_AP_0001 - Verify Main Page screen of 77QA QA tool "}
2026-07-29 17:11:19 [INFO] [TC_AP_0001 - Verify Main Page screen of 77QA QA tool ]: Successfully navigated to: https://qa-test-management-dev.ap-southeast-1.elasticbeanstalk.com/seven-seven-qa/login
2026-07-29 17:11:19 [INFO] [TC_AP_0001 - Verify Main Page screen of 77QA QA tool ]: Accessing Playwright Page object directly.
2026-07-29 17:11:19 [INFO] [TC_AP_0001 - Verify Main Page screen of 77QA QA tool ]: Page loaded and stable after navigation.
2026-07-29 17:11:19 [INFO] [TC_AP_0001 - Verify Main Page screen of 77QA QA tool ]: Waiting for element to be visible: "getByText('LOGIN')"
2026-07-29 17:11:20 [INFO] [TC_AP_0001 - Verify Main Page screen of 77QA QA tool ]: Element is now visible: "getByText('LOGIN')"
2026-07-29 17:11:20 [DEBUG] [Reporter]: Step Ended: Unknown Step - PASSED {"test":"TC_AP_0001 - Verify Main Page screen of 77QA QA tool ","duration":0}
2026-07-29 17:11:20 [INFO] [TC_AP_0001 - Verify Main Page screen of 77QA QA tool ]: Navigating to the target page...
2026-07-29 17:11:20 [INFO] [TC_AP_0001 - Verify Main Page screen of 77QA QA tool ]: End of BeforeEach
2026-07-29 17:11:20 [INFO] [TC_AP_0001 - Verify Main Page screen of 77QA QA tool ]: Accessing Playwright Page object directly.
2026-07-29 17:11:20 [INFO] [TC_AP_0001 - Verify Main Page screen of 77QA QA tool ]: Accessing Playwright Page object directly.
2026-07-29 17:11:20 [INFO] [TC_AP_0001 - Verify Main Page screen of 77QA QA tool ]: Performing login action.
2026-07-29 17:11:20 [INFO] [TC_AP_0001 - Verify Main Page screen of 77QA QA tool ]: Entering username: qsuperadmin
2026-07-29 17:11:20 [INFO] [TC_AP_0001 - Verify Main Page screen of 77QA QA tool ]: Filling element "locator('input#username')" with value: "qsuperadmin"
2026-07-29 17:11:20 [DEBUG] [Reporter]: Step Ended: Unknown Step - PASSED {"test":"TC_AP_0001 - Verify Main Page screen of 77QA QA tool ","duration":0}
2026-07-29 17:11:20 [DEBUG] [Reporter]: Step Started: Unknown Step {"test":"TC_AP_0001 - Verify Main Page screen of 77QA QA tool "}
2026-07-29 17:11:20 [DEBUG] [Reporter]: Step Ended: Unknown Step - PASSED {"test":"TC_AP_0001 - Verify Main Page screen of 77QA QA tool ","duration":0}
2026-07-29 17:11:20 [DEBUG] [Reporter]: Step Ended: Unknown Step - PASSED {"test":"TC_AP_0001 - Verify Main Page screen of 77QA QA tool ","duration":0}
2026-07-29 17:11:20 [DEBUG] [Reporter]: Step Started: Unknown Step {"test":"TC_AP_0001 - Verify Main Page screen of 77QA QA tool "}
2026-07-29 17:11:20 [DEBUG] [Reporter]: Step Ended: Unknown Step - PASSED {"test":"TC_AP_0001 - Verify Main Page screen of 77QA QA tool ","duration":0}
2026-07-29 17:11:20 [INFO] [TC_AP_0001 - Verify Main Page screen of 77QA QA tool ]: Successfully filled element "locator('input#username')" with value: "qsuperadmin"
2026-07-29 17:11:20 [INFO] [TC_AP_0001 - Verify Main Page screen of 77QA QA tool ]: Entering password.
2026-07-29 17:11:20 [INFO] [TC_AP_0001 - Verify Main Page screen of 77QA QA tool ]: Filling element "locator('input#password')" with value: "Qsuperadmin@77"
2026-07-29 17:11:20 [DEBUG] [Reporter]: Step Started: Unknown Step {"test":"TC_AP_0001 - Verify Main Page screen of 77QA QA tool "}
2026-07-29 17:11:20 [INFO] [TC_AP_0001 - Verify Main Page screen of 77QA QA tool ]: Successfully filled element "locator('input#password')" with value: "Qsuperadmin@77"
2026-07-29 17:11:20 [INFO] [TC_AP_0001 - Verify Main Page screen of 77QA QA tool ]: Clicking the Login button.
2026-07-29 17:11:20 [INFO] [TC_AP_0001 - Verify Main Page screen of 77QA QA tool ]: Clicking on element with selector: "getByText('AUTHENTICATE')"
2026-07-29 17:11:20 [DEBUG] [Reporter]: Step Ended: Unknown Step - PASSED {"test":"TC_AP_0001 - Verify Main Page screen of 77QA QA tool ","duration":0}
2026-07-29 17:11:20 [DEBUG] [Reporter]: Step Started: Unknown Step {"test":"TC_AP_0001 - Verify Main Page screen of 77QA QA tool "}
2026-07-29 17:11:20 [INFO] [TC_AP_0001 - Verify Main Page screen of 77QA QA tool ]: Successfully clicked on element: "getByText('AUTHENTICATE')"
2026-07-29 17:11:20 [DEBUG] [Reporter]: Step Ended: Unknown Step - PASSED {"test":"TC_AP_0001 - Verify Main Page screen of 77QA QA tool ","duration":0}
2026-07-29 17:11:20 [DEBUG] [Reporter]: Step Started: Unknown Step {"test":"TC_AP_0001 - Verify Main Page screen of 77QA QA tool "}
2026-07-29 17:11:20 [INFO] [TC_AP_0001 - Verify Main Page screen of 77QA QA tool ]: Login action completed.
2026-07-29 17:11:20 [INFO] [TC_AP_0001 - Verify Main Page screen of 77QA QA tool ]: Asserting that the landed in Admin Dashboard Page
2026-07-29 17:11:21 [DEBUG] [Reporter]: Step Ended: Unknown Step - PASSED {"test":"TC_AP_0001 - Verify Main Page screen of 77QA QA tool ","duration":0}
2026-07-29 17:11:21 [DEBUG] [Reporter]: Step Started: Unknown Step {"test":"TC_AP_0001 - Verify Main Page screen of 77QA QA tool "}
2026-07-29 17:11:21 [INFO] [TC_AP_0001 - Verify Main Page screen of 77QA QA tool ]: Assertion passed: Landed in Admin Dashboard Page.
2026-07-29 17:11:21 [DEBUG] [Reporter]: Step Ended: Unknown Step - PASSED {"test":"TC_AP_0001 - Verify Main Page screen of 77QA QA tool ","duration":0}
2026-07-29 17:11:21 [DEBUG] [Reporter]: Step Started: Unknown Step {"test":"TC_AP_0001 - Verify Main Page screen of 77QA QA tool "}
2026-07-29 17:11:21 [DEBUG] [Reporter]: Step Started: Unknown Step {"test":"TC_AP_0001 - Verify Main Page screen of 77QA QA tool "}
2026-07-29 17:11:21 [DEBUG] [Reporter]: Step Ended: Unknown Step - PASSED {"test":"TC_AP_0001 - Verify Main Page screen of 77QA QA tool ","duration":0}
2026-07-29 17:11:21 [DEBUG] [Reporter]: Step Started: Unknown Step {"test":"TC_AP_0001 - Verify Main Page screen of 77QA QA tool "}
2026-07-29 17:11:21 [DEBUG] [Reporter]: Step Ended: Unknown Step - PASSED {"test":"TC_AP_0001 - Verify Main Page screen of 77QA QA tool ","duration":0}
2026-07-29 17:11:21 [DEBUG] [Reporter]: Step Started: Unknown Step {"test":"TC_AP_0001 - Verify Main Page screen of 77QA QA tool "}
2026-07-29 17:11:21 [DEBUG] [Reporter]: Step Ended: Unknown Step - PASSED {"test":"TC_AP_0001 - Verify Main Page screen of 77QA QA tool ","duration":0}
2026-07-29 17:11:21 [DEBUG] [Reporter]: Step Started: Unknown Step {"test":"TC_AP_0001 - Verify Main Page screen of 77QA QA tool "}
2026-07-29 17:11:21 [DEBUG] [Reporter]: Step Ended: Unknown Step - PASSED {"test":"TC_AP_0001 - Verify Main Page screen of 77QA QA tool ","duration":0}
2026-07-29 17:11:21 [DEBUG] [Reporter]: Step Started: Unknown Step {"test":"TC_AP_0001 - Verify Main Page screen of 77QA QA tool "}
2026-07-29 17:11:21 [DEBUG] [Reporter]: Step Ended: Unknown Step - PASSED {"test":"TC_AP_0001 - Verify Main Page screen of 77QA QA tool ","duration":0}
2026-07-29 17:11:21 [DEBUG] [Reporter]: Step Started: Unknown Step {"test":"TC_AP_0001 - Verify Main Page screen of 77QA QA tool "}
2026-07-29 17:11:22 [DEBUG] [Reporter]: Step Started: Unknown Step {"test":"TC_AP_0001 - Verify Main Page screen of 77QA QA tool "}
2026-07-29 17:11:22 [DEBUG] [Reporter]: Step Ended: Unknown Step - PASSED {"test":"TC_AP_0001 - Verify Main Page screen of 77QA QA tool ","duration":0}
2026-07-29 17:11:22 [DEBUG] [Reporter]: Step Ended: Unknown Step - PASSED {"test":"TC_AP_0001 - Verify Main Page screen of 77QA QA tool ","duration":0}
2026-07-29 17:11:22 [DEBUG] [Reporter]: Step Started: Unknown Step {"test":"TC_AP_0001 - Verify Main Page screen of 77QA QA tool "}
2026-07-29 17:11:22 [DEBUG] [Reporter]: Step Ended: Unknown Step - PASSED {"test":"TC_AP_0001 - Verify Main Page screen of 77QA QA tool ","duration":0}
2026-07-29 17:11:22 [DEBUG] [Reporter]: Step Ended: Unknown Step - PASSED {"test":"TC_AP_0001 - Verify Main Page screen of 77QA QA tool ","duration":0}
2026-07-29 17:11:22 [INFO] [Reporter]: Test Ended: TC_AP_0001 - Verify Main Page screen of 77QA QA tool  - PASSED (3927ms)
2026-07-29 17:11:23 [INFO] [Reporter]: Test run finished. Status: passed
2026-07-29 17:11:23 [INFO] [Reporter]: All 0 test(s) passed.
2026-09-28 13:48:25 [INFO] [TC_LP_0003 - Verify the locked out user cannot log in]: Accessing Playwright Page object directly.
2026-09-28 13:48:25 [INFO] [TC_LP_0001 - Verify successful login with the standard user]: Accessing Playwright Page object directly.
2026-09-28 13:48:25 [INFO] [TC_LP_0001 - Verify successful login with the standard user]: Accessing Playwright Page object directly.
2026-09-28 13:48:25 [INFO] [TC_LP_0001 - Verify successful login with the standard user]: Accessing Playwright Page object directly.
2026-09-28 13:48:25 [INFO] [TC_LP_0001 - Verify successful login with the standard user]: Accessing Playwright Page object directly.
2026-09-28 13:48:25 [INFO] [TC_LP_0001 - Verify successful login with the standard user]: Start of BeforeEach
2026-09-28 13:48:25 [INFO] [TC_LP_0001 - Verify successful login with the standard user]: Navigating to the Sauce Demo login page...
2026-09-28 13:48:25 [INFO] [TC_LP_0001 - Verify successful login with the standard user]: Navigating to URL: https://www.saucedemo.com/
2026-09-28 13:48:25 [INFO] [TC_LP_0001 - Verify successful login with the standard user]: Accessing Playwright Page object directly.
2026-09-28 13:48:25 [INFO] [TC_LP_0003 - Verify the locked out user cannot log in]: Accessing Playwright Page object directly.
2026-09-28 13:48:25 [INFO] [TC_LP_0003 - Verify the locked out user cannot log in]: Accessing Playwright Page object directly.
2026-09-28 13:48:25 [INFO] [TC_LP_0003 - Verify the locked out user cannot log in]: Accessing Playwright Page object directly.
2026-09-28 13:48:25 [INFO] [TC_LP_0003 - Verify the locked out user cannot log in]: Start of BeforeEach
2026-09-28 13:48:25 [INFO] [TC_LP_0003 - Verify the locked out user cannot log in]: Navigating to the Sauce Demo login page...
2026-09-28 13:48:25 [INFO] [TC_LP_0003 - Verify the locked out user cannot log in]: Navigating to URL: https://www.saucedemo.com/
2026-09-28 13:48:25 [INFO] [TC_LP_0003 - Verify the locked out user cannot log in]: Accessing Playwright Page object directly.
2026-09-28 13:48:25 [INFO] [TC_LP_0001 - Verify successful login with the standard user]: Accessing Playwright Page object directly.
2026-09-28 13:48:25 [INFO] [TC_LP_0001 - Verify successful login with the standard user]: Successfully navigated to: https://www.saucedemo.com/
2026-09-28 13:48:25 [INFO] [TC_LP_0001 - Verify successful login with the standard user]: Accessing Playwright Page object directly.
2026-09-28 13:48:25 [INFO] [TC_LP_0001 - Verify successful login with the standard user]: Page loaded and stable after navigation.
2026-09-28 13:48:25 [INFO] [TC_LP_0001 - Verify successful login with the standard user]: Waiting for element to be visible: "locator('#user-name')"
2026-09-28 13:48:25 [INFO] [TC_LP_0003 - Verify the locked out user cannot log in]: Accessing Playwright Page object directly.
2026-09-28 13:48:25 [INFO] [TC_LP_0003 - Verify the locked out user cannot log in]: Successfully navigated to: https://www.saucedemo.com/
2026-09-28 13:48:25 [INFO] [TC_LP_0003 - Verify the locked out user cannot log in]: Accessing Playwright Page object directly.
2026-09-28 13:48:25 [INFO] [TC_LP_0003 - Verify the locked out user cannot log in]: Page loaded and stable after navigation.
2026-09-28 13:48:25 [INFO] [TC_LP_0003 - Verify the locked out user cannot log in]: Waiting for element to be visible: "locator('#user-name')"
2026-09-28 13:48:25 [INFO] [TC_LP_0001 - Verify successful login with the standard user]: Element is now visible: "locator('#user-name')"
2026-09-28 13:48:25 [INFO] [TC_LP_0001 - Verify successful login with the standard user]: Landed on the Sauce Demo login page.
2026-09-28 13:48:25 [INFO] [TC_LP_0001 - Verify successful login with the standard user]: End of BeforeEach
2026-09-28 13:48:25 [INFO] [TC_LP_0001 - Verify successful login with the standard user]: Accessing Playwright Page object directly.
2026-09-28 13:48:25 [INFO] [TC_LP_0001 - Verify successful login with the standard user]: Accessing Playwright Page object directly.
2026-09-28 13:48:25 [INFO] [TC_LP_0001 - Verify successful login with the standard user]: Performing login action.
2026-09-28 13:48:25 [INFO] [TC_LP_0001 - Verify successful login with the standard user]: Entering username: standard_user
2026-09-28 13:48:25 [INFO] [TC_LP_0001 - Verify successful login with the standard user]: Filling element "locator('#user-name')" with value: "standard_user"
2026-09-28 13:48:25 [INFO] [TC_LP_0001 - Verify successful login with the standard user]: Successfully filled element "locator('#user-name')" with value: "standard_user"
2026-09-28 13:48:25 [INFO] [TC_LP_0003 - Verify the locked out user cannot log in]: Element is now visible: "locator('#user-name')"
2026-09-28 13:48:25 [INFO] [TC_LP_0001 - Verify successful login with the standard user]: Entering password.
2026-09-28 13:48:25 [INFO] [TC_LP_0001 - Verify successful login with the standard user]: Filling element "locator('#password')" with value: "secret_sauce"
2026-09-28 13:48:25 [INFO] [TC_LP_0003 - Verify the locked out user cannot log in]: Landed on the Sauce Demo login page.
2026-09-28 13:48:25 [INFO] [TC_LP_0003 - Verify the locked out user cannot log in]: End of BeforeEach
2026-09-28 13:48:25 [INFO] [TC_LP_0003 - Verify the locked out user cannot log in]: Performing login action.
2026-09-28 13:48:25 [INFO] [TC_LP_0003 - Verify the locked out user cannot log in]: Entering username: locked_out_user
2026-09-28 13:48:25 [INFO] [TC_LP_0003 - Verify the locked out user cannot log in]: Filling element "locator('#user-name')" with value: "locked_out_user"
2026-09-28 13:48:25 [INFO] [TC_LP_0001 - Verify successful login with the standard user]: Successfully filled element "locator('#password')" with value: "secret_sauce"
2026-09-28 13:48:25 [INFO] [TC_LP_0001 - Verify successful login with the standard user]: Clicking the Login button.
2026-09-28 13:48:25 [INFO] [TC_LP_0001 - Verify successful login with the standard user]: Clicking on element with selector: "locator('#login-button')"
2026-09-28 13:48:25 [INFO] [TC_LP_0003 - Verify the locked out user cannot log in]: Successfully filled element "locator('#user-name')" with value: "locked_out_user"
2026-09-28 13:48:25 [INFO] [TC_LP_0003 - Verify the locked out user cannot log in]: Entering password.
2026-09-28 13:48:25 [INFO] [TC_LP_0003 - Verify the locked out user cannot log in]: Filling element "locator('#password')" with value: "secret_sauce"
2026-09-28 13:48:25 [INFO] [TC_LP_0003 - Verify the locked out user cannot log in]: Successfully filled element "locator('#password')" with value: "secret_sauce"
2026-09-28 13:48:25 [INFO] [TC_LP_0003 - Verify the locked out user cannot log in]: Clicking the Login button.
2026-09-28 13:48:25 [INFO] [TC_LP_0003 - Verify the locked out user cannot log in]: Clicking on element with selector: "locator('#login-button')"
2026-09-28 13:48:26 [INFO] [TC_LP_0005 - Verify login fails when the username is missing]: Accessing Playwright Page object directly.
2026-09-28 13:48:26 [INFO] [TC_LP_0005 - Verify login fails when the username is missing]: Accessing Playwright Page object directly.
2026-09-28 13:48:26 [INFO] [TC_LP_0005 - Verify login fails when the username is missing]: Accessing Playwright Page object directly.
2026-09-28 13:48:26 [INFO] [TC_LP_0005 - Verify login fails when the username is missing]: Accessing Playwright Page object directly.
2026-09-28 13:48:26 [INFO] [TC_LP_0005 - Verify login fails when the username is missing]: Start of BeforeEach
2026-09-28 13:48:26 [INFO] [TC_LP_0005 - Verify login fails when the username is missing]: Navigating to the Sauce Demo login page...
2026-09-28 13:48:26 [INFO] [TC_LP_0005 - Verify login fails when the username is missing]: Navigating to URL: https://www.saucedemo.com/
2026-09-28 13:48:26 [INFO] [TC_LP_0005 - Verify login fails when the username is missing]: Accessing Playwright Page object directly.
2026-09-28 13:48:26 [INFO] [TC_LP_0005 - Verify login fails when the username is missing]: Accessing Playwright Page object directly.
2026-09-28 13:48:26 [INFO] [TC_LP_0005 - Verify login fails when the username is missing]: Successfully navigated to: https://www.saucedemo.com/
2026-09-28 13:48:26 [INFO] [TC_LP_0005 - Verify login fails when the username is missing]: Accessing Playwright Page object directly.
2026-09-28 13:48:26 [INFO] [TC_LP_0005 - Verify login fails when the username is missing]: Page loaded and stable after navigation.
2026-09-28 13:48:26 [INFO] [TC_LP_0005 - Verify login fails when the username is missing]: Waiting for element to be visible: "locator('#user-name')"
2026-09-28 13:48:26 [INFO] [TC_LP_0005 - Verify login fails when the username is missing]: Element is now visible: "locator('#user-name')"
2026-09-28 13:48:26 [INFO] [TC_LP_0005 - Verify login fails when the username is missing]: Landed on the Sauce Demo login page.
2026-09-28 13:48:26 [INFO] [TC_LP_0005 - Verify login fails when the username is missing]: End of BeforeEach
2026-09-28 13:48:26 [INFO] [TC_LP_0005 - Verify login fails when the username is missing]: Performing login action.
2026-09-28 13:48:26 [INFO] [TC_LP_0005 - Verify login fails when the username is missing]: Entering username: 
2026-09-28 13:48:26 [INFO] [TC_LP_0005 - Verify login fails when the username is missing]: Filling element "locator('#user-name')" with value: ""
2026-09-28 13:48:26 [INFO] [TC_LP_0005 - Verify login fails when the username is missing]: Successfully filled element "locator('#user-name')" with value: ""
2026-09-28 13:48:26 [INFO] [TC_LP_0005 - Verify login fails when the username is missing]: Entering password.
2026-09-28 13:48:26 [INFO] [TC_LP_0005 - Verify login fails when the username is missing]: Filling element "locator('#password')" with value: "secret_sauce"
2026-09-28 13:48:26 [INFO] [TC_LP_0005 - Verify login fails when the username is missing]: Successfully filled element "locator('#password')" with value: "secret_sauce"
2026-09-28 13:48:26 [INFO] [TC_LP_0005 - Verify login fails when the username is missing]: Clicking the Login button.
2026-09-28 13:48:26 [INFO] [TC_LP_0005 - Verify login fails when the username is missing]: Clicking on element with selector: "locator('#login-button')"
2026-09-28 13:48:31 [INFO] [TC_LP_0005 - Verify login fails when the username is missing]: Successfully clicked on element: "locator('#login-button')"
2026-09-28 13:48:31 [INFO] [TC_LP_0005 - Verify login fails when the username is missing]: Login action completed.
2026-09-28 13:48:31 [INFO] [TC_LP_0005 - Verify login fails when the username is missing]: Asserting login error message contains text: "Epic sadface: Username is required"
2026-09-28 13:48:31 [INFO] [TC_LP_0005 - Verify login fails when the username is missing]: Asserting 1 elements to contain text: "Epic sadface: Username is required"
2026-09-28 13:48:31 [INFO] [TC_LP_0005 - Verify login fails when the username is missing]: Asserting element "locator('[data-test="error"]')" to contain text: "Epic sadface: Username is required"
2026-09-28 13:48:31 [INFO] [TC_LP_0005 - Verify login fails when the username is missing]: Waiting for element to be visible: "locator('[data-test="error"]')"
2026-09-28 13:48:31 [INFO] [TC_LP_0005 - Verify login fails when the username is missing]: Element is now visible: "locator('[data-test="error"]')"
2026-09-28 13:48:31 [INFO] [TC_LP_0005 - Verify login fails when the username is missing]: Assertion passed: Element "locator('[data-test="error"]')" contains text "Epic sadface: Username is required".
2026-09-28 13:48:31 [INFO] [TC_LP_0005 - Verify login fails when the username is missing]: Assertion passed: All 1 elements contain text "Epic sadface: Username is required".
2026-09-28 13:48:31 [INFO] [TC_LP_0005 - Verify login fails when the username is missing]: Assertion passed: Error message contains expected text.
2026-09-28 13:48:31 [INFO] [TC_LP_0003 - Verify the locked out user cannot log in]: Successfully clicked on element: "locator('#login-button')"
2026-09-28 13:48:31 [INFO] [TC_LP_0003 - Verify the locked out user cannot log in]: Login action completed.
2026-09-28 13:48:31 [INFO] [TC_LP_0003 - Verify the locked out user cannot log in]: Asserting login error message contains text: "Epic sadface: Sorry, this user has been locked out."
2026-09-28 13:48:31 [INFO] [TC_LP_0003 - Verify the locked out user cannot log in]: Asserting 1 elements to contain text: "Epic sadface: Sorry, this user has been locked out."
2026-09-28 13:48:31 [INFO] [TC_LP_0003 - Verify the locked out user cannot log in]: Asserting element "locator('[data-test="error"]')" to contain text: "Epic sadface: Sorry, this user has been locked out."
2026-09-28 13:48:31 [INFO] [TC_LP_0003 - Verify the locked out user cannot log in]: Waiting for element to be visible: "locator('[data-test="error"]')"
2026-09-28 13:48:31 [INFO] [TC_LP_0001 - Verify successful login with the standard user]: Successfully clicked on element: "locator('#login-button')"
2026-09-28 13:48:31 [INFO] [TC_LP_0003 - Verify the locked out user cannot log in]: Element is now visible: "locator('[data-test="error"]')"
2026-09-28 13:48:31 [INFO] [TC_LP_0001 - Verify successful login with the standard user]: Login action completed.
2026-09-28 13:48:31 [INFO] [TC_LP_0001 - Verify successful login with the standard user]: Asserting that landed in the Inventory (Products) Page.
2026-09-28 13:48:31 [INFO] [TC_LP_0001 - Verify successful login with the standard user]: Asserting element "locator('.app_logo')" to be visible.
2026-09-28 13:48:32 [INFO] [TC_LP_0003 - Verify the locked out user cannot log in]: Assertion passed: Element "locator('[data-test="error"]')" contains text "Epic sadface: Sorry, this user has been locked out.".
2026-09-28 13:48:32 [INFO] [TC_LP_0003 - Verify the locked out user cannot log in]: Assertion passed: All 1 elements contain text "Epic sadface: Sorry, this user has been locked out.".
2026-09-28 13:48:32 [INFO] [TC_LP_0003 - Verify the locked out user cannot log in]: Assertion passed: Error message contains expected text.
2026-09-28 13:48:32 [INFO] [TC_LP_0001 - Verify successful login with the standard user]: Assertion passed: Element "locator('.app_logo')" is visible.
2026-09-28 13:48:32 [INFO] [TC_LP_0001 - Verify successful login with the standard user]: Asserting 1 elements to have text: "Products"
2026-09-28 13:48:32 [INFO] [TC_LP_0001 - Verify successful login with the standard user]: Asserting element "locator('.title')" to have text: "Products"
2026-09-28 13:48:32 [INFO] [TC_LP_0001 - Verify successful login with the standard user]: Waiting for element to be visible: "locator('.title')"
2026-09-28 13:48:32 [INFO] [TC_LP_0001 - Verify successful login with the standard user]: Element is now visible: "locator('.title')"
2026-09-28 13:48:32 [INFO] [TC_LP_0001 - Verify successful login with the standard user]: Assertion passed: Element "locator('.title')" has text "Products".
2026-09-28 13:48:32 [INFO] [TC_LP_0001 - Verify successful login with the standard user]: Assertion passed: All 1 elements have text "Products".
2026-09-28 13:48:32 [INFO] [TC_LP_0001 - Verify successful login with the standard user]: Assertion passed: Landed in Inventory Page.
2026-09-28 13:48:33 [INFO] [TC_LP_0006 - Verify login fails when the password is missing]: Accessing Playwright Page object directly.
2026-09-28 13:48:33 [INFO] [TC_LP_0006 - Verify login fails when the password is missing]: Accessing Playwright Page object directly.
2026-09-28 13:48:33 [INFO] [TC_LP_0006 - Verify login fails when the password is missing]: Accessing Playwright Page object directly.
2026-09-28 13:48:33 [INFO] [TC_LP_0006 - Verify login fails when the password is missing]: Accessing Playwright Page object directly.
2026-09-28 13:48:33 [INFO] [TC_LP_0006 - Verify login fails when the password is missing]: Start of BeforeEach
2026-09-28 13:48:33 [INFO] [TC_LP_0006 - Verify login fails when the password is missing]: Navigating to the Sauce Demo login page...
2026-09-28 13:48:33 [INFO] [TC_LP_0006 - Verify login fails when the password is missing]: Navigating to URL: https://www.saucedemo.com/
2026-09-28 13:48:33 [INFO] [TC_LP_0006 - Verify login fails when the password is missing]: Accessing Playwright Page object directly.
2026-09-28 13:48:33 [INFO] [TC_LP_0004 - Verify login fails with an invalid password]: Accessing Playwright Page object directly.
2026-09-28 13:48:33 [INFO] [TC_LP_0004 - Verify login fails with an invalid password]: Accessing Playwright Page object directly.
2026-09-28 13:48:33 [INFO] [TC_LP_0004 - Verify login fails with an invalid password]: Accessing Playwright Page object directly.
2026-09-28 13:48:33 [INFO] [TC_LP_0004 - Verify login fails with an invalid password]: Accessing Playwright Page object directly.
2026-09-28 13:48:33 [INFO] [TC_LP_0004 - Verify login fails with an invalid password]: Start of BeforeEach
2026-09-28 13:48:33 [INFO] [TC_LP_0004 - Verify login fails with an invalid password]: Navigating to the Sauce Demo login page...
2026-09-28 13:48:33 [INFO] [TC_LP_0004 - Verify login fails with an invalid password]: Navigating to URL: https://www.saucedemo.com/
2026-09-28 13:48:33 [INFO] [TC_LP_0004 - Verify login fails with an invalid password]: Accessing Playwright Page object directly.
2026-09-28 13:48:33 [INFO] [TC_LP_0006 - Verify login fails when the password is missing]: Accessing Playwright Page object directly.
2026-09-28 13:48:33 [INFO] [TC_LP_0006 - Verify login fails when the password is missing]: Successfully navigated to: https://www.saucedemo.com/
2026-09-28 13:48:33 [INFO] [TC_LP_0006 - Verify login fails when the password is missing]: Accessing Playwright Page object directly.
2026-09-28 13:48:33 [INFO] [TC_LP_0006 - Verify login fails when the password is missing]: Page loaded and stable after navigation.
2026-09-28 13:48:33 [INFO] [TC_LP_0006 - Verify login fails when the password is missing]: Waiting for element to be visible: "locator('#user-name')"
2026-09-28 13:48:33 [INFO] [TC_LP_0002 - Verify the problem user can still reach the Products page]: Accessing Playwright Page object directly.
2026-09-28 13:48:33 [INFO] [TC_LP_0002 - Verify the problem user can still reach the Products page]: Accessing Playwright Page object directly.
2026-09-28 13:48:33 [INFO] [TC_LP_0002 - Verify the problem user can still reach the Products page]: Accessing Playwright Page object directly.
2026-09-28 13:48:33 [INFO] [TC_LP_0002 - Verify the problem user can still reach the Products page]: Accessing Playwright Page object directly.
2026-09-28 13:48:33 [INFO] [TC_LP_0002 - Verify the problem user can still reach the Products page]: Start of BeforeEach
2026-09-28 13:48:33 [INFO] [TC_LP_0002 - Verify the problem user can still reach the Products page]: Navigating to the Sauce Demo login page...
2026-09-28 13:48:33 [INFO] [TC_LP_0002 - Verify the problem user can still reach the Products page]: Navigating to URL: https://www.saucedemo.com/
2026-09-28 13:48:33 [INFO] [TC_LP_0002 - Verify the problem user can still reach the Products page]: Accessing Playwright Page object directly.
2026-09-28 13:48:33 [INFO] [TC_LP_0006 - Verify login fails when the password is missing]: Element is now visible: "locator('#user-name')"
2026-09-28 13:48:33 [INFO] [TC_LP_0006 - Verify login fails when the password is missing]: Landed on the Sauce Demo login page.
2026-09-28 13:48:33 [INFO] [TC_LP_0006 - Verify login fails when the password is missing]: End of BeforeEach
2026-09-28 13:48:33 [INFO] [TC_LP_0006 - Verify login fails when the password is missing]: Performing login action.
2026-09-28 13:48:33 [INFO] [TC_LP_0006 - Verify login fails when the password is missing]: Entering username: standard_user
2026-09-28 13:48:33 [INFO] [TC_LP_0006 - Verify login fails when the password is missing]: Filling element "locator('#user-name')" with value: "standard_user"
2026-09-28 13:48:33 [INFO] [TC_LP_0004 - Verify login fails with an invalid password]: Accessing Playwright Page object directly.
2026-09-28 13:48:33 [INFO] [TC_LP_0004 - Verify login fails with an invalid password]: Successfully navigated to: https://www.saucedemo.com/
2026-09-28 13:48:33 [INFO] [TC_LP_0004 - Verify login fails with an invalid password]: Accessing Playwright Page object directly.
2026-09-28 13:48:33 [INFO] [TC_LP_0004 - Verify login fails with an invalid password]: Page loaded and stable after navigation.
2026-09-28 13:48:33 [INFO] [TC_LP_0004 - Verify login fails with an invalid password]: Waiting for element to be visible: "locator('#user-name')"
2026-09-28 13:48:33 [INFO] [TC_LP_0006 - Verify login fails when the password is missing]: Successfully filled element "locator('#user-name')" with value: "standard_user"
2026-09-28 13:48:33 [INFO] [TC_LP_0006 - Verify login fails when the password is missing]: Entering password.
2026-09-28 13:48:33 [INFO] [TC_LP_0006 - Verify login fails when the password is missing]: Filling element "locator('#password')" with value: ""
2026-09-28 13:48:33 [INFO] [TC_LP_0006 - Verify login fails when the password is missing]: Successfully filled element "locator('#password')" with value: ""
2026-09-28 13:48:33 [INFO] [TC_LP_0006 - Verify login fails when the password is missing]: Clicking the Login button.
2026-09-28 13:48:33 [INFO] [TC_LP_0006 - Verify login fails when the password is missing]: Clicking on element with selector: "locator('#login-button')"
2026-09-28 13:48:33 [INFO] [TC_LP_0006 - Verify login fails when the password is missing]: Successfully clicked on element: "locator('#login-button')"
2026-09-28 13:48:33 [INFO] [TC_LP_0006 - Verify login fails when the password is missing]: Login action completed.
2026-09-28 13:48:33 [INFO] [TC_LP_0006 - Verify login fails when the password is missing]: Asserting login error message contains text: "Epic sadface: Password is required"
2026-09-28 13:48:33 [INFO] [TC_LP_0006 - Verify login fails when the password is missing]: Asserting 1 elements to contain text: "Epic sadface: Password is required"
2026-09-28 13:48:33 [INFO] [TC_LP_0006 - Verify login fails when the password is missing]: Asserting element "locator('[data-test="error"]')" to contain text: "Epic sadface: Password is required"
2026-09-28 13:48:33 [INFO] [TC_LP_0006 - Verify login fails when the password is missing]: Waiting for element to be visible: "locator('[data-test="error"]')"
2026-09-28 13:48:33 [INFO] [TC_LP_0004 - Verify login fails with an invalid password]: Element is now visible: "locator('#user-name')"
2026-09-28 13:48:33 [INFO] [TC_LP_0004 - Verify login fails with an invalid password]: Landed on the Sauce Demo login page.
2026-09-28 13:48:33 [INFO] [TC_LP_0004 - Verify login fails with an invalid password]: End of BeforeEach
2026-09-28 13:48:33 [INFO] [TC_LP_0004 - Verify login fails with an invalid password]: Performing login action.
2026-09-28 13:48:33 [INFO] [TC_LP_0004 - Verify login fails with an invalid password]: Entering username: standard_user
2026-09-28 13:48:33 [INFO] [TC_LP_0004 - Verify login fails with an invalid password]: Filling element "locator('#user-name')" with value: "standard_user"
2026-09-28 13:48:33 [INFO] [TC_LP_0006 - Verify login fails when the password is missing]: Element is now visible: "locator('[data-test="error"]')"
2026-09-28 13:48:33 [INFO] [TC_LP_0006 - Verify login fails when the password is missing]: Assertion passed: Element "locator('[data-test="error"]')" contains text "Epic sadface: Password is required".
2026-09-28 13:48:33 [INFO] [TC_LP_0006 - Verify login fails when the password is missing]: Assertion passed: All 1 elements contain text "Epic sadface: Password is required".
2026-09-28 13:48:33 [INFO] [TC_LP_0006 - Verify login fails when the password is missing]: Assertion passed: Error message contains expected text.
2026-09-28 13:48:33 [INFO] [TC_LP_0004 - Verify login fails with an invalid password]: Successfully filled element "locator('#user-name')" with value: "standard_user"
2026-09-28 13:48:33 [INFO] [TC_LP_0004 - Verify login fails with an invalid password]: Entering password.
2026-09-28 13:48:33 [INFO] [TC_LP_0004 - Verify login fails with an invalid password]: Filling element "locator('#password')" with value: "wrong_password"
2026-09-28 13:48:33 [INFO] [TC_LP_0004 - Verify login fails with an invalid password]: Successfully filled element "locator('#password')" with value: "wrong_password"
2026-09-28 13:48:33 [INFO] [TC_LP_0004 - Verify login fails with an invalid password]: Clicking the Login button.
2026-09-28 13:48:33 [INFO] [TC_LP_0004 - Verify login fails with an invalid password]: Clicking on element with selector: "locator('#login-button')"
2026-09-28 13:48:33 [INFO] [TC_LP_0002 - Verify the problem user can still reach the Products page]: Accessing Playwright Page object directly.
2026-09-28 13:48:33 [INFO] [TC_LP_0004 - Verify login fails with an invalid password]: Successfully clicked on element: "locator('#login-button')"
2026-09-28 13:48:33 [INFO] [TC_LP_0004 - Verify login fails with an invalid password]: Login action completed.
2026-09-28 13:48:33 [INFO] [TC_LP_0004 - Verify login fails with an invalid password]: Asserting login error message contains text: "Epic sadface: Username and password do not match any user in this service"
2026-09-28 13:48:33 [INFO] [TC_LP_0004 - Verify login fails with an invalid password]: Asserting 1 elements to contain text: "Epic sadface: Username and password do not match any user in this service"
2026-09-28 13:48:33 [INFO] [TC_LP_0004 - Verify login fails with an invalid password]: Asserting element "locator('[data-test="error"]')" to contain text: "Epic sadface: Username and password do not match any user in this service"
2026-09-28 13:48:33 [INFO] [TC_LP_0004 - Verify login fails with an invalid password]: Waiting for element to be visible: "locator('[data-test="error"]')"
2026-09-28 13:48:33 [INFO] [TC_LP_0002 - Verify the problem user can still reach the Products page]: Successfully navigated to: https://www.saucedemo.com/
2026-09-28 13:48:33 [INFO] [TC_LP_0002 - Verify the problem user can still reach the Products page]: Accessing Playwright Page object directly.
2026-09-28 13:48:33 [INFO] [TC_LP_0002 - Verify the problem user can still reach the Products page]: Page loaded and stable after navigation.
2026-09-28 13:48:33 [INFO] [TC_LP_0002 - Verify the problem user can still reach the Products page]: Waiting for element to be visible: "locator('#user-name')"
2026-09-28 13:48:33 [INFO] [TC_LP_0004 - Verify login fails with an invalid password]: Element is now visible: "locator('[data-test="error"]')"
2026-09-28 13:48:33 [INFO] [TC_LP_0004 - Verify login fails with an invalid password]: Assertion passed: Element "locator('[data-test="error"]')" contains text "Epic sadface: Username and password do not match any user in this service".
2026-09-28 13:48:33 [INFO] [TC_LP_0004 - Verify login fails with an invalid password]: Assertion passed: All 1 elements contain text "Epic sadface: Username and password do not match any user in this service".
2026-09-28 13:48:33 [INFO] [TC_LP_0004 - Verify login fails with an invalid password]: Assertion passed: Error message contains expected text.
2026-09-28 13:48:33 [INFO] [TC_LP_0002 - Verify the problem user can still reach the Products page]: Element is now visible: "locator('#user-name')"
2026-09-28 13:48:33 [INFO] [TC_LP_0002 - Verify the problem user can still reach the Products page]: Landed on the Sauce Demo login page.
2026-09-28 13:48:33 [INFO] [TC_LP_0002 - Verify the problem user can still reach the Products page]: End of BeforeEach
2026-09-28 13:48:33 [INFO] [TC_LP_0002 - Verify the problem user can still reach the Products page]: Accessing Playwright Page object directly.
2026-09-28 13:48:33 [INFO] [TC_LP_0002 - Verify the problem user can still reach the Products page]: Accessing Playwright Page object directly.
2026-09-28 13:48:33 [INFO] [TC_LP_0002 - Verify the problem user can still reach the Products page]: Performing login action.
2026-09-28 13:48:33 [INFO] [TC_LP_0002 - Verify the problem user can still reach the Products page]: Entering username: problem_user
2026-09-28 13:48:33 [INFO] [TC_LP_0002 - Verify the problem user can still reach the Products page]: Filling element "locator('#user-name')" with value: "problem_user"
2026-09-28 13:48:33 [INFO] [TC_LP_0002 - Verify the problem user can still reach the Products page]: Successfully filled element "locator('#user-name')" with value: "problem_user"
2026-09-28 13:48:33 [INFO] [TC_LP_0002 - Verify the problem user can still reach the Products page]: Entering password.
2026-09-28 13:48:33 [INFO] [TC_LP_0002 - Verify the problem user can still reach the Products page]: Filling element "locator('#password')" with value: "secret_sauce"
2026-09-28 13:48:33 [INFO] [TC_LP_0002 - Verify the problem user can still reach the Products page]: Successfully filled element "locator('#password')" with value: "secret_sauce"
2026-09-28 13:48:33 [INFO] [TC_LP_0002 - Verify the problem user can still reach the Products page]: Clicking the Login button.
2026-09-28 13:48:33 [INFO] [TC_LP_0002 - Verify the problem user can still reach the Products page]: Clicking on element with selector: "locator('#login-button')"
2026-09-28 13:48:33 [INFO] [TC_LP_0002 - Verify the problem user can still reach the Products page]: Successfully clicked on element: "locator('#login-button')"
2026-09-28 13:48:33 [INFO] [TC_LP_0002 - Verify the problem user can still reach the Products page]: Login action completed.
2026-09-28 13:48:33 [INFO] [TC_LP_0002 - Verify the problem user can still reach the Products page]: Asserting that landed in the Inventory (Products) Page.
2026-09-28 13:48:33 [INFO] [TC_LP_0002 - Verify the problem user can still reach the Products page]: Asserting element "locator('.app_logo')" to be visible.
2026-09-28 13:48:34 [INFO] [TC_LP_0002 - Verify the problem user can still reach the Products page]: Assertion passed: Element "locator('.app_logo')" is visible.
2026-09-28 13:48:34 [INFO] [TC_LP_0002 - Verify the problem user can still reach the Products page]: Asserting 1 elements to have text: "Products"
2026-09-28 13:48:34 [INFO] [TC_LP_0002 - Verify the problem user can still reach the Products page]: Asserting element "locator('.title')" to have text: "Products"
2026-09-28 13:48:34 [INFO] [TC_LP_0002 - Verify the problem user can still reach the Products page]: Waiting for element to be visible: "locator('.title')"
2026-09-28 13:48:34 [INFO] [TC_LP_0002 - Verify the problem user can still reach the Products page]: Element is now visible: "locator('.title')"
2026-09-28 13:48:34 [INFO] [TC_LP_0002 - Verify the problem user can still reach the Products page]: Assertion passed: Element "locator('.title')" has text "Products".
2026-09-28 13:48:34 [INFO] [TC_LP_0002 - Verify the problem user can still reach the Products page]: Assertion passed: All 1 elements have text "Products".
2026-09-28 13:48:34 [INFO] [TC_LP_0002 - Verify the problem user can still reach the Products page]: Assertion passed: Landed in Inventory Page.
2026-09-28 13:53:08 [INFO] [TC_LP_0001 - Verify successful login with the standard user]: Accessing Playwright Page object directly.
2026-09-28 13:53:08 [INFO] [TC_LP_0001 - Verify successful login with the standard user]: Accessing Playwright Page object directly.
2026-09-28 13:53:08 [INFO] [TC_LP_0001 - Verify successful login with the standard user]: Accessing Playwright Page object directly.
2026-09-28 13:53:08 [INFO] [TC_LP_0001 - Verify successful login with the standard user]: Accessing Playwright Page object directly.
2026-09-28 13:53:08 [INFO] [TC_LP_0001 - Verify successful login with the standard user]: Start of BeforeEach
2026-09-28 13:53:08 [INFO] [TC_LP_0001 - Verify successful login with the standard user]: Navigating to the Sauce Demo login page...
2026-09-28 13:53:08 [INFO] [TC_LP_0001 - Verify successful login with the standard user]: Navigating to URL: https://www.saucedemo.com/
2026-09-28 13:53:08 [INFO] [TC_LP_0001 - Verify successful login with the standard user]: Accessing Playwright Page object directly.
2026-09-28 13:53:08 [INFO] [TC_LP_0003 - Verify the locked out user cannot log in]: Accessing Playwright Page object directly.
2026-09-28 13:53:08 [INFO] [TC_LP_0003 - Verify the locked out user cannot log in]: Accessing Playwright Page object directly.
2026-09-28 13:53:08 [INFO] [TC_LP_0003 - Verify the locked out user cannot log in]: Accessing Playwright Page object directly.
2026-09-28 13:53:09 [INFO] [TC_LP_0003 - Verify the locked out user cannot log in]: Accessing Playwright Page object directly.
2026-09-28 13:53:09 [INFO] [TC_LP_0003 - Verify the locked out user cannot log in]: Start of BeforeEach
2026-09-28 13:53:09 [INFO] [TC_LP_0003 - Verify the locked out user cannot log in]: Navigating to the Sauce Demo login page...
2026-09-28 13:53:09 [INFO] [TC_LP_0003 - Verify the locked out user cannot log in]: Navigating to URL: https://www.saucedemo.com/
2026-09-28 13:53:09 [INFO] [TC_LP_0003 - Verify the locked out user cannot log in]: Accessing Playwright Page object directly.
2026-09-28 13:53:09 [INFO] [TC_LP_0005 - Verify login fails when the username is missing]: Accessing Playwright Page object directly.
2026-09-28 13:53:09 [INFO] [TC_LP_0005 - Verify login fails when the username is missing]: Accessing Playwright Page object directly.
2026-09-28 13:53:09 [INFO] [TC_LP_0005 - Verify login fails when the username is missing]: Accessing Playwright Page object directly.
2026-09-28 13:53:09 [INFO] [TC_LP_0005 - Verify login fails when the username is missing]: Accessing Playwright Page object directly.
2026-09-28 13:53:09 [INFO] [TC_LP_0005 - Verify login fails when the username is missing]: Start of BeforeEach
2026-09-28 13:53:09 [INFO] [TC_LP_0005 - Verify login fails when the username is missing]: Navigating to the Sauce Demo login page...
2026-09-28 13:53:09 [INFO] [TC_LP_0005 - Verify login fails when the username is missing]: Navigating to URL: https://www.saucedemo.com/
2026-09-28 13:53:09 [INFO] [TC_LP_0005 - Verify login fails when the username is missing]: Accessing Playwright Page object directly.
2026-09-28 13:53:09 [INFO] [TC_LP_0003 - Verify the locked out user cannot log in]: Accessing Playwright Page object directly.
2026-09-28 13:53:09 [INFO] [TC_LP_0003 - Verify the locked out user cannot log in]: Successfully navigated to: https://www.saucedemo.com/
2026-09-28 13:53:09 [INFO] [TC_LP_0003 - Verify the locked out user cannot log in]: Accessing Playwright Page object directly.
2026-09-28 13:53:09 [INFO] [TC_LP_0003 - Verify the locked out user cannot log in]: Page loaded and stable after navigation.
2026-09-28 13:53:09 [INFO] [TC_LP_0003 - Verify the locked out user cannot log in]: Waiting for element to be visible: "locator('#user-name')"
2026-09-28 13:53:09 [INFO] [TC_LP_0001 - Verify successful login with the standard user]: Accessing Playwright Page object directly.
2026-09-28 13:53:09 [INFO] [TC_LP_0001 - Verify successful login with the standard user]: Successfully navigated to: https://www.saucedemo.com/
2026-09-28 13:53:09 [INFO] [TC_LP_0001 - Verify successful login with the standard user]: Accessing Playwright Page object directly.
2026-09-28 13:53:09 [INFO] [TC_LP_0001 - Verify successful login with the standard user]: Page loaded and stable after navigation.
2026-09-28 13:53:09 [INFO] [TC_LP_0001 - Verify successful login with the standard user]: Waiting for element to be visible: "locator('#user-name')"
2026-09-28 13:53:09 [INFO] [TC_LP_0003 - Verify the locked out user cannot log in]: Element is now visible: "locator('#user-name')"
2026-09-28 13:53:09 [INFO] [TC_LP_0003 - Verify the locked out user cannot log in]: Landed on the Sauce Demo login page.
2026-09-28 13:53:09 [INFO] [TC_LP_0003 - Verify the locked out user cannot log in]: End of BeforeEach
2026-09-28 13:53:09 [INFO] [TC_LP_0003 - Verify the locked out user cannot log in]: Performing login action.
2026-09-28 13:53:09 [INFO] [TC_LP_0003 - Verify the locked out user cannot log in]: Entering username: locked_out_user
2026-09-28 13:53:09 [INFO] [TC_LP_0003 - Verify the locked out user cannot log in]: Filling element "locator('#user-name')" with value: "locked_out_user"
2026-09-28 13:53:09 [INFO] [TC_LP_0003 - Verify the locked out user cannot log in]: Successfully filled element "locator('#user-name')" with value: "locked_out_user"
2026-09-28 13:53:09 [INFO] [TC_LP_0003 - Verify the locked out user cannot log in]: Entering password.
2026-09-28 13:53:09 [INFO] [TC_LP_0003 - Verify the locked out user cannot log in]: Filling element "locator('#password')" with value: "secret_sauce"
2026-09-28 13:53:09 [INFO] [TC_LP_0003 - Verify the locked out user cannot log in]: Successfully filled element "locator('#password')" with value: "secret_sauce"
2026-09-28 13:53:09 [INFO] [TC_LP_0003 - Verify the locked out user cannot log in]: Clicking the Login button.
2026-09-28 13:53:09 [INFO] [TC_LP_0003 - Verify the locked out user cannot log in]: Clicking on element with selector: "locator('#login-button')"
2026-09-28 13:53:09 [INFO] [TC_LP_0003 - Verify the locked out user cannot log in]: Successfully clicked on element: "locator('#login-button')"
2026-09-28 13:53:09 [INFO] [TC_LP_0003 - Verify the locked out user cannot log in]: Login action completed.
2026-09-28 13:53:09 [INFO] [TC_LP_0003 - Verify the locked out user cannot log in]: Asserting login error message contains text: "Epic sadface: Sorry, this user has been locked out."
2026-09-28 13:53:09 [INFO] [TC_LP_0003 - Verify the locked out user cannot log in]: Asserting 1 elements to contain text: "Epic sadface: Sorry, this user has been locked out."
2026-09-28 13:53:09 [INFO] [TC_LP_0003 - Verify the locked out user cannot log in]: Asserting element "locator('[data-test="error"]')" to contain text: "Epic sadface: Sorry, this user has been locked out."
2026-09-28 13:53:09 [INFO] [TC_LP_0003 - Verify the locked out user cannot log in]: Waiting for element to be visible: "locator('[data-test="error"]')"
2026-09-28 13:53:09 [INFO] [TC_LP_0003 - Verify the locked out user cannot log in]: Element is now visible: "locator('[data-test="error"]')"
2026-09-28 13:53:09 [INFO] [TC_LP_0003 - Verify the locked out user cannot log in]: Assertion passed: Element "locator('[data-test="error"]')" contains text "Epic sadface: Sorry, this user has been locked out.".
2026-09-28 13:53:09 [INFO] [TC_LP_0005 - Verify login fails when the username is missing]: Accessing Playwright Page object directly.
2026-09-28 13:53:09 [INFO] [TC_LP_0003 - Verify the locked out user cannot log in]: Assertion passed: All 1 elements contain text "Epic sadface: Sorry, this user has been locked out.".
2026-09-28 13:53:09 [INFO] [TC_LP_0003 - Verify the locked out user cannot log in]: Assertion passed: Error message contains expected text.
2026-09-28 13:53:09 [INFO] [TC_LP_0005 - Verify login fails when the username is missing]: Successfully navigated to: https://www.saucedemo.com/
2026-09-28 13:53:09 [INFO] [TC_LP_0005 - Verify login fails when the username is missing]: Accessing Playwright Page object directly.
2026-09-28 13:53:09 [INFO] [TC_LP_0005 - Verify login fails when the username is missing]: Page loaded and stable after navigation.
2026-09-28 13:53:09 [INFO] [TC_LP_0005 - Verify login fails when the username is missing]: Waiting for element to be visible: "locator('#user-name')"
2026-09-28 13:53:09 [INFO] [TC_LP_0001 - Verify successful login with the standard user]: Element is now visible: "locator('#user-name')"
2026-09-28 13:53:09 [INFO] [TC_LP_0001 - Verify successful login with the standard user]: Landed on the Sauce Demo login page.
2026-09-28 13:53:09 [INFO] [TC_LP_0001 - Verify successful login with the standard user]: End of BeforeEach
2026-09-28 13:53:09 [INFO] [TC_LP_0001 - Verify successful login with the standard user]: Accessing Playwright Page object directly.
2026-09-28 13:53:09 [INFO] [TC_LP_0001 - Verify successful login with the standard user]: Accessing Playwright Page object directly.
2026-09-28 13:53:09 [INFO] [TC_LP_0001 - Verify successful login with the standard user]: Performing login action.
2026-09-28 13:53:09 [INFO] [TC_LP_0001 - Verify successful login with the standard user]: Entering username: standard_user
2026-09-28 13:53:09 [INFO] [TC_LP_0001 - Verify successful login with the standard user]: Filling element "locator('#user-name')" with value: "standard_user"
2026-09-28 13:53:09 [INFO] [TC_LP_0001 - Verify successful login with the standard user]: Successfully filled element "locator('#user-name')" with value: "standard_user"
2026-09-28 13:53:09 [INFO] [TC_LP_0001 - Verify successful login with the standard user]: Entering password.
2026-09-28 13:53:09 [INFO] [TC_LP_0001 - Verify successful login with the standard user]: Filling element "locator('#password')" with value: "secret_sauce"
2026-09-28 13:53:09 [INFO] [TC_LP_0005 - Verify login fails when the username is missing]: Element is now visible: "locator('#user-name')"
2026-09-28 13:53:09 [INFO] [TC_LP_0005 - Verify login fails when the username is missing]: Landed on the Sauce Demo login page.
2026-09-28 13:53:09 [INFO] [TC_LP_0005 - Verify login fails when the username is missing]: End of BeforeEach
2026-09-28 13:53:09 [INFO] [TC_LP_0005 - Verify login fails when the username is missing]: Performing login action.
2026-09-28 13:53:09 [INFO] [TC_LP_0005 - Verify login fails when the username is missing]: Entering username: 
2026-09-28 13:53:09 [INFO] [TC_LP_0005 - Verify login fails when the username is missing]: Filling element "locator('#user-name')" with value: ""
2026-09-28 13:53:09 [INFO] [TC_LP_0001 - Verify successful login with the standard user]: Successfully filled element "locator('#password')" with value: "secret_sauce"
2026-09-28 13:53:09 [INFO] [TC_LP_0001 - Verify successful login with the standard user]: Clicking the Login button.
2026-09-28 13:53:09 [INFO] [TC_LP_0001 - Verify successful login with the standard user]: Clicking on element with selector: "locator('#login-button')"
2026-09-28 13:53:09 [INFO] [TC_LP_0005 - Verify login fails when the username is missing]: Successfully filled element "locator('#user-name')" with value: ""
2026-09-28 13:53:09 [INFO] [TC_LP_0005 - Verify login fails when the username is missing]: Entering password.
2026-09-28 13:53:09 [INFO] [TC_LP_0005 - Verify login fails when the username is missing]: Filling element "locator('#password')" with value: "secret_sauce"
2026-09-28 13:53:10 [INFO] [TC_LP_0005 - Verify login fails when the username is missing]: Successfully filled element "locator('#password')" with value: "secret_sauce"
2026-09-28 13:53:10 [INFO] [TC_LP_0005 - Verify login fails when the username is missing]: Clicking the Login button.
2026-09-28 13:53:10 [INFO] [TC_LP_0005 - Verify login fails when the username is missing]: Clicking on element with selector: "locator('#login-button')"
2026-09-28 13:53:10 [INFO] [TC_LP_0001 - Verify successful login with the standard user]: Successfully clicked on element: "locator('#login-button')"
2026-09-28 13:53:10 [INFO] [TC_LP_0001 - Verify successful login with the standard user]: Login action completed.
2026-09-28 13:53:10 [INFO] [TC_LP_0001 - Verify successful login with the standard user]: Asserting that landed in the Inventory (Products) Page.
2026-09-28 13:53:10 [INFO] [TC_LP_0001 - Verify successful login with the standard user]: Asserting element "locator('.app_logo')" to be visible.
2026-09-28 13:53:10 [INFO] [TC_LP_0005 - Verify login fails when the username is missing]: Successfully clicked on element: "locator('#login-button')"
2026-09-28 13:53:10 [INFO] [TC_LP_0001 - Verify successful login with the standard user]: Assertion passed: Element "locator('.app_logo')" is visible.
2026-09-28 13:53:10 [INFO] [TC_LP_0001 - Verify successful login with the standard user]: Asserting 1 elements to have text: "Products"
2026-09-28 13:53:10 [INFO] [TC_LP_0001 - Verify successful login with the standard user]: Asserting element "locator('.title')" to have text: "Products"
2026-09-28 13:53:10 [INFO] [TC_LP_0001 - Verify successful login with the standard user]: Waiting for element to be visible: "locator('.title')"
2026-09-28 13:53:10 [INFO] [TC_LP_0005 - Verify login fails when the username is missing]: Login action completed.
2026-09-28 13:53:10 [INFO] [TC_LP_0005 - Verify login fails when the username is missing]: Asserting login error message contains text: "Epic sadface: Username is required"
2026-09-28 13:53:10 [INFO] [TC_LP_0005 - Verify login fails when the username is missing]: Asserting 1 elements to contain text: "Epic sadface: Username is required"
2026-09-28 13:53:10 [INFO] [TC_LP_0005 - Verify login fails when the username is missing]: Asserting element "locator('[data-test="error"]')" to contain text: "Epic sadface: Username is required"
2026-09-28 13:53:10 [INFO] [TC_LP_0005 - Verify login fails when the username is missing]: Waiting for element to be visible: "locator('[data-test="error"]')"
2026-09-28 13:53:10 [INFO] [TC_LP_0001 - Verify successful login with the standard user]: Element is now visible: "locator('.title')"
2026-09-28 13:53:10 [INFO] [TC_LP_0001 - Verify successful login with the standard user]: Assertion passed: Element "locator('.title')" has text "Products".
2026-09-28 13:53:10 [INFO] [TC_LP_0001 - Verify successful login with the standard user]: Assertion passed: All 1 elements have text "Products".
2026-09-28 13:53:10 [INFO] [TC_LP_0001 - Verify successful login with the standard user]: Assertion passed: Landed in Inventory Page.
2026-09-28 13:53:10 [INFO] [TC_LP_0005 - Verify login fails when the username is missing]: Element is now visible: "locator('[data-test="error"]')"
2026-09-28 13:53:10 [INFO] [TC_LP_0005 - Verify login fails when the username is missing]: Assertion passed: Element "locator('[data-test="error"]')" contains text "Epic sadface: Username is required".
2026-09-28 13:53:10 [INFO] [TC_LP_0005 - Verify login fails when the username is missing]: Assertion passed: All 1 elements contain text "Epic sadface: Username is required".
2026-09-28 13:53:10 [INFO] [TC_LP_0005 - Verify login fails when the username is missing]: Assertion passed: Error message contains expected text.
2026-09-28 13:53:10 [INFO] [TC_LP_0004 - Verify login fails with an invalid password]: Accessing Playwright Page object directly.
2026-09-28 13:53:10 [INFO] [TC_LP_0004 - Verify login fails with an invalid password]: Accessing Playwright Page object directly.
2026-09-28 13:53:10 [INFO] [TC_LP_0004 - Verify login fails with an invalid password]: Accessing Playwright Page object directly.
2026-09-28 13:53:10 [INFO] [TC_LP_0004 - Verify login fails with an invalid password]: Accessing Playwright Page object directly.
2026-09-28 13:53:10 [INFO] [TC_LP_0004 - Verify login fails with an invalid password]: Start of BeforeEach
2026-09-28 13:53:10 [INFO] [TC_LP_0004 - Verify login fails with an invalid password]: Navigating to the Sauce Demo login page...
2026-09-28 13:53:10 [INFO] [TC_LP_0004 - Verify login fails with an invalid password]: Navigating to URL: https://www.saucedemo.com/
2026-09-28 13:53:10 [INFO] [TC_LP_0004 - Verify login fails with an invalid password]: Accessing Playwright Page object directly.
2026-09-28 13:53:11 [INFO] [TC_LP_0004 - Verify login fails with an invalid password]: Accessing Playwright Page object directly.
2026-09-28 13:53:11 [INFO] [TC_LP_0004 - Verify login fails with an invalid password]: Successfully navigated to: https://www.saucedemo.com/
2026-09-28 13:53:11 [INFO] [TC_LP_0004 - Verify login fails with an invalid password]: Accessing Playwright Page object directly.
2026-09-28 13:53:11 [INFO] [TC_LP_0004 - Verify login fails with an invalid password]: Page loaded and stable after navigation.
2026-09-28 13:53:11 [INFO] [TC_LP_0004 - Verify login fails with an invalid password]: Waiting for element to be visible: "locator('#user-name')"
2026-09-28 13:53:11 [INFO] [TC_LP_0004 - Verify login fails with an invalid password]: Element is now visible: "locator('#user-name')"
2026-09-28 13:53:11 [INFO] [TC_LP_0004 - Verify login fails with an invalid password]: Landed on the Sauce Demo login page.
2026-09-28 13:53:11 [INFO] [TC_LP_0004 - Verify login fails with an invalid password]: End of BeforeEach
2026-09-28 13:53:11 [INFO] [TC_LP_0004 - Verify login fails with an invalid password]: Performing login action.
2026-09-28 13:53:11 [INFO] [TC_LP_0004 - Verify login fails with an invalid password]: Entering username: standard_user
2026-09-28 13:53:11 [INFO] [TC_LP_0004 - Verify login fails with an invalid password]: Filling element "locator('#user-name')" with value: "standard_user"
2026-09-28 13:53:11 [INFO] [TC_LP_0004 - Verify login fails with an invalid password]: Successfully filled element "locator('#user-name')" with value: "standard_user"
2026-09-28 13:53:11 [INFO] [TC_LP_0004 - Verify login fails with an invalid password]: Entering password.
2026-09-28 13:53:11 [INFO] [TC_LP_0004 - Verify login fails with an invalid password]: Filling element "locator('#password')" with value: "wrong_password"
2026-09-28 13:53:11 [INFO] [TC_LP_0004 - Verify login fails with an invalid password]: Successfully filled element "locator('#password')" with value: "wrong_password"
2026-09-28 13:53:11 [INFO] [TC_LP_0004 - Verify login fails with an invalid password]: Clicking the Login button.
2026-09-28 13:53:11 [INFO] [TC_LP_0004 - Verify login fails with an invalid password]: Clicking on element with selector: "locator('#login-button')"
2026-09-28 13:53:11 [INFO] [TC_LP_0004 - Verify login fails with an invalid password]: Successfully clicked on element: "locator('#login-button')"
2026-09-28 13:53:11 [INFO] [TC_LP_0004 - Verify login fails with an invalid password]: Login action completed.
2026-09-28 13:53:11 [INFO] [TC_LP_0004 - Verify login fails with an invalid password]: Asserting login error message contains text: "Epic sadface: Username and password do not match any user in this service"
2026-09-28 13:53:11 [INFO] [TC_LP_0004 - Verify login fails with an invalid password]: Asserting 1 elements to contain text: "Epic sadface: Username and password do not match any user in this service"
2026-09-28 13:53:11 [INFO] [TC_LP_0004 - Verify login fails with an invalid password]: Asserting element "locator('[data-test="error"]')" to contain text: "Epic sadface: Username and password do not match any user in this service"
2026-09-28 13:53:11 [INFO] [TC_LP_0004 - Verify login fails with an invalid password]: Waiting for element to be visible: "locator('[data-test="error"]')"
2026-09-28 13:53:11 [INFO] [TC_LP_0004 - Verify login fails with an invalid password]: Element is now visible: "locator('[data-test="error"]')"
2026-09-28 13:53:11 [INFO] [TC_LP_0004 - Verify login fails with an invalid password]: Assertion passed: Element "locator('[data-test="error"]')" contains text "Epic sadface: Username and password do not match any user in this service".
2026-09-28 13:53:11 [INFO] [TC_LP_0004 - Verify login fails with an invalid password]: Assertion passed: All 1 elements contain text "Epic sadface: Username and password do not match any user in this service".
2026-09-28 13:53:11 [INFO] [TC_LP_0004 - Verify login fails with an invalid password]: Assertion passed: Error message contains expected text.
2026-09-28 13:53:11 [INFO] [TC_LP_0006 - Verify login fails when the password is missing]: Accessing Playwright Page object directly.
2026-09-28 13:53:11 [INFO] [TC_LP_0006 - Verify login fails when the password is missing]: Accessing Playwright Page object directly.
2026-09-28 13:53:11 [INFO] [TC_LP_0006 - Verify login fails when the password is missing]: Accessing Playwright Page object directly.
2026-09-28 13:53:11 [INFO] [TC_LP_0006 - Verify login fails when the password is missing]: Accessing Playwright Page object directly.
2026-09-28 13:53:11 [INFO] [TC_LP_0006 - Verify login fails when the password is missing]: Start of BeforeEach
2026-09-28 13:53:11 [INFO] [TC_LP_0006 - Verify login fails when the password is missing]: Navigating to the Sauce Demo login page...
2026-09-28 13:53:11 [INFO] [TC_LP_0006 - Verify login fails when the password is missing]: Navigating to URL: https://www.saucedemo.com/
2026-09-28 13:53:11 [INFO] [TC_LP_0006 - Verify login fails when the password is missing]: Accessing Playwright Page object directly.
2026-09-28 13:53:11 [INFO] [TC_LP_0002 - Verify the problem user can still reach the Products page]: Accessing Playwright Page object directly.
2026-09-28 13:53:11 [INFO] [TC_LP_0002 - Verify the problem user can still reach the Products page]: Accessing Playwright Page object directly.
2026-09-28 13:53:11 [INFO] [TC_LP_0002 - Verify the problem user can still reach the Products page]: Accessing Playwright Page object directly.
2026-09-28 13:53:11 [INFO] [TC_LP_0002 - Verify the problem user can still reach the Products page]: Accessing Playwright Page object directly.
2026-09-28 13:53:11 [INFO] [TC_LP_0002 - Verify the problem user can still reach the Products page]: Start of BeforeEach
2026-09-28 13:53:11 [INFO] [TC_LP_0002 - Verify the problem user can still reach the Products page]: Navigating to the Sauce Demo login page...
2026-09-28 13:53:11 [INFO] [TC_LP_0002 - Verify the problem user can still reach the Products page]: Navigating to URL: https://www.saucedemo.com/
2026-09-28 13:53:11 [INFO] [TC_LP_0002 - Verify the problem user can still reach the Products page]: Accessing Playwright Page object directly.
2026-09-28 13:53:11 [INFO] [TC_LP_0002 - Verify the problem user can still reach the Products page]: Accessing Playwright Page object directly.
2026-09-28 13:53:11 [INFO] [TC_LP_0002 - Verify the problem user can still reach the Products page]: Successfully navigated to: https://www.saucedemo.com/
2026-09-28 13:53:11 [INFO] [TC_LP_0002 - Verify the problem user can still reach the Products page]: Accessing Playwright Page object directly.
2026-09-28 13:53:11 [INFO] [TC_LP_0002 - Verify the problem user can still reach the Products page]: Page loaded and stable after navigation.
2026-09-28 13:53:11 [INFO] [TC_LP_0002 - Verify the problem user can still reach the Products page]: Waiting for element to be visible: "locator('#user-name')"
2026-09-28 13:53:11 [INFO] [TC_LP_0006 - Verify login fails when the password is missing]: Accessing Playwright Page object directly.
2026-09-28 13:53:11 [INFO] [TC_LP_0006 - Verify login fails when the password is missing]: Successfully navigated to: https://www.saucedemo.com/
2026-09-28 13:53:11 [INFO] [TC_LP_0006 - Verify login fails when the password is missing]: Accessing Playwright Page object directly.
2026-09-28 13:53:11 [INFO] [TC_LP_0006 - Verify login fails when the password is missing]: Page loaded and stable after navigation.
2026-09-28 13:53:11 [INFO] [TC_LP_0006 - Verify login fails when the password is missing]: Waiting for element to be visible: "locator('#user-name')"
2026-09-28 13:53:11 [INFO] [TC_LP_0002 - Verify the problem user can still reach the Products page]: Element is now visible: "locator('#user-name')"
2026-09-28 13:53:11 [INFO] [TC_LP_0002 - Verify the problem user can still reach the Products page]: Landed on the Sauce Demo login page.
2026-09-28 13:53:11 [INFO] [TC_LP_0002 - Verify the problem user can still reach the Products page]: End of BeforeEach
2026-09-28 13:53:11 [INFO] [TC_LP_0002 - Verify the problem user can still reach the Products page]: Accessing Playwright Page object directly.
2026-09-28 13:53:11 [INFO] [TC_LP_0002 - Verify the problem user can still reach the Products page]: Accessing Playwright Page object directly.
2026-09-28 13:53:11 [INFO] [TC_LP_0002 - Verify the problem user can still reach the Products page]: Performing login action.
2026-09-28 13:53:11 [INFO] [TC_LP_0002 - Verify the problem user can still reach the Products page]: Entering username: problem_user
2026-09-28 13:53:11 [INFO] [TC_LP_0002 - Verify the problem user can still reach the Products page]: Filling element "locator('#user-name')" with value: "problem_user"
2026-09-28 13:53:11 [INFO] [TC_LP_0002 - Verify the problem user can still reach the Products page]: Successfully filled element "locator('#user-name')" with value: "problem_user"
2026-09-28 13:53:11 [INFO] [TC_LP_0002 - Verify the problem user can still reach the Products page]: Entering password.
2026-09-28 13:53:11 [INFO] [TC_LP_0002 - Verify the problem user can still reach the Products page]: Filling element "locator('#password')" with value: "secret_sauce"
2026-09-28 13:53:11 [INFO] [TC_LP_0002 - Verify the problem user can still reach the Products page]: Successfully filled element "locator('#password')" with value: "secret_sauce"
2026-09-28 13:53:11 [INFO] [TC_LP_0002 - Verify the problem user can still reach the Products page]: Clicking the Login button.
2026-09-28 13:53:11 [INFO] [TC_LP_0002 - Verify the problem user can still reach the Products page]: Clicking on element with selector: "locator('#login-button')"
2026-09-28 13:53:11 [INFO] [TC_LP_0002 - Verify the problem user can still reach the Products page]: Successfully clicked on element: "locator('#login-button')"
2026-09-28 13:53:11 [INFO] [TC_LP_0002 - Verify the problem user can still reach the Products page]: Login action completed.
2026-09-28 13:53:11 [INFO] [TC_LP_0002 - Verify the problem user can still reach the Products page]: Asserting that landed in the Inventory (Products) Page.
2026-09-28 13:53:11 [INFO] [TC_LP_0002 - Verify the problem user can still reach the Products page]: Asserting element "locator('.app_logo')" to be visible.
2026-09-28 13:53:11 [INFO] [TC_LP_0002 - Verify the problem user can still reach the Products page]: Assertion passed: Element "locator('.app_logo')" is visible.
2026-09-28 13:53:11 [INFO] [TC_LP_0002 - Verify the problem user can still reach the Products page]: Asserting 1 elements to have text: "Products"
2026-09-28 13:53:11 [INFO] [TC_LP_0002 - Verify the problem user can still reach the Products page]: Asserting element "locator('.title')" to have text: "Products"
2026-09-28 13:53:11 [INFO] [TC_LP_0002 - Verify the problem user can still reach the Products page]: Waiting for element to be visible: "locator('.title')"
2026-09-28 13:53:11 [INFO] [TC_LP_0002 - Verify the problem user can still reach the Products page]: Element is now visible: "locator('.title')"
2026-09-28 13:53:11 [INFO] [TC_LP_0002 - Verify the problem user can still reach the Products page]: Assertion passed: Element "locator('.title')" has text "Products".
2026-09-28 13:53:11 [INFO] [TC_LP_0002 - Verify the problem user can still reach the Products page]: Assertion passed: All 1 elements have text "Products".
2026-09-28 13:53:11 [INFO] [TC_LP_0002 - Verify the problem user can still reach the Products page]: Assertion passed: Landed in Inventory Page.
2026-09-28 13:53:12 [INFO] [TC_LP_0006 - Verify login fails when the password is missing]: Element is now visible: "locator('#user-name')"
2026-09-28 13:53:12 [INFO] [TC_LP_0006 - Verify login fails when the password is missing]: Landed on the Sauce Demo login page.
2026-09-28 13:53:12 [INFO] [TC_LP_0006 - Verify login fails when the password is missing]: End of BeforeEach
2026-09-28 13:53:12 [INFO] [TC_LP_0006 - Verify login fails when the password is missing]: Performing login action.
2026-09-28 13:53:12 [INFO] [TC_LP_0006 - Verify login fails when the password is missing]: Entering username: standard_user
2026-09-28 13:53:12 [INFO] [TC_LP_0006 - Verify login fails when the password is missing]: Filling element "locator('#user-name')" with value: "standard_user"
2026-09-28 13:53:12 [INFO] [TC_LP_0006 - Verify login fails when the password is missing]: Successfully filled element "locator('#user-name')" with value: "standard_user"
2026-09-28 13:53:12 [INFO] [TC_LP_0006 - Verify login fails when the password is missing]: Entering password.
2026-09-28 13:53:12 [INFO] [TC_LP_0006 - Verify login fails when the password is missing]: Filling element "locator('#password')" with value: ""
2026-09-28 13:53:12 [INFO] [TC_LP_0006 - Verify login fails when the password is missing]: Successfully filled element "locator('#password')" with value: ""
2026-09-28 13:53:12 [INFO] [TC_LP_0006 - Verify login fails when the password is missing]: Clicking the Login button.
2026-09-28 13:53:12 [INFO] [TC_LP_0006 - Verify login fails when the password is missing]: Clicking on element with selector: "locator('#login-button')"
2026-09-28 13:53:12 [INFO] [TC_LP_0006 - Verify login fails when the password is missing]: Successfully clicked on element: "locator('#login-button')"
2026-09-28 13:53:12 [INFO] [TC_LP_0006 - Verify login fails when the password is missing]: Login action completed.
2026-09-28 13:53:12 [INFO] [TC_LP_0006 - Verify login fails when the password is missing]: Asserting login error message contains text: "Epic sadface: Password is required"
2026-09-28 13:53:12 [INFO] [TC_LP_0006 - Verify login fails when the password is missing]: Asserting 1 elements to contain text: "Epic sadface: Password is required"
2026-09-28 13:53:12 [INFO] [TC_LP_0006 - Verify login fails when the password is missing]: Asserting element "locator('[data-test="error"]')" to contain text: "Epic sadface: Password is required"
2026-09-28 13:53:12 [INFO] [TC_LP_0006 - Verify login fails when the password is missing]: Waiting for element to be visible: "locator('[data-test="error"]')"
2026-09-28 13:53:12 [INFO] [TC_LP_0006 - Verify login fails when the password is missing]: Element is now visible: "locator('[data-test="error"]')"
2026-09-28 13:53:12 [INFO] [TC_LP_0006 - Verify login fails when the password is missing]: Assertion passed: Element "locator('[data-test="error"]')" contains text "Epic sadface: Password is required".
2026-09-28 13:53:12 [INFO] [TC_LP_0006 - Verify login fails when the password is missing]: Assertion passed: All 1 elements contain text "Epic sadface: Password is required".
2026-09-28 13:53:12 [INFO] [TC_LP_0006 - Verify login fails when the password is missing]: Assertion passed: Error message contains expected text.
2026-09-28 13:59:26 [INFO] [TC_LP_0003 - Verify the locked out user cannot log in]: Accessing Playwright Page object directly.
2026-09-28 13:59:26 [INFO] [TC_LP_0003 - Verify the locked out user cannot log in]: Accessing Playwright Page object directly.
2026-09-28 13:59:26 [INFO] [TC_LP_0003 - Verify the locked out user cannot log in]: Accessing Playwright Page object directly.
2026-09-28 13:59:26 [INFO] [TC_LP_0003 - Verify the locked out user cannot log in]: Accessing Playwright Page object directly.
2026-09-28 13:59:26 [INFO] [TC_LP_0003 - Verify the locked out user cannot log in]: Start of BeforeEach
2026-09-28 13:59:26 [INFO] [TC_LP_0003 - Verify the locked out user cannot log in]: Navigating to the Sauce Demo login page...
2026-09-28 13:59:26 [INFO] [TC_LP_0003 - Verify the locked out user cannot log in]: Navigating to URL: https://www.saucedemo.com/
2026-09-28 13:59:26 [INFO] [TC_LP_0003 - Verify the locked out user cannot log in]: Accessing Playwright Page object directly.
2026-09-28 13:59:26 [INFO] [TC_LP_0005 - Verify login fails when the username is missing]: Accessing Playwright Page object directly.
2026-09-28 13:59:26 [INFO] [TC_LP_0005 - Verify login fails when the username is missing]: Accessing Playwright Page object directly.
2026-09-28 13:59:26 [INFO] [TC_LP_0005 - Verify login fails when the username is missing]: Accessing Playwright Page object directly.
2026-09-28 13:59:26 [INFO] [TC_LP_0005 - Verify login fails when the username is missing]: Accessing Playwright Page object directly.
2026-09-28 13:59:26 [INFO] [TC_LP_0005 - Verify login fails when the username is missing]: Start of BeforeEach
2026-09-28 13:59:26 [INFO] [TC_LP_0005 - Verify login fails when the username is missing]: Navigating to the Sauce Demo login page...
2026-09-28 13:59:26 [INFO] [TC_LP_0005 - Verify login fails when the username is missing]: Navigating to URL: https://www.saucedemo.com/
2026-09-28 13:59:26 [INFO] [TC_LP_0005 - Verify login fails when the username is missing]: Accessing Playwright Page object directly.
2026-09-28 13:59:26 [INFO] [TC_LP_0001 - Verify successful login with the standard user]: Accessing Playwright Page object directly.
2026-09-28 13:59:26 [INFO] [TC_LP_0001 - Verify successful login with the standard user]: Accessing Playwright Page object directly.
2026-09-28 13:59:26 [INFO] [TC_LP_0001 - Verify successful login with the standard user]: Accessing Playwright Page object directly.
2026-09-28 13:59:26 [INFO] [TC_LP_0001 - Verify successful login with the standard user]: Accessing Playwright Page object directly.
2026-09-28 13:59:26 [INFO] [TC_LP_0001 - Verify successful login with the standard user]: Start of BeforeEach
2026-09-28 13:59:26 [INFO] [TC_LP_0001 - Verify successful login with the standard user]: Navigating to the Sauce Demo login page...
2026-09-28 13:59:26 [INFO] [TC_LP_0001 - Verify successful login with the standard user]: Navigating to URL: https://www.saucedemo.com/
2026-09-28 13:59:26 [INFO] [TC_LP_0001 - Verify successful login with the standard user]: Accessing Playwright Page object directly.
2026-09-28 13:59:26 [INFO] [TC_LP_0003 - Verify the locked out user cannot log in]: Accessing Playwright Page object directly.
2026-09-28 13:59:26 [INFO] [TC_LP_0003 - Verify the locked out user cannot log in]: Successfully navigated to: https://www.saucedemo.com/
2026-09-28 13:59:26 [INFO] [TC_LP_0003 - Verify the locked out user cannot log in]: Accessing Playwright Page object directly.
2026-09-28 13:59:26 [INFO] [TC_LP_0003 - Verify the locked out user cannot log in]: Page loaded and stable after navigation.
2026-09-28 13:59:26 [INFO] [TC_LP_0003 - Verify the locked out user cannot log in]: Waiting for element to be visible: "locator('#user-name')"
2026-09-28 13:59:26 [INFO] [TC_LP_0005 - Verify login fails when the username is missing]: Accessing Playwright Page object directly.
2026-09-28 13:59:26 [INFO] [TC_LP_0005 - Verify login fails when the username is missing]: Successfully navigated to: https://www.saucedemo.com/
2026-09-28 13:59:26 [INFO] [TC_LP_0005 - Verify login fails when the username is missing]: Accessing Playwright Page object directly.
2026-09-28 13:59:26 [INFO] [TC_LP_0005 - Verify login fails when the username is missing]: Page loaded and stable after navigation.
2026-09-28 13:59:26 [INFO] [TC_LP_0005 - Verify login fails when the username is missing]: Waiting for element to be visible: "locator('#user-name')"
2026-09-28 13:59:26 [INFO] [TC_LP_0003 - Verify the locked out user cannot log in]: Element is now visible: "locator('#user-name')"
2026-09-28 13:59:26 [INFO] [TC_LP_0003 - Verify the locked out user cannot log in]: Landed on the Sauce Demo login page.
2026-09-28 13:59:26 [INFO] [TC_LP_0003 - Verify the locked out user cannot log in]: End of BeforeEach
2026-09-28 13:59:26 [INFO] [TC_LP_0003 - Verify the locked out user cannot log in]: Performing login action.
2026-09-28 13:59:26 [INFO] [TC_LP_0003 - Verify the locked out user cannot log in]: Entering username: locked_out_user
2026-09-28 13:59:26 [INFO] [TC_LP_0003 - Verify the locked out user cannot log in]: Filling element "locator('#user-name')" with value: "locked_out_user"
2026-09-28 13:59:26 [INFO] [TC_LP_0003 - Verify the locked out user cannot log in]: Successfully filled element "locator('#user-name')" with value: "locked_out_user"
2026-09-28 13:59:26 [INFO] [TC_LP_0003 - Verify the locked out user cannot log in]: Entering password.
2026-09-28 13:59:26 [INFO] [TC_LP_0003 - Verify the locked out user cannot log in]: Filling element "locator('#password')" with value: "secret_sauce"
2026-09-28 13:59:26 [INFO] [TC_LP_0003 - Verify the locked out user cannot log in]: Successfully filled element "locator('#password')" with value: "secret_sauce"
2026-09-28 13:59:26 [INFO] [TC_LP_0003 - Verify the locked out user cannot log in]: Clicking the Login button.
2026-09-28 13:59:26 [INFO] [TC_LP_0003 - Verify the locked out user cannot log in]: Clicking on element with selector: "locator('#login-button')"
2026-09-28 13:59:27 [INFO] [TC_LP_0005 - Verify login fails when the username is missing]: Element is now visible: "locator('#user-name')"
2026-09-28 13:59:27 [INFO] [TC_LP_0005 - Verify login fails when the username is missing]: Landed on the Sauce Demo login page.
2026-09-28 13:59:27 [INFO] [TC_LP_0005 - Verify login fails when the username is missing]: End of BeforeEach
2026-09-28 13:59:27 [INFO] [TC_LP_0005 - Verify login fails when the username is missing]: Performing login action.
2026-09-28 13:59:27 [INFO] [TC_LP_0005 - Verify login fails when the username is missing]: Entering username: 
2026-09-28 13:59:27 [INFO] [TC_LP_0005 - Verify login fails when the username is missing]: Filling element "locator('#user-name')" with value: ""
2026-09-28 13:59:27 [INFO] [TC_LP_0003 - Verify the locked out user cannot log in]: Successfully clicked on element: "locator('#login-button')"
2026-09-28 13:59:27 [INFO] [TC_LP_0005 - Verify login fails when the username is missing]: Successfully filled element "locator('#user-name')" with value: ""
2026-09-28 13:59:27 [INFO] [TC_LP_0005 - Verify login fails when the username is missing]: Entering password.
2026-09-28 13:59:27 [INFO] [TC_LP_0005 - Verify login fails when the username is missing]: Filling element "locator('#password')" with value: "secret_sauce"
2026-09-28 13:59:27 [INFO] [TC_LP_0003 - Verify the locked out user cannot log in]: Login action completed.
2026-09-28 13:59:27 [INFO] [TC_LP_0003 - Verify the locked out user cannot log in]: Asserting login error message contains text: "Epic sadface: Sorry, this user has been locked out."
2026-09-28 13:59:27 [INFO] [TC_LP_0003 - Verify the locked out user cannot log in]: Asserting 1 elements to contain text: "Epic sadface: Sorry, this user has been locked out."
2026-09-28 13:59:27 [INFO] [TC_LP_0003 - Verify the locked out user cannot log in]: Asserting element "locator('[data-test="error"]')" to contain text: "Epic sadface: Sorry, this user has been locked out."
2026-09-28 13:59:27 [INFO] [TC_LP_0003 - Verify the locked out user cannot log in]: Waiting for element to be visible: "locator('[data-test="error"]')"
2026-09-28 13:59:27 [INFO] [TC_LP_0003 - Verify the locked out user cannot log in]: Element is now visible: "locator('[data-test="error"]')"
2026-09-28 13:59:27 [INFO] [TC_LP_0005 - Verify login fails when the username is missing]: Successfully filled element "locator('#password')" with value: "secret_sauce"
2026-09-28 13:59:27 [INFO] [TC_LP_0003 - Verify the locked out user cannot log in]: Assertion passed: Element "locator('[data-test="error"]')" contains text "Epic sadface: Sorry, this user has been locked out.".
2026-09-28 13:59:27 [INFO] [TC_LP_0005 - Verify login fails when the username is missing]: Clicking the Login button.
2026-09-28 13:59:27 [INFO] [TC_LP_0005 - Verify login fails when the username is missing]: Clicking on element with selector: "locator('#login-button')"
2026-09-28 13:59:27 [INFO] [TC_LP_0003 - Verify the locked out user cannot log in]: Assertion passed: All 1 elements contain text "Epic sadface: Sorry, this user has been locked out.".
2026-09-28 13:59:27 [INFO] [TC_LP_0003 - Verify the locked out user cannot log in]: Assertion passed: Error message contains expected text.
2026-09-28 13:59:27 [INFO] [TC_LP_0001 - Verify successful login with the standard user]: Accessing Playwright Page object directly.
2026-09-28 13:59:27 [INFO] [TC_LP_0005 - Verify login fails when the username is missing]: Successfully clicked on element: "locator('#login-button')"
2026-09-28 13:59:27 [INFO] [TC_LP_0001 - Verify successful login with the standard user]: Successfully navigated to: https://www.saucedemo.com/
2026-09-28 13:59:27 [INFO] [TC_LP_0001 - Verify successful login with the standard user]: Accessing Playwright Page object directly.
2026-09-28 13:59:27 [INFO] [TC_LP_0001 - Verify successful login with the standard user]: Page loaded and stable after navigation.
2026-09-28 13:59:27 [INFO] [TC_LP_0001 - Verify successful login with the standard user]: Waiting for element to be visible: "locator('#user-name')"
2026-09-28 13:59:27 [INFO] [TC_LP_0005 - Verify login fails when the username is missing]: Login action completed.
2026-09-28 13:59:27 [INFO] [TC_LP_0005 - Verify login fails when the username is missing]: Asserting login error message contains text: "Epic sadface: Username is required"
2026-09-28 13:59:27 [INFO] [TC_LP_0005 - Verify login fails when the username is missing]: Asserting 1 elements to contain text: "Epic sadface: Username is required"
2026-09-28 13:59:27 [INFO] [TC_LP_0005 - Verify login fails when the username is missing]: Asserting element "locator('[data-test="error"]')" to contain text: "Epic sadface: Username is required"
2026-09-28 13:59:27 [INFO] [TC_LP_0005 - Verify login fails when the username is missing]: Waiting for element to be visible: "locator('[data-test="error"]')"
2026-09-28 13:59:27 [INFO] [TC_LP_0005 - Verify login fails when the username is missing]: Element is now visible: "locator('[data-test="error"]')"
2026-09-28 13:59:27 [INFO] [TC_LP_0005 - Verify login fails when the username is missing]: Assertion passed: Element "locator('[data-test="error"]')" contains text "Epic sadface: Username is required".
2026-09-28 13:59:27 [INFO] [TC_LP_0005 - Verify login fails when the username is missing]: Assertion passed: All 1 elements contain text "Epic sadface: Username is required".
2026-09-28 13:59:27 [INFO] [TC_LP_0005 - Verify login fails when the username is missing]: Assertion passed: Error message contains expected text.
2026-09-28 13:59:27 [INFO] [TC_LP_0001 - Verify successful login with the standard user]: Element is now visible: "locator('#user-name')"
2026-09-28 13:59:27 [INFO] [TC_LP_0001 - Verify successful login with the standard user]: Landed on the Sauce Demo login page.
2026-09-28 13:59:27 [INFO] [TC_LP_0001 - Verify successful login with the standard user]: End of BeforeEach
2026-09-28 13:59:27 [INFO] [TC_LP_0001 - Verify successful login with the standard user]: Accessing Playwright Page object directly.
2026-09-28 13:59:27 [INFO] [TC_LP_0001 - Verify successful login with the standard user]: Accessing Playwright Page object directly.
2026-09-28 13:59:27 [INFO] [TC_LP_0001 - Verify successful login with the standard user]: Performing login action.
2026-09-28 13:59:27 [INFO] [TC_LP_0001 - Verify successful login with the standard user]: Entering username: standard_user
2026-09-28 13:59:27 [INFO] [TC_LP_0001 - Verify successful login with the standard user]: Filling element "locator('#user-name')" with value: "standard_user"
2026-09-28 13:59:27 [INFO] [TC_LP_0001 - Verify successful login with the standard user]: Successfully filled element "locator('#user-name')" with value: "standard_user"
2026-09-28 13:59:27 [INFO] [TC_LP_0001 - Verify successful login with the standard user]: Entering password.
2026-09-28 13:59:27 [INFO] [TC_LP_0001 - Verify successful login with the standard user]: Filling element "locator('#password')" with value: "secret_sauce"
2026-09-28 13:59:27 [INFO] [TC_LP_0001 - Verify successful login with the standard user]: Successfully filled element "locator('#password')" with value: "secret_sauce"
2026-09-28 13:59:27 [INFO] [TC_LP_0001 - Verify successful login with the standard user]: Clicking the Login button.
2026-09-28 13:59:27 [INFO] [TC_LP_0001 - Verify successful login with the standard user]: Clicking on element with selector: "locator('#login-button')"
2026-09-28 13:59:27 [INFO] [TC_LP_0001 - Verify successful login with the standard user]: Successfully clicked on element: "locator('#login-button')"
2026-09-28 13:59:27 [INFO] [TC_LP_0001 - Verify successful login with the standard user]: Login action completed.
2026-09-28 13:59:27 [INFO] [TC_LP_0001 - Verify successful login with the standard user]: Asserting that landed in the Inventory (Products) Page.
2026-09-28 13:59:27 [INFO] [TC_LP_0001 - Verify successful login with the standard user]: Asserting element "locator('.app_logo')" to be visible.
2026-09-28 13:59:27 [INFO] [TC_LP_0001 - Verify successful login with the standard user]: Assertion passed: Element "locator('.app_logo')" is visible.
2026-09-28 13:59:27 [INFO] [TC_LP_0001 - Verify successful login with the standard user]: Asserting 1 elements to have text: "Products"
2026-09-28 13:59:27 [INFO] [TC_LP_0001 - Verify successful login with the standard user]: Asserting element "locator('.title')" to have text: "Products"
2026-09-28 13:59:27 [INFO] [TC_LP_0001 - Verify successful login with the standard user]: Waiting for element to be visible: "locator('.title')"
2026-09-28 13:59:27 [INFO] [TC_LP_0001 - Verify successful login with the standard user]: Element is now visible: "locator('.title')"
2026-09-28 13:59:27 [INFO] [TC_LP_0001 - Verify successful login with the standard user]: Assertion passed: Element "locator('.title')" has text "Products".
2026-09-28 13:59:27 [INFO] [TC_LP_0001 - Verify successful login with the standard user]: Assertion passed: All 1 elements have text "Products".
2026-09-28 13:59:27 [INFO] [TC_LP_0001 - Verify successful login with the standard user]: Assertion passed: Landed in Inventory Page.
2026-09-28 13:59:28 [INFO] [TC_LP_0004 - Verify login fails with an invalid password]: Accessing Playwright Page object directly.
2026-09-28 13:59:28 [INFO] [TC_LP_0004 - Verify login fails with an invalid password]: Accessing Playwright Page object directly.
2026-09-28 13:59:28 [INFO] [TC_LP_0004 - Verify login fails with an invalid password]: Accessing Playwright Page object directly.
2026-09-28 13:59:28 [INFO] [TC_LP_0004 - Verify login fails with an invalid password]: Accessing Playwright Page object directly.
2026-09-28 13:59:28 [INFO] [TC_LP_0004 - Verify login fails with an invalid password]: Start of BeforeEach
2026-09-28 13:59:28 [INFO] [TC_LP_0004 - Verify login fails with an invalid password]: Navigating to the Sauce Demo login page...
2026-09-28 13:59:28 [INFO] [TC_LP_0004 - Verify login fails with an invalid password]: Navigating to URL: https://www.saucedemo.com/
2026-09-28 13:59:28 [INFO] [TC_LP_0004 - Verify login fails with an invalid password]: Accessing Playwright Page object directly.
2026-09-28 13:59:28 [INFO] [TC_LP_0006 - Verify login fails when the password is missing]: Accessing Playwright Page object directly.
2026-09-28 13:59:28 [INFO] [TC_LP_0006 - Verify login fails when the password is missing]: Accessing Playwright Page object directly.
2026-09-28 13:59:28 [INFO] [TC_LP_0006 - Verify login fails when the password is missing]: Accessing Playwright Page object directly.
2026-09-28 13:59:28 [INFO] [TC_LP_0006 - Verify login fails when the password is missing]: Accessing Playwright Page object directly.
2026-09-28 13:59:28 [INFO] [TC_LP_0006 - Verify login fails when the password is missing]: Start of BeforeEach
2026-09-28 13:59:28 [INFO] [TC_LP_0006 - Verify login fails when the password is missing]: Navigating to the Sauce Demo login page...
2026-09-28 13:59:28 [INFO] [TC_LP_0006 - Verify login fails when the password is missing]: Navigating to URL: https://www.saucedemo.com/
2026-09-28 13:59:28 [INFO] [TC_LP_0006 - Verify login fails when the password is missing]: Accessing Playwright Page object directly.
2026-09-28 13:59:28 [INFO] [TC_LP_0004 - Verify login fails with an invalid password]: Accessing Playwright Page object directly.
2026-09-28 13:59:28 [INFO] [TC_LP_0004 - Verify login fails with an invalid password]: Successfully navigated to: https://www.saucedemo.com/
2026-09-28 13:59:28 [INFO] [TC_LP_0004 - Verify login fails with an invalid password]: Accessing Playwright Page object directly.
2026-09-28 13:59:28 [INFO] [TC_LP_0004 - Verify login fails with an invalid password]: Page loaded and stable after navigation.
2026-09-28 13:59:28 [INFO] [TC_LP_0004 - Verify login fails with an invalid password]: Waiting for element to be visible: "locator('#user-name')"
2026-09-28 13:59:28 [INFO] [TC_LP_0004 - Verify login fails with an invalid password]: Element is now visible: "locator('#user-name')"
2026-09-28 13:59:28 [INFO] [TC_LP_0004 - Verify login fails with an invalid password]: Landed on the Sauce Demo login page.
2026-09-28 13:59:28 [INFO] [TC_LP_0004 - Verify login fails with an invalid password]: End of BeforeEach
2026-09-28 13:59:28 [INFO] [TC_LP_0004 - Verify login fails with an invalid password]: Performing login action.
2026-09-28 13:59:28 [INFO] [TC_LP_0004 - Verify login fails with an invalid password]: Entering username: standard_user
2026-09-28 13:59:28 [INFO] [TC_LP_0004 - Verify login fails with an invalid password]: Filling element "locator('#user-name')" with value: "standard_user"
2026-09-28 13:59:28 [INFO] [TC_LP_0006 - Verify login fails when the password is missing]: Accessing Playwright Page object directly.
2026-09-28 13:59:28 [INFO] [TC_LP_0006 - Verify login fails when the password is missing]: Successfully navigated to: https://www.saucedemo.com/
2026-09-28 13:59:28 [INFO] [TC_LP_0006 - Verify login fails when the password is missing]: Accessing Playwright Page object directly.
2026-09-28 13:59:28 [INFO] [TC_LP_0006 - Verify login fails when the password is missing]: Page loaded and stable after navigation.
2026-09-28 13:59:28 [INFO] [TC_LP_0006 - Verify login fails when the password is missing]: Waiting for element to be visible: "locator('#user-name')"
2026-09-28 13:59:28 [INFO] [TC_LP_0004 - Verify login fails with an invalid password]: Successfully filled element "locator('#user-name')" with value: "standard_user"
2026-09-28 13:59:28 [INFO] [TC_LP_0004 - Verify login fails with an invalid password]: Entering password.
2026-09-28 13:59:28 [INFO] [TC_LP_0004 - Verify login fails with an invalid password]: Filling element "locator('#password')" with value: "wrong_password"
2026-09-28 13:59:28 [INFO] [TC_LP_0004 - Verify login fails with an invalid password]: Successfully filled element "locator('#password')" with value: "wrong_password"
2026-09-28 13:59:28 [INFO] [TC_LP_0004 - Verify login fails with an invalid password]: Clicking the Login button.
2026-09-28 13:59:28 [INFO] [TC_LP_0004 - Verify login fails with an invalid password]: Clicking on element with selector: "locator('#login-button')"
2026-09-28 13:59:28 [INFO] [TC_LP_0006 - Verify login fails when the password is missing]: Element is now visible: "locator('#user-name')"
2026-09-28 13:59:28 [INFO] [TC_LP_0006 - Verify login fails when the password is missing]: Landed on the Sauce Demo login page.
2026-09-28 13:59:28 [INFO] [TC_LP_0006 - Verify login fails when the password is missing]: End of BeforeEach
2026-09-28 13:59:28 [INFO] [TC_LP_0006 - Verify login fails when the password is missing]: Performing login action.
2026-09-28 13:59:28 [INFO] [TC_LP_0006 - Verify login fails when the password is missing]: Entering username: standard_user
2026-09-28 13:59:28 [INFO] [TC_LP_0006 - Verify login fails when the password is missing]: Filling element "locator('#user-name')" with value: "standard_user"
2026-09-28 13:59:28 [INFO] [TC_LP_0004 - Verify login fails with an invalid password]: Successfully clicked on element: "locator('#login-button')"
2026-09-28 13:59:28 [INFO] [TC_LP_0004 - Verify login fails with an invalid password]: Login action completed.
2026-09-28 13:59:28 [INFO] [TC_LP_0004 - Verify login fails with an invalid password]: Asserting login error message contains text: "Epic sadface: Username and password do not match any user in this service"
2026-09-28 13:59:28 [INFO] [TC_LP_0004 - Verify login fails with an invalid password]: Asserting 1 elements to contain text: "Epic sadface: Username and password do not match any user in this service"
2026-09-28 13:59:28 [INFO] [TC_LP_0004 - Verify login fails with an invalid password]: Asserting element "locator('[data-test="error"]')" to contain text: "Epic sadface: Username and password do not match any user in this service"
2026-09-28 13:59:28 [INFO] [TC_LP_0004 - Verify login fails with an invalid password]: Waiting for element to be visible: "locator('[data-test="error"]')"
2026-09-28 13:59:28 [INFO] [TC_LP_0004 - Verify login fails with an invalid password]: Element is now visible: "locator('[data-test="error"]')"
2026-09-28 13:59:28 [INFO] [TC_LP_0004 - Verify login fails with an invalid password]: Assertion passed: Element "locator('[data-test="error"]')" contains text "Epic sadface: Username and password do not match any user in this service".
2026-09-28 13:59:28 [INFO] [TC_LP_0006 - Verify login fails when the password is missing]: Successfully filled element "locator('#user-name')" with value: "standard_user"
2026-09-28 13:59:28 [INFO] [TC_LP_0002 - Verify the problem user can still reach the Products page]: Accessing Playwright Page object directly.
2026-09-28 13:59:28 [INFO] [TC_LP_0002 - Verify the problem user can still reach the Products page]: Accessing Playwright Page object directly.
2026-09-28 13:59:28 [INFO] [TC_LP_0004 - Verify login fails with an invalid password]: Assertion passed: All 1 elements contain text "Epic sadface: Username and password do not match any user in this service".
2026-09-28 13:59:28 [INFO] [TC_LP_0002 - Verify the problem user can still reach the Products page]: Accessing Playwright Page object directly.
2026-09-28 13:59:28 [INFO] [TC_LP_0004 - Verify login fails with an invalid password]: Assertion passed: Error message contains expected text.
2026-09-28 13:59:28 [INFO] [TC_LP_0002 - Verify the problem user can still reach the Products page]: Accessing Playwright Page object directly.
2026-09-28 13:59:28 [INFO] [TC_LP_0002 - Verify the problem user can still reach the Products page]: Start of BeforeEach
2026-09-28 13:59:28 [INFO] [TC_LP_0002 - Verify the problem user can still reach the Products page]: Navigating to the Sauce Demo login page...
2026-09-28 13:59:28 [INFO] [TC_LP_0002 - Verify the problem user can still reach the Products page]: Navigating to URL: https://www.saucedemo.com/
2026-09-28 13:59:28 [INFO] [TC_LP_0002 - Verify the problem user can still reach the Products page]: Accessing Playwright Page object directly.
2026-09-28 13:59:28 [INFO] [TC_LP_0006 - Verify login fails when the password is missing]: Entering password.
2026-09-28 13:59:28 [INFO] [TC_LP_0006 - Verify login fails when the password is missing]: Filling element "locator('#password')" with value: ""
2026-09-28 13:59:28 [INFO] [TC_LP_0006 - Verify login fails when the password is missing]: Successfully filled element "locator('#password')" with value: ""
2026-09-28 13:59:28 [INFO] [TC_LP_0006 - Verify login fails when the password is missing]: Clicking the Login button.
2026-09-28 13:59:28 [INFO] [TC_LP_0006 - Verify login fails when the password is missing]: Clicking on element with selector: "locator('#login-button')"
2026-09-28 13:59:28 [INFO] [TC_LP_0006 - Verify login fails when the password is missing]: Successfully clicked on element: "locator('#login-button')"
2026-09-28 13:59:28 [INFO] [TC_LP_0006 - Verify login fails when the password is missing]: Login action completed.
2026-09-28 13:59:28 [INFO] [TC_LP_0006 - Verify login fails when the password is missing]: Asserting login error message contains text: "Epic sadface: Password is required"
2026-09-28 13:59:28 [INFO] [TC_LP_0006 - Verify login fails when the password is missing]: Asserting 1 elements to contain text: "Epic sadface: Password is required"
2026-09-28 13:59:28 [INFO] [TC_LP_0006 - Verify login fails when the password is missing]: Asserting element "locator('[data-test="error"]')" to contain text: "Epic sadface: Password is required"
2026-09-28 13:59:28 [INFO] [TC_LP_0006 - Verify login fails when the password is missing]: Waiting for element to be visible: "locator('[data-test="error"]')"
2026-09-28 13:59:28 [INFO] [TC_LP_0006 - Verify login fails when the password is missing]: Element is now visible: "locator('[data-test="error"]')"
2026-09-28 13:59:28 [INFO] [TC_LP_0006 - Verify login fails when the password is missing]: Assertion passed: Element "locator('[data-test="error"]')" contains text "Epic sadface: Password is required".
2026-09-28 13:59:28 [INFO] [TC_LP_0006 - Verify login fails when the password is missing]: Assertion passed: All 1 elements contain text "Epic sadface: Password is required".
2026-09-28 13:59:28 [INFO] [TC_LP_0006 - Verify login fails when the password is missing]: Assertion passed: Error message contains expected text.
2026-09-28 13:59:28 [INFO] [TC_LP_0002 - Verify the problem user can still reach the Products page]: Accessing Playwright Page object directly.
2026-09-28 13:59:28 [INFO] [TC_LP_0002 - Verify the problem user can still reach the Products page]: Successfully navigated to: https://www.saucedemo.com/
2026-09-28 13:59:28 [INFO] [TC_LP_0002 - Verify the problem user can still reach the Products page]: Accessing Playwright Page object directly.
2026-09-28 13:59:28 [INFO] [TC_LP_0002 - Verify the problem user can still reach the Products page]: Page loaded and stable after navigation.
2026-09-28 13:59:28 [INFO] [TC_LP_0002 - Verify the problem user can still reach the Products page]: Waiting for element to be visible: "locator('#user-name')"
2026-09-28 13:59:28 [INFO] [TC_LP_0002 - Verify the problem user can still reach the Products page]: Element is now visible: "locator('#user-name')"
2026-09-28 13:59:28 [INFO] [TC_LP_0002 - Verify the problem user can still reach the Products page]: Landed on the Sauce Demo login page.
2026-09-28 13:59:28 [INFO] [TC_LP_0002 - Verify the problem user can still reach the Products page]: End of BeforeEach
2026-09-28 13:59:28 [INFO] [TC_LP_0002 - Verify the problem user can still reach the Products page]: Accessing Playwright Page object directly.
2026-09-28 13:59:28 [INFO] [TC_LP_0002 - Verify the problem user can still reach the Products page]: Accessing Playwright Page object directly.
2026-09-28 13:59:28 [INFO] [TC_LP_0002 - Verify the problem user can still reach the Products page]: Performing login action.
2026-09-28 13:59:28 [INFO] [TC_LP_0002 - Verify the problem user can still reach the Products page]: Entering username: problem_user
2026-09-28 13:59:28 [INFO] [TC_LP_0002 - Verify the problem user can still reach the Products page]: Filling element "locator('#user-name')" with value: "problem_user"
2026-09-28 13:59:29 [INFO] [TC_LP_0002 - Verify the problem user can still reach the Products page]: Successfully filled element "locator('#user-name')" with value: "problem_user"
2026-09-28 13:59:29 [INFO] [TC_LP_0002 - Verify the problem user can still reach the Products page]: Entering password.
2026-09-28 13:59:29 [INFO] [TC_LP_0002 - Verify the problem user can still reach the Products page]: Filling element "locator('#password')" with value: "secret_sauce"
2026-09-28 13:59:29 [INFO] [TC_LP_0002 - Verify the problem user can still reach the Products page]: Successfully filled element "locator('#password')" with value: "secret_sauce"
2026-09-28 13:59:29 [INFO] [TC_LP_0002 - Verify the problem user can still reach the Products page]: Clicking the Login button.
2026-09-28 13:59:29 [INFO] [TC_LP_0002 - Verify the problem user can still reach the Products page]: Clicking on element with selector: "locator('#login-button')"
2026-09-28 13:59:29 [INFO] [TC_LP_0002 - Verify the problem user can still reach the Products page]: Successfully clicked on element: "locator('#login-button')"
2026-09-28 13:59:29 [INFO] [TC_LP_0002 - Verify the problem user can still reach the Products page]: Login action completed.
2026-09-28 13:59:29 [INFO] [TC_LP_0002 - Verify the problem user can still reach the Products page]: Asserting that landed in the Inventory (Products) Page.
2026-09-28 13:59:29 [INFO] [TC_LP_0002 - Verify the problem user can still reach the Products page]: Asserting element "locator('.app_logo')" to be visible.
2026-09-28 13:59:29 [INFO] [TC_LP_0002 - Verify the problem user can still reach the Products page]: Assertion passed: Element "locator('.app_logo')" is visible.
2026-09-28 13:59:29 [INFO] [TC_LP_0002 - Verify the problem user can still reach the Products page]: Asserting 1 elements to have text: "Products"
2026-09-28 13:59:29 [INFO] [TC_LP_0002 - Verify the problem user can still reach the Products page]: Asserting element "locator('.title')" to have text: "Products"
2026-09-28 13:59:29 [INFO] [TC_LP_0002 - Verify the problem user can still reach the Products page]: Waiting for element to be visible: "locator('.title')"
2026-09-28 13:59:29 [INFO] [TC_LP_0002 - Verify the problem user can still reach the Products page]: Element is now visible: "locator('.title')"
2026-09-28 13:59:29 [INFO] [TC_LP_0002 - Verify the problem user can still reach the Products page]: Assertion passed: Element "locator('.title')" has text "Products".
2026-09-28 13:59:29 [INFO] [TC_LP_0002 - Verify the problem user can still reach the Products page]: Assertion passed: All 1 elements have text "Products".
2026-09-28 13:59:29 [INFO] [TC_LP_0002 - Verify the problem user can still reach the Products page]: Assertion passed: Landed in Inventory Page.
2026-09-28 14:00:30 [INFO] [TC_LP_0001 - Verify successful login with the standard user]: Accessing Playwright Page object directly.
2026-09-28 14:00:30 [INFO] [TC_LP_0001 - Verify successful login with the standard user]: Accessing Playwright Page object directly.
2026-09-28 14:00:30 [INFO] [TC_LP_0001 - Verify successful login with the standard user]: Accessing Playwright Page object directly.
2026-09-28 14:00:30 [INFO] [TC_LP_0001 - Verify successful login with the standard user]: Accessing Playwright Page object directly.
2026-09-28 14:00:30 [INFO] [TC_LP_0001 - Verify successful login with the standard user]: Start of BeforeEach
2026-09-28 14:00:30 [INFO] [TC_LP_0001 - Verify successful login with the standard user]: Navigating to the Sauce Demo login page...
2026-09-28 14:00:30 [INFO] [TC_LP_0001 - Verify successful login with the standard user]: Navigating to URL: https://www.saucedemo.com/
2026-09-28 14:00:30 [INFO] [TC_LP_0001 - Verify successful login with the standard user]: Accessing Playwright Page object directly.
2026-09-28 14:00:31 [INFO] [TC_LP_0005 - Verify login fails when the username is missing]: Accessing Playwright Page object directly.
2026-09-28 14:00:31 [INFO] [TC_LP_0005 - Verify login fails when the username is missing]: Accessing Playwright Page object directly.
2026-09-28 14:00:31 [INFO] [TC_LP_0005 - Verify login fails when the username is missing]: Accessing Playwright Page object directly.
2026-09-28 14:00:31 [INFO] [TC_LP_0005 - Verify login fails when the username is missing]: Accessing Playwright Page object directly.
2026-09-28 14:00:31 [INFO] [TC_LP_0005 - Verify login fails when the username is missing]: Start of BeforeEach
2026-09-28 14:00:31 [INFO] [TC_LP_0005 - Verify login fails when the username is missing]: Navigating to the Sauce Demo login page...
2026-09-28 14:00:31 [INFO] [TC_LP_0005 - Verify login fails when the username is missing]: Navigating to URL: https://www.saucedemo.com/
2026-09-28 14:00:31 [INFO] [TC_LP_0005 - Verify login fails when the username is missing]: Accessing Playwright Page object directly.
2026-09-28 14:00:31 [INFO] [TC_LP_0003 - Verify the locked out user cannot log in]: Accessing Playwright Page object directly.
2026-09-28 14:00:31 [INFO] [TC_LP_0003 - Verify the locked out user cannot log in]: Accessing Playwright Page object directly.
2026-09-28 14:00:31 [INFO] [TC_LP_0003 - Verify the locked out user cannot log in]: Accessing Playwright Page object directly.
2026-09-28 14:00:31 [INFO] [TC_LP_0003 - Verify the locked out user cannot log in]: Accessing Playwright Page object directly.
2026-09-28 14:00:31 [INFO] [TC_LP_0003 - Verify the locked out user cannot log in]: Start of BeforeEach
2026-09-28 14:00:31 [INFO] [TC_LP_0003 - Verify the locked out user cannot log in]: Navigating to the Sauce Demo login page...
2026-09-28 14:00:31 [INFO] [TC_LP_0003 - Verify the locked out user cannot log in]: Navigating to URL: https://www.saucedemo.com/
2026-09-28 14:00:31 [INFO] [TC_LP_0003 - Verify the locked out user cannot log in]: Accessing Playwright Page object directly.
2026-09-28 14:00:31 [INFO] [TC_LP_0001 - Verify successful login with the standard user]: Accessing Playwright Page object directly.
2026-09-28 14:00:31 [INFO] [TC_LP_0001 - Verify successful login with the standard user]: Successfully navigated to: https://www.saucedemo.com/
2026-09-28 14:00:31 [INFO] [TC_LP_0001 - Verify successful login with the standard user]: Accessing Playwright Page object directly.
2026-09-28 14:00:31 [INFO] [TC_LP_0001 - Verify successful login with the standard user]: Page loaded and stable after navigation.
2026-09-28 14:00:31 [INFO] [TC_LP_0001 - Verify successful login with the standard user]: Waiting for element to be visible: "locator('#user-name')"
2026-09-28 14:00:31 [INFO] [TC_LP_0005 - Verify login fails when the username is missing]: Accessing Playwright Page object directly.
2026-09-28 14:00:31 [INFO] [TC_LP_0005 - Verify login fails when the username is missing]: Successfully navigated to: https://www.saucedemo.com/
2026-09-28 14:00:31 [INFO] [TC_LP_0005 - Verify login fails when the username is missing]: Accessing Playwright Page object directly.
2026-09-28 14:00:31 [INFO] [TC_LP_0005 - Verify login fails when the username is missing]: Page loaded and stable after navigation.
2026-09-28 14:00:31 [INFO] [TC_LP_0005 - Verify login fails when the username is missing]: Waiting for element to be visible: "locator('#user-name')"
2026-09-28 14:00:31 [INFO] [TC_LP_0001 - Verify successful login with the standard user]: Element is now visible: "locator('#user-name')"
2026-09-28 14:00:31 [INFO] [TC_LP_0001 - Verify successful login with the standard user]: Landed on the Sauce Demo login page.
2026-09-28 14:00:31 [INFO] [TC_LP_0001 - Verify successful login with the standard user]: End of BeforeEach
2026-09-28 14:00:31 [INFO] [TC_LP_0001 - Verify successful login with the standard user]: Accessing Playwright Page object directly.
2026-09-28 14:00:31 [INFO] [TC_LP_0001 - Verify successful login with the standard user]: Accessing Playwright Page object directly.
2026-09-28 14:00:31 [INFO] [TC_LP_0001 - Verify successful login with the standard user]: Performing login action.
2026-09-28 14:00:31 [INFO] [TC_LP_0001 - Verify successful login with the standard user]: Entering username: standard_user
2026-09-28 14:00:31 [INFO] [TC_LP_0001 - Verify successful login with the standard user]: Filling element "locator('#user-name')" with value: "standard_user"
2026-09-28 14:00:31 [INFO] [TC_LP_0005 - Verify login fails when the username is missing]: Element is now visible: "locator('#user-name')"
2026-09-28 14:00:31 [INFO] [TC_LP_0005 - Verify login fails when the username is missing]: Landed on the Sauce Demo login page.
2026-09-28 14:00:31 [INFO] [TC_LP_0005 - Verify login fails when the username is missing]: End of BeforeEach
2026-09-28 14:00:31 [INFO] [TC_LP_0005 - Verify login fails when the username is missing]: Performing login action.
2026-09-28 14:00:31 [INFO] [TC_LP_0005 - Verify login fails when the username is missing]: Entering username: 
2026-09-28 14:00:31 [INFO] [TC_LP_0005 - Verify login fails when the username is missing]: Filling element "locator('#user-name')" with value: ""
2026-09-28 14:00:31 [INFO] [TC_LP_0001 - Verify successful login with the standard user]: Successfully filled element "locator('#user-name')" with value: "standard_user"
2026-09-28 14:00:31 [INFO] [TC_LP_0001 - Verify successful login with the standard user]: Entering password.
2026-09-28 14:00:31 [INFO] [TC_LP_0001 - Verify successful login with the standard user]: Filling element "locator('#password')" with value: "secret_sauce"
2026-09-28 14:00:31 [INFO] [TC_LP_0005 - Verify login fails when the username is missing]: Successfully filled element "locator('#user-name')" with value: ""
2026-09-28 14:00:31 [INFO] [TC_LP_0005 - Verify login fails when the username is missing]: Entering password.
2026-09-28 14:00:31 [INFO] [TC_LP_0005 - Verify login fails when the username is missing]: Filling element "locator('#password')" with value: "secret_sauce"
2026-09-28 14:00:31 [INFO] [TC_LP_0005 - Verify login fails when the username is missing]: Successfully filled element "locator('#password')" with value: "secret_sauce"
2026-09-28 14:00:31 [INFO] [TC_LP_0001 - Verify successful login with the standard user]: Successfully filled element "locator('#password')" with value: "secret_sauce"
2026-09-28 14:00:31 [INFO] [TC_LP_0005 - Verify login fails when the username is missing]: Clicking the Login button.
2026-09-28 14:00:31 [INFO] [TC_LP_0005 - Verify login fails when the username is missing]: Clicking on element with selector: "locator('#login-button')"
2026-09-28 14:00:31 [INFO] [TC_LP_0001 - Verify successful login with the standard user]: Clicking the Login button.
2026-09-28 14:00:31 [INFO] [TC_LP_0001 - Verify successful login with the standard user]: Clicking on element with selector: "locator('#login-button')"
2026-09-28 14:00:31 [INFO] [TC_LP_0003 - Verify the locked out user cannot log in]: Accessing Playwright Page object directly.
2026-09-28 14:00:31 [INFO] [TC_LP_0003 - Verify the locked out user cannot log in]: Successfully navigated to: https://www.saucedemo.com/
2026-09-28 14:00:31 [INFO] [TC_LP_0003 - Verify the locked out user cannot log in]: Accessing Playwright Page object directly.
2026-09-28 14:00:31 [INFO] [TC_LP_0003 - Verify the locked out user cannot log in]: Page loaded and stable after navigation.
2026-09-28 14:00:31 [INFO] [TC_LP_0003 - Verify the locked out user cannot log in]: Waiting for element to be visible: "locator('#user-name')"
2026-09-28 14:00:31 [INFO] [TC_LP_0005 - Verify login fails when the username is missing]: Successfully clicked on element: "locator('#login-button')"
2026-09-28 14:00:31 [INFO] [TC_LP_0005 - Verify login fails when the username is missing]: Login action completed.
2026-09-28 14:00:31 [INFO] [TC_LP_0005 - Verify login fails when the username is missing]: Asserting login error message contains text: "Epic sadface: Username is required"
2026-09-28 14:00:31 [INFO] [TC_LP_0005 - Verify login fails when the username is missing]: Asserting 1 elements to contain text: "Epic sadface: Username is required"
2026-09-28 14:00:31 [INFO] [TC_LP_0005 - Verify login fails when the username is missing]: Asserting element "locator('[data-test="error"]')" to contain text: "Epic sadface: Username is required"
2026-09-28 14:00:31 [INFO] [TC_LP_0005 - Verify login fails when the username is missing]: Waiting for element to be visible: "locator('[data-test="error"]')"
2026-09-28 14:00:31 [INFO] [TC_LP_0005 - Verify login fails when the username is missing]: Element is now visible: "locator('[data-test="error"]')"
2026-09-28 14:00:31 [INFO] [TC_LP_0003 - Verify the locked out user cannot log in]: Element is now visible: "locator('#user-name')"
2026-09-28 14:00:31 [INFO] [TC_LP_0005 - Verify login fails when the username is missing]: Assertion passed: Element "locator('[data-test="error"]')" contains text "Epic sadface: Username is required".
2026-09-28 14:00:31 [INFO] [TC_LP_0003 - Verify the locked out user cannot log in]: Landed on the Sauce Demo login page.
2026-09-28 14:00:31 [INFO] [TC_LP_0003 - Verify the locked out user cannot log in]: End of BeforeEach
2026-09-28 14:00:31 [INFO] [TC_LP_0003 - Verify the locked out user cannot log in]: Performing login action.
2026-09-28 14:00:31 [INFO] [TC_LP_0003 - Verify the locked out user cannot log in]: Entering username: locked_out_user
2026-09-28 14:00:31 [INFO] [TC_LP_0003 - Verify the locked out user cannot log in]: Filling element "locator('#user-name')" with value: "locked_out_user"
2026-09-28 14:00:31 [INFO] [TC_LP_0005 - Verify login fails when the username is missing]: Assertion passed: All 1 elements contain text "Epic sadface: Username is required".
2026-09-28 14:00:31 [INFO] [TC_LP_0005 - Verify login fails when the username is missing]: Assertion passed: Error message contains expected text.
2026-09-28 14:00:31 [INFO] [TC_LP_0001 - Verify successful login with the standard user]: Successfully clicked on element: "locator('#login-button')"
2026-09-28 14:00:31 [INFO] [TC_LP_0003 - Verify the locked out user cannot log in]: Successfully filled element "locator('#user-name')" with value: "locked_out_user"
2026-09-28 14:00:31 [INFO] [TC_LP_0003 - Verify the locked out user cannot log in]: Entering password.
2026-09-28 14:00:31 [INFO] [TC_LP_0003 - Verify the locked out user cannot log in]: Filling element "locator('#password')" with value: "secret_sauce"
2026-09-28 14:00:31 [INFO] [TC_LP_0001 - Verify successful login with the standard user]: Login action completed.
2026-09-28 14:00:31 [INFO] [TC_LP_0001 - Verify successful login with the standard user]: Asserting that landed in the Inventory (Products) Page.
2026-09-28 14:00:31 [INFO] [TC_LP_0001 - Verify successful login with the standard user]: Asserting element "locator('.app_logo')" to be visible.
2026-09-28 14:00:31 [INFO] [TC_LP_0003 - Verify the locked out user cannot log in]: Successfully filled element "locator('#password')" with value: "secret_sauce"
2026-09-28 14:00:31 [INFO] [TC_LP_0003 - Verify the locked out user cannot log in]: Clicking the Login button.
2026-09-28 14:00:31 [INFO] [TC_LP_0003 - Verify the locked out user cannot log in]: Clicking on element with selector: "locator('#login-button')"
2026-09-28 14:00:31 [INFO] [TC_LP_0001 - Verify successful login with the standard user]: Assertion passed: Element "locator('.app_logo')" is visible.
2026-09-28 14:00:31 [INFO] [TC_LP_0001 - Verify successful login with the standard user]: Asserting 1 elements to have text: "Products"
2026-09-28 14:00:31 [INFO] [TC_LP_0001 - Verify successful login with the standard user]: Asserting element "locator('.title')" to have text: "Products"
2026-09-28 14:00:31 [INFO] [TC_LP_0001 - Verify successful login with the standard user]: Waiting for element to be visible: "locator('.title')"
2026-09-28 14:00:31 [INFO] [TC_LP_0001 - Verify successful login with the standard user]: Element is now visible: "locator('.title')"
2026-09-28 14:00:31 [INFO] [TC_LP_0001 - Verify successful login with the standard user]: Assertion passed: Element "locator('.title')" has text "Products".
2026-09-28 14:00:31 [INFO] [TC_LP_0001 - Verify successful login with the standard user]: Assertion passed: All 1 elements have text "Products".
2026-09-28 14:00:31 [INFO] [TC_LP_0001 - Verify successful login with the standard user]: Assertion passed: Landed in Inventory Page.
2026-09-28 14:00:31 [INFO] [TC_LP_0003 - Verify the locked out user cannot log in]: Successfully clicked on element: "locator('#login-button')"
2026-09-28 14:00:31 [INFO] [TC_LP_0003 - Verify the locked out user cannot log in]: Login action completed.
2026-09-28 14:00:31 [INFO] [TC_LP_0003 - Verify the locked out user cannot log in]: Asserting login error message contains text: "Epic sadface: Sorry, this user has been locked out."
2026-09-28 14:00:31 [INFO] [TC_LP_0003 - Verify the locked out user cannot log in]: Asserting 1 elements to contain text: "Epic sadface: Sorry, this user has been locked out."
2026-09-28 14:00:31 [INFO] [TC_LP_0003 - Verify the locked out user cannot log in]: Asserting element "locator('[data-test="error"]')" to contain text: "Epic sadface: Sorry, this user has been locked out."
2026-09-28 14:00:31 [INFO] [TC_LP_0003 - Verify the locked out user cannot log in]: Waiting for element to be visible: "locator('[data-test="error"]')"
2026-09-28 14:00:31 [INFO] [TC_LP_0003 - Verify the locked out user cannot log in]: Element is now visible: "locator('[data-test="error"]')"
2026-09-28 14:00:31 [INFO] [TC_LP_0003 - Verify the locked out user cannot log in]: Assertion passed: Element "locator('[data-test="error"]')" contains text "Epic sadface: Sorry, this user has been locked out.".
2026-09-28 14:00:31 [INFO] [TC_LP_0003 - Verify the locked out user cannot log in]: Assertion passed: All 1 elements contain text "Epic sadface: Sorry, this user has been locked out.".
2026-09-28 14:00:31 [INFO] [TC_LP_0003 - Verify the locked out user cannot log in]: Assertion passed: Error message contains expected text.
2026-09-28 14:00:32 [INFO] [TC_LP_0006 - Verify login fails when the password is missing]: Accessing Playwright Page object directly.
2026-09-28 14:00:32 [INFO] [TC_LP_0006 - Verify login fails when the password is missing]: Accessing Playwright Page object directly.
2026-09-28 14:00:32 [INFO] [TC_LP_0006 - Verify login fails when the password is missing]: Accessing Playwright Page object directly.
2026-09-28 14:00:32 [INFO] [TC_LP_0006 - Verify login fails when the password is missing]: Accessing Playwright Page object directly.
2026-09-28 14:00:32 [INFO] [TC_LP_0006 - Verify login fails when the password is missing]: Start of BeforeEach
2026-09-28 14:00:32 [INFO] [TC_LP_0006 - Verify login fails when the password is missing]: Navigating to the Sauce Demo login page...
2026-09-28 14:00:32 [INFO] [TC_LP_0006 - Verify login fails when the password is missing]: Navigating to URL: https://www.saucedemo.com/
2026-09-28 14:00:32 [INFO] [TC_LP_0006 - Verify login fails when the password is missing]: Accessing Playwright Page object directly.
2026-09-28 14:00:32 [INFO] [TC_LP_0002 - Verify the problem user can still reach the Products page]: Accessing Playwright Page object directly.
2026-09-28 14:00:32 [INFO] [TC_LP_0002 - Verify the problem user can still reach the Products page]: Accessing Playwright Page object directly.
2026-09-28 14:00:32 [INFO] [TC_LP_0002 - Verify the problem user can still reach the Products page]: Accessing Playwright Page object directly.
2026-09-28 14:00:32 [INFO] [TC_LP_0002 - Verify the problem user can still reach the Products page]: Accessing Playwright Page object directly.
2026-09-28 14:00:32 [INFO] [TC_LP_0002 - Verify the problem user can still reach the Products page]: Start of BeforeEach
2026-09-28 14:00:32 [INFO] [TC_LP_0002 - Verify the problem user can still reach the Products page]: Navigating to the Sauce Demo login page...
2026-09-28 14:00:32 [INFO] [TC_LP_0002 - Verify the problem user can still reach the Products page]: Navigating to URL: https://www.saucedemo.com/
2026-09-28 14:00:32 [INFO] [TC_LP_0002 - Verify the problem user can still reach the Products page]: Accessing Playwright Page object directly.
2026-09-28 14:00:32 [INFO] [TC_LP_0004 - Verify login fails with an invalid password]: Accessing Playwright Page object directly.
2026-09-28 14:00:32 [INFO] [TC_LP_0004 - Verify login fails with an invalid password]: Accessing Playwright Page object directly.
2026-09-28 14:00:32 [INFO] [TC_LP_0004 - Verify login fails with an invalid password]: Accessing Playwright Page object directly.
2026-09-28 14:00:32 [INFO] [TC_LP_0004 - Verify login fails with an invalid password]: Accessing Playwright Page object directly.
2026-09-28 14:00:32 [INFO] [TC_LP_0004 - Verify login fails with an invalid password]: Start of BeforeEach
2026-09-28 14:00:32 [INFO] [TC_LP_0004 - Verify login fails with an invalid password]: Navigating to the Sauce Demo login page...
2026-09-28 14:00:32 [INFO] [TC_LP_0004 - Verify login fails with an invalid password]: Navigating to URL: https://www.saucedemo.com/
2026-09-28 14:00:32 [INFO] [TC_LP_0004 - Verify login fails with an invalid password]: Accessing Playwright Page object directly.
2026-09-28 14:00:32 [INFO] [TC_LP_0006 - Verify login fails when the password is missing]: Accessing Playwright Page object directly.
2026-09-28 14:00:32 [INFO] [TC_LP_0006 - Verify login fails when the password is missing]: Successfully navigated to: https://www.saucedemo.com/
2026-09-28 14:00:32 [INFO] [TC_LP_0006 - Verify login fails when the password is missing]: Accessing Playwright Page object directly.
2026-09-28 14:00:32 [INFO] [TC_LP_0006 - Verify login fails when the password is missing]: Page loaded and stable after navigation.
2026-09-28 14:00:32 [INFO] [TC_LP_0006 - Verify login fails when the password is missing]: Waiting for element to be visible: "locator('#user-name')"
2026-09-28 14:00:32 [INFO] [TC_LP_0002 - Verify the problem user can still reach the Products page]: Accessing Playwright Page object directly.
2026-09-28 14:00:32 [INFO] [TC_LP_0002 - Verify the problem user can still reach the Products page]: Successfully navigated to: https://www.saucedemo.com/
2026-09-28 14:00:32 [INFO] [TC_LP_0002 - Verify the problem user can still reach the Products page]: Accessing Playwright Page object directly.
2026-09-28 14:00:32 [INFO] [TC_LP_0002 - Verify the problem user can still reach the Products page]: Page loaded and stable after navigation.
2026-09-28 14:00:32 [INFO] [TC_LP_0002 - Verify the problem user can still reach the Products page]: Waiting for element to be visible: "locator('#user-name')"
2026-09-28 14:00:32 [INFO] [TC_LP_0006 - Verify login fails when the password is missing]: Element is now visible: "locator('#user-name')"
2026-09-28 14:00:32 [INFO] [TC_LP_0006 - Verify login fails when the password is missing]: Landed on the Sauce Demo login page.
2026-09-28 14:00:32 [INFO] [TC_LP_0006 - Verify login fails when the password is missing]: End of BeforeEach
2026-09-28 14:00:32 [INFO] [TC_LP_0006 - Verify login fails when the password is missing]: Performing login action.
2026-09-28 14:00:32 [INFO] [TC_LP_0006 - Verify login fails when the password is missing]: Entering username: standard_user
2026-09-28 14:00:32 [INFO] [TC_LP_0006 - Verify login fails when the password is missing]: Filling element "locator('#user-name')" with value: "standard_user"
2026-09-28 14:00:32 [INFO] [TC_LP_0006 - Verify login fails when the password is missing]: Successfully filled element "locator('#user-name')" with value: "standard_user"
2026-09-28 14:00:32 [INFO] [TC_LP_0006 - Verify login fails when the password is missing]: Entering password.
2026-09-28 14:00:32 [INFO] [TC_LP_0006 - Verify login fails when the password is missing]: Filling element "locator('#password')" with value: ""
2026-09-28 14:00:32 [INFO] [TC_LP_0004 - Verify login fails with an invalid password]: Accessing Playwright Page object directly.
2026-09-28 14:00:32 [INFO] [TC_LP_0004 - Verify login fails with an invalid password]: Successfully navigated to: https://www.saucedemo.com/
2026-09-28 14:00:32 [INFO] [TC_LP_0004 - Verify login fails with an invalid password]: Accessing Playwright Page object directly.
2026-09-28 14:00:32 [INFO] [TC_LP_0004 - Verify login fails with an invalid password]: Page loaded and stable after navigation.
2026-09-28 14:00:32 [INFO] [TC_LP_0004 - Verify login fails with an invalid password]: Waiting for element to be visible: "locator('#user-name')"
2026-09-28 14:00:32 [INFO] [TC_LP_0006 - Verify login fails when the password is missing]: Successfully filled element "locator('#password')" with value: ""
2026-09-28 14:00:32 [INFO] [TC_LP_0002 - Verify the problem user can still reach the Products page]: Element is now visible: "locator('#user-name')"
2026-09-28 14:00:32 [INFO] [TC_LP_0006 - Verify login fails when the password is missing]: Clicking the Login button.
2026-09-28 14:00:32 [INFO] [TC_LP_0006 - Verify login fails when the password is missing]: Clicking on element with selector: "locator('#login-button')"
2026-09-28 14:00:32 [INFO] [TC_LP_0002 - Verify the problem user can still reach the Products page]: Landed on the Sauce Demo login page.
2026-09-28 14:00:32 [INFO] [TC_LP_0002 - Verify the problem user can still reach the Products page]: End of BeforeEach
2026-09-28 14:00:32 [INFO] [TC_LP_0002 - Verify the problem user can still reach the Products page]: Accessing Playwright Page object directly.
2026-09-28 14:00:33 [INFO] [TC_LP_0002 - Verify the problem user can still reach the Products page]: Accessing Playwright Page object directly.
2026-09-28 14:00:33 [INFO] [TC_LP_0002 - Verify the problem user can still reach the Products page]: Performing login action.
2026-09-28 14:00:33 [INFO] [TC_LP_0002 - Verify the problem user can still reach the Products page]: Entering username: problem_user
2026-09-28 14:00:33 [INFO] [TC_LP_0002 - Verify the problem user can still reach the Products page]: Filling element "locator('#user-name')" with value: "problem_user"
2026-09-28 14:00:33 [INFO] [TC_LP_0002 - Verify the problem user can still reach the Products page]: Successfully filled element "locator('#user-name')" with value: "problem_user"
2026-09-28 14:00:33 [INFO] [TC_LP_0002 - Verify the problem user can still reach the Products page]: Entering password.
2026-09-28 14:00:33 [INFO] [TC_LP_0002 - Verify the problem user can still reach the Products page]: Filling element "locator('#password')" with value: "secret_sauce"
2026-09-28 14:00:33 [INFO] [TC_LP_0002 - Verify the problem user can still reach the Products page]: Successfully filled element "locator('#password')" with value: "secret_sauce"
2026-09-28 14:00:33 [INFO] [TC_LP_0002 - Verify the problem user can still reach the Products page]: Clicking the Login button.
2026-09-28 14:00:33 [INFO] [TC_LP_0002 - Verify the problem user can still reach the Products page]: Clicking on element with selector: "locator('#login-button')"
2026-09-28 14:00:33 [INFO] [TC_LP_0004 - Verify login fails with an invalid password]: Element is now visible: "locator('#user-name')"
2026-09-28 14:00:33 [INFO] [TC_LP_0004 - Verify login fails with an invalid password]: Landed on the Sauce Demo login page.
2026-09-28 14:00:33 [INFO] [TC_LP_0004 - Verify login fails with an invalid password]: End of BeforeEach
2026-09-28 14:00:33 [INFO] [TC_LP_0004 - Verify login fails with an invalid password]: Performing login action.
2026-09-28 14:00:33 [INFO] [TC_LP_0004 - Verify login fails with an invalid password]: Entering username: standard_user
2026-09-28 14:00:33 [INFO] [TC_LP_0004 - Verify login fails with an invalid password]: Filling element "locator('#user-name')" with value: "standard_user"
2026-09-28 14:00:33 [INFO] [TC_LP_0004 - Verify login fails with an invalid password]: Successfully filled element "locator('#user-name')" with value: "standard_user"
2026-09-28 14:00:33 [INFO] [TC_LP_0004 - Verify login fails with an invalid password]: Entering password.
2026-09-28 14:00:33 [INFO] [TC_LP_0004 - Verify login fails with an invalid password]: Filling element "locator('#password')" with value: "wrong_password"
2026-09-28 14:00:33 [INFO] [TC_LP_0006 - Verify login fails when the password is missing]: Successfully clicked on element: "locator('#login-button')"
2026-09-28 14:00:33 [INFO] [TC_LP_0006 - Verify login fails when the password is missing]: Login action completed.
2026-09-28 14:00:33 [INFO] [TC_LP_0006 - Verify login fails when the password is missing]: Asserting login error message contains text: "Epic sadface: Password is required"
2026-09-28 14:00:33 [INFO] [TC_LP_0006 - Verify login fails when the password is missing]: Asserting 1 elements to contain text: "Epic sadface: Password is required"
2026-09-28 14:00:33 [INFO] [TC_LP_0006 - Verify login fails when the password is missing]: Asserting element "locator('[data-test="error"]')" to contain text: "Epic sadface: Password is required"
2026-09-28 14:00:33 [INFO] [TC_LP_0006 - Verify login fails when the password is missing]: Waiting for element to be visible: "locator('[data-test="error"]')"
2026-09-28 14:00:33 [INFO] [TC_LP_0006 - Verify login fails when the password is missing]: Element is now visible: "locator('[data-test="error"]')"
2026-09-28 14:00:33 [INFO] [TC_LP_0006 - Verify login fails when the password is missing]: Assertion passed: Element "locator('[data-test="error"]')" contains text "Epic sadface: Password is required".
2026-09-28 14:00:33 [INFO] [TC_LP_0004 - Verify login fails with an invalid password]: Successfully filled element "locator('#password')" with value: "wrong_password"
2026-09-28 14:00:33 [INFO] [TC_LP_0006 - Verify login fails when the password is missing]: Assertion passed: All 1 elements contain text "Epic sadface: Password is required".
2026-09-28 14:00:33 [INFO] [TC_LP_0006 - Verify login fails when the password is missing]: Assertion passed: Error message contains expected text.
2026-09-28 14:00:33 [INFO] [TC_LP_0004 - Verify login fails with an invalid password]: Clicking the Login button.
2026-09-28 14:00:33 [INFO] [TC_LP_0004 - Verify login fails with an invalid password]: Clicking on element with selector: "locator('#login-button')"
2026-09-28 14:00:33 [INFO] [TC_LP_0002 - Verify the problem user can still reach the Products page]: Successfully clicked on element: "locator('#login-button')"
2026-09-28 14:00:33 [INFO] [TC_LP_0002 - Verify the problem user can still reach the Products page]: Login action completed.
2026-09-28 14:00:33 [INFO] [TC_LP_0002 - Verify the problem user can still reach the Products page]: Asserting that landed in the Inventory (Products) Page.
2026-09-28 14:00:33 [INFO] [TC_LP_0002 - Verify the problem user can still reach the Products page]: Asserting element "locator('.app_logo')" to be visible.
2026-09-28 14:00:33 [INFO] [TC_LP_0002 - Verify the problem user can still reach the Products page]: Assertion passed: Element "locator('.app_logo')" is visible.
2026-09-28 14:00:33 [INFO] [TC_LP_0002 - Verify the problem user can still reach the Products page]: Asserting 1 elements to have text: "Products"
2026-09-28 14:00:33 [INFO] [TC_LP_0002 - Verify the problem user can still reach the Products page]: Asserting element "locator('.title')" to have text: "Products"
2026-09-28 14:00:33 [INFO] [TC_LP_0002 - Verify the problem user can still reach the Products page]: Waiting for element to be visible: "locator('.title')"
2026-09-28 14:00:33 [INFO] [TC_LP_0004 - Verify login fails with an invalid password]: Successfully clicked on element: "locator('#login-button')"
2026-09-28 14:00:33 [INFO] [TC_LP_0004 - Verify login fails with an invalid password]: Login action completed.
2026-09-28 14:00:33 [INFO] [TC_LP_0004 - Verify login fails with an invalid password]: Asserting login error message contains text: "Epic sadface: Username and password do not match any user in this service"
2026-09-28 14:00:33 [INFO] [TC_LP_0004 - Verify login fails with an invalid password]: Asserting 1 elements to contain text: "Epic sadface: Username and password do not match any user in this service"
2026-09-28 14:00:33 [INFO] [TC_LP_0004 - Verify login fails with an invalid password]: Asserting element "locator('[data-test="error"]')" to contain text: "Epic sadface: Username and password do not match any user in this service"
2026-09-28 14:00:33 [INFO] [TC_LP_0004 - Verify login fails with an invalid password]: Waiting for element to be visible: "locator('[data-test="error"]')"
2026-09-28 14:00:33 [INFO] [TC_LP_0002 - Verify the problem user can still reach the Products page]: Element is now visible: "locator('.title')"
2026-09-28 14:00:33 [INFO] [TC_LP_0004 - Verify login fails with an invalid password]: Element is now visible: "locator('[data-test="error"]')"
2026-09-28 14:00:33 [INFO] [TC_LP_0002 - Verify the problem user can still reach the Products page]: Assertion passed: Element "locator('.title')" has text "Products".
2026-09-28 14:00:33 [INFO] [TC_LP_0002 - Verify the problem user can still reach the Products page]: Assertion passed: All 1 elements have text "Products".
2026-09-28 14:00:33 [INFO] [TC_LP_0002 - Verify the problem user can still reach the Products page]: Assertion passed: Landed in Inventory Page.
2026-09-28 14:00:33 [INFO] [TC_LP_0004 - Verify login fails with an invalid password]: Assertion passed: Element "locator('[data-test="error"]')" contains text "Epic sadface: Username and password do not match any user in this service".
2026-09-28 14:00:33 [INFO] [TC_LP_0004 - Verify login fails with an invalid password]: Assertion passed: All 1 elements contain text "Epic sadface: Username and password do not match any user in this service".
2026-09-28 14:00:33 [INFO] [TC_LP_0004 - Verify login fails with an invalid password]: Assertion passed: Error message contains expected text.
2026-09-28 15:30:52 [INFO] [TC_CP_0001 - Verify added products appear in the cart with the correct item count]: Accessing Playwright Page object directly.
2026-09-28 15:30:52 [INFO] [TC_CP_0001 - Verify added products appear in the cart with the correct item count]: Accessing Playwright Page object directly.
2026-09-28 15:30:52 [INFO] [TC_CP_0001 - Verify added products appear in the cart with the correct item count]: Accessing Playwright Page object directly.
2026-09-28 15:30:52 [INFO] [TC_CP_0001 - Verify added products appear in the cart with the correct item count]: Accessing Playwright Page object directly.
2026-09-28 15:30:52 [INFO] [TC_CP_0001 - Verify added products appear in the cart with the correct item count]: Accessing Playwright Page object directly.
2026-09-28 15:30:52 [INFO] [TC_CP_0001 - Verify added products appear in the cart with the correct item count]: Accessing Playwright Page object directly.
2026-09-28 15:30:52 [INFO] [TC_CP_0001 - Verify added products appear in the cart with the correct item count]: Accessing Playwright Page object directly.
2026-09-28 15:30:52 [INFO] [TC_CP_0001 - Verify added products appear in the cart with the correct item count]: Accessing Playwright Page object directly.
2026-09-28 15:30:52 [INFO] [TC_CP_0001 - Verify added products appear in the cart with the correct item count]: Accessing Playwright Page object directly.
2026-09-28 15:30:52 [INFO] [TC_CP_0001 - Verify added products appear in the cart with the correct item count]: Accessing Playwright Page object directly.
2026-09-28 15:30:52 [INFO] [TC_CP_0001 - Verify added products appear in the cart with the correct item count]: Accessing Playwright Page object directly.
2026-09-28 15:30:52 [INFO] [TC_CP_0001 - Verify added products appear in the cart with the correct item count]: Accessing Playwright Page object directly.
2026-09-28 15:30:52 [INFO] [TC_CP_0001 - Verify added products appear in the cart with the correct item count]: Accessing Playwright Page object directly.
2026-09-28 15:30:52 [INFO] [TC_CP_0001 - Verify added products appear in the cart with the correct item count]: Accessing Playwright Page object directly.
2026-09-28 15:30:52 [INFO] [TC_CP_0001 - Verify added products appear in the cart with the correct item count]: Accessing Playwright Page object directly.
2026-09-28 15:30:52 [INFO] [TC_CP_0001 - Verify added products appear in the cart with the correct item count]: Accessing Playwright Page object directly.
2026-09-28 15:30:52 [INFO] [TC_CP_0001 - Verify added products appear in the cart with the correct item count]: Start of BeforeEach
2026-09-28 15:30:52 [INFO] [TC_CP_0001 - Verify added products appear in the cart with the correct item count]: Navigating to the Sauce Demo login page...
2026-09-28 15:30:52 [INFO] [TC_CP_0001 - Verify added products appear in the cart with the correct item count]: Navigating to URL: https://www.saucedemo.com/
2026-09-28 15:30:52 [INFO] [TC_CP_0001 - Verify added products appear in the cart with the correct item count]: Accessing Playwright Page object directly.
2026-09-28 15:30:52 [INFO] [TC_CP_0001 - Verify added products appear in the cart with the correct item count]: Accessing Playwright Page object directly.
2026-09-28 15:30:52 [INFO] [TC_CP_0001 - Verify added products appear in the cart with the correct item count]: Successfully navigated to: https://www.saucedemo.com/
2026-09-28 15:30:52 [INFO] [TC_CP_0001 - Verify added products appear in the cart with the correct item count]: Accessing Playwright Page object directly.
2026-09-28 15:30:52 [INFO] [TC_CP_0001 - Verify added products appear in the cart with the correct item count]: Page loaded and stable after navigation.
2026-09-28 15:30:52 [INFO] [TC_CP_0001 - Verify added products appear in the cart with the correct item count]: Waiting for element to be visible: "locator('#user-name')"
2026-09-28 15:30:52 [INFO] [TC_CP_0001 - Verify added products appear in the cart with the correct item count]: Element is now visible: "locator('#user-name')"
2026-09-28 15:30:52 [INFO] [TC_CP_0001 - Verify added products appear in the cart with the correct item count]: Landed on the Sauce Demo login page.
2026-09-28 15:30:52 [INFO] [TC_CP_0001 - Verify added products appear in the cart with the correct item count]: Performing login action.
2026-09-28 15:30:52 [INFO] [TC_CP_0001 - Verify added products appear in the cart with the correct item count]: Entering username: standard_user
2026-09-28 15:30:52 [INFO] [TC_CP_0001 - Verify added products appear in the cart with the correct item count]: Filling element "locator('#user-name')" with value: "standard_user"
2026-09-28 15:30:52 [INFO] [TC_CP_0002 - Verify removing an item from the cart page updates the cart]: Accessing Playwright Page object directly.
2026-09-28 15:30:52 [INFO] [TC_CP_0002 - Verify removing an item from the cart page updates the cart]: Accessing Playwright Page object directly.
2026-09-28 15:30:52 [INFO] [TC_CP_0002 - Verify removing an item from the cart page updates the cart]: Accessing Playwright Page object directly.
2026-09-28 15:30:52 [INFO] [TC_CP_0002 - Verify removing an item from the cart page updates the cart]: Accessing Playwright Page object directly.
2026-09-28 15:30:52 [INFO] [TC_CP_0002 - Verify removing an item from the cart page updates the cart]: Accessing Playwright Page object directly.
2026-09-28 15:30:52 [INFO] [TC_CP_0002 - Verify removing an item from the cart page updates the cart]: Accessing Playwright Page object directly.
2026-09-28 15:30:52 [INFO] [TC_CP_0002 - Verify removing an item from the cart page updates the cart]: Accessing Playwright Page object directly.
2026-09-28 15:30:52 [INFO] [TC_CP_0002 - Verify removing an item from the cart page updates the cart]: Accessing Playwright Page object directly.
2026-09-28 15:30:52 [INFO] [TC_CP_0002 - Verify removing an item from the cart page updates the cart]: Accessing Playwright Page object directly.
2026-09-28 15:30:52 [INFO] [TC_CP_0002 - Verify removing an item from the cart page updates the cart]: Accessing Playwright Page object directly.
2026-09-28 15:30:52 [INFO] [TC_CP_0002 - Verify removing an item from the cart page updates the cart]: Accessing Playwright Page object directly.
2026-09-28 15:30:52 [INFO] [TC_CP_0002 - Verify removing an item from the cart page updates the cart]: Accessing Playwright Page object directly.
2026-09-28 15:30:52 [INFO] [TC_CP_0002 - Verify removing an item from the cart page updates the cart]: Accessing Playwright Page object directly.
2026-09-28 15:30:52 [INFO] [TC_CP_0002 - Verify removing an item from the cart page updates the cart]: Accessing Playwright Page object directly.
2026-09-28 15:30:52 [INFO] [TC_CP_0002 - Verify removing an item from the cart page updates the cart]: Accessing Playwright Page object directly.
2026-09-28 15:30:52 [INFO] [TC_CP_0002 - Verify removing an item from the cart page updates the cart]: Accessing Playwright Page object directly.
2026-09-28 15:30:52 [INFO] [TC_CP_0002 - Verify removing an item from the cart page updates the cart]: Start of BeforeEach
2026-09-28 15:30:52 [INFO] [TC_CP_0002 - Verify removing an item from the cart page updates the cart]: Navigating to the Sauce Demo login page...
2026-09-28 15:30:52 [INFO] [TC_CP_0002 - Verify removing an item from the cart page updates the cart]: Navigating to URL: https://www.saucedemo.com/
2026-09-28 15:30:52 [INFO] [TC_CP_0002 - Verify removing an item from the cart page updates the cart]: Accessing Playwright Page object directly.
2026-09-28 15:30:52 [INFO] [TC_CP_0001 - Verify added products appear in the cart with the correct item count]: Successfully filled element "locator('#user-name')" with value: "standard_user"
2026-09-28 15:30:52 [INFO] [TC_CP_0001 - Verify added products appear in the cart with the correct item count]: Entering password.
2026-09-28 15:30:52 [INFO] [TC_CP_0001 - Verify added products appear in the cart with the correct item count]: Filling element "locator('#password')" with value: "secret_sauce"
2026-09-28 15:30:52 [INFO] [TC_CP_0004 - Verify Checkout navigates to the checkout information page]: Accessing Playwright Page object directly.
2026-09-28 15:30:52 [INFO] [TC_CP_0004 - Verify Checkout navigates to the checkout information page]: Accessing Playwright Page object directly.
2026-09-28 15:30:52 [INFO] [TC_CP_0004 - Verify Checkout navigates to the checkout information page]: Accessing Playwright Page object directly.
2026-09-28 15:30:52 [INFO] [TC_CP_0004 - Verify Checkout navigates to the checkout information page]: Accessing Playwright Page object directly.
2026-09-28 15:30:52 [INFO] [TC_CP_0004 - Verify Checkout navigates to the checkout information page]: Accessing Playwright Page object directly.
2026-09-28 15:30:52 [INFO] [TC_CP_0004 - Verify Checkout navigates to the checkout information page]: Accessing Playwright Page object directly.
2026-09-28 15:30:52 [INFO] [TC_CP_0004 - Verify Checkout navigates to the checkout information page]: Accessing Playwright Page object directly.
2026-09-28 15:30:52 [INFO] [TC_CP_0004 - Verify Checkout navigates to the checkout information page]: Accessing Playwright Page object directly.
2026-09-28 15:30:52 [INFO] [TC_CP_0004 - Verify Checkout navigates to the checkout information page]: Accessing Playwright Page object directly.
2026-09-28 15:30:52 [INFO] [TC_CP_0004 - Verify Checkout navigates to the checkout information page]: Accessing Playwright Page object directly.
2026-09-28 15:30:52 [INFO] [TC_CP_0004 - Verify Checkout navigates to the checkout information page]: Accessing Playwright Page object directly.
2026-09-28 15:30:52 [INFO] [TC_CP_0004 - Verify Checkout navigates to the checkout information page]: Accessing Playwright Page object directly.
2026-09-28 15:30:52 [INFO] [TC_CP_0004 - Verify Checkout navigates to the checkout information page]: Accessing Playwright Page object directly.
2026-09-28 15:30:52 [INFO] [TC_CP_0004 - Verify Checkout navigates to the checkout information page]: Accessing Playwright Page object directly.
2026-09-28 15:30:52 [INFO] [TC_CP_0004 - Verify Checkout navigates to the checkout information page]: Accessing Playwright Page object directly.
2026-09-28 15:30:52 [INFO] [TC_CP_0004 - Verify Checkout navigates to the checkout information page]: Accessing Playwright Page object directly.
2026-09-28 15:30:52 [INFO] [TC_CP_0004 - Verify Checkout navigates to the checkout information page]: Start of BeforeEach
2026-09-28 15:30:52 [INFO] [TC_CP_0004 - Verify Checkout navigates to the checkout information page]: Navigating to the Sauce Demo login page...
2026-09-28 15:30:52 [INFO] [TC_CP_0004 - Verify Checkout navigates to the checkout information page]: Navigating to URL: https://www.saucedemo.com/
2026-09-28 15:30:52 [INFO] [TC_CP_0004 - Verify Checkout navigates to the checkout information page]: Accessing Playwright Page object directly.
2026-09-28 15:30:52 [INFO] [TC_CP_0001 - Verify added products appear in the cart with the correct item count]: Successfully filled element "locator('#password')" with value: "secret_sauce"
2026-09-28 15:30:52 [INFO] [TC_CP_0003 - Verify Continue Shopping returns to the Products page]: Accessing Playwright Page object directly.
2026-09-28 15:30:52 [INFO] [TC_CP_0003 - Verify Continue Shopping returns to the Products page]: Accessing Playwright Page object directly.
2026-09-28 15:30:52 [INFO] [TC_CP_0003 - Verify Continue Shopping returns to the Products page]: Accessing Playwright Page object directly.
2026-09-28 15:30:52 [INFO] [TC_CP_0003 - Verify Continue Shopping returns to the Products page]: Accessing Playwright Page object directly.
2026-09-28 15:30:52 [INFO] [TC_CP_0003 - Verify Continue Shopping returns to the Products page]: Accessing Playwright Page object directly.
2026-09-28 15:30:52 [INFO] [TC_CP_0003 - Verify Continue Shopping returns to the Products page]: Accessing Playwright Page object directly.
2026-09-28 15:30:52 [INFO] [TC_CP_0003 - Verify Continue Shopping returns to the Products page]: Accessing Playwright Page object directly.
2026-09-28 15:30:52 [INFO] [TC_CP_0003 - Verify Continue Shopping returns to the Products page]: Accessing Playwright Page object directly.
2026-09-28 15:30:52 [INFO] [TC_CP_0003 - Verify Continue Shopping returns to the Products page]: Accessing Playwright Page object directly.
2026-09-28 15:30:52 [INFO] [TC_CP_0003 - Verify Continue Shopping returns to the Products page]: Accessing Playwright Page object directly.
2026-09-28 15:30:52 [INFO] [TC_CP_0003 - Verify Continue Shopping returns to the Products page]: Accessing Playwright Page object directly.
2026-09-28 15:30:52 [INFO] [TC_CP_0003 - Verify Continue Shopping returns to the Products page]: Accessing Playwright Page object directly.
2026-09-28 15:30:52 [INFO] [TC_CP_0003 - Verify Continue Shopping returns to the Products page]: Accessing Playwright Page object directly.
2026-09-28 15:30:52 [INFO] [TC_CP_0003 - Verify Continue Shopping returns to the Products page]: Accessing Playwright Page object directly.
2026-09-28 15:30:52 [INFO] [TC_CP_0003 - Verify Continue Shopping returns to the Products page]: Accessing Playwright Page object directly.
2026-09-28 15:30:52 [INFO] [TC_CP_0003 - Verify Continue Shopping returns to the Products page]: Accessing Playwright Page object directly.
2026-09-28 15:30:52 [INFO] [TC_CP_0003 - Verify Continue Shopping returns to the Products page]: Start of BeforeEach
2026-09-28 15:30:52 [INFO] [TC_CP_0003 - Verify Continue Shopping returns to the Products page]: Navigating to the Sauce Demo login page...
2026-09-28 15:30:52 [INFO] [TC_CP_0003 - Verify Continue Shopping returns to the Products page]: Navigating to URL: https://www.saucedemo.com/
2026-09-28 15:30:52 [INFO] [TC_CP_0003 - Verify Continue Shopping returns to the Products page]: Accessing Playwright Page object directly.
2026-09-28 15:30:52 [INFO] [TC_CP_0001 - Verify added products appear in the cart with the correct item count]: Clicking the Login button.
2026-09-28 15:30:52 [INFO] [TC_CP_0001 - Verify added products appear in the cart with the correct item count]: Clicking on element with selector: "locator('#login-button')"
2026-09-28 15:30:53 [INFO] [TC_CP_0004 - Verify Checkout navigates to the checkout information page]: Accessing Playwright Page object directly.
2026-09-28 15:30:53 [INFO] [TC_CP_0004 - Verify Checkout navigates to the checkout information page]: Successfully navigated to: https://www.saucedemo.com/
2026-09-28 15:30:53 [INFO] [TC_CP_0004 - Verify Checkout navigates to the checkout information page]: Accessing Playwright Page object directly.
2026-09-28 15:30:53 [INFO] [TC_CP_0004 - Verify Checkout navigates to the checkout information page]: Page loaded and stable after navigation.
2026-09-28 15:30:53 [INFO] [TC_CP_0004 - Verify Checkout navigates to the checkout information page]: Waiting for element to be visible: "locator('#user-name')"
2026-09-28 15:30:53 [INFO] [TC_CP_0002 - Verify removing an item from the cart page updates the cart]: Accessing Playwright Page object directly.
2026-09-28 15:30:53 [INFO] [TC_CP_0002 - Verify removing an item from the cart page updates the cart]: Successfully navigated to: https://www.saucedemo.com/
2026-09-28 15:30:53 [INFO] [TC_CP_0002 - Verify removing an item from the cart page updates the cart]: Accessing Playwright Page object directly.
2026-09-28 15:30:53 [INFO] [TC_CP_0002 - Verify removing an item from the cart page updates the cart]: Page loaded and stable after navigation.
2026-09-28 15:30:53 [INFO] [TC_CP_0002 - Verify removing an item from the cart page updates the cart]: Waiting for element to be visible: "locator('#user-name')"
2026-09-28 15:30:53 [INFO] [TC_CP_0004 - Verify Checkout navigates to the checkout information page]: Element is now visible: "locator('#user-name')"
2026-09-28 15:30:53 [INFO] [TC_CP_0004 - Verify Checkout navigates to the checkout information page]: Landed on the Sauce Demo login page.
2026-09-28 15:30:53 [INFO] [TC_CP_0004 - Verify Checkout navigates to the checkout information page]: Performing login action.
2026-09-28 15:30:53 [INFO] [TC_CP_0004 - Verify Checkout navigates to the checkout information page]: Entering username: standard_user
2026-09-28 15:30:53 [INFO] [TC_CP_0004 - Verify Checkout navigates to the checkout information page]: Filling element "locator('#user-name')" with value: "standard_user"
2026-09-28 15:30:53 [INFO] [TC_CP_0004 - Verify Checkout navigates to the checkout information page]: Successfully filled element "locator('#user-name')" with value: "standard_user"
2026-09-28 15:30:53 [INFO] [TC_CP_0004 - Verify Checkout navigates to the checkout information page]: Entering password.
2026-09-28 15:30:53 [INFO] [TC_CP_0004 - Verify Checkout navigates to the checkout information page]: Filling element "locator('#password')" with value: "secret_sauce"
2026-09-28 15:30:53 [INFO] [TC_CP_0004 - Verify Checkout navigates to the checkout information page]: Successfully filled element "locator('#password')" with value: "secret_sauce"
2026-09-28 15:30:53 [INFO] [TC_CP_0004 - Verify Checkout navigates to the checkout information page]: Clicking the Login button.
2026-09-28 15:30:53 [INFO] [TC_CP_0004 - Verify Checkout navigates to the checkout information page]: Clicking on element with selector: "locator('#login-button')"
2026-09-28 15:30:53 [INFO] [TC_CP_0003 - Verify Continue Shopping returns to the Products page]: Accessing Playwright Page object directly.
2026-09-28 15:30:53 [INFO] [TC_CP_0003 - Verify Continue Shopping returns to the Products page]: Successfully navigated to: https://www.saucedemo.com/
2026-09-28 15:30:53 [INFO] [TC_CP_0003 - Verify Continue Shopping returns to the Products page]: Accessing Playwright Page object directly.
2026-09-28 15:30:53 [INFO] [TC_CP_0003 - Verify Continue Shopping returns to the Products page]: Page loaded and stable after navigation.
2026-09-28 15:30:53 [INFO] [TC_CP_0003 - Verify Continue Shopping returns to the Products page]: Waiting for element to be visible: "locator('#user-name')"
2026-09-28 15:30:53 [INFO] [TC_CP_0004 - Verify Checkout navigates to the checkout information page]: Successfully clicked on element: "locator('#login-button')"
2026-09-28 15:30:53 [INFO] [TC_CP_0004 - Verify Checkout navigates to the checkout information page]: Login action completed.
2026-09-28 15:30:53 [INFO] [TC_CP_0004 - Verify Checkout navigates to the checkout information page]: Adding product to cart: "Sauce Labs Backpack"
2026-09-28 15:30:53 [INFO] [TC_CP_0004 - Verify Checkout navigates to the checkout information page]: Accessing Playwright Page object directly.
2026-09-28 15:30:53 [INFO] [TC_CP_0004 - Verify Checkout navigates to the checkout information page]: Clicking on element with selector: "locator('.inventory_item').filter({ has: locator('.inventory_item_name').filter({ hasText: 'Sauce Labs Backpack' }) }).locator('button.btn_inventory')"
2026-09-28 15:30:53 [INFO] [TC_CP_0001 - Verify added products appear in the cart with the correct item count]: Successfully clicked on element: "locator('#login-button')"
2026-09-28 15:30:53 [INFO] [TC_CP_0001 - Verify added products appear in the cart with the correct item count]: Login action completed.
2026-09-28 15:30:53 [INFO] [TC_CP_0001 - Verify added products appear in the cart with the correct item count]: Adding product to cart: "Sauce Labs Backpack"
2026-09-28 15:30:53 [INFO] [TC_CP_0001 - Verify added products appear in the cart with the correct item count]: Accessing Playwright Page object directly.
2026-09-28 15:30:53 [INFO] [TC_CP_0001 - Verify added products appear in the cart with the correct item count]: Clicking on element with selector: "locator('.inventory_item').filter({ has: locator('.inventory_item_name').filter({ hasText: 'Sauce Labs Backpack' }) }).locator('button.btn_inventory')"
2026-09-28 15:30:53 [INFO] [TC_CP_0002 - Verify removing an item from the cart page updates the cart]: Element is now visible: "locator('#user-name')"
2026-09-28 15:30:53 [INFO] [TC_CP_0003 - Verify Continue Shopping returns to the Products page]: Element is now visible: "locator('#user-name')"
2026-09-28 15:30:53 [INFO] [TC_CP_0002 - Verify removing an item from the cart page updates the cart]: Landed on the Sauce Demo login page.
2026-09-28 15:30:53 [INFO] [TC_CP_0002 - Verify removing an item from the cart page updates the cart]: Performing login action.
2026-09-28 15:30:53 [INFO] [TC_CP_0002 - Verify removing an item from the cart page updates the cart]: Entering username: standard_user
2026-09-28 15:30:53 [INFO] [TC_CP_0002 - Verify removing an item from the cart page updates the cart]: Filling element "locator('#user-name')" with value: "standard_user"
2026-09-28 15:30:53 [INFO] [TC_CP_0003 - Verify Continue Shopping returns to the Products page]: Landed on the Sauce Demo login page.
2026-09-28 15:30:53 [INFO] [TC_CP_0003 - Verify Continue Shopping returns to the Products page]: Performing login action.
2026-09-28 15:30:53 [INFO] [TC_CP_0003 - Verify Continue Shopping returns to the Products page]: Entering username: standard_user
2026-09-28 15:30:53 [INFO] [TC_CP_0003 - Verify Continue Shopping returns to the Products page]: Filling element "locator('#user-name')" with value: "standard_user"
2026-09-28 15:30:53 [INFO] [TC_CP_0004 - Verify Checkout navigates to the checkout information page]: Successfully clicked on element: "locator('.inventory_item').filter({ has: locator('.inventory_item_name').filter({ hasText: 'Sauce Labs Backpack' }) }).locator('button.btn_inventory')"
2026-09-28 15:30:53 [INFO] [TC_CP_0004 - Verify Checkout navigates to the checkout information page]: Adding product to cart: "Sauce Labs Bike Light"
2026-09-28 15:30:53 [INFO] [TC_CP_0004 - Verify Checkout navigates to the checkout information page]: Accessing Playwright Page object directly.
2026-09-28 15:30:53 [INFO] [TC_CP_0004 - Verify Checkout navigates to the checkout information page]: Clicking on element with selector: "locator('.inventory_item').filter({ has: locator('.inventory_item_name').filter({ hasText: 'Sauce Labs Bike Light' }) }).locator('button.btn_inventory')"
2026-09-28 15:30:53 [INFO] [TC_CP_0004 - Verify Checkout navigates to the checkout information page]: Successfully clicked on element: "locator('.inventory_item').filter({ has: locator('.inventory_item_name').filter({ hasText: 'Sauce Labs Bike Light' }) }).locator('button.btn_inventory')"
2026-09-28 15:30:53 [INFO] [TC_CP_0004 - Verify Checkout navigates to the checkout information page]: Opening the cart.
2026-09-28 15:30:53 [INFO] [TC_CP_0004 - Verify Checkout navigates to the checkout information page]: Clicking on element with selector: "locator('.shopping_cart_link')"
2026-09-28 15:30:53 [INFO] [TC_CP_0002 - Verify removing an item from the cart page updates the cart]: Successfully filled element "locator('#user-name')" with value: "standard_user"
2026-09-28 15:30:53 [INFO] [TC_CP_0002 - Verify removing an item from the cart page updates the cart]: Entering password.
2026-09-28 15:30:53 [INFO] [TC_CP_0002 - Verify removing an item from the cart page updates the cart]: Filling element "locator('#password')" with value: "secret_sauce"
2026-09-28 15:30:53 [INFO] [TC_CP_0003 - Verify Continue Shopping returns to the Products page]: Successfully filled element "locator('#user-name')" with value: "standard_user"
2026-09-28 15:30:53 [INFO] [TC_CP_0003 - Verify Continue Shopping returns to the Products page]: Entering password.
2026-09-28 15:30:53 [INFO] [TC_CP_0003 - Verify Continue Shopping returns to the Products page]: Filling element "locator('#password')" with value: "secret_sauce"
2026-09-28 15:30:53 [INFO] [TC_CP_0004 - Verify Checkout navigates to the checkout information page]: Successfully clicked on element: "locator('.shopping_cart_link')"
2026-09-28 15:30:53 [INFO] [TC_CP_0004 - Verify Checkout navigates to the checkout information page]: End of BeforeEach
2026-09-28 15:30:53 [INFO] [TC_CP_0004 - Verify Checkout navigates to the checkout information page]: Accessing Playwright Page object directly.
2026-09-28 15:30:53 [INFO] [TC_CP_0004 - Verify Checkout navigates to the checkout information page]: Accessing Playwright Page object directly.
2026-09-28 15:30:53 [INFO] [TC_CP_0004 - Verify Checkout navigates to the checkout information page]: Accessing Playwright Page object directly.
2026-09-28 15:30:53 [INFO] [TC_CP_0004 - Verify Checkout navigates to the checkout information page]: Accessing Playwright Page object directly.
2026-09-28 15:30:53 [INFO] [TC_CP_0004 - Verify Checkout navigates to the checkout information page]: Accessing Playwright Page object directly.
2026-09-28 15:30:53 [INFO] [TC_CP_0004 - Verify Checkout navigates to the checkout information page]: Accessing Playwright Page object directly.
2026-09-28 15:30:53 [INFO] [TC_CP_0004 - Verify Checkout navigates to the checkout information page]: Accessing Playwright Page object directly.
2026-09-28 15:30:53 [INFO] [TC_CP_0004 - Verify Checkout navigates to the checkout information page]: Accessing Playwright Page object directly.
2026-09-28 15:30:53 [INFO] [TC_CP_0004 - Verify Checkout navigates to the checkout information page]: Accessing Playwright Page object directly.
2026-09-28 15:30:53 [INFO] [TC_CP_0004 - Verify Checkout navigates to the checkout information page]: Accessing Playwright Page object directly.
2026-09-28 15:30:53 [INFO] [TC_CP_0004 - Verify Checkout navigates to the checkout information page]: Proceeding to checkout.
2026-09-28 15:30:53 [INFO] [TC_CP_0004 - Verify Checkout navigates to the checkout information page]: Clicking on element with selector: "locator('#checkout')"
2026-09-28 15:30:53 [INFO] [TC_CP_0001 - Verify added products appear in the cart with the correct item count]: Successfully clicked on element: "locator('.inventory_item').filter({ has: locator('.inventory_item_name').filter({ hasText: 'Sauce Labs Backpack' }) }).locator('button.btn_inventory')"
2026-09-28 15:30:53 [INFO] [TC_CP_0001 - Verify added products appear in the cart with the correct item count]: Adding product to cart: "Sauce Labs Bike Light"
2026-09-28 15:30:53 [INFO] [TC_CP_0001 - Verify added products appear in the cart with the correct item count]: Accessing Playwright Page object directly.
2026-09-28 15:30:53 [INFO] [TC_CP_0001 - Verify added products appear in the cart with the correct item count]: Clicking on element with selector: "locator('.inventory_item').filter({ has: locator('.inventory_item_name').filter({ hasText: 'Sauce Labs Bike Light' }) }).locator('button.btn_inventory')"
2026-09-28 15:30:53 [INFO] [TC_CP_0004 - Verify Checkout navigates to the checkout information page]: Successfully clicked on element: "locator('#checkout')"
2026-09-28 15:30:53 [INFO] [TC_CP_0003 - Verify Continue Shopping returns to the Products page]: Successfully filled element "locator('#password')" with value: "secret_sauce"
2026-09-28 15:30:53 [INFO] [TC_CP_0003 - Verify Continue Shopping returns to the Products page]: Clicking the Login button.
2026-09-28 15:30:53 [INFO] [TC_CP_0003 - Verify Continue Shopping returns to the Products page]: Clicking on element with selector: "locator('#login-button')"
2026-09-28 15:30:53 [INFO] [TC_CP_0002 - Verify removing an item from the cart page updates the cart]: Successfully filled element "locator('#password')" with value: "secret_sauce"
2026-09-28 15:30:53 [INFO] [TC_CP_0002 - Verify removing an item from the cart page updates the cart]: Clicking the Login button.
2026-09-28 15:30:53 [INFO] [TC_CP_0002 - Verify removing an item from the cart page updates the cart]: Clicking on element with selector: "locator('#login-button')"
2026-09-28 15:30:53 [INFO] [TC_CP_0004 - Verify Checkout navigates to the checkout information page]: Asserting page URL to be: "/checkout-step-one\.html/"
2026-09-28 15:30:53 [INFO] [TC_CP_0004 - Verify Checkout navigates to the checkout information page]: Assertion passed: Page URL is "https://www.saucedemo.com/checkout-step-one.html".
2026-09-28 15:30:53 [INFO] [TC_CP_0001 - Verify added products appear in the cart with the correct item count]: Successfully clicked on element: "locator('.inventory_item').filter({ has: locator('.inventory_item_name').filter({ hasText: 'Sauce Labs Bike Light' }) }).locator('button.btn_inventory')"
2026-09-28 15:30:53 [INFO] [TC_CP_0001 - Verify added products appear in the cart with the correct item count]: Opening the cart.
2026-09-28 15:30:53 [INFO] [TC_CP_0001 - Verify added products appear in the cart with the correct item count]: Clicking on element with selector: "locator('.shopping_cart_link')"
2026-09-28 15:30:53 [INFO] [TC_CP_0001 - Verify added products appear in the cart with the correct item count]: Successfully clicked on element: "locator('.shopping_cart_link')"
2026-09-28 15:30:53 [INFO] [TC_CP_0001 - Verify added products appear in the cart with the correct item count]: End of BeforeEach
2026-09-28 15:30:53 [INFO] [TC_CP_0001 - Verify added products appear in the cart with the correct item count]: Accessing Playwright Page object directly.
2026-09-28 15:30:53 [INFO] [TC_CP_0001 - Verify added products appear in the cart with the correct item count]: Accessing Playwright Page object directly.
2026-09-28 15:30:53 [INFO] [TC_CP_0001 - Verify added products appear in the cart with the correct item count]: Accessing Playwright Page object directly.
2026-09-28 15:30:53 [INFO] [TC_CP_0001 - Verify added products appear in the cart with the correct item count]: Accessing Playwright Page object directly.
2026-09-28 15:30:53 [INFO] [TC_CP_0001 - Verify added products appear in the cart with the correct item count]: Asserting cart item count to be: 2
2026-09-28 15:30:53 [INFO] [TC_CP_0001 - Verify added products appear in the cart with the correct item count]: Asserting value to be: "2"
2026-09-28 15:30:53 [INFO] [TC_CP_0002 - Verify removing an item from the cart page updates the cart]: Successfully clicked on element: "locator('#login-button')"
2026-09-28 15:30:53 [INFO] [TC_CP_0001 - Verify added products appear in the cart with the correct item count]: Assertion passed: Value is "2".
2026-09-28 15:30:53 [INFO] [TC_CP_0001 - Verify added products appear in the cart with the correct item count]: Asserting product is in the cart: "Sauce Labs Backpack"
2026-09-28 15:30:53 [INFO] [TC_CP_0001 - Verify added products appear in the cart with the correct item count]: Accessing Playwright Page object directly.
2026-09-28 15:30:53 [INFO] [TC_CP_0001 - Verify added products appear in the cart with the correct item count]: Asserting element "locator('.cart_item').filter({ has: locator('.inventory_item_name').filter({ hasText: 'Sauce Labs Backpack' }) })" to be visible.
2026-09-28 15:30:53 [INFO] [TC_CP_0002 - Verify removing an item from the cart page updates the cart]: Login action completed.
2026-09-28 15:30:53 [INFO] [TC_CP_0002 - Verify removing an item from the cart page updates the cart]: Adding product to cart: "Sauce Labs Backpack"
2026-09-28 15:30:53 [INFO] [TC_CP_0002 - Verify removing an item from the cart page updates the cart]: Accessing Playwright Page object directly.
2026-09-28 15:30:53 [INFO] [TC_CP_0002 - Verify removing an item from the cart page updates the cart]: Clicking on element with selector: "locator('.inventory_item').filter({ has: locator('.inventory_item_name').filter({ hasText: 'Sauce Labs Backpack' }) }).locator('button.btn_inventory')"
2026-09-28 15:30:54 [INFO] [TC_CP_0003 - Verify Continue Shopping returns to the Products page]: Successfully clicked on element: "locator('#login-button')"
2026-09-28 15:30:54 [INFO] [TC_CP_0003 - Verify Continue Shopping returns to the Products page]: Login action completed.
2026-09-28 15:30:54 [INFO] [TC_CP_0003 - Verify Continue Shopping returns to the Products page]: Adding product to cart: "Sauce Labs Backpack"
2026-09-28 15:30:54 [INFO] [TC_CP_0003 - Verify Continue Shopping returns to the Products page]: Accessing Playwright Page object directly.
2026-09-28 15:30:54 [INFO] [TC_CP_0003 - Verify Continue Shopping returns to the Products page]: Clicking on element with selector: "locator('.inventory_item').filter({ has: locator('.inventory_item_name').filter({ hasText: 'Sauce Labs Backpack' }) }).locator('button.btn_inventory')"
2026-09-28 15:30:54 [INFO] [TC_CP_0001 - Verify added products appear in the cart with the correct item count]: Assertion passed: Element "locator('.cart_item').filter({ has: locator('.inventory_item_name').filter({ hasText: 'Sauce Labs Backpack' }) })" is visible.
2026-09-28 15:30:54 [INFO] [TC_CP_0001 - Verify added products appear in the cart with the correct item count]: Asserting product is in the cart: "Sauce Labs Bike Light"
2026-09-28 15:30:54 [INFO] [TC_CP_0001 - Verify added products appear in the cart with the correct item count]: Accessing Playwright Page object directly.
2026-09-28 15:30:54 [INFO] [TC_CP_0001 - Verify added products appear in the cart with the correct item count]: Asserting element "locator('.cart_item').filter({ has: locator('.inventory_item_name').filter({ hasText: 'Sauce Labs Bike Light' }) })" to be visible.
2026-09-28 15:30:54 [INFO] [TC_CP_0001 - Verify added products appear in the cart with the correct item count]: Assertion passed: Element "locator('.cart_item').filter({ has: locator('.inventory_item_name').filter({ hasText: 'Sauce Labs Bike Light' }) })" is visible.
2026-09-28 15:30:54 [INFO] [TC_CP_0002 - Verify removing an item from the cart page updates the cart]: Successfully clicked on element: "locator('.inventory_item').filter({ has: locator('.inventory_item_name').filter({ hasText: 'Sauce Labs Backpack' }) }).locator('button.btn_inventory')"
2026-09-28 15:30:54 [INFO] [TC_CP_0002 - Verify removing an item from the cart page updates the cart]: Adding product to cart: "Sauce Labs Bike Light"
2026-09-28 15:30:54 [INFO] [TC_CP_0002 - Verify removing an item from the cart page updates the cart]: Accessing Playwright Page object directly.
2026-09-28 15:30:54 [INFO] [TC_CP_0002 - Verify removing an item from the cart page updates the cart]: Clicking on element with selector: "locator('.inventory_item').filter({ has: locator('.inventory_item_name').filter({ hasText: 'Sauce Labs Bike Light' }) }).locator('button.btn_inventory')"
2026-09-28 15:30:54 [INFO] [TC_CP_0003 - Verify Continue Shopping returns to the Products page]: Successfully clicked on element: "locator('.inventory_item').filter({ has: locator('.inventory_item_name').filter({ hasText: 'Sauce Labs Backpack' }) }).locator('button.btn_inventory')"
2026-09-28 15:30:54 [INFO] [TC_CP_0003 - Verify Continue Shopping returns to the Products page]: Adding product to cart: "Sauce Labs Bike Light"
2026-09-28 15:30:54 [INFO] [TC_CP_0003 - Verify Continue Shopping returns to the Products page]: Accessing Playwright Page object directly.
2026-09-28 15:30:54 [INFO] [TC_CP_0003 - Verify Continue Shopping returns to the Products page]: Clicking on element with selector: "locator('.inventory_item').filter({ has: locator('.inventory_item_name').filter({ hasText: 'Sauce Labs Bike Light' }) }).locator('button.btn_inventory')"
2026-09-28 15:30:54 [INFO] [TC_CP_0002 - Verify removing an item from the cart page updates the cart]: Successfully clicked on element: "locator('.inventory_item').filter({ has: locator('.inventory_item_name').filter({ hasText: 'Sauce Labs Bike Light' }) }).locator('button.btn_inventory')"
2026-09-28 15:30:54 [INFO] [TC_CP_0002 - Verify removing an item from the cart page updates the cart]: Opening the cart.
2026-09-28 15:30:54 [INFO] [TC_CP_0002 - Verify removing an item from the cart page updates the cart]: Clicking on element with selector: "locator('.shopping_cart_link')"
2026-09-28 15:30:54 [INFO] [TC_CP_0003 - Verify Continue Shopping returns to the Products page]: Successfully clicked on element: "locator('.inventory_item').filter({ has: locator('.inventory_item_name').filter({ hasText: 'Sauce Labs Bike Light' }) }).locator('button.btn_inventory')"
2026-09-28 15:30:54 [INFO] [TC_CP_0003 - Verify Continue Shopping returns to the Products page]: Opening the cart.
2026-09-28 15:30:54 [INFO] [TC_CP_0003 - Verify Continue Shopping returns to the Products page]: Clicking on element with selector: "locator('.shopping_cart_link')"
2026-09-28 15:30:54 [INFO] [TC_CP_0002 - Verify removing an item from the cart page updates the cart]: Successfully clicked on element: "locator('.shopping_cart_link')"
2026-09-28 15:30:54 [INFO] [TC_CP_0002 - Verify removing an item from the cart page updates the cart]: End of BeforeEach
2026-09-28 15:30:54 [INFO] [TC_CP_0002 - Verify removing an item from the cart page updates the cart]: Accessing Playwright Page object directly.
2026-09-28 15:30:54 [INFO] [TC_CP_0002 - Verify removing an item from the cart page updates the cart]: Accessing Playwright Page object directly.
2026-09-28 15:30:54 [INFO] [TC_CP_0002 - Verify removing an item from the cart page updates the cart]: Accessing Playwright Page object directly.
2026-09-28 15:30:54 [INFO] [TC_CP_0002 - Verify removing an item from the cart page updates the cart]: Accessing Playwright Page object directly.
2026-09-28 15:30:54 [INFO] [TC_CP_0002 - Verify removing an item from the cart page updates the cart]: Removing product from cart: "Sauce Labs Bike Light"
2026-09-28 15:30:54 [INFO] [TC_CP_0002 - Verify removing an item from the cart page updates the cart]: Accessing Playwright Page object directly.
2026-09-28 15:30:54 [INFO] [TC_CP_0002 - Verify removing an item from the cart page updates the cart]: Clicking on element with selector: "locator('.cart_item').filter({ has: locator('.inventory_item_name').filter({ hasText: 'Sauce Labs Bike Light' }) }).locator('button')"
2026-09-28 15:30:54 [INFO] [TC_CP_0003 - Verify Continue Shopping returns to the Products page]: Successfully clicked on element: "locator('.shopping_cart_link')"
2026-09-28 15:30:54 [INFO] [TC_CP_0003 - Verify Continue Shopping returns to the Products page]: End of BeforeEach
2026-09-28 15:30:54 [INFO] [TC_CP_0003 - Verify Continue Shopping returns to the Products page]: Accessing Playwright Page object directly.
2026-09-28 15:30:54 [INFO] [TC_CP_0003 - Verify Continue Shopping returns to the Products page]: Accessing Playwright Page object directly.
2026-09-28 15:30:54 [INFO] [TC_CP_0003 - Verify Continue Shopping returns to the Products page]: Accessing Playwright Page object directly.
2026-09-28 15:30:54 [INFO] [TC_CP_0003 - Verify Continue Shopping returns to the Products page]: Accessing Playwright Page object directly.
2026-09-28 15:30:54 [INFO] [TC_CP_0003 - Verify Continue Shopping returns to the Products page]: Continuing shopping (returning to Products page).
2026-09-28 15:30:54 [INFO] [TC_CP_0003 - Verify Continue Shopping returns to the Products page]: Clicking on element with selector: "locator('[data-test="continue-shopping"]')"
2026-09-28 15:30:54 [INFO] [TC_CP_0002 - Verify removing an item from the cart page updates the cart]: Successfully clicked on element: "locator('.cart_item').filter({ has: locator('.inventory_item_name').filter({ hasText: 'Sauce Labs Bike Light' }) }).locator('button')"
2026-09-28 15:30:54 [INFO] [TC_CP_0002 - Verify removing an item from the cart page updates the cart]: Asserting cart item count to be: 1
2026-09-28 15:30:54 [INFO] [TC_CP_0002 - Verify removing an item from the cart page updates the cart]: Asserting value to be: "1"
2026-09-28 15:30:54 [INFO] [TC_CP_0002 - Verify removing an item from the cart page updates the cart]: Assertion passed: Value is "1".
2026-09-28 15:30:54 [INFO] [TC_CP_0002 - Verify removing an item from the cart page updates the cart]: Asserting product is NOT in the cart: "Sauce Labs Bike Light"
2026-09-28 15:30:54 [INFO] [TC_CP_0002 - Verify removing an item from the cart page updates the cart]: Accessing Playwright Page object directly.
2026-09-28 15:30:54 [INFO] [TC_CP_0002 - Verify removing an item from the cart page updates the cart]: Asserting value to be: "0"
2026-09-28 15:30:54 [INFO] [TC_CP_0003 - Verify Continue Shopping returns to the Products page]: Successfully clicked on element: "locator('[data-test="continue-shopping"]')"
2026-09-28 15:30:54 [INFO] [TC_CP_0002 - Verify removing an item from the cart page updates the cart]: Assertion passed: Value is "0".
2026-09-28 15:30:54 [INFO] [TC_CP_0002 - Verify removing an item from the cart page updates the cart]: Asserting product is in the cart: "Sauce Labs Backpack"
2026-09-28 15:30:54 [INFO] [TC_CP_0002 - Verify removing an item from the cart page updates the cart]: Accessing Playwright Page object directly.
2026-09-28 15:30:54 [INFO] [TC_CP_0002 - Verify removing an item from the cart page updates the cart]: Asserting element "locator('.cart_item').filter({ has: locator('.inventory_item_name').filter({ hasText: 'Sauce Labs Backpack' }) })" to be visible.
2026-09-28 15:30:54 [INFO] [TC_CP_0003 - Verify Continue Shopping returns to the Products page]: Asserting that landed in the Inventory (Products) Page.
2026-09-28 15:30:54 [INFO] [TC_CP_0003 - Verify Continue Shopping returns to the Products page]: Asserting element "locator('.app_logo')" to be visible.
2026-09-28 15:30:54 [INFO] [TC_CP_0002 - Verify removing an item from the cart page updates the cart]: Assertion passed: Element "locator('.cart_item').filter({ has: locator('.inventory_item_name').filter({ hasText: 'Sauce Labs Backpack' }) })" is visible.
2026-09-28 15:30:54 [INFO] [TC_CP_0003 - Verify Continue Shopping returns to the Products page]: Assertion passed: Element "locator('.app_logo')" is visible.
2026-09-28 15:30:54 [INFO] [TC_CP_0003 - Verify Continue Shopping returns to the Products page]: Asserting 1 elements to have text: "Products"
2026-09-28 15:30:54 [INFO] [TC_CP_0003 - Verify Continue Shopping returns to the Products page]: Asserting element "locator('.title')" to have text: "Products"
2026-09-28 15:30:54 [INFO] [TC_CP_0003 - Verify Continue Shopping returns to the Products page]: Waiting for element to be visible: "locator('.title')"
2026-09-28 15:30:54 [INFO] [TC_CP_0003 - Verify Continue Shopping returns to the Products page]: Element is now visible: "locator('.title')"
2026-09-28 15:30:54 [INFO] [TC_CP_0003 - Verify Continue Shopping returns to the Products page]: Assertion passed: Element "locator('.title')" has text "Products".
2026-09-28 15:30:54 [INFO] [TC_CP_0003 - Verify Continue Shopping returns to the Products page]: Assertion passed: All 1 elements have text "Products".
2026-09-28 15:30:54 [INFO] [TC_CP_0003 - Verify Continue Shopping returns to the Products page]: Assertion passed: Landed in Inventory Page.
2026-09-28 15:30:54 [INFO] [TC_CO_0001 - Verify checkout fails when First Name is missing]: Accessing Playwright Page object directly.
2026-09-28 15:30:54 [INFO] [TC_CO_0001 - Verify checkout fails when First Name is missing]: Accessing Playwright Page object directly.
2026-09-28 15:30:54 [INFO] [TC_CO_0001 - Verify checkout fails when First Name is missing]: Accessing Playwright Page object directly.
2026-09-28 15:30:54 [INFO] [TC_CO_0001 - Verify checkout fails when First Name is missing]: Accessing Playwright Page object directly.
2026-09-28 15:30:54 [INFO] [TC_CO_0001 - Verify checkout fails when First Name is missing]: Accessing Playwright Page object directly.
2026-09-28 15:30:54 [INFO] [TC_CO_0001 - Verify checkout fails when First Name is missing]: Accessing Playwright Page object directly.
2026-09-28 15:30:54 [INFO] [TC_CO_0001 - Verify checkout fails when First Name is missing]: Accessing Playwright Page object directly.
2026-09-28 15:30:54 [INFO] [TC_CO_0001 - Verify checkout fails when First Name is missing]: Accessing Playwright Page object directly.
2026-09-28 15:30:54 [INFO] [TC_CO_0001 - Verify checkout fails when First Name is missing]: Accessing Playwright Page object directly.
2026-09-28 15:30:54 [INFO] [TC_CO_0001 - Verify checkout fails when First Name is missing]: Accessing Playwright Page object directly.
2026-09-28 15:30:54 [INFO] [TC_CO_0001 - Verify checkout fails when First Name is missing]: Accessing Playwright Page object directly.
2026-09-28 15:30:54 [INFO] [TC_CO_0001 - Verify checkout fails when First Name is missing]: Accessing Playwright Page object directly.
2026-09-28 15:30:54 [INFO] [TC_CO_0001 - Verify checkout fails when First Name is missing]: Accessing Playwright Page object directly.
2026-09-28 15:30:54 [INFO] [TC_CO_0001 - Verify checkout fails when First Name is missing]: Accessing Playwright Page object directly.
2026-09-28 15:30:54 [INFO] [TC_CO_0001 - Verify checkout fails when First Name is missing]: Accessing Playwright Page object directly.
2026-09-28 15:30:54 [INFO] [TC_CO_0001 - Verify checkout fails when First Name is missing]: Accessing Playwright Page object directly.
2026-09-28 15:30:54 [INFO] [TC_CO_0001 - Verify checkout fails when First Name is missing]: Start of BeforeEach
2026-09-28 15:30:54 [INFO] [TC_CO_0001 - Verify checkout fails when First Name is missing]: Navigating to the Sauce Demo login page...
2026-09-28 15:30:54 [INFO] [TC_CO_0001 - Verify checkout fails when First Name is missing]: Navigating to URL: https://www.saucedemo.com/
2026-09-28 15:30:54 [INFO] [TC_CO_0001 - Verify checkout fails when First Name is missing]: Accessing Playwright Page object directly.
2026-09-28 15:30:55 [INFO] [TC_CO_0002 - Verify checkout fails when Last Name is missing]: Accessing Playwright Page object directly.
2026-09-28 15:30:55 [INFO] [TC_CO_0002 - Verify checkout fails when Last Name is missing]: Accessing Playwright Page object directly.
2026-09-28 15:30:55 [INFO] [TC_CO_0002 - Verify checkout fails when Last Name is missing]: Accessing Playwright Page object directly.
2026-09-28 15:30:55 [INFO] [TC_CO_0002 - Verify checkout fails when Last Name is missing]: Accessing Playwright Page object directly.
2026-09-28 15:30:55 [INFO] [TC_CO_0002 - Verify checkout fails when Last Name is missing]: Accessing Playwright Page object directly.
2026-09-28 15:30:55 [INFO] [TC_CO_0002 - Verify checkout fails when Last Name is missing]: Accessing Playwright Page object directly.
2026-09-28 15:30:55 [INFO] [TC_CO_0002 - Verify checkout fails when Last Name is missing]: Accessing Playwright Page object directly.
2026-09-28 15:30:55 [INFO] [TC_CO_0002 - Verify checkout fails when Last Name is missing]: Accessing Playwright Page object directly.
2026-09-28 15:30:55 [INFO] [TC_CO_0002 - Verify checkout fails when Last Name is missing]: Accessing Playwright Page object directly.
2026-09-28 15:30:55 [INFO] [TC_CO_0002 - Verify checkout fails when Last Name is missing]: Accessing Playwright Page object directly.
2026-09-28 15:30:55 [INFO] [TC_CO_0002 - Verify checkout fails when Last Name is missing]: Accessing Playwright Page object directly.
2026-09-28 15:30:55 [INFO] [TC_CO_0002 - Verify checkout fails when Last Name is missing]: Accessing Playwright Page object directly.
2026-09-28 15:30:55 [INFO] [TC_CO_0002 - Verify checkout fails when Last Name is missing]: Accessing Playwright Page object directly.
2026-09-28 15:30:55 [INFO] [TC_CO_0002 - Verify checkout fails when Last Name is missing]: Accessing Playwright Page object directly.
2026-09-28 15:30:55 [INFO] [TC_CO_0002 - Verify checkout fails when Last Name is missing]: Accessing Playwright Page object directly.
2026-09-28 15:30:55 [INFO] [TC_CO_0002 - Verify checkout fails when Last Name is missing]: Accessing Playwright Page object directly.
2026-09-28 15:30:55 [INFO] [TC_CO_0002 - Verify checkout fails when Last Name is missing]: Start of BeforeEach
2026-09-28 15:30:55 [INFO] [TC_CO_0002 - Verify checkout fails when Last Name is missing]: Navigating to the Sauce Demo login page...
2026-09-28 15:30:55 [INFO] [TC_CO_0002 - Verify checkout fails when Last Name is missing]: Navigating to URL: https://www.saucedemo.com/
2026-09-28 15:30:55 [INFO] [TC_CO_0002 - Verify checkout fails when Last Name is missing]: Accessing Playwright Page object directly.
2026-09-28 15:30:55 [INFO] [TC_CO_0001 - Verify checkout fails when First Name is missing]: Accessing Playwright Page object directly.
2026-09-28 15:30:55 [INFO] [TC_CO_0001 - Verify checkout fails when First Name is missing]: Successfully navigated to: https://www.saucedemo.com/
2026-09-28 15:30:55 [INFO] [TC_CO_0001 - Verify checkout fails when First Name is missing]: Accessing Playwright Page object directly.
2026-09-28 15:30:55 [INFO] [TC_CO_0001 - Verify checkout fails when First Name is missing]: Page loaded and stable after navigation.
2026-09-28 15:30:55 [INFO] [TC_CO_0001 - Verify checkout fails when First Name is missing]: Waiting for element to be visible: "locator('#user-name')"
2026-09-28 15:30:55 [INFO] [TC_CO_0002 - Verify checkout fails when Last Name is missing]: Accessing Playwright Page object directly.
2026-09-28 15:30:55 [INFO] [TC_CO_0002 - Verify checkout fails when Last Name is missing]: Successfully navigated to: https://www.saucedemo.com/
2026-09-28 15:30:55 [INFO] [TC_CO_0002 - Verify checkout fails when Last Name is missing]: Accessing Playwright Page object directly.
2026-09-28 15:30:55 [INFO] [TC_CO_0002 - Verify checkout fails when Last Name is missing]: Page loaded and stable after navigation.
2026-09-28 15:30:55 [INFO] [TC_CO_0002 - Verify checkout fails when Last Name is missing]: Waiting for element to be visible: "locator('#user-name')"
2026-09-28 15:30:55 [INFO] [TC_CO_0001 - Verify checkout fails when First Name is missing]: Element is now visible: "locator('#user-name')"
2026-09-28 15:30:55 [INFO] [TC_CO_0001 - Verify checkout fails when First Name is missing]: Landed on the Sauce Demo login page.
2026-09-28 15:30:55 [INFO] [TC_CO_0001 - Verify checkout fails when First Name is missing]: Performing login action.
2026-09-28 15:30:55 [INFO] [TC_CO_0001 - Verify checkout fails when First Name is missing]: Entering username: standard_user
2026-09-28 15:30:55 [INFO] [TC_CO_0001 - Verify checkout fails when First Name is missing]: Filling element "locator('#user-name')" with value: "standard_user"
2026-09-28 15:30:55 [INFO] [TC_CO_0001 - Verify checkout fails when First Name is missing]: Successfully filled element "locator('#user-name')" with value: "standard_user"
2026-09-28 15:30:55 [INFO] [TC_CO_0001 - Verify checkout fails when First Name is missing]: Entering password.
2026-09-28 15:30:55 [INFO] [TC_CO_0001 - Verify checkout fails when First Name is missing]: Filling element "locator('#password')" with value: "secret_sauce"
2026-09-28 15:30:55 [INFO] [TC_CO_0003 - Verify checkout fails when Zip/Postal Code is missing]: Accessing Playwright Page object directly.
2026-09-28 15:30:55 [INFO] [TC_CO_0003 - Verify checkout fails when Zip/Postal Code is missing]: Accessing Playwright Page object directly.
2026-09-28 15:30:55 [INFO] [TC_CO_0003 - Verify checkout fails when Zip/Postal Code is missing]: Accessing Playwright Page object directly.
2026-09-28 15:30:55 [INFO] [TC_CO_0003 - Verify checkout fails when Zip/Postal Code is missing]: Accessing Playwright Page object directly.
2026-09-28 15:30:55 [INFO] [TC_CO_0003 - Verify checkout fails when Zip/Postal Code is missing]: Accessing Playwright Page object directly.
2026-09-28 15:30:55 [INFO] [TC_CO_0003 - Verify checkout fails when Zip/Postal Code is missing]: Accessing Playwright Page object directly.
2026-09-28 15:30:55 [INFO] [TC_CO_0003 - Verify checkout fails when Zip/Postal Code is missing]: Accessing Playwright Page object directly.
2026-09-28 15:30:55 [INFO] [TC_CO_0003 - Verify checkout fails when Zip/Postal Code is missing]: Accessing Playwright Page object directly.
2026-09-28 15:30:55 [INFO] [TC_CO_0003 - Verify checkout fails when Zip/Postal Code is missing]: Accessing Playwright Page object directly.
2026-09-28 15:30:55 [INFO] [TC_CO_0003 - Verify checkout fails when Zip/Postal Code is missing]: Accessing Playwright Page object directly.
2026-09-28 15:30:55 [INFO] [TC_CO_0003 - Verify checkout fails when Zip/Postal Code is missing]: Accessing Playwright Page object directly.
2026-09-28 15:30:55 [INFO] [TC_CO_0003 - Verify checkout fails when Zip/Postal Code is missing]: Accessing Playwright Page object directly.
2026-09-28 15:30:55 [INFO] [TC_CO_0003 - Verify checkout fails when Zip/Postal Code is missing]: Accessing Playwright Page object directly.
2026-09-28 15:30:55 [INFO] [TC_CO_0003 - Verify checkout fails when Zip/Postal Code is missing]: Accessing Playwright Page object directly.
2026-09-28 15:30:55 [INFO] [TC_CO_0003 - Verify checkout fails when Zip/Postal Code is missing]: Accessing Playwright Page object directly.
2026-09-28 15:30:55 [INFO] [TC_CO_0003 - Verify checkout fails when Zip/Postal Code is missing]: Accessing Playwright Page object directly.
2026-09-28 15:30:55 [INFO] [TC_CO_0003 - Verify checkout fails when Zip/Postal Code is missing]: Start of BeforeEach
2026-09-28 15:30:55 [INFO] [TC_CO_0003 - Verify checkout fails when Zip/Postal Code is missing]: Navigating to the Sauce Demo login page...
2026-09-28 15:30:55 [INFO] [TC_CO_0003 - Verify checkout fails when Zip/Postal Code is missing]: Navigating to URL: https://www.saucedemo.com/
2026-09-28 15:30:55 [INFO] [TC_CO_0003 - Verify checkout fails when Zip/Postal Code is missing]: Accessing Playwright Page object directly.
2026-09-28 15:30:55 [INFO] [TC_CO_0001 - Verify checkout fails when First Name is missing]: Successfully filled element "locator('#password')" with value: "secret_sauce"
2026-09-28 15:30:55 [INFO] [TC_CO_0001 - Verify checkout fails when First Name is missing]: Clicking the Login button.
2026-09-28 15:30:55 [INFO] [TC_CO_0001 - Verify checkout fails when First Name is missing]: Clicking on element with selector: "locator('#login-button')"
2026-09-28 15:30:55 [INFO] [TC_CO_0002 - Verify checkout fails when Last Name is missing]: Element is now visible: "locator('#user-name')"
2026-09-28 15:30:55 [INFO] [TC_CO_0001 - Verify checkout fails when First Name is missing]: Successfully clicked on element: "locator('#login-button')"
2026-09-28 15:30:55 [INFO] [TC_CO_0002 - Verify checkout fails when Last Name is missing]: Landed on the Sauce Demo login page.
2026-09-28 15:30:55 [INFO] [TC_CO_0002 - Verify checkout fails when Last Name is missing]: Performing login action.
2026-09-28 15:30:55 [INFO] [TC_CO_0002 - Verify checkout fails when Last Name is missing]: Entering username: standard_user
2026-09-28 15:30:55 [INFO] [TC_CO_0002 - Verify checkout fails when Last Name is missing]: Filling element "locator('#user-name')" with value: "standard_user"
2026-09-28 15:30:55 [INFO] [TC_CO_0001 - Verify checkout fails when First Name is missing]: Login action completed.
2026-09-28 15:30:55 [INFO] [TC_CO_0001 - Verify checkout fails when First Name is missing]: Adding product to cart: "Sauce Labs Backpack"
2026-09-28 15:30:55 [INFO] [TC_CO_0001 - Verify checkout fails when First Name is missing]: Accessing Playwright Page object directly.
2026-09-28 15:30:55 [INFO] [TC_CO_0001 - Verify checkout fails when First Name is missing]: Clicking on element with selector: "locator('.inventory_item').filter({ has: locator('.inventory_item_name').filter({ hasText: 'Sauce Labs Backpack' }) }).locator('button.btn_inventory')"
2026-09-28 15:30:55 [INFO] [TC_CO_0002 - Verify checkout fails when Last Name is missing]: Successfully filled element "locator('#user-name')" with value: "standard_user"
2026-09-28 15:30:55 [INFO] [TC_CO_0002 - Verify checkout fails when Last Name is missing]: Entering password.
2026-09-28 15:30:55 [INFO] [TC_CO_0002 - Verify checkout fails when Last Name is missing]: Filling element "locator('#password')" with value: "secret_sauce"
2026-09-28 15:30:55 [INFO] [TC_CO_0002 - Verify checkout fails when Last Name is missing]: Successfully filled element "locator('#password')" with value: "secret_sauce"
2026-09-28 15:30:55 [INFO] [TC_CO_0002 - Verify checkout fails when Last Name is missing]: Clicking the Login button.
2026-09-28 15:30:55 [INFO] [TC_CO_0002 - Verify checkout fails when Last Name is missing]: Clicking on element with selector: "locator('#login-button')"
2026-09-28 15:30:55 [INFO] [TC_CO_0001 - Verify checkout fails when First Name is missing]: Successfully clicked on element: "locator('.inventory_item').filter({ has: locator('.inventory_item_name').filter({ hasText: 'Sauce Labs Backpack' }) }).locator('button.btn_inventory')"
2026-09-28 15:30:55 [INFO] [TC_CO_0001 - Verify checkout fails when First Name is missing]: Adding product to cart: "Sauce Labs Bike Light"
2026-09-28 15:30:55 [INFO] [TC_CO_0001 - Verify checkout fails when First Name is missing]: Accessing Playwright Page object directly.
2026-09-28 15:30:55 [INFO] [TC_CO_0001 - Verify checkout fails when First Name is missing]: Clicking on element with selector: "locator('.inventory_item').filter({ has: locator('.inventory_item_name').filter({ hasText: 'Sauce Labs Bike Light' }) }).locator('button.btn_inventory')"
2026-09-28 15:30:55 [INFO] [TC_CO_0001 - Verify checkout fails when First Name is missing]: Successfully clicked on element: "locator('.inventory_item').filter({ has: locator('.inventory_item_name').filter({ hasText: 'Sauce Labs Bike Light' }) }).locator('button.btn_inventory')"
2026-09-28 15:30:55 [INFO] [TC_CO_0001 - Verify checkout fails when First Name is missing]: Opening the cart.
2026-09-28 15:30:55 [INFO] [TC_CO_0001 - Verify checkout fails when First Name is missing]: Clicking on element with selector: "locator('.shopping_cart_link')"
2026-09-28 15:30:55 [INFO] [TC_CO_0002 - Verify checkout fails when Last Name is missing]: Successfully clicked on element: "locator('#login-button')"
2026-09-28 15:30:55 [INFO] [TC_CO_0002 - Verify checkout fails when Last Name is missing]: Login action completed.
2026-09-28 15:30:55 [INFO] [TC_CO_0002 - Verify checkout fails when Last Name is missing]: Adding product to cart: "Sauce Labs Backpack"
2026-09-28 15:30:55 [INFO] [TC_CO_0002 - Verify checkout fails when Last Name is missing]: Accessing Playwright Page object directly.
2026-09-28 15:30:55 [INFO] [TC_CO_0002 - Verify checkout fails when Last Name is missing]: Clicking on element with selector: "locator('.inventory_item').filter({ has: locator('.inventory_item_name').filter({ hasText: 'Sauce Labs Backpack' }) }).locator('button.btn_inventory')"
2026-09-28 15:30:55 [INFO] [TC_CO_0001 - Verify checkout fails when First Name is missing]: Successfully clicked on element: "locator('.shopping_cart_link')"
2026-09-28 15:30:55 [INFO] [TC_CO_0001 - Verify checkout fails when First Name is missing]: End of BeforeEach
2026-09-28 15:30:55 [INFO] [TC_CO_0001 - Verify checkout fails when First Name is missing]: Accessing Playwright Page object directly.
2026-09-28 15:30:55 [INFO] [TC_CO_0001 - Verify checkout fails when First Name is missing]: Accessing Playwright Page object directly.
2026-09-28 15:30:55 [INFO] [TC_CO_0001 - Verify checkout fails when First Name is missing]: Accessing Playwright Page object directly.
2026-09-28 15:30:55 [INFO] [TC_CO_0001 - Verify checkout fails when First Name is missing]: Accessing Playwright Page object directly.
2026-09-28 15:30:55 [INFO] [TC_CO_0001 - Verify checkout fails when First Name is missing]: Accessing Playwright Page object directly.
2026-09-28 15:30:55 [INFO] [TC_CO_0001 - Verify checkout fails when First Name is missing]: Accessing Playwright Page object directly.
2026-09-28 15:30:55 [INFO] [TC_CO_0001 - Verify checkout fails when First Name is missing]: Accessing Playwright Page object directly.
2026-09-28 15:30:55 [INFO] [TC_CO_0001 - Verify checkout fails when First Name is missing]: Accessing Playwright Page object directly.
2026-09-28 15:30:55 [INFO] [TC_CO_0001 - Verify checkout fails when First Name is missing]: Accessing Playwright Page object directly.
2026-09-28 15:30:55 [INFO] [TC_CO_0001 - Verify checkout fails when First Name is missing]: Accessing Playwright Page object directly.
2026-09-28 15:30:55 [INFO] [TC_CO_0001 - Verify checkout fails when First Name is missing]: Proceeding to checkout.
2026-09-28 15:30:55 [INFO] [TC_CO_0001 - Verify checkout fails when First Name is missing]: Clicking on element with selector: "locator('#checkout')"
2026-09-28 15:30:55 [INFO] [TC_CO_0004 - Verify Cancel on the checkout information page returns to the cart]: Accessing Playwright Page object directly.
2026-09-28 15:30:55 [INFO] [TC_CO_0004 - Verify Cancel on the checkout information page returns to the cart]: Accessing Playwright Page object directly.
2026-09-28 15:30:55 [INFO] [TC_CO_0004 - Verify Cancel on the checkout information page returns to the cart]: Accessing Playwright Page object directly.
2026-09-28 15:30:55 [INFO] [TC_CO_0004 - Verify Cancel on the checkout information page returns to the cart]: Accessing Playwright Page object directly.
2026-09-28 15:30:55 [INFO] [TC_CO_0004 - Verify Cancel on the checkout information page returns to the cart]: Accessing Playwright Page object directly.
2026-09-28 15:30:55 [INFO] [TC_CO_0004 - Verify Cancel on the checkout information page returns to the cart]: Accessing Playwright Page object directly.
2026-09-28 15:30:55 [INFO] [TC_CO_0004 - Verify Cancel on the checkout information page returns to the cart]: Accessing Playwright Page object directly.
2026-09-28 15:30:55 [INFO] [TC_CO_0004 - Verify Cancel on the checkout information page returns to the cart]: Accessing Playwright Page object directly.
2026-09-28 15:30:55 [INFO] [TC_CO_0004 - Verify Cancel on the checkout information page returns to the cart]: Accessing Playwright Page object directly.
2026-09-28 15:30:55 [INFO] [TC_CO_0004 - Verify Cancel on the checkout information page returns to the cart]: Accessing Playwright Page object directly.
2026-09-28 15:30:55 [INFO] [TC_CO_0004 - Verify Cancel on the checkout information page returns to the cart]: Accessing Playwright Page object directly.
2026-09-28 15:30:55 [INFO] [TC_CO_0004 - Verify Cancel on the checkout information page returns to the cart]: Accessing Playwright Page object directly.
2026-09-28 15:30:55 [INFO] [TC_CO_0004 - Verify Cancel on the checkout information page returns to the cart]: Accessing Playwright Page object directly.
2026-09-28 15:30:55 [INFO] [TC_CO_0004 - Verify Cancel on the checkout information page returns to the cart]: Accessing Playwright Page object directly.
2026-09-28 15:30:55 [INFO] [TC_CO_0004 - Verify Cancel on the checkout information page returns to the cart]: Accessing Playwright Page object directly.
2026-09-28 15:30:55 [INFO] [TC_CO_0004 - Verify Cancel on the checkout information page returns to the cart]: Accessing Playwright Page object directly.
2026-09-28 15:30:55 [INFO] [TC_CO_0004 - Verify Cancel on the checkout information page returns to the cart]: Start of BeforeEach
2026-09-28 15:30:55 [INFO] [TC_CO_0004 - Verify Cancel on the checkout information page returns to the cart]: Navigating to the Sauce Demo login page...
2026-09-28 15:30:55 [INFO] [TC_CO_0004 - Verify Cancel on the checkout information page returns to the cart]: Navigating to URL: https://www.saucedemo.com/
2026-09-28 15:30:55 [INFO] [TC_CO_0004 - Verify Cancel on the checkout information page returns to the cart]: Accessing Playwright Page object directly.
2026-09-28 15:30:55 [INFO] [TC_CO_0001 - Verify checkout fails when First Name is missing]: Successfully clicked on element: "locator('#checkout')"
2026-09-28 15:30:55 [INFO] [TC_CO_0001 - Verify checkout fails when First Name is missing]: Filling checkout information: firstName="", lastName="Doe", postalCode="12345"
2026-09-28 15:30:55 [INFO] [TC_CO_0001 - Verify checkout fails when First Name is missing]: Filling element "locator('#first-name')" with value: ""
2026-09-28 15:30:55 [INFO] [TC_CO_0001 - Verify checkout fails when First Name is missing]: Successfully filled element "locator('#first-name')" with value: ""
2026-09-28 15:30:55 [INFO] [TC_CO_0001 - Verify checkout fails when First Name is missing]: Filling element "locator('#last-name')" with value: "Doe"
2026-09-28 15:30:56 [INFO] [TC_CO_0001 - Verify checkout fails when First Name is missing]: Successfully filled element "locator('#last-name')" with value: "Doe"
2026-09-28 15:30:56 [INFO] [TC_CO_0001 - Verify checkout fails when First Name is missing]: Filling element "locator('#postal-code')" with value: "12345"
2026-09-28 15:30:56 [INFO] [TC_CO_0003 - Verify checkout fails when Zip/Postal Code is missing]: Accessing Playwright Page object directly.
2026-09-28 15:30:56 [INFO] [TC_CO_0003 - Verify checkout fails when Zip/Postal Code is missing]: Successfully navigated to: https://www.saucedemo.com/
2026-09-28 15:30:56 [INFO] [TC_CO_0003 - Verify checkout fails when Zip/Postal Code is missing]: Accessing Playwright Page object directly.
2026-09-28 15:30:56 [INFO] [TC_CO_0003 - Verify checkout fails when Zip/Postal Code is missing]: Page loaded and stable after navigation.
2026-09-28 15:30:56 [INFO] [TC_CO_0003 - Verify checkout fails when Zip/Postal Code is missing]: Waiting for element to be visible: "locator('#user-name')"
2026-09-28 15:30:56 [INFO] [TC_CO_0002 - Verify checkout fails when Last Name is missing]: Successfully clicked on element: "locator('.inventory_item').filter({ has: locator('.inventory_item_name').filter({ hasText: 'Sauce Labs Backpack' }) }).locator('button.btn_inventory')"
2026-09-28 15:30:56 [INFO] [TC_CO_0001 - Verify checkout fails when First Name is missing]: Successfully filled element "locator('#postal-code')" with value: "12345"
2026-09-28 15:30:56 [INFO] [TC_CO_0002 - Verify checkout fails when Last Name is missing]: Adding product to cart: "Sauce Labs Bike Light"
2026-09-28 15:30:56 [INFO] [TC_CO_0002 - Verify checkout fails when Last Name is missing]: Accessing Playwright Page object directly.
2026-09-28 15:30:56 [INFO] [TC_CO_0002 - Verify checkout fails when Last Name is missing]: Clicking on element with selector: "locator('.inventory_item').filter({ has: locator('.inventory_item_name').filter({ hasText: 'Sauce Labs Bike Light' }) }).locator('button.btn_inventory')"
2026-09-28 15:30:56 [INFO] [TC_CO_0001 - Verify checkout fails when First Name is missing]: Clicking Continue.
2026-09-28 15:30:56 [INFO] [TC_CO_0001 - Verify checkout fails when First Name is missing]: Clicking on element with selector: "locator('#continue')"
2026-09-28 15:30:56 [INFO] [TC_CO_0001 - Verify checkout fails when First Name is missing]: Successfully clicked on element: "locator('#continue')"
2026-09-28 15:30:56 [INFO] [TC_CO_0001 - Verify checkout fails when First Name is missing]: Asserting checkout error message contains text: "Error: First Name is required"
2026-09-28 15:30:56 [INFO] [TC_CO_0001 - Verify checkout fails when First Name is missing]: Asserting 1 elements to contain text: "Error: First Name is required"
2026-09-28 15:30:56 [INFO] [TC_CO_0001 - Verify checkout fails when First Name is missing]: Asserting element "locator('[data-test="error"]')" to contain text: "Error: First Name is required"
2026-09-28 15:30:56 [INFO] [TC_CO_0001 - Verify checkout fails when First Name is missing]: Waiting for element to be visible: "locator('[data-test="error"]')"
2026-09-28 15:30:56 [INFO] [TC_CO_0001 - Verify checkout fails when First Name is missing]: Element is now visible: "locator('[data-test="error"]')"
2026-09-28 15:30:56 [INFO] [TC_CO_0001 - Verify checkout fails when First Name is missing]: Assertion passed: Element "locator('[data-test="error"]')" contains text "Error: First Name is required".
2026-09-28 15:30:56 [INFO] [TC_CO_0001 - Verify checkout fails when First Name is missing]: Assertion passed: All 1 elements contain text "Error: First Name is required".
2026-09-28 15:30:56 [INFO] [TC_CO_0002 - Verify checkout fails when Last Name is missing]: Successfully clicked on element: "locator('.inventory_item').filter({ has: locator('.inventory_item_name').filter({ hasText: 'Sauce Labs Bike Light' }) }).locator('button.btn_inventory')"
2026-09-28 15:30:56 [INFO] [TC_CO_0003 - Verify checkout fails when Zip/Postal Code is missing]: Element is now visible: "locator('#user-name')"
2026-09-28 15:30:56 [INFO] [TC_CO_0002 - Verify checkout fails when Last Name is missing]: Opening the cart.
2026-09-28 15:30:56 [INFO] [TC_CO_0002 - Verify checkout fails when Last Name is missing]: Clicking on element with selector: "locator('.shopping_cart_link')"
2026-09-28 15:30:56 [INFO] [TC_CO_0003 - Verify checkout fails when Zip/Postal Code is missing]: Landed on the Sauce Demo login page.
2026-09-28 15:30:56 [INFO] [TC_CO_0003 - Verify checkout fails when Zip/Postal Code is missing]: Performing login action.
2026-09-28 15:30:56 [INFO] [TC_CO_0003 - Verify checkout fails when Zip/Postal Code is missing]: Entering username: standard_user
2026-09-28 15:30:56 [INFO] [TC_CO_0003 - Verify checkout fails when Zip/Postal Code is missing]: Filling element "locator('#user-name')" with value: "standard_user"
2026-09-28 15:30:56 [INFO] [TC_CO_0003 - Verify checkout fails when Zip/Postal Code is missing]: Successfully filled element "locator('#user-name')" with value: "standard_user"
2026-09-28 15:30:56 [INFO] [TC_CO_0003 - Verify checkout fails when Zip/Postal Code is missing]: Entering password.
2026-09-28 15:30:56 [INFO] [TC_CO_0003 - Verify checkout fails when Zip/Postal Code is missing]: Filling element "locator('#password')" with value: "secret_sauce"
2026-09-28 15:30:56 [INFO] [TC_CO_0002 - Verify checkout fails when Last Name is missing]: Successfully clicked on element: "locator('.shopping_cart_link')"
2026-09-28 15:30:56 [INFO] [TC_CO_0002 - Verify checkout fails when Last Name is missing]: End of BeforeEach
2026-09-28 15:30:56 [INFO] [TC_CO_0002 - Verify checkout fails when Last Name is missing]: Accessing Playwright Page object directly.
2026-09-28 15:30:56 [INFO] [TC_CO_0002 - Verify checkout fails when Last Name is missing]: Accessing Playwright Page object directly.
2026-09-28 15:30:56 [INFO] [TC_CO_0002 - Verify checkout fails when Last Name is missing]: Accessing Playwright Page object directly.
2026-09-28 15:30:56 [INFO] [TC_CO_0002 - Verify checkout fails when Last Name is missing]: Accessing Playwright Page object directly.
2026-09-28 15:30:56 [INFO] [TC_CO_0002 - Verify checkout fails when Last Name is missing]: Accessing Playwright Page object directly.
2026-09-28 15:30:56 [INFO] [TC_CO_0002 - Verify checkout fails when Last Name is missing]: Accessing Playwright Page object directly.
2026-09-28 15:30:56 [INFO] [TC_CO_0002 - Verify checkout fails when Last Name is missing]: Accessing Playwright Page object directly.
2026-09-28 15:30:56 [INFO] [TC_CO_0002 - Verify checkout fails when Last Name is missing]: Accessing Playwright Page object directly.
2026-09-28 15:30:56 [INFO] [TC_CO_0002 - Verify checkout fails when Last Name is missing]: Accessing Playwright Page object directly.
2026-09-28 15:30:56 [INFO] [TC_CO_0002 - Verify checkout fails when Last Name is missing]: Accessing Playwright Page object directly.
2026-09-28 15:30:56 [INFO] [TC_CO_0002 - Verify checkout fails when Last Name is missing]: Proceeding to checkout.
2026-09-28 15:30:56 [INFO] [TC_CO_0002 - Verify checkout fails when Last Name is missing]: Clicking on element with selector: "locator('#checkout')"
2026-09-28 15:30:56 [INFO] [TC_CO_0004 - Verify Cancel on the checkout information page returns to the cart]: Accessing Playwright Page object directly.
2026-09-28 15:30:56 [INFO] [TC_CO_0004 - Verify Cancel on the checkout information page returns to the cart]: Successfully navigated to: https://www.saucedemo.com/
2026-09-28 15:30:56 [INFO] [TC_CO_0004 - Verify Cancel on the checkout information page returns to the cart]: Accessing Playwright Page object directly.
2026-09-28 15:30:56 [INFO] [TC_CO_0004 - Verify Cancel on the checkout information page returns to the cart]: Page loaded and stable after navigation.
2026-09-28 15:30:56 [INFO] [TC_CO_0004 - Verify Cancel on the checkout information page returns to the cart]: Waiting for element to be visible: "locator('#user-name')"
2026-09-28 15:30:56 [INFO] [TC_CO_0003 - Verify checkout fails when Zip/Postal Code is missing]: Successfully filled element "locator('#password')" with value: "secret_sauce"
2026-09-28 15:30:56 [INFO] [TC_CO_0003 - Verify checkout fails when Zip/Postal Code is missing]: Clicking the Login button.
2026-09-28 15:30:56 [INFO] [TC_CO_0003 - Verify checkout fails when Zip/Postal Code is missing]: Clicking on element with selector: "locator('#login-button')"
2026-09-28 15:30:56 [INFO] [TC_CO_0002 - Verify checkout fails when Last Name is missing]: Successfully clicked on element: "locator('#checkout')"
2026-09-28 15:30:56 [INFO] [TC_CO_0002 - Verify checkout fails when Last Name is missing]: Filling checkout information: firstName="John", lastName="", postalCode="12345"
2026-09-28 15:30:56 [INFO] [TC_CO_0002 - Verify checkout fails when Last Name is missing]: Filling element "locator('#first-name')" with value: "John"
2026-09-28 15:30:56 [INFO] [TC_CO_0002 - Verify checkout fails when Last Name is missing]: Successfully filled element "locator('#first-name')" with value: "John"
2026-09-28 15:30:56 [INFO] [TC_CO_0002 - Verify checkout fails when Last Name is missing]: Filling element "locator('#last-name')" with value: ""
2026-09-28 15:30:56 [INFO] [TC_CO_0004 - Verify Cancel on the checkout information page returns to the cart]: Element is now visible: "locator('#user-name')"
2026-09-28 15:30:56 [INFO] [TC_CO_0004 - Verify Cancel on the checkout information page returns to the cart]: Landed on the Sauce Demo login page.
2026-09-28 15:30:56 [INFO] [TC_CO_0004 - Verify Cancel on the checkout information page returns to the cart]: Performing login action.
2026-09-28 15:30:56 [INFO] [TC_CO_0004 - Verify Cancel on the checkout information page returns to the cart]: Entering username: standard_user
2026-09-28 15:30:56 [INFO] [TC_CO_0004 - Verify Cancel on the checkout information page returns to the cart]: Filling element "locator('#user-name')" with value: "standard_user"
2026-09-28 15:30:56 [INFO] [TC_CO_0002 - Verify checkout fails when Last Name is missing]: Successfully filled element "locator('#last-name')" with value: ""
2026-09-28 15:30:56 [INFO] [TC_CO_0002 - Verify checkout fails when Last Name is missing]: Filling element "locator('#postal-code')" with value: "12345"
2026-09-28 15:30:56 [INFO] [TC_CO_0003 - Verify checkout fails when Zip/Postal Code is missing]: Successfully clicked on element: "locator('#login-button')"
2026-09-28 15:30:56 [INFO] [TC_CO_0003 - Verify checkout fails when Zip/Postal Code is missing]: Login action completed.
2026-09-28 15:30:56 [INFO] [TC_CO_0003 - Verify checkout fails when Zip/Postal Code is missing]: Adding product to cart: "Sauce Labs Backpack"
2026-09-28 15:30:56 [INFO] [TC_CO_0003 - Verify checkout fails when Zip/Postal Code is missing]: Accessing Playwright Page object directly.
2026-09-28 15:30:56 [INFO] [TC_CO_0003 - Verify checkout fails when Zip/Postal Code is missing]: Clicking on element with selector: "locator('.inventory_item').filter({ has: locator('.inventory_item_name').filter({ hasText: 'Sauce Labs Backpack' }) }).locator('button.btn_inventory')"
2026-09-28 15:30:56 [INFO] [TC_CO_0004 - Verify Cancel on the checkout information page returns to the cart]: Successfully filled element "locator('#user-name')" with value: "standard_user"
2026-09-28 15:30:56 [INFO] [TC_CO_0004 - Verify Cancel on the checkout information page returns to the cart]: Entering password.
2026-09-28 15:30:56 [INFO] [TC_CO_0004 - Verify Cancel on the checkout information page returns to the cart]: Filling element "locator('#password')" with value: "secret_sauce"
2026-09-28 15:30:56 [INFO] [TC_CO_0002 - Verify checkout fails when Last Name is missing]: Successfully filled element "locator('#postal-code')" with value: "12345"
2026-09-28 15:30:56 [INFO] [TC_CO_0002 - Verify checkout fails when Last Name is missing]: Clicking Continue.
2026-09-28 15:30:56 [INFO] [TC_CO_0002 - Verify checkout fails when Last Name is missing]: Clicking on element with selector: "locator('#continue')"
2026-09-28 15:30:56 [INFO] [TC_CO_0004 - Verify Cancel on the checkout information page returns to the cart]: Successfully filled element "locator('#password')" with value: "secret_sauce"
2026-09-28 15:30:56 [INFO] [TC_CO_0004 - Verify Cancel on the checkout information page returns to the cart]: Clicking the Login button.
2026-09-28 15:30:56 [INFO] [TC_CO_0004 - Verify Cancel on the checkout information page returns to the cart]: Clicking on element with selector: "locator('#login-button')"
2026-09-28 15:30:56 [INFO] [TC_CO_0002 - Verify checkout fails when Last Name is missing]: Successfully clicked on element: "locator('#continue')"
2026-09-28 15:30:56 [INFO] [TC_CO_0002 - Verify checkout fails when Last Name is missing]: Asserting checkout error message contains text: "Error: Last Name is required"
2026-09-28 15:30:56 [INFO] [TC_CO_0002 - Verify checkout fails when Last Name is missing]: Asserting 1 elements to contain text: "Error: Last Name is required"
2026-09-28 15:30:56 [INFO] [TC_CO_0002 - Verify checkout fails when Last Name is missing]: Asserting element "locator('[data-test="error"]')" to contain text: "Error: Last Name is required"
2026-09-28 15:30:56 [INFO] [TC_CO_0002 - Verify checkout fails when Last Name is missing]: Waiting for element to be visible: "locator('[data-test="error"]')"
2026-09-28 15:30:56 [INFO] [TC_CO_0003 - Verify checkout fails when Zip/Postal Code is missing]: Successfully clicked on element: "locator('.inventory_item').filter({ has: locator('.inventory_item_name').filter({ hasText: 'Sauce Labs Backpack' }) }).locator('button.btn_inventory')"
2026-09-28 15:30:56 [INFO] [TC_CO_0003 - Verify checkout fails when Zip/Postal Code is missing]: Adding product to cart: "Sauce Labs Bike Light"
2026-09-28 15:30:56 [INFO] [TC_CO_0003 - Verify checkout fails when Zip/Postal Code is missing]: Accessing Playwright Page object directly.
2026-09-28 15:30:56 [INFO] [TC_CO_0003 - Verify checkout fails when Zip/Postal Code is missing]: Clicking on element with selector: "locator('.inventory_item').filter({ has: locator('.inventory_item_name').filter({ hasText: 'Sauce Labs Bike Light' }) }).locator('button.btn_inventory')"
2026-09-28 15:30:56 [INFO] [TC_CO_0002 - Verify checkout fails when Last Name is missing]: Element is now visible: "locator('[data-test="error"]')"
2026-09-28 15:30:56 [INFO] [TC_CO_0002 - Verify checkout fails when Last Name is missing]: Assertion passed: Element "locator('[data-test="error"]')" contains text "Error: Last Name is required".
2026-09-28 15:30:56 [INFO] [TC_CO_0002 - Verify checkout fails when Last Name is missing]: Assertion passed: All 1 elements contain text "Error: Last Name is required".
2026-09-28 15:30:56 [INFO] [TC_CO_0004 - Verify Cancel on the checkout information page returns to the cart]: Successfully clicked on element: "locator('#login-button')"
2026-09-28 15:30:56 [INFO] [TC_CO_0004 - Verify Cancel on the checkout information page returns to the cart]: Login action completed.
2026-09-28 15:30:56 [INFO] [TC_CO_0004 - Verify Cancel on the checkout information page returns to the cart]: Adding product to cart: "Sauce Labs Backpack"
2026-09-28 15:30:56 [INFO] [TC_CO_0004 - Verify Cancel on the checkout information page returns to the cart]: Accessing Playwright Page object directly.
2026-09-28 15:30:56 [INFO] [TC_CO_0004 - Verify Cancel on the checkout information page returns to the cart]: Clicking on element with selector: "locator('.inventory_item').filter({ has: locator('.inventory_item_name').filter({ hasText: 'Sauce Labs Backpack' }) }).locator('button.btn_inventory')"
2026-09-28 15:30:56 [INFO] [TC_CO_0003 - Verify checkout fails when Zip/Postal Code is missing]: Successfully clicked on element: "locator('.inventory_item').filter({ has: locator('.inventory_item_name').filter({ hasText: 'Sauce Labs Bike Light' }) }).locator('button.btn_inventory')"
2026-09-28 15:30:56 [INFO] [TC_CO_0003 - Verify checkout fails when Zip/Postal Code is missing]: Opening the cart.
2026-09-28 15:30:56 [INFO] [TC_CO_0003 - Verify checkout fails when Zip/Postal Code is missing]: Clicking on element with selector: "locator('.shopping_cart_link')"
2026-09-28 15:30:56 [INFO] [TC_CO_0003 - Verify checkout fails when Zip/Postal Code is missing]: Successfully clicked on element: "locator('.shopping_cart_link')"
2026-09-28 15:30:56 [INFO] [TC_CO_0003 - Verify checkout fails when Zip/Postal Code is missing]: End of BeforeEach
2026-09-28 15:30:56 [INFO] [TC_CO_0003 - Verify checkout fails when Zip/Postal Code is missing]: Accessing Playwright Page object directly.
2026-09-28 15:30:56 [INFO] [TC_CO_0003 - Verify checkout fails when Zip/Postal Code is missing]: Accessing Playwright Page object directly.
2026-09-28 15:30:56 [INFO] [TC_CO_0003 - Verify checkout fails when Zip/Postal Code is missing]: Accessing Playwright Page object directly.
2026-09-28 15:30:56 [INFO] [TC_CO_0003 - Verify checkout fails when Zip/Postal Code is missing]: Accessing Playwright Page object directly.
2026-09-28 15:30:56 [INFO] [TC_CO_0003 - Verify checkout fails when Zip/Postal Code is missing]: Accessing Playwright Page object directly.
2026-09-28 15:30:56 [INFO] [TC_CO_0003 - Verify checkout fails when Zip/Postal Code is missing]: Accessing Playwright Page object directly.
2026-09-28 15:30:56 [INFO] [TC_CO_0003 - Verify checkout fails when Zip/Postal Code is missing]: Accessing Playwright Page object directly.
2026-09-28 15:30:56 [INFO] [TC_CO_0003 - Verify checkout fails when Zip/Postal Code is missing]: Accessing Playwright Page object directly.
2026-09-28 15:30:56 [INFO] [TC_CO_0003 - Verify checkout fails when Zip/Postal Code is missing]: Accessing Playwright Page object directly.
2026-09-28 15:30:56 [INFO] [TC_CO_0003 - Verify checkout fails when Zip/Postal Code is missing]: Accessing Playwright Page object directly.
2026-09-28 15:30:56 [INFO] [TC_CO_0003 - Verify checkout fails when Zip/Postal Code is missing]: Proceeding to checkout.
2026-09-28 15:30:56 [INFO] [TC_CO_0003 - Verify checkout fails when Zip/Postal Code is missing]: Clicking on element with selector: "locator('#checkout')"
2026-09-28 15:30:56 [INFO] [TC_CO_0004 - Verify Cancel on the checkout information page returns to the cart]: Successfully clicked on element: "locator('.inventory_item').filter({ has: locator('.inventory_item_name').filter({ hasText: 'Sauce Labs Backpack' }) }).locator('button.btn_inventory')"
2026-09-28 15:30:56 [INFO] [TC_CO_0004 - Verify Cancel on the checkout information page returns to the cart]: Adding product to cart: "Sauce Labs Bike Light"
2026-09-28 15:30:56 [INFO] [TC_CO_0004 - Verify Cancel on the checkout information page returns to the cart]: Accessing Playwright Page object directly.
2026-09-28 15:30:56 [INFO] [TC_CO_0004 - Verify Cancel on the checkout information page returns to the cart]: Clicking on element with selector: "locator('.inventory_item').filter({ has: locator('.inventory_item_name').filter({ hasText: 'Sauce Labs Bike Light' }) }).locator('button.btn_inventory')"
2026-09-28 15:30:56 [INFO] [TC_CO_0003 - Verify checkout fails when Zip/Postal Code is missing]: Successfully clicked on element: "locator('#checkout')"
2026-09-28 15:30:56 [INFO] [TC_CO_0003 - Verify checkout fails when Zip/Postal Code is missing]: Filling checkout information: firstName="John", lastName="Doe", postalCode=""
2026-09-28 15:30:56 [INFO] [TC_CO_0003 - Verify checkout fails when Zip/Postal Code is missing]: Filling element "locator('#first-name')" with value: "John"
2026-09-28 15:30:56 [INFO] [TC_CO_0003 - Verify checkout fails when Zip/Postal Code is missing]: Successfully filled element "locator('#first-name')" with value: "John"
2026-09-28 15:30:56 [INFO] [TC_CO_0003 - Verify checkout fails when Zip/Postal Code is missing]: Filling element "locator('#last-name')" with value: "Doe"
2026-09-28 15:30:56 [INFO] [TC_CO_0003 - Verify checkout fails when Zip/Postal Code is missing]: Successfully filled element "locator('#last-name')" with value: "Doe"
2026-09-28 15:30:56 [INFO] [TC_CO_0003 - Verify checkout fails when Zip/Postal Code is missing]: Filling element "locator('#postal-code')" with value: ""
2026-09-28 15:30:56 [INFO] [TC_CO_0004 - Verify Cancel on the checkout information page returns to the cart]: Successfully clicked on element: "locator('.inventory_item').filter({ has: locator('.inventory_item_name').filter({ hasText: 'Sauce Labs Bike Light' }) }).locator('button.btn_inventory')"
2026-09-28 15:30:56 [INFO] [TC_CO_0004 - Verify Cancel on the checkout information page returns to the cart]: Opening the cart.
2026-09-28 15:30:56 [INFO] [TC_CO_0004 - Verify Cancel on the checkout information page returns to the cart]: Clicking on element with selector: "locator('.shopping_cart_link')"
2026-09-28 15:30:56 [INFO] [TC_CO_0003 - Verify checkout fails when Zip/Postal Code is missing]: Successfully filled element "locator('#postal-code')" with value: ""
2026-09-28 15:30:56 [INFO] [TC_CO_0003 - Verify checkout fails when Zip/Postal Code is missing]: Clicking Continue.
2026-09-28 15:30:56 [INFO] [TC_CO_0003 - Verify checkout fails when Zip/Postal Code is missing]: Clicking on element with selector: "locator('#continue')"
2026-09-28 15:30:57 [INFO] [TC_CO_0004 - Verify Cancel on the checkout information page returns to the cart]: Successfully clicked on element: "locator('.shopping_cart_link')"
2026-09-28 15:30:57 [INFO] [TC_CO_0004 - Verify Cancel on the checkout information page returns to the cart]: End of BeforeEach
2026-09-28 15:30:57 [INFO] [TC_CO_0004 - Verify Cancel on the checkout information page returns to the cart]: Accessing Playwright Page object directly.
2026-09-28 15:30:57 [INFO] [TC_CO_0004 - Verify Cancel on the checkout information page returns to the cart]: Accessing Playwright Page object directly.
2026-09-28 15:30:57 [INFO] [TC_CO_0004 - Verify Cancel on the checkout information page returns to the cart]: Accessing Playwright Page object directly.
2026-09-28 15:30:57 [INFO] [TC_CO_0004 - Verify Cancel on the checkout information page returns to the cart]: Accessing Playwright Page object directly.
2026-09-28 15:30:57 [INFO] [TC_CO_0004 - Verify Cancel on the checkout information page returns to the cart]: Accessing Playwright Page object directly.
2026-09-28 15:30:57 [INFO] [TC_CO_0004 - Verify Cancel on the checkout information page returns to the cart]: Accessing Playwright Page object directly.
2026-09-28 15:30:57 [INFO] [TC_CO_0004 - Verify Cancel on the checkout information page returns to the cart]: Accessing Playwright Page object directly.
2026-09-28 15:30:57 [INFO] [TC_CO_0004 - Verify Cancel on the checkout information page returns to the cart]: Accessing Playwright Page object directly.
2026-09-28 15:30:57 [INFO] [TC_CO_0004 - Verify Cancel on the checkout information page returns to the cart]: Accessing Playwright Page object directly.
2026-09-28 15:30:57 [INFO] [TC_CO_0004 - Verify Cancel on the checkout information page returns to the cart]: Accessing Playwright Page object directly.
2026-09-28 15:30:57 [INFO] [TC_CO_0004 - Verify Cancel on the checkout information page returns to the cart]: Proceeding to checkout.
2026-09-28 15:30:57 [INFO] [TC_CO_0004 - Verify Cancel on the checkout information page returns to the cart]: Clicking on element with selector: "locator('#checkout')"
2026-09-28 15:30:57 [INFO] [TC_CO_0003 - Verify checkout fails when Zip/Postal Code is missing]: Successfully clicked on element: "locator('#continue')"
2026-09-28 15:30:57 [INFO] [TC_CO_0003 - Verify checkout fails when Zip/Postal Code is missing]: Asserting checkout error message contains text: "Error: Postal Code is required"
2026-09-28 15:30:57 [INFO] [TC_CO_0003 - Verify checkout fails when Zip/Postal Code is missing]: Asserting 1 elements to contain text: "Error: Postal Code is required"
2026-09-28 15:30:57 [INFO] [TC_CO_0003 - Verify checkout fails when Zip/Postal Code is missing]: Asserting element "locator('[data-test="error"]')" to contain text: "Error: Postal Code is required"
2026-09-28 15:30:57 [INFO] [TC_CO_0003 - Verify checkout fails when Zip/Postal Code is missing]: Waiting for element to be visible: "locator('[data-test="error"]')"
2026-09-28 15:30:57 [INFO] [TC_CO_0003 - Verify checkout fails when Zip/Postal Code is missing]: Element is now visible: "locator('[data-test="error"]')"
2026-09-28 15:30:57 [INFO] [TC_CO_0003 - Verify checkout fails when Zip/Postal Code is missing]: Assertion passed: Element "locator('[data-test="error"]')" contains text "Error: Postal Code is required".
2026-09-28 15:30:57 [INFO] [TC_CO_0003 - Verify checkout fails when Zip/Postal Code is missing]: Assertion passed: All 1 elements contain text "Error: Postal Code is required".
2026-09-28 15:30:57 [INFO] [TC_CO_0004 - Verify Cancel on the checkout information page returns to the cart]: Successfully clicked on element: "locator('#checkout')"
2026-09-28 15:30:57 [INFO] [TC_CO_0004 - Verify Cancel on the checkout information page returns to the cart]: Cancelling checkout.
2026-09-28 15:30:57 [INFO] [TC_CO_0004 - Verify Cancel on the checkout information page returns to the cart]: Clicking on element with selector: "locator('[data-test="cancel"]')"
2026-09-28 15:30:57 [INFO] [TC_CO_0005 - Verify the checkout overview shows the correct item count and total]: Accessing Playwright Page object directly.
2026-09-28 15:30:57 [INFO] [TC_CO_0005 - Verify the checkout overview shows the correct item count and total]: Accessing Playwright Page object directly.
2026-09-28 15:30:57 [INFO] [TC_CO_0005 - Verify the checkout overview shows the correct item count and total]: Accessing Playwright Page object directly.
2026-09-28 15:30:57 [INFO] [TC_CO_0005 - Verify the checkout overview shows the correct item count and total]: Accessing Playwright Page object directly.
2026-09-28 15:30:57 [INFO] [TC_CO_0005 - Verify the checkout overview shows the correct item count and total]: Accessing Playwright Page object directly.
2026-09-28 15:30:57 [INFO] [TC_CO_0005 - Verify the checkout overview shows the correct item count and total]: Accessing Playwright Page object directly.
2026-09-28 15:30:57 [INFO] [TC_CO_0005 - Verify the checkout overview shows the correct item count and total]: Accessing Playwright Page object directly.
2026-09-28 15:30:57 [INFO] [TC_CO_0005 - Verify the checkout overview shows the correct item count and total]: Accessing Playwright Page object directly.
2026-09-28 15:30:57 [INFO] [TC_CO_0005 - Verify the checkout overview shows the correct item count and total]: Accessing Playwright Page object directly.
2026-09-28 15:30:57 [INFO] [TC_CO_0005 - Verify the checkout overview shows the correct item count and total]: Accessing Playwright Page object directly.
2026-09-28 15:30:57 [INFO] [TC_CO_0005 - Verify the checkout overview shows the correct item count and total]: Accessing Playwright Page object directly.
2026-09-28 15:30:57 [INFO] [TC_CO_0005 - Verify the checkout overview shows the correct item count and total]: Accessing Playwright Page object directly.
2026-09-28 15:30:57 [INFO] [TC_CO_0005 - Verify the checkout overview shows the correct item count and total]: Accessing Playwright Page object directly.
2026-09-28 15:30:57 [INFO] [TC_CO_0005 - Verify the checkout overview shows the correct item count and total]: Accessing Playwright Page object directly.
2026-09-28 15:30:57 [INFO] [TC_CO_0005 - Verify the checkout overview shows the correct item count and total]: Accessing Playwright Page object directly.
2026-09-28 15:30:57 [INFO] [TC_CO_0005 - Verify the checkout overview shows the correct item count and total]: Accessing Playwright Page object directly.
2026-09-28 15:30:57 [INFO] [TC_CO_0005 - Verify the checkout overview shows the correct item count and total]: Start of BeforeEach
2026-09-28 15:30:57 [INFO] [TC_CO_0005 - Verify the checkout overview shows the correct item count and total]: Navigating to the Sauce Demo login page...
2026-09-28 15:30:57 [INFO] [TC_CO_0005 - Verify the checkout overview shows the correct item count and total]: Navigating to URL: https://www.saucedemo.com/
2026-09-28 15:30:57 [INFO] [TC_CO_0005 - Verify the checkout overview shows the correct item count and total]: Accessing Playwright Page object directly.
2026-09-28 15:30:57 [INFO] [TC_CO_0004 - Verify Cancel on the checkout information page returns to the cart]: Successfully clicked on element: "locator('[data-test="cancel"]')"
2026-09-28 15:30:57 [INFO] [TC_CO_0004 - Verify Cancel on the checkout information page returns to the cart]: Asserting page URL to be: "/cart\.html/"
2026-09-28 15:30:57 [INFO] [TC_CO_0004 - Verify Cancel on the checkout information page returns to the cart]: Assertion passed: Page URL is "https://www.saucedemo.com/cart.html".
2026-09-28 15:30:57 [INFO] [TC_CO_0004 - Verify Cancel on the checkout information page returns to the cart]: Asserting cart item count to be: 2
2026-09-28 15:30:57 [INFO] [TC_CO_0004 - Verify Cancel on the checkout information page returns to the cart]: Asserting value to be: "2"
2026-09-28 15:30:57 [INFO] [TC_CO_0004 - Verify Cancel on the checkout information page returns to the cart]: Assertion passed: Value is "2".
2026-09-28 15:30:57 [INFO] [TC_CO_0005 - Verify the checkout overview shows the correct item count and total]: Accessing Playwright Page object directly.
2026-09-28 15:30:57 [INFO] [TC_CO_0005 - Verify the checkout overview shows the correct item count and total]: Successfully navigated to: https://www.saucedemo.com/
2026-09-28 15:30:57 [INFO] [TC_CO_0005 - Verify the checkout overview shows the correct item count and total]: Accessing Playwright Page object directly.
2026-09-28 15:30:57 [INFO] [TC_CO_0005 - Verify the checkout overview shows the correct item count and total]: Page loaded and stable after navigation.
2026-09-28 15:30:57 [INFO] [TC_CO_0005 - Verify the checkout overview shows the correct item count and total]: Waiting for element to be visible: "locator('#user-name')"
2026-09-28 15:30:57 [INFO] [TC_CO_0005 - Verify the checkout overview shows the correct item count and total]: Element is now visible: "locator('#user-name')"
2026-09-28 15:30:57 [INFO] [TC_CO_0005 - Verify the checkout overview shows the correct item count and total]: Landed on the Sauce Demo login page.
2026-09-28 15:30:57 [INFO] [TC_CO_0005 - Verify the checkout overview shows the correct item count and total]: Performing login action.
2026-09-28 15:30:57 [INFO] [TC_CO_0005 - Verify the checkout overview shows the correct item count and total]: Entering username: standard_user
2026-09-28 15:30:57 [INFO] [TC_CO_0005 - Verify the checkout overview shows the correct item count and total]: Filling element "locator('#user-name')" with value: "standard_user"
2026-09-28 15:30:57 [INFO] [TC_CO_0005 - Verify the checkout overview shows the correct item count and total]: Successfully filled element "locator('#user-name')" with value: "standard_user"
2026-09-28 15:30:57 [INFO] [TC_CO_0005 - Verify the checkout overview shows the correct item count and total]: Entering password.
2026-09-28 15:30:57 [INFO] [TC_CO_0005 - Verify the checkout overview shows the correct item count and total]: Filling element "locator('#password')" with value: "secret_sauce"
2026-09-28 15:30:57 [INFO] [TC_CO_0005 - Verify the checkout overview shows the correct item count and total]: Successfully filled element "locator('#password')" with value: "secret_sauce"
2026-09-28 15:30:57 [INFO] [TC_CO_0005 - Verify the checkout overview shows the correct item count and total]: Clicking the Login button.
2026-09-28 15:30:57 [INFO] [TC_CO_0005 - Verify the checkout overview shows the correct item count and total]: Clicking on element with selector: "locator('#login-button')"
2026-09-28 15:30:57 [INFO] [TC_CO_0005 - Verify the checkout overview shows the correct item count and total]: Successfully clicked on element: "locator('#login-button')"
2026-09-28 15:30:57 [INFO] [TC_CO_0005 - Verify the checkout overview shows the correct item count and total]: Login action completed.
2026-09-28 15:30:57 [INFO] [TC_CO_0005 - Verify the checkout overview shows the correct item count and total]: Adding product to cart: "Sauce Labs Backpack"
2026-09-28 15:30:57 [INFO] [TC_CO_0005 - Verify the checkout overview shows the correct item count and total]: Accessing Playwright Page object directly.
2026-09-28 15:30:57 [INFO] [TC_CO_0005 - Verify the checkout overview shows the correct item count and total]: Clicking on element with selector: "locator('.inventory_item').filter({ has: locator('.inventory_item_name').filter({ hasText: 'Sauce Labs Backpack' }) }).locator('button.btn_inventory')"
2026-09-28 15:30:57 [INFO] [TC_CO_0006 - Verify Cancel on the checkout overview returns to the Products page]: Accessing Playwright Page object directly.
2026-09-28 15:30:57 [INFO] [TC_CO_0006 - Verify Cancel on the checkout overview returns to the Products page]: Accessing Playwright Page object directly.
2026-09-28 15:30:57 [INFO] [TC_CO_0006 - Verify Cancel on the checkout overview returns to the Products page]: Accessing Playwright Page object directly.
2026-09-28 15:30:57 [INFO] [TC_CO_0006 - Verify Cancel on the checkout overview returns to the Products page]: Accessing Playwright Page object directly.
2026-09-28 15:30:57 [INFO] [TC_CO_0006 - Verify Cancel on the checkout overview returns to the Products page]: Accessing Playwright Page object directly.
2026-09-28 15:30:57 [INFO] [TC_CO_0006 - Verify Cancel on the checkout overview returns to the Products page]: Accessing Playwright Page object directly.
2026-09-28 15:30:57 [INFO] [TC_CO_0006 - Verify Cancel on the checkout overview returns to the Products page]: Accessing Playwright Page object directly.
2026-09-28 15:30:57 [INFO] [TC_CO_0006 - Verify Cancel on the checkout overview returns to the Products page]: Accessing Playwright Page object directly.
2026-09-28 15:30:57 [INFO] [TC_CO_0006 - Verify Cancel on the checkout overview returns to the Products page]: Accessing Playwright Page object directly.
2026-09-28 15:30:57 [INFO] [TC_CO_0006 - Verify Cancel on the checkout overview returns to the Products page]: Accessing Playwright Page object directly.
2026-09-28 15:30:57 [INFO] [TC_CO_0006 - Verify Cancel on the checkout overview returns to the Products page]: Accessing Playwright Page object directly.
2026-09-28 15:30:57 [INFO] [TC_CO_0006 - Verify Cancel on the checkout overview returns to the Products page]: Accessing Playwright Page object directly.
2026-09-28 15:30:57 [INFO] [TC_CO_0006 - Verify Cancel on the checkout overview returns to the Products page]: Accessing Playwright Page object directly.
2026-09-28 15:30:57 [INFO] [TC_CO_0006 - Verify Cancel on the checkout overview returns to the Products page]: Accessing Playwright Page object directly.
2026-09-28 15:30:57 [INFO] [TC_CO_0006 - Verify Cancel on the checkout overview returns to the Products page]: Accessing Playwright Page object directly.
2026-09-28 15:30:57 [INFO] [TC_CO_0006 - Verify Cancel on the checkout overview returns to the Products page]: Accessing Playwright Page object directly.
2026-09-28 15:30:57 [INFO] [TC_CO_0006 - Verify Cancel on the checkout overview returns to the Products page]: Start of BeforeEach
2026-09-28 15:30:57 [INFO] [TC_CO_0006 - Verify Cancel on the checkout overview returns to the Products page]: Navigating to the Sauce Demo login page...
2026-09-28 15:30:57 [INFO] [TC_CO_0006 - Verify Cancel on the checkout overview returns to the Products page]: Navigating to URL: https://www.saucedemo.com/
2026-09-28 15:30:57 [INFO] [TC_CO_0006 - Verify Cancel on the checkout overview returns to the Products page]: Accessing Playwright Page object directly.
2026-09-28 15:30:57 [INFO] [TC_CO_0005 - Verify the checkout overview shows the correct item count and total]: Successfully clicked on element: "locator('.inventory_item').filter({ has: locator('.inventory_item_name').filter({ hasText: 'Sauce Labs Backpack' }) }).locator('button.btn_inventory')"
2026-09-28 15:30:57 [INFO] [TC_CO_0005 - Verify the checkout overview shows the correct item count and total]: Adding product to cart: "Sauce Labs Bike Light"
2026-09-28 15:30:57 [INFO] [TC_CO_0005 - Verify the checkout overview shows the correct item count and total]: Accessing Playwright Page object directly.
2026-09-28 15:30:57 [INFO] [TC_CO_0005 - Verify the checkout overview shows the correct item count and total]: Clicking on element with selector: "locator('.inventory_item').filter({ has: locator('.inventory_item_name').filter({ hasText: 'Sauce Labs Bike Light' }) }).locator('button.btn_inventory')"
2026-09-28 15:30:57 [INFO] [TC_CO_0005 - Verify the checkout overview shows the correct item count and total]: Successfully clicked on element: "locator('.inventory_item').filter({ has: locator('.inventory_item_name').filter({ hasText: 'Sauce Labs Bike Light' }) }).locator('button.btn_inventory')"
2026-09-28 15:30:57 [INFO] [TC_CO_0005 - Verify the checkout overview shows the correct item count and total]: Opening the cart.
2026-09-28 15:30:57 [INFO] [TC_CO_0005 - Verify the checkout overview shows the correct item count and total]: Clicking on element with selector: "locator('.shopping_cart_link')"
2026-09-28 15:30:57 [INFO] [TC_CO_0005 - Verify the checkout overview shows the correct item count and total]: Successfully clicked on element: "locator('.shopping_cart_link')"
2026-09-28 15:30:57 [INFO] [TC_CO_0005 - Verify the checkout overview shows the correct item count and total]: End of BeforeEach
2026-09-28 15:30:57 [INFO] [TC_CO_0005 - Verify the checkout overview shows the correct item count and total]: Accessing Playwright Page object directly.
2026-09-28 15:30:57 [INFO] [TC_CO_0005 - Verify the checkout overview shows the correct item count and total]: Accessing Playwright Page object directly.
2026-09-28 15:30:57 [INFO] [TC_CO_0005 - Verify the checkout overview shows the correct item count and total]: Accessing Playwright Page object directly.
2026-09-28 15:30:57 [INFO] [TC_CO_0005 - Verify the checkout overview shows the correct item count and total]: Accessing Playwright Page object directly.
2026-09-28 15:30:57 [INFO] [TC_CO_0005 - Verify the checkout overview shows the correct item count and total]: Accessing Playwright Page object directly.
2026-09-28 15:30:57 [INFO] [TC_CO_0005 - Verify the checkout overview shows the correct item count and total]: Accessing Playwright Page object directly.
2026-09-28 15:30:57 [INFO] [TC_CO_0005 - Verify the checkout overview shows the correct item count and total]: Accessing Playwright Page object directly.
2026-09-28 15:30:57 [INFO] [TC_CO_0005 - Verify the checkout overview shows the correct item count and total]: Accessing Playwright Page object directly.
2026-09-28 15:30:57 [INFO] [TC_CO_0005 - Verify the checkout overview shows the correct item count and total]: Accessing Playwright Page object directly.
2026-09-28 15:30:57 [INFO] [TC_CO_0005 - Verify the checkout overview shows the correct item count and total]: Accessing Playwright Page object directly.
2026-09-28 15:30:57 [INFO] [TC_CO_0005 - Verify the checkout overview shows the correct item count and total]: Accessing Playwright Page object directly.
2026-09-28 15:30:57 [INFO] [TC_CO_0005 - Verify the checkout overview shows the correct item count and total]: Accessing Playwright Page object directly.
2026-09-28 15:30:57 [INFO] [TC_CO_0005 - Verify the checkout overview shows the correct item count and total]: Accessing Playwright Page object directly.
2026-09-28 15:30:57 [INFO] [TC_CO_0005 - Verify the checkout overview shows the correct item count and total]: Accessing Playwright Page object directly.
2026-09-28 15:30:57 [INFO] [TC_CO_0005 - Verify the checkout overview shows the correct item count and total]: Accessing Playwright Page object directly.
2026-09-28 15:30:57 [INFO] [TC_CO_0005 - Verify the checkout overview shows the correct item count and total]: Accessing Playwright Page object directly.
2026-09-28 15:30:57 [INFO] [TC_CO_0005 - Verify the checkout overview shows the correct item count and total]: Proceeding to checkout.
2026-09-28 15:30:57 [INFO] [TC_CO_0005 - Verify the checkout overview shows the correct item count and total]: Clicking on element with selector: "locator('#checkout')"
2026-09-28 15:30:58 [INFO] [TC_CO_0005 - Verify the checkout overview shows the correct item count and total]: Successfully clicked on element: "locator('#checkout')"
2026-09-28 15:30:58 [INFO] [TC_CO_0005 - Verify the checkout overview shows the correct item count and total]: Filling checkout information: firstName="John", lastName="Doe", postalCode="12345"
2026-09-28 15:30:58 [INFO] [TC_CO_0005 - Verify the checkout overview shows the correct item count and total]: Filling element "locator('#first-name')" with value: "John"
2026-09-28 15:30:58 [INFO] [TC_CO_0005 - Verify the checkout overview shows the correct item count and total]: Successfully filled element "locator('#first-name')" with value: "John"
2026-09-28 15:30:58 [INFO] [TC_CO_0005 - Verify the checkout overview shows the correct item count and total]: Filling element "locator('#last-name')" with value: "Doe"
2026-09-28 15:30:58 [INFO] [TC_CO_0005 - Verify the checkout overview shows the correct item count and total]: Successfully filled element "locator('#last-name')" with value: "Doe"
2026-09-28 15:30:58 [INFO] [TC_CO_0005 - Verify the checkout overview shows the correct item count and total]: Filling element "locator('#postal-code')" with value: "12345"
2026-09-28 15:30:58 [INFO] [TC_CO_0006 - Verify Cancel on the checkout overview returns to the Products page]: Accessing Playwright Page object directly.
2026-09-28 15:30:58 [INFO] [TC_CO_0006 - Verify Cancel on the checkout overview returns to the Products page]: Successfully navigated to: https://www.saucedemo.com/
2026-09-28 15:30:58 [INFO] [TC_CO_0006 - Verify Cancel on the checkout overview returns to the Products page]: Accessing Playwright Page object directly.
2026-09-28 15:30:58 [INFO] [TC_CO_0006 - Verify Cancel on the checkout overview returns to the Products page]: Page loaded and stable after navigation.
2026-09-28 15:30:58 [INFO] [TC_CO_0006 - Verify Cancel on the checkout overview returns to the Products page]: Waiting for element to be visible: "locator('#user-name')"
2026-09-28 15:30:58 [INFO] [TC_CO_0005 - Verify the checkout overview shows the correct item count and total]: Successfully filled element "locator('#postal-code')" with value: "12345"
2026-09-28 15:30:58 [INFO] [TC_CO_0005 - Verify the checkout overview shows the correct item count and total]: Clicking Continue.
2026-09-28 15:30:58 [INFO] [TC_CO_0005 - Verify the checkout overview shows the correct item count and total]: Clicking on element with selector: "locator('#continue')"
2026-09-28 15:30:58 [INFO] [TC_CO_0005 - Verify the checkout overview shows the correct item count and total]: Successfully clicked on element: "locator('#continue')"
2026-09-28 15:30:58 [INFO] [TC_CO_0005 - Verify the checkout overview shows the correct item count and total]: Asserting checkout overview item count to be: 2
2026-09-28 15:30:58 [INFO] [TC_CO_0005 - Verify the checkout overview shows the correct item count and total]: Asserting value to be: "2"
2026-09-28 15:30:58 [INFO] [TC_CO_0005 - Verify the checkout overview shows the correct item count and total]: Assertion passed: Value is "2".
2026-09-28 15:30:58 [INFO] [TC_CO_0005 - Verify the checkout overview shows the correct item count and total]: Asserting total equals subtotal plus tax.
2026-09-28 15:30:58 [INFO] [TC_CO_0005 - Verify the checkout overview shows the correct item count and total]: Getting text content of element: "locator('[data-test="subtotal-label"]')"
2026-09-28 15:30:58 [INFO] [TC_CO_0005 - Verify the checkout overview shows the correct item count and total]: Text content of element "locator('[data-test="subtotal-label"]')" is: "Item total: $39.98"
2026-09-28 15:30:58 [INFO] [TC_CO_0005 - Verify the checkout overview shows the correct item count and total]: Getting text content of element: "locator('[data-test="tax-label"]')"
2026-09-28 15:30:58 [INFO] [TC_CO_0005 - Verify the checkout overview shows the correct item count and total]: Text content of element "locator('[data-test="tax-label"]')" is: "Tax: $3.20"
2026-09-28 15:30:58 [INFO] [TC_CO_0005 - Verify the checkout overview shows the correct item count and total]: Getting text content of element: "locator('[data-test="total-label"]')"
2026-09-28 15:30:58 [INFO] [TC_CO_0006 - Verify Cancel on the checkout overview returns to the Products page]: Element is now visible: "locator('#user-name')"
2026-09-28 15:30:58 [INFO] [TC_CO_0006 - Verify Cancel on the checkout overview returns to the Products page]: Landed on the Sauce Demo login page.
2026-09-28 15:30:58 [INFO] [TC_CO_0006 - Verify Cancel on the checkout overview returns to the Products page]: Performing login action.
2026-09-28 15:30:58 [INFO] [TC_CO_0006 - Verify Cancel on the checkout overview returns to the Products page]: Entering username: standard_user
2026-09-28 15:30:58 [INFO] [TC_CO_0006 - Verify Cancel on the checkout overview returns to the Products page]: Filling element "locator('#user-name')" with value: "standard_user"
2026-09-28 15:30:58 [INFO] [TC_CO_0005 - Verify the checkout overview shows the correct item count and total]: Text content of element "locator('[data-test="total-label"]')" is: "Total: $43.18"
2026-09-28 15:30:58 [INFO] [TC_CO_0005 - Verify the checkout overview shows the correct item count and total]: Asserting value to be close to: "43.18" with 2 decimal digits
2026-09-28 15:30:58 [INFO] [TC_CO_0005 - Verify the checkout overview shows the correct item count and total]: Assertion passed: Value is close to "43.18".
2026-09-28 15:30:58 [INFO] [TC_CO_0007 - Verify completing checkout displays the order confirmation]: Accessing Playwright Page object directly.
2026-09-28 15:30:58 [INFO] [TC_CO_0007 - Verify completing checkout displays the order confirmation]: Accessing Playwright Page object directly.
2026-09-28 15:30:58 [INFO] [TC_CO_0007 - Verify completing checkout displays the order confirmation]: Accessing Playwright Page object directly.
2026-09-28 15:30:58 [INFO] [TC_CO_0007 - Verify completing checkout displays the order confirmation]: Accessing Playwright Page object directly.
2026-09-28 15:30:58 [INFO] [TC_CO_0007 - Verify completing checkout displays the order confirmation]: Accessing Playwright Page object directly.
2026-09-28 15:30:58 [INFO] [TC_CO_0007 - Verify completing checkout displays the order confirmation]: Accessing Playwright Page object directly.
2026-09-28 15:30:58 [INFO] [TC_CO_0007 - Verify completing checkout displays the order confirmation]: Accessing Playwright Page object directly.
2026-09-28 15:30:58 [INFO] [TC_CO_0007 - Verify completing checkout displays the order confirmation]: Accessing Playwright Page object directly.
2026-09-28 15:30:58 [INFO] [TC_CO_0007 - Verify completing checkout displays the order confirmation]: Accessing Playwright Page object directly.
2026-09-28 15:30:58 [INFO] [TC_CO_0007 - Verify completing checkout displays the order confirmation]: Accessing Playwright Page object directly.
2026-09-28 15:30:58 [INFO] [TC_CO_0007 - Verify completing checkout displays the order confirmation]: Accessing Playwright Page object directly.
2026-09-28 15:30:58 [INFO] [TC_CO_0007 - Verify completing checkout displays the order confirmation]: Accessing Playwright Page object directly.
2026-09-28 15:30:58 [INFO] [TC_CO_0007 - Verify completing checkout displays the order confirmation]: Accessing Playwright Page object directly.
2026-09-28 15:30:58 [INFO] [TC_CO_0007 - Verify completing checkout displays the order confirmation]: Accessing Playwright Page object directly.
2026-09-28 15:30:58 [INFO] [TC_CO_0007 - Verify completing checkout displays the order confirmation]: Accessing Playwright Page object directly.
2026-09-28 15:30:58 [INFO] [TC_CO_0007 - Verify completing checkout displays the order confirmation]: Accessing Playwright Page object directly.
2026-09-28 15:30:58 [INFO] [TC_CO_0007 - Verify completing checkout displays the order confirmation]: Start of BeforeEach
2026-09-28 15:30:58 [INFO] [TC_CO_0007 - Verify completing checkout displays the order confirmation]: Navigating to the Sauce Demo login page...
2026-09-28 15:30:58 [INFO] [TC_CO_0007 - Verify completing checkout displays the order confirmation]: Navigating to URL: https://www.saucedemo.com/
2026-09-28 15:30:58 [INFO] [TC_CO_0007 - Verify completing checkout displays the order confirmation]: Accessing Playwright Page object directly.
2026-09-28 15:30:58 [INFO] [TC_CO_0006 - Verify Cancel on the checkout overview returns to the Products page]: Successfully filled element "locator('#user-name')" with value: "standard_user"
2026-09-28 15:30:58 [INFO] [TC_CO_0006 - Verify Cancel on the checkout overview returns to the Products page]: Entering password.
2026-09-28 15:30:58 [INFO] [TC_CO_0006 - Verify Cancel on the checkout overview returns to the Products page]: Filling element "locator('#password')" with value: "secret_sauce"
2026-09-28 15:30:58 [INFO] [TC_CO_0006 - Verify Cancel on the checkout overview returns to the Products page]: Successfully filled element "locator('#password')" with value: "secret_sauce"
2026-09-28 15:30:58 [INFO] [TC_CO_0006 - Verify Cancel on the checkout overview returns to the Products page]: Clicking the Login button.
2026-09-28 15:30:58 [INFO] [TC_CO_0006 - Verify Cancel on the checkout overview returns to the Products page]: Clicking on element with selector: "locator('#login-button')"
2026-09-28 15:30:58 [INFO] [TC_CO_0006 - Verify Cancel on the checkout overview returns to the Products page]: Successfully clicked on element: "locator('#login-button')"
2026-09-28 15:30:58 [INFO] [TC_CO_0006 - Verify Cancel on the checkout overview returns to the Products page]: Login action completed.
2026-09-28 15:30:58 [INFO] [TC_CO_0006 - Verify Cancel on the checkout overview returns to the Products page]: Adding product to cart: "Sauce Labs Backpack"
2026-09-28 15:30:58 [INFO] [TC_CO_0006 - Verify Cancel on the checkout overview returns to the Products page]: Accessing Playwright Page object directly.
2026-09-28 15:30:58 [INFO] [TC_CO_0006 - Verify Cancel on the checkout overview returns to the Products page]: Clicking on element with selector: "locator('.inventory_item').filter({ has: locator('.inventory_item_name').filter({ hasText: 'Sauce Labs Backpack' }) }).locator('button.btn_inventory')"
2026-09-28 15:30:58 [INFO] [TC_CO_0007 - Verify completing checkout displays the order confirmation]: Accessing Playwright Page object directly.
2026-09-28 15:30:58 [INFO] [TC_CO_0007 - Verify completing checkout displays the order confirmation]: Successfully navigated to: https://www.saucedemo.com/
2026-09-28 15:30:58 [INFO] [TC_CO_0007 - Verify completing checkout displays the order confirmation]: Accessing Playwright Page object directly.
2026-09-28 15:30:58 [INFO] [TC_CO_0007 - Verify completing checkout displays the order confirmation]: Page loaded and stable after navigation.
2026-09-28 15:30:58 [INFO] [TC_CO_0007 - Verify completing checkout displays the order confirmation]: Waiting for element to be visible: "locator('#user-name')"
2026-09-28 15:30:58 [INFO] [TC_CO_0008 - Verify Back Home from the order confirmation returns to an empty Products page cart]: Accessing Playwright Page object directly.
2026-09-28 15:30:58 [INFO] [TC_CO_0008 - Verify Back Home from the order confirmation returns to an empty Products page cart]: Accessing Playwright Page object directly.
2026-09-28 15:30:58 [INFO] [TC_CO_0008 - Verify Back Home from the order confirmation returns to an empty Products page cart]: Accessing Playwright Page object directly.
2026-09-28 15:30:58 [INFO] [TC_CO_0008 - Verify Back Home from the order confirmation returns to an empty Products page cart]: Accessing Playwright Page object directly.
2026-09-28 15:30:58 [INFO] [TC_CO_0008 - Verify Back Home from the order confirmation returns to an empty Products page cart]: Accessing Playwright Page object directly.
2026-09-28 15:30:58 [INFO] [TC_CO_0008 - Verify Back Home from the order confirmation returns to an empty Products page cart]: Accessing Playwright Page object directly.
2026-09-28 15:30:58 [INFO] [TC_CO_0008 - Verify Back Home from the order confirmation returns to an empty Products page cart]: Accessing Playwright Page object directly.
2026-09-28 15:30:58 [INFO] [TC_CO_0008 - Verify Back Home from the order confirmation returns to an empty Products page cart]: Accessing Playwright Page object directly.
2026-09-28 15:30:58 [INFO] [TC_CO_0008 - Verify Back Home from the order confirmation returns to an empty Products page cart]: Accessing Playwright Page object directly.
2026-09-28 15:30:58 [INFO] [TC_CO_0008 - Verify Back Home from the order confirmation returns to an empty Products page cart]: Accessing Playwright Page object directly.
2026-09-28 15:30:58 [INFO] [TC_CO_0008 - Verify Back Home from the order confirmation returns to an empty Products page cart]: Accessing Playwright Page object directly.
2026-09-28 15:30:58 [INFO] [TC_CO_0008 - Verify Back Home from the order confirmation returns to an empty Products page cart]: Accessing Playwright Page object directly.
2026-09-28 15:30:58 [INFO] [TC_CO_0008 - Verify Back Home from the order confirmation returns to an empty Products page cart]: Accessing Playwright Page object directly.
2026-09-28 15:30:58 [INFO] [TC_CO_0008 - Verify Back Home from the order confirmation returns to an empty Products page cart]: Accessing Playwright Page object directly.
2026-09-28 15:30:58 [INFO] [TC_CO_0008 - Verify Back Home from the order confirmation returns to an empty Products page cart]: Accessing Playwright Page object directly.
2026-09-28 15:30:58 [INFO] [TC_CO_0008 - Verify Back Home from the order confirmation returns to an empty Products page cart]: Accessing Playwright Page object directly.
2026-09-28 15:30:58 [INFO] [TC_CO_0008 - Verify Back Home from the order confirmation returns to an empty Products page cart]: Start of BeforeEach
2026-09-28 15:30:58 [INFO] [TC_CO_0008 - Verify Back Home from the order confirmation returns to an empty Products page cart]: Navigating to the Sauce Demo login page...
2026-09-28 15:30:58 [INFO] [TC_CO_0008 - Verify Back Home from the order confirmation returns to an empty Products page cart]: Navigating to URL: https://www.saucedemo.com/
2026-09-28 15:30:58 [INFO] [TC_CO_0008 - Verify Back Home from the order confirmation returns to an empty Products page cart]: Accessing Playwright Page object directly.
2026-09-28 15:30:58 [INFO] [TC_CO_0006 - Verify Cancel on the checkout overview returns to the Products page]: Successfully clicked on element: "locator('.inventory_item').filter({ has: locator('.inventory_item_name').filter({ hasText: 'Sauce Labs Backpack' }) }).locator('button.btn_inventory')"
2026-09-28 15:30:58 [INFO] [TC_CO_0007 - Verify completing checkout displays the order confirmation]: Element is now visible: "locator('#user-name')"
2026-09-28 15:30:58 [INFO] [TC_CO_0006 - Verify Cancel on the checkout overview returns to the Products page]: Adding product to cart: "Sauce Labs Bike Light"
2026-09-28 15:30:58 [INFO] [TC_CO_0006 - Verify Cancel on the checkout overview returns to the Products page]: Accessing Playwright Page object directly.
2026-09-28 15:30:58 [INFO] [TC_CO_0006 - Verify Cancel on the checkout overview returns to the Products page]: Clicking on element with selector: "locator('.inventory_item').filter({ has: locator('.inventory_item_name').filter({ hasText: 'Sauce Labs Bike Light' }) }).locator('button.btn_inventory')"
2026-09-28 15:30:58 [INFO] [TC_CO_0007 - Verify completing checkout displays the order confirmation]: Landed on the Sauce Demo login page.
2026-09-28 15:30:58 [INFO] [TC_CO_0007 - Verify completing checkout displays the order confirmation]: Performing login action.
2026-09-28 15:30:58 [INFO] [TC_CO_0007 - Verify completing checkout displays the order confirmation]: Entering username: standard_user
2026-09-28 15:30:58 [INFO] [TC_CO_0007 - Verify completing checkout displays the order confirmation]: Filling element "locator('#user-name')" with value: "standard_user"
2026-09-28 15:30:58 [INFO] [TC_CO_0007 - Verify completing checkout displays the order confirmation]: Successfully filled element "locator('#user-name')" with value: "standard_user"
2026-09-28 15:30:58 [INFO] [TC_CO_0007 - Verify completing checkout displays the order confirmation]: Entering password.
2026-09-28 15:30:58 [INFO] [TC_CO_0007 - Verify completing checkout displays the order confirmation]: Filling element "locator('#password')" with value: "secret_sauce"
2026-09-28 15:30:58 [INFO] [TC_CO_0007 - Verify completing checkout displays the order confirmation]: Successfully filled element "locator('#password')" with value: "secret_sauce"
2026-09-28 15:30:58 [INFO] [TC_CO_0007 - Verify completing checkout displays the order confirmation]: Clicking the Login button.
2026-09-28 15:30:58 [INFO] [TC_CO_0007 - Verify completing checkout displays the order confirmation]: Clicking on element with selector: "locator('#login-button')"
2026-09-28 15:30:58 [INFO] [TC_CO_0006 - Verify Cancel on the checkout overview returns to the Products page]: Successfully clicked on element: "locator('.inventory_item').filter({ has: locator('.inventory_item_name').filter({ hasText: 'Sauce Labs Bike Light' }) }).locator('button.btn_inventory')"
2026-09-28 15:30:58 [INFO] [TC_CO_0006 - Verify Cancel on the checkout overview returns to the Products page]: Opening the cart.
2026-09-28 15:30:58 [INFO] [TC_CO_0006 - Verify Cancel on the checkout overview returns to the Products page]: Clicking on element with selector: "locator('.shopping_cart_link')"
2026-09-28 15:30:58 [INFO] [TC_CO_0008 - Verify Back Home from the order confirmation returns to an empty Products page cart]: Accessing Playwright Page object directly.
2026-09-28 15:30:58 [INFO] [TC_CO_0008 - Verify Back Home from the order confirmation returns to an empty Products page cart]: Successfully navigated to: https://www.saucedemo.com/
2026-09-28 15:30:58 [INFO] [TC_CO_0008 - Verify Back Home from the order confirmation returns to an empty Products page cart]: Accessing Playwright Page object directly.
2026-09-28 15:30:58 [INFO] [TC_CO_0008 - Verify Back Home from the order confirmation returns to an empty Products page cart]: Page loaded and stable after navigation.
2026-09-28 15:30:58 [INFO] [TC_CO_0008 - Verify Back Home from the order confirmation returns to an empty Products page cart]: Waiting for element to be visible: "locator('#user-name')"
2026-09-28 15:30:58 [INFO] [TC_CO_0006 - Verify Cancel on the checkout overview returns to the Products page]: Successfully clicked on element: "locator('.shopping_cart_link')"
2026-09-28 15:30:58 [INFO] [TC_CO_0006 - Verify Cancel on the checkout overview returns to the Products page]: End of BeforeEach
2026-09-28 15:30:58 [INFO] [TC_CO_0006 - Verify Cancel on the checkout overview returns to the Products page]: Accessing Playwright Page object directly.
2026-09-28 15:30:58 [INFO] [TC_CO_0006 - Verify Cancel on the checkout overview returns to the Products page]: Accessing Playwright Page object directly.
2026-09-28 15:30:58 [INFO] [TC_CO_0006 - Verify Cancel on the checkout overview returns to the Products page]: Accessing Playwright Page object directly.
2026-09-28 15:30:58 [INFO] [TC_CO_0006 - Verify Cancel on the checkout overview returns to the Products page]: Accessing Playwright Page object directly.
2026-09-28 15:30:58 [INFO] [TC_CO_0006 - Verify Cancel on the checkout overview returns to the Products page]: Accessing Playwright Page object directly.
2026-09-28 15:30:58 [INFO] [TC_CO_0006 - Verify Cancel on the checkout overview returns to the Products page]: Accessing Playwright Page object directly.
2026-09-28 15:30:58 [INFO] [TC_CO_0006 - Verify Cancel on the checkout overview returns to the Products page]: Accessing Playwright Page object directly.
2026-09-28 15:30:58 [INFO] [TC_CO_0006 - Verify Cancel on the checkout overview returns to the Products page]: Accessing Playwright Page object directly.
2026-09-28 15:30:58 [INFO] [TC_CO_0006 - Verify Cancel on the checkout overview returns to the Products page]: Accessing Playwright Page object directly.
2026-09-28 15:30:58 [INFO] [TC_CO_0006 - Verify Cancel on the checkout overview returns to the Products page]: Accessing Playwright Page object directly.
2026-09-28 15:30:58 [INFO] [TC_CO_0006 - Verify Cancel on the checkout overview returns to the Products page]: Accessing Playwright Page object directly.
2026-09-28 15:30:58 [INFO] [TC_CO_0006 - Verify Cancel on the checkout overview returns to the Products page]: Accessing Playwright Page object directly.
2026-09-28 15:30:58 [INFO] [TC_CO_0006 - Verify Cancel on the checkout overview returns to the Products page]: Accessing Playwright Page object directly.
2026-09-28 15:30:58 [INFO] [TC_CO_0006 - Verify Cancel on the checkout overview returns to the Products page]: Accessing Playwright Page object directly.
2026-09-28 15:30:58 [INFO] [TC_CO_0006 - Verify Cancel on the checkout overview returns to the Products page]: Accessing Playwright Page object directly.
2026-09-28 15:30:58 [INFO] [TC_CO_0006 - Verify Cancel on the checkout overview returns to the Products page]: Accessing Playwright Page object directly.
2026-09-28 15:30:58 [INFO] [TC_CO_0006 - Verify Cancel on the checkout overview returns to the Products page]: Proceeding to checkout.
2026-09-28 15:30:58 [INFO] [TC_CO_0006 - Verify Cancel on the checkout overview returns to the Products page]: Clicking on element with selector: "locator('#checkout')"
2026-09-28 15:30:58 [INFO] [TC_CO_0007 - Verify completing checkout displays the order confirmation]: Successfully clicked on element: "locator('#login-button')"
2026-09-28 15:30:58 [INFO] [TC_CO_0007 - Verify completing checkout displays the order confirmation]: Login action completed.
2026-09-28 15:30:58 [INFO] [TC_CO_0007 - Verify completing checkout displays the order confirmation]: Adding product to cart: "Sauce Labs Backpack"
2026-09-28 15:30:58 [INFO] [TC_CO_0007 - Verify completing checkout displays the order confirmation]: Accessing Playwright Page object directly.
2026-09-28 15:30:58 [INFO] [TC_CO_0007 - Verify completing checkout displays the order confirmation]: Clicking on element with selector: "locator('.inventory_item').filter({ has: locator('.inventory_item_name').filter({ hasText: 'Sauce Labs Backpack' }) }).locator('button.btn_inventory')"
2026-09-28 15:30:59 [INFO] [TC_CO_0008 - Verify Back Home from the order confirmation returns to an empty Products page cart]: Element is now visible: "locator('#user-name')"
2026-09-28 15:30:59 [INFO] [TC_CO_0008 - Verify Back Home from the order confirmation returns to an empty Products page cart]: Landed on the Sauce Demo login page.
2026-09-28 15:30:59 [INFO] [TC_CO_0008 - Verify Back Home from the order confirmation returns to an empty Products page cart]: Performing login action.
2026-09-28 15:30:59 [INFO] [TC_CO_0008 - Verify Back Home from the order confirmation returns to an empty Products page cart]: Entering username: standard_user
2026-09-28 15:30:59 [INFO] [TC_CO_0008 - Verify Back Home from the order confirmation returns to an empty Products page cart]: Filling element "locator('#user-name')" with value: "standard_user"
2026-09-28 15:30:59 [INFO] [TC_CO_0006 - Verify Cancel on the checkout overview returns to the Products page]: Successfully clicked on element: "locator('#checkout')"
2026-09-28 15:30:59 [INFO] [TC_CO_0006 - Verify Cancel on the checkout overview returns to the Products page]: Filling checkout information: firstName="John", lastName="Doe", postalCode="12345"
2026-09-28 15:30:59 [INFO] [TC_CO_0006 - Verify Cancel on the checkout overview returns to the Products page]: Filling element "locator('#first-name')" with value: "John"
2026-09-28 15:30:59 [INFO] [TC_CO_0008 - Verify Back Home from the order confirmation returns to an empty Products page cart]: Successfully filled element "locator('#user-name')" with value: "standard_user"
2026-09-28 15:30:59 [INFO] [TC_CO_0008 - Verify Back Home from the order confirmation returns to an empty Products page cart]: Entering password.
2026-09-28 15:30:59 [INFO] [TC_CO_0008 - Verify Back Home from the order confirmation returns to an empty Products page cart]: Filling element "locator('#password')" with value: "secret_sauce"
2026-09-28 15:30:59 [INFO] [TC_CO_0007 - Verify completing checkout displays the order confirmation]: Successfully clicked on element: "locator('.inventory_item').filter({ has: locator('.inventory_item_name').filter({ hasText: 'Sauce Labs Backpack' }) }).locator('button.btn_inventory')"
2026-09-28 15:30:59 [INFO] [TC_CO_0007 - Verify completing checkout displays the order confirmation]: Adding product to cart: "Sauce Labs Bike Light"
2026-09-28 15:30:59 [INFO] [TC_CO_0007 - Verify completing checkout displays the order confirmation]: Accessing Playwright Page object directly.
2026-09-28 15:30:59 [INFO] [TC_CO_0007 - Verify completing checkout displays the order confirmation]: Clicking on element with selector: "locator('.inventory_item').filter({ has: locator('.inventory_item_name').filter({ hasText: 'Sauce Labs Bike Light' }) }).locator('button.btn_inventory')"
2026-09-28 15:30:59 [INFO] [TC_CO_0006 - Verify Cancel on the checkout overview returns to the Products page]: Successfully filled element "locator('#first-name')" with value: "John"
2026-09-28 15:30:59 [INFO] [TC_CO_0006 - Verify Cancel on the checkout overview returns to the Products page]: Filling element "locator('#last-name')" with value: "Doe"
2026-09-28 15:30:59 [INFO] [TC_CO_0008 - Verify Back Home from the order confirmation returns to an empty Products page cart]: Successfully filled element "locator('#password')" with value: "secret_sauce"
2026-09-28 15:30:59 [INFO] [TC_CO_0008 - Verify Back Home from the order confirmation returns to an empty Products page cart]: Clicking the Login button.
2026-09-28 15:30:59 [INFO] [TC_CO_0008 - Verify Back Home from the order confirmation returns to an empty Products page cart]: Clicking on element with selector: "locator('#login-button')"
2026-09-28 15:30:59 [INFO] [TC_CO_0007 - Verify completing checkout displays the order confirmation]: Successfully clicked on element: "locator('.inventory_item').filter({ has: locator('.inventory_item_name').filter({ hasText: 'Sauce Labs Bike Light' }) }).locator('button.btn_inventory')"
2026-09-28 15:30:59 [INFO] [TC_CO_0007 - Verify completing checkout displays the order confirmation]: Opening the cart.
2026-09-28 15:30:59 [INFO] [TC_CO_0007 - Verify completing checkout displays the order confirmation]: Clicking on element with selector: "locator('.shopping_cart_link')"
2026-09-28 15:30:59 [INFO] [TC_CO_0006 - Verify Cancel on the checkout overview returns to the Products page]: Successfully filled element "locator('#last-name')" with value: "Doe"
2026-09-28 15:30:59 [INFO] [TC_CO_0006 - Verify Cancel on the checkout overview returns to the Products page]: Filling element "locator('#postal-code')" with value: "12345"
2026-09-28 15:30:59 [INFO] [TC_CO_0006 - Verify Cancel on the checkout overview returns to the Products page]: Successfully filled element "locator('#postal-code')" with value: "12345"
2026-09-28 15:30:59 [INFO] [TC_CO_0006 - Verify Cancel on the checkout overview returns to the Products page]: Clicking Continue.
2026-09-28 15:30:59 [INFO] [TC_CO_0006 - Verify Cancel on the checkout overview returns to the Products page]: Clicking on element with selector: "locator('#continue')"
2026-09-28 15:30:59 [INFO] [TC_IP_0001 - Verify all products are displayed on the Products page]: Accessing Playwright Page object directly.
2026-09-28 15:30:59 [INFO] [TC_IP_0001 - Verify all products are displayed on the Products page]: Accessing Playwright Page object directly.
2026-09-28 15:30:59 [INFO] [TC_IP_0001 - Verify all products are displayed on the Products page]: Accessing Playwright Page object directly.
2026-09-28 15:30:59 [INFO] [TC_IP_0001 - Verify all products are displayed on the Products page]: Accessing Playwright Page object directly.
2026-09-28 15:30:59 [INFO] [TC_IP_0001 - Verify all products are displayed on the Products page]: Start of BeforeEach
2026-09-28 15:30:59 [INFO] [TC_IP_0001 - Verify all products are displayed on the Products page]: Navigating to the Sauce Demo login page...
2026-09-28 15:30:59 [INFO] [TC_IP_0001 - Verify all products are displayed on the Products page]: Navigating to URL: https://www.saucedemo.com/
2026-09-28 15:30:59 [INFO] [TC_IP_0001 - Verify all products are displayed on the Products page]: Accessing Playwright Page object directly.
2026-09-28 15:30:59 [INFO] [TC_CO_0007 - Verify completing checkout displays the order confirmation]: Successfully clicked on element: "locator('.shopping_cart_link')"
2026-09-28 15:30:59 [INFO] [TC_CO_0008 - Verify Back Home from the order confirmation returns to an empty Products page cart]: Successfully clicked on element: "locator('#login-button')"
2026-09-28 15:30:59 [INFO] [TC_CO_0007 - Verify completing checkout displays the order confirmation]: End of BeforeEach
2026-09-28 15:30:59 [INFO] [TC_CO_0007 - Verify completing checkout displays the order confirmation]: Accessing Playwright Page object directly.
2026-09-28 15:30:59 [INFO] [TC_CO_0007 - Verify completing checkout displays the order confirmation]: Accessing Playwright Page object directly.
2026-09-28 15:30:59 [INFO] [TC_CO_0007 - Verify completing checkout displays the order confirmation]: Accessing Playwright Page object directly.
2026-09-28 15:30:59 [INFO] [TC_CO_0007 - Verify completing checkout displays the order confirmation]: Accessing Playwright Page object directly.
2026-09-28 15:30:59 [INFO] [TC_CO_0007 - Verify completing checkout displays the order confirmation]: Accessing Playwright Page object directly.
2026-09-28 15:30:59 [INFO] [TC_CO_0007 - Verify completing checkout displays the order confirmation]: Accessing Playwright Page object directly.
2026-09-28 15:30:59 [INFO] [TC_CO_0007 - Verify completing checkout displays the order confirmation]: Accessing Playwright Page object directly.
2026-09-28 15:30:59 [INFO] [TC_CO_0007 - Verify completing checkout displays the order confirmation]: Accessing Playwright Page object directly.
2026-09-28 15:30:59 [INFO] [TC_CO_0007 - Verify completing checkout displays the order confirmation]: Accessing Playwright Page object directly.
2026-09-28 15:30:59 [INFO] [TC_CO_0007 - Verify completing checkout displays the order confirmation]: Accessing Playwright Page object directly.
2026-09-28 15:30:59 [INFO] [TC_CO_0007 - Verify completing checkout displays the order confirmation]: Accessing Playwright Page object directly.
2026-09-28 15:30:59 [INFO] [TC_CO_0007 - Verify completing checkout displays the order confirmation]: Accessing Playwright Page object directly.
2026-09-28 15:30:59 [INFO] [TC_CO_0007 - Verify completing checkout displays the order confirmation]: Accessing Playwright Page object directly.
2026-09-28 15:30:59 [INFO] [TC_CO_0007 - Verify completing checkout displays the order confirmation]: Accessing Playwright Page object directly.
2026-09-28 15:30:59 [INFO] [TC_CO_0007 - Verify completing checkout displays the order confirmation]: Accessing Playwright Page object directly.
2026-09-28 15:30:59 [INFO] [TC_CO_0007 - Verify completing checkout displays the order confirmation]: Accessing Playwright Page object directly.
2026-09-28 15:30:59 [INFO] [TC_CO_0007 - Verify completing checkout displays the order confirmation]: Accessing Playwright Page object directly.
2026-09-28 15:30:59 [INFO] [TC_CO_0007 - Verify completing checkout displays the order confirmation]: Accessing Playwright Page object directly.
2026-09-28 15:30:59 [INFO] [TC_CO_0007 - Verify completing checkout displays the order confirmation]: Proceeding to checkout.
2026-09-28 15:30:59 [INFO] [TC_CO_0007 - Verify completing checkout displays the order confirmation]: Clicking on element with selector: "locator('#checkout')"
2026-09-28 15:30:59 [INFO] [TC_CO_0008 - Verify Back Home from the order confirmation returns to an empty Products page cart]: Login action completed.
2026-09-28 15:30:59 [INFO] [TC_CO_0008 - Verify Back Home from the order confirmation returns to an empty Products page cart]: Adding product to cart: "Sauce Labs Backpack"
2026-09-28 15:30:59 [INFO] [TC_CO_0008 - Verify Back Home from the order confirmation returns to an empty Products page cart]: Accessing Playwright Page object directly.
2026-09-28 15:30:59 [INFO] [TC_CO_0008 - Verify Back Home from the order confirmation returns to an empty Products page cart]: Clicking on element with selector: "locator('.inventory_item').filter({ has: locator('.inventory_item_name').filter({ hasText: 'Sauce Labs Backpack' }) }).locator('button.btn_inventory')"
2026-09-28 15:30:59 [INFO] [TC_CO_0006 - Verify Cancel on the checkout overview returns to the Products page]: Successfully clicked on element: "locator('#continue')"
2026-09-28 15:30:59 [INFO] [TC_CO_0006 - Verify Cancel on the checkout overview returns to the Products page]: Cancelling checkout.
2026-09-28 15:30:59 [INFO] [TC_CO_0006 - Verify Cancel on the checkout overview returns to the Products page]: Clicking on element with selector: "locator('[data-test="cancel"]')"
2026-09-28 15:30:59 [INFO] [TC_CO_0007 - Verify completing checkout displays the order confirmation]: Successfully clicked on element: "locator('#checkout')"
2026-09-28 15:30:59 [INFO] [TC_CO_0007 - Verify completing checkout displays the order confirmation]: Filling checkout information: firstName="John", lastName="Doe", postalCode="12345"
2026-09-28 15:30:59 [INFO] [TC_CO_0007 - Verify completing checkout displays the order confirmation]: Filling element "locator('#first-name')" with value: "John"
2026-09-28 15:30:59 [INFO] [TC_CO_0007 - Verify completing checkout displays the order confirmation]: Successfully filled element "locator('#first-name')" with value: "John"
2026-09-28 15:30:59 [INFO] [TC_CO_0007 - Verify completing checkout displays the order confirmation]: Filling element "locator('#last-name')" with value: "Doe"
2026-09-28 15:30:59 [INFO] [TC_CO_0008 - Verify Back Home from the order confirmation returns to an empty Products page cart]: Successfully clicked on element: "locator('.inventory_item').filter({ has: locator('.inventory_item_name').filter({ hasText: 'Sauce Labs Backpack' }) }).locator('button.btn_inventory')"
2026-09-28 15:30:59 [INFO] [TC_CO_0007 - Verify completing checkout displays the order confirmation]: Successfully filled element "locator('#last-name')" with value: "Doe"
2026-09-28 15:30:59 [INFO] [TC_CO_0008 - Verify Back Home from the order confirmation returns to an empty Products page cart]: Adding product to cart: "Sauce Labs Bike Light"
2026-09-28 15:30:59 [INFO] [TC_CO_0008 - Verify Back Home from the order confirmation returns to an empty Products page cart]: Accessing Playwright Page object directly.
2026-09-28 15:30:59 [INFO] [TC_CO_0008 - Verify Back Home from the order confirmation returns to an empty Products page cart]: Clicking on element with selector: "locator('.inventory_item').filter({ has: locator('.inventory_item_name').filter({ hasText: 'Sauce Labs Bike Light' }) }).locator('button.btn_inventory')"
2026-09-28 15:30:59 [INFO] [TC_CO_0007 - Verify completing checkout displays the order confirmation]: Filling element "locator('#postal-code')" with value: "12345"
2026-09-28 15:30:59 [INFO] [TC_CO_0006 - Verify Cancel on the checkout overview returns to the Products page]: Successfully clicked on element: "locator('[data-test="cancel"]')"
2026-09-28 15:30:59 [INFO] [TC_CO_0006 - Verify Cancel on the checkout overview returns to the Products page]: Asserting that landed in the Inventory (Products) Page.
2026-09-28 15:30:59 [INFO] [TC_CO_0006 - Verify Cancel on the checkout overview returns to the Products page]: Asserting element "locator('.app_logo')" to be visible.
2026-09-28 15:30:59 [INFO] [TC_CO_0006 - Verify Cancel on the checkout overview returns to the Products page]: Assertion passed: Element "locator('.app_logo')" is visible.
2026-09-28 15:30:59 [INFO] [TC_CO_0006 - Verify Cancel on the checkout overview returns to the Products page]: Asserting 1 elements to have text: "Products"
2026-09-28 15:30:59 [INFO] [TC_CO_0006 - Verify Cancel on the checkout overview returns to the Products page]: Asserting element "locator('.title')" to have text: "Products"
2026-09-28 15:30:59 [INFO] [TC_CO_0006 - Verify Cancel on the checkout overview returns to the Products page]: Waiting for element to be visible: "locator('.title')"
2026-09-28 15:30:59 [INFO] [TC_CO_0007 - Verify completing checkout displays the order confirmation]: Successfully filled element "locator('#postal-code')" with value: "12345"
2026-09-28 15:30:59 [INFO] [TC_CO_0007 - Verify completing checkout displays the order confirmation]: Clicking Continue.
2026-09-28 15:30:59 [INFO] [TC_CO_0007 - Verify completing checkout displays the order confirmation]: Clicking on element with selector: "locator('#continue')"
2026-09-28 15:30:59 [INFO] [TC_CO_0006 - Verify Cancel on the checkout overview returns to the Products page]: Element is now visible: "locator('.title')"
2026-09-28 15:30:59 [INFO] [TC_CO_0006 - Verify Cancel on the checkout overview returns to the Products page]: Assertion passed: Element "locator('.title')" has text "Products".
2026-09-28 15:30:59 [INFO] [TC_CO_0006 - Verify Cancel on the checkout overview returns to the Products page]: Assertion passed: All 1 elements have text "Products".
2026-09-28 15:30:59 [INFO] [TC_CO_0006 - Verify Cancel on the checkout overview returns to the Products page]: Assertion passed: Landed in Inventory Page.
2026-09-28 15:30:59 [INFO] [TC_CO_0008 - Verify Back Home from the order confirmation returns to an empty Products page cart]: Successfully clicked on element: "locator('.inventory_item').filter({ has: locator('.inventory_item_name').filter({ hasText: 'Sauce Labs Bike Light' }) }).locator('button.btn_inventory')"
2026-09-28 15:30:59 [INFO] [TC_CO_0008 - Verify Back Home from the order confirmation returns to an empty Products page cart]: Opening the cart.
2026-09-28 15:30:59 [INFO] [TC_CO_0008 - Verify Back Home from the order confirmation returns to an empty Products page cart]: Clicking on element with selector: "locator('.shopping_cart_link')"
2026-09-28 15:30:59 [INFO] [TC_CO_0007 - Verify completing checkout displays the order confirmation]: Successfully clicked on element: "locator('#continue')"
2026-09-28 15:30:59 [INFO] [TC_IP_0001 - Verify all products are displayed on the Products page]: Accessing Playwright Page object directly.
2026-09-28 15:30:59 [INFO] [TC_CO_0007 - Verify completing checkout displays the order confirmation]: Finishing the order.
2026-09-28 15:30:59 [INFO] [TC_CO_0007 - Verify completing checkout displays the order confirmation]: Clicking on element with selector: "locator('[data-test="finish"]')"
2026-09-28 15:30:59 [INFO] [TC_IP_0001 - Verify all products are displayed on the Products page]: Successfully navigated to: https://www.saucedemo.com/
2026-09-28 15:30:59 [INFO] [TC_IP_0001 - Verify all products are displayed on the Products page]: Accessing Playwright Page object directly.
2026-09-28 15:30:59 [INFO] [TC_IP_0001 - Verify all products are displayed on the Products page]: Page loaded and stable after navigation.
2026-09-28 15:30:59 [INFO] [TC_IP_0001 - Verify all products are displayed on the Products page]: Waiting for element to be visible: "locator('#user-name')"
2026-09-28 15:30:59 [INFO] [TC_CO_0008 - Verify Back Home from the order confirmation returns to an empty Products page cart]: Successfully clicked on element: "locator('.shopping_cart_link')"
2026-09-28 15:30:59 [INFO] [TC_CO_0008 - Verify Back Home from the order confirmation returns to an empty Products page cart]: End of BeforeEach
2026-09-28 15:30:59 [INFO] [TC_CO_0008 - Verify Back Home from the order confirmation returns to an empty Products page cart]: Accessing Playwright Page object directly.
2026-09-28 15:30:59 [INFO] [TC_CO_0008 - Verify Back Home from the order confirmation returns to an empty Products page cart]: Accessing Playwright Page object directly.
2026-09-28 15:30:59 [INFO] [TC_CO_0008 - Verify Back Home from the order confirmation returns to an empty Products page cart]: Accessing Playwright Page object directly.
2026-09-28 15:30:59 [INFO] [TC_CO_0008 - Verify Back Home from the order confirmation returns to an empty Products page cart]: Accessing Playwright Page object directly.
2026-09-28 15:30:59 [INFO] [TC_CO_0008 - Verify Back Home from the order confirmation returns to an empty Products page cart]: Accessing Playwright Page object directly.
2026-09-28 15:30:59 [INFO] [TC_CO_0008 - Verify Back Home from the order confirmation returns to an empty Products page cart]: Accessing Playwright Page object directly.
2026-09-28 15:30:59 [INFO] [TC_CO_0008 - Verify Back Home from the order confirmation returns to an empty Products page cart]: Accessing Playwright Page object directly.
2026-09-28 15:30:59 [INFO] [TC_CO_0008 - Verify Back Home from the order confirmation returns to an empty Products page cart]: Accessing Playwright Page object directly.
2026-09-28 15:30:59 [INFO] [TC_CO_0008 - Verify Back Home from the order confirmation returns to an empty Products page cart]: Accessing Playwright Page object directly.
2026-09-28 15:30:59 [INFO] [TC_CO_0008 - Verify Back Home from the order confirmation returns to an empty Products page cart]: Accessing Playwright Page object directly.
2026-09-28 15:30:59 [INFO] [TC_CO_0008 - Verify Back Home from the order confirmation returns to an empty Products page cart]: Accessing Playwright Page object directly.
2026-09-28 15:30:59 [INFO] [TC_CO_0008 - Verify Back Home from the order confirmation returns to an empty Products page cart]: Accessing Playwright Page object directly.
2026-09-28 15:30:59 [INFO] [TC_CO_0008 - Verify Back Home from the order confirmation returns to an empty Products page cart]: Accessing Playwright Page object directly.
2026-09-28 15:30:59 [INFO] [TC_CO_0008 - Verify Back Home from the order confirmation returns to an empty Products page cart]: Accessing Playwright Page object directly.
2026-09-28 15:30:59 [INFO] [TC_CO_0008 - Verify Back Home from the order confirmation returns to an empty Products page cart]: Accessing Playwright Page object directly.
2026-09-28 15:30:59 [INFO] [TC_CO_0008 - Verify Back Home from the order confirmation returns to an empty Products page cart]: Accessing Playwright Page object directly.
2026-09-28 15:30:59 [INFO] [TC_CO_0008 - Verify Back Home from the order confirmation returns to an empty Products page cart]: Accessing Playwright Page object directly.
2026-09-28 15:30:59 [INFO] [TC_CO_0008 - Verify Back Home from the order confirmation returns to an empty Products page cart]: Accessing Playwright Page object directly.
2026-09-28 15:30:59 [INFO] [TC_CO_0008 - Verify Back Home from the order confirmation returns to an empty Products page cart]: Proceeding to checkout.
2026-09-28 15:30:59 [INFO] [TC_CO_0008 - Verify Back Home from the order confirmation returns to an empty Products page cart]: Clicking on element with selector: "locator('#checkout')"
2026-09-28 15:30:59 [INFO] [TC_IP_0001 - Verify all products are displayed on the Products page]: Element is now visible: "locator('#user-name')"
2026-09-28 15:30:59 [INFO] [TC_IP_0001 - Verify all products are displayed on the Products page]: Landed on the Sauce Demo login page.
2026-09-28 15:30:59 [INFO] [TC_IP_0001 - Verify all products are displayed on the Products page]: Performing login action.
2026-09-28 15:30:59 [INFO] [TC_IP_0001 - Verify all products are displayed on the Products page]: Entering username: standard_user
2026-09-28 15:30:59 [INFO] [TC_IP_0001 - Verify all products are displayed on the Products page]: Filling element "locator('#user-name')" with value: "standard_user"
2026-09-28 15:30:59 [INFO] [TC_CO_0008 - Verify Back Home from the order confirmation returns to an empty Products page cart]: Successfully clicked on element: "locator('#checkout')"
2026-09-28 15:30:59 [INFO] [TC_CO_0008 - Verify Back Home from the order confirmation returns to an empty Products page cart]: Filling checkout information: firstName="John", lastName="Doe", postalCode="12345"
2026-09-28 15:30:59 [INFO] [TC_CO_0008 - Verify Back Home from the order confirmation returns to an empty Products page cart]: Filling element "locator('#first-name')" with value: "John"
2026-09-28 15:30:59 [INFO] [TC_CO_0007 - Verify completing checkout displays the order confirmation]: Successfully clicked on element: "locator('[data-test="finish"]')"
2026-09-28 15:30:59 [INFO] [TC_IP_0001 - Verify all products are displayed on the Products page]: Successfully filled element "locator('#user-name')" with value: "standard_user"
2026-09-28 15:30:59 [INFO] [TC_IP_0001 - Verify all products are displayed on the Products page]: Entering password.
2026-09-28 15:30:59 [INFO] [TC_IP_0001 - Verify all products are displayed on the Products page]: Filling element "locator('#password')" with value: "secret_sauce"
2026-09-28 15:30:59 [INFO] [TC_CO_0007 - Verify completing checkout displays the order confirmation]: Asserting order confirmation is displayed.
2026-09-28 15:30:59 [INFO] [TC_CO_0007 - Verify completing checkout displays the order confirmation]: Asserting 1 elements to have text: "Thank you for your order!"
2026-09-28 15:30:59 [INFO] [TC_CO_0007 - Verify completing checkout displays the order confirmation]: Asserting element "locator('[data-test="complete-header"]')" to have text: "Thank you for your order!"
2026-09-28 15:30:59 [INFO] [TC_CO_0007 - Verify completing checkout displays the order confirmation]: Waiting for element to be visible: "locator('[data-test="complete-header"]')"
2026-09-28 15:30:59 [INFO] [TC_IP_0001 - Verify all products are displayed on the Products page]: Successfully filled element "locator('#password')" with value: "secret_sauce"
2026-09-28 15:30:59 [INFO] [TC_CO_0007 - Verify completing checkout displays the order confirmation]: Element is now visible: "locator('[data-test="complete-header"]')"
2026-09-28 15:30:59 [INFO] [TC_IP_0001 - Verify all products are displayed on the Products page]: Clicking the Login button.
2026-09-28 15:30:59 [INFO] [TC_IP_0001 - Verify all products are displayed on the Products page]: Clicking on element with selector: "locator('#login-button')"
2026-09-28 15:30:59 [INFO] [TC_CO_0007 - Verify completing checkout displays the order confirmation]: Assertion passed: Element "locator('[data-test="complete-header"]')" has text "Thank you for your order!".
2026-09-28 15:30:59 [INFO] [TC_CO_0007 - Verify completing checkout displays the order confirmation]: Assertion passed: All 1 elements have text "Thank you for your order!".
2026-09-28 15:30:59 [INFO] [TC_CO_0008 - Verify Back Home from the order confirmation returns to an empty Products page cart]: Successfully filled element "locator('#first-name')" with value: "John"
2026-09-28 15:30:59 [INFO] [TC_CO_0008 - Verify Back Home from the order confirmation returns to an empty Products page cart]: Filling element "locator('#last-name')" with value: "Doe"
2026-09-28 15:30:59 [INFO] [TC_IP_0001 - Verify all products are displayed on the Products page]: Successfully clicked on element: "locator('#login-button')"
2026-09-28 15:30:59 [INFO] [TC_IP_0001 - Verify all products are displayed on the Products page]: Login action completed.
2026-09-28 15:30:59 [INFO] [TC_IP_0001 - Verify all products are displayed on the Products page]: End of BeforeEach
2026-09-28 15:30:59 [INFO] [TC_IP_0001 - Verify all products are displayed on the Products page]: Accessing Playwright Page object directly.
2026-09-28 15:30:59 [INFO] [TC_IP_0001 - Verify all products are displayed on the Products page]: Accessing Playwright Page object directly.
2026-09-28 15:30:59 [INFO] [TC_IP_0001 - Verify all products are displayed on the Products page]: Accessing Playwright Page object directly.
2026-09-28 15:30:59 [INFO] [TC_IP_0001 - Verify all products are displayed on the Products page]: Accessing Playwright Page object directly.
2026-09-28 15:30:59 [INFO] [TC_IP_0001 - Verify all products are displayed on the Products page]: Accessing Playwright Page object directly.
2026-09-28 15:30:59 [INFO] [TC_IP_0001 - Verify all products are displayed on the Products page]: Accessing Playwright Page object directly.
2026-09-28 15:30:59 [INFO] [TC_IP_0001 - Verify all products are displayed on the Products page]: Accessing Playwright Page object directly.
2026-09-28 15:30:59 [INFO] [TC_IP_0001 - Verify all products are displayed on the Products page]: Accessing Playwright Page object directly.
2026-09-28 15:30:59 [INFO] [TC_IP_0001 - Verify all products are displayed on the Products page]: Accessing Playwright Page object directly.
2026-09-28 15:30:59 [INFO] [TC_IP_0001 - Verify all products are displayed on the Products page]: Accessing Playwright Page object directly.
2026-09-28 15:30:59 [INFO] [TC_IP_0001 - Verify all products are displayed on the Products page]: Accessing Playwright Page object directly.
2026-09-28 15:30:59 [INFO] [TC_IP_0001 - Verify all products are displayed on the Products page]: Accessing Playwright Page object directly.
2026-09-28 15:30:59 [INFO] [TC_IP_0001 - Verify all products are displayed on the Products page]: Asserting that landed in the Inventory (Products) Page.
2026-09-28 15:30:59 [INFO] [TC_IP_0001 - Verify all products are displayed on the Products page]: Asserting element "locator('.app_logo')" to be visible.
2026-09-28 15:30:59 [INFO] [TC_CO_0008 - Verify Back Home from the order confirmation returns to an empty Products page cart]: Successfully filled element "locator('#last-name')" with value: "Doe"
2026-09-28 15:30:59 [INFO] [TC_CO_0008 - Verify Back Home from the order confirmation returns to an empty Products page cart]: Filling element "locator('#postal-code')" with value: "12345"
2026-09-28 15:30:59 [INFO] [TC_CO_0008 - Verify Back Home from the order confirmation returns to an empty Products page cart]: Successfully filled element "locator('#postal-code')" with value: "12345"
2026-09-28 15:30:59 [INFO] [TC_CO_0008 - Verify Back Home from the order confirmation returns to an empty Products page cart]: Clicking Continue.
2026-09-28 15:30:59 [INFO] [TC_CO_0008 - Verify Back Home from the order confirmation returns to an empty Products page cart]: Clicking on element with selector: "locator('#continue')"
2026-09-28 15:30:59 [INFO] [TC_IP_0001 - Verify all products are displayed on the Products page]: Assertion passed: Element "locator('.app_logo')" is visible.
2026-09-28 15:30:59 [INFO] [TC_IP_0001 - Verify all products are displayed on the Products page]: Asserting 1 elements to have text: "Products"
2026-09-28 15:30:59 [INFO] [TC_IP_0001 - Verify all products are displayed on the Products page]: Asserting element "locator('.title')" to have text: "Products"
2026-09-28 15:30:59 [INFO] [TC_IP_0001 - Verify all products are displayed on the Products page]: Waiting for element to be visible: "locator('.title')"
2026-09-28 15:30:59 [INFO] [TC_IP_0001 - Verify all products are displayed on the Products page]: Element is now visible: "locator('.title')"
2026-09-28 15:30:59 [INFO] [TC_IP_0001 - Verify all products are displayed on the Products page]: Assertion passed: Element "locator('.title')" has text "Products".
2026-09-28 15:30:59 [INFO] [TC_IP_0001 - Verify all products are displayed on the Products page]: Assertion passed: All 1 elements have text "Products".
2026-09-28 15:30:59 [INFO] [TC_IP_0001 - Verify all products are displayed on the Products page]: Assertion passed: Landed in Inventory Page.
2026-09-28 15:30:59 [INFO] [TC_IP_0001 - Verify all products are displayed on the Products page]: Asserting inventory item count to be: 6
2026-09-28 15:30:59 [INFO] [TC_IP_0001 - Verify all products are displayed on the Products page]: Asserting value to be: "6"
2026-09-28 15:30:59 [INFO] [TC_IP_0001 - Verify all products are displayed on the Products page]: Assertion passed: Value is "6".
2026-09-28 15:30:59 [INFO] [TC_CO_0008 - Verify Back Home from the order confirmation returns to an empty Products page cart]: Successfully clicked on element: "locator('#continue')"
2026-09-28 15:30:59 [INFO] [TC_CO_0008 - Verify Back Home from the order confirmation returns to an empty Products page cart]: Finishing the order.
2026-09-28 15:30:59 [INFO] [TC_CO_0008 - Verify Back Home from the order confirmation returns to an empty Products page cart]: Clicking on element with selector: "locator('[data-test="finish"]')"
2026-09-28 15:30:59 [INFO] [TC_CO_0008 - Verify Back Home from the order confirmation returns to an empty Products page cart]: Successfully clicked on element: "locator('[data-test="finish"]')"
2026-09-28 15:30:59 [INFO] [TC_CO_0008 - Verify Back Home from the order confirmation returns to an empty Products page cart]: Navigating back home from order confirmation.
2026-09-28 15:30:59 [INFO] [TC_CO_0008 - Verify Back Home from the order confirmation returns to an empty Products page cart]: Clicking on element with selector: "locator('[data-test="back-to-products"]')"
2026-09-28 15:31:00 [INFO] [TC_CO_0008 - Verify Back Home from the order confirmation returns to an empty Products page cart]: Successfully clicked on element: "locator('[data-test="back-to-products"]')"
2026-09-28 15:31:00 [INFO] [TC_CO_0008 - Verify Back Home from the order confirmation returns to an empty Products page cart]: Asserting that landed in the Inventory (Products) Page.
2026-09-28 15:31:00 [INFO] [TC_CO_0008 - Verify Back Home from the order confirmation returns to an empty Products page cart]: Asserting element "locator('.app_logo')" to be visible.
2026-09-28 15:31:00 [INFO] [TC_CO_0008 - Verify Back Home from the order confirmation returns to an empty Products page cart]: Assertion passed: Element "locator('.app_logo')" is visible.
2026-09-28 15:31:00 [INFO] [TC_CO_0008 - Verify Back Home from the order confirmation returns to an empty Products page cart]: Asserting 1 elements to have text: "Products"
2026-09-28 15:31:00 [INFO] [TC_CO_0008 - Verify Back Home from the order confirmation returns to an empty Products page cart]: Asserting element "locator('.title')" to have text: "Products"
2026-09-28 15:31:00 [INFO] [TC_CO_0008 - Verify Back Home from the order confirmation returns to an empty Products page cart]: Waiting for element to be visible: "locator('.title')"
2026-09-28 15:31:00 [INFO] [TC_CO_0008 - Verify Back Home from the order confirmation returns to an empty Products page cart]: Element is now visible: "locator('.title')"
2026-09-28 15:31:00 [INFO] [TC_CO_0008 - Verify Back Home from the order confirmation returns to an empty Products page cart]: Assertion passed: Element "locator('.title')" has text "Products".
2026-09-28 15:31:00 [INFO] [TC_CO_0008 - Verify Back Home from the order confirmation returns to an empty Products page cart]: Assertion passed: All 1 elements have text "Products".
2026-09-28 15:31:00 [INFO] [TC_CO_0008 - Verify Back Home from the order confirmation returns to an empty Products page cart]: Assertion passed: Landed in Inventory Page.
2026-09-28 15:31:00 [INFO] [TC_CO_0008 - Verify Back Home from the order confirmation returns to an empty Products page cart]: Asserting cart badge is hidden (cart is empty).
2026-09-28 15:31:00 [INFO] [TC_CO_0008 - Verify Back Home from the order confirmation returns to an empty Products page cart]: Asserting 1 elements to be hidden.
2026-09-28 15:31:00 [INFO] [TC_CO_0008 - Verify Back Home from the order confirmation returns to an empty Products page cart]: Asserting element "locator('.shopping_cart_badge')" to be hidden.
2026-09-28 15:31:00 [INFO] [TC_CO_0008 - Verify Back Home from the order confirmation returns to an empty Products page cart]: Assertion passed: Element "locator('.shopping_cart_badge')" is hidden.
2026-09-28 15:31:00 [INFO] [TC_CO_0008 - Verify Back Home from the order confirmation returns to an empty Products page cart]: Assertion passed: All 1 elements are hidden.
2026-09-28 15:31:00 [INFO] [TC_IP_0002 - Verify sorting products by Name (A to Z)]: Accessing Playwright Page object directly.
2026-09-28 15:31:00 [INFO] [TC_IP_0002 - Verify sorting products by Name (A to Z)]: Accessing Playwright Page object directly.
2026-09-28 15:31:00 [INFO] [TC_IP_0002 - Verify sorting products by Name (A to Z)]: Accessing Playwright Page object directly.
2026-09-28 15:31:00 [INFO] [TC_IP_0002 - Verify sorting products by Name (A to Z)]: Accessing Playwright Page object directly.
2026-09-28 15:31:00 [INFO] [TC_IP_0002 - Verify sorting products by Name (A to Z)]: Start of BeforeEach
2026-09-28 15:31:00 [INFO] [TC_IP_0002 - Verify sorting products by Name (A to Z)]: Navigating to the Sauce Demo login page...
2026-09-28 15:31:00 [INFO] [TC_IP_0002 - Verify sorting products by Name (A to Z)]: Navigating to URL: https://www.saucedemo.com/
2026-09-28 15:31:00 [INFO] [TC_IP_0002 - Verify sorting products by Name (A to Z)]: Accessing Playwright Page object directly.
2026-09-28 15:31:00 [INFO] [TC_IP_0002 - Verify sorting products by Name (A to Z)]: Accessing Playwright Page object directly.
2026-09-28 15:31:00 [INFO] [TC_IP_0002 - Verify sorting products by Name (A to Z)]: Successfully navigated to: https://www.saucedemo.com/
2026-09-28 15:31:00 [INFO] [TC_IP_0002 - Verify sorting products by Name (A to Z)]: Accessing Playwright Page object directly.
2026-09-28 15:31:00 [INFO] [TC_IP_0002 - Verify sorting products by Name (A to Z)]: Page loaded and stable after navigation.
2026-09-28 15:31:00 [INFO] [TC_IP_0002 - Verify sorting products by Name (A to Z)]: Waiting for element to be visible: "locator('#user-name')"
2026-09-28 15:31:00 [INFO] [TC_IP_0003 - Verify sorting products by Name (Z to A)]: Accessing Playwright Page object directly.
2026-09-28 15:31:00 [INFO] [TC_IP_0003 - Verify sorting products by Name (Z to A)]: Accessing Playwright Page object directly.
2026-09-28 15:31:00 [INFO] [TC_IP_0003 - Verify sorting products by Name (Z to A)]: Accessing Playwright Page object directly.
2026-09-28 15:31:00 [INFO] [TC_IP_0003 - Verify sorting products by Name (Z to A)]: Accessing Playwright Page object directly.
2026-09-28 15:31:00 [INFO] [TC_IP_0003 - Verify sorting products by Name (Z to A)]: Start of BeforeEach
2026-09-28 15:31:00 [INFO] [TC_IP_0003 - Verify sorting products by Name (Z to A)]: Navigating to the Sauce Demo login page...
2026-09-28 15:31:00 [INFO] [TC_IP_0003 - Verify sorting products by Name (Z to A)]: Navigating to URL: https://www.saucedemo.com/
2026-09-28 15:31:00 [INFO] [TC_IP_0003 - Verify sorting products by Name (Z to A)]: Accessing Playwright Page object directly.
2026-09-28 15:31:01 [INFO] [TC_IP_0004 - Verify sorting products by Price (low to high)]: Accessing Playwright Page object directly.
2026-09-28 15:31:01 [INFO] [TC_IP_0004 - Verify sorting products by Price (low to high)]: Accessing Playwright Page object directly.
2026-09-28 15:31:01 [INFO] [TC_IP_0004 - Verify sorting products by Price (low to high)]: Accessing Playwright Page object directly.
2026-09-28 15:31:01 [INFO] [TC_IP_0004 - Verify sorting products by Price (low to high)]: Accessing Playwright Page object directly.
2026-09-28 15:31:01 [INFO] [TC_IP_0004 - Verify sorting products by Price (low to high)]: Start of BeforeEach
2026-09-28 15:31:01 [INFO] [TC_IP_0004 - Verify sorting products by Price (low to high)]: Navigating to the Sauce Demo login page...
2026-09-28 15:31:01 [INFO] [TC_IP_0004 - Verify sorting products by Price (low to high)]: Navigating to URL: https://www.saucedemo.com/
2026-09-28 15:31:01 [INFO] [TC_IP_0004 - Verify sorting products by Price (low to high)]: Accessing Playwright Page object directly.
2026-09-28 15:31:01 [INFO] [TC_IP_0002 - Verify sorting products by Name (A to Z)]: Element is now visible: "locator('#user-name')"
2026-09-28 15:31:01 [INFO] [TC_IP_0002 - Verify sorting products by Name (A to Z)]: Landed on the Sauce Demo login page.
2026-09-28 15:31:01 [INFO] [TC_IP_0002 - Verify sorting products by Name (A to Z)]: Performing login action.
2026-09-28 15:31:01 [INFO] [TC_IP_0002 - Verify sorting products by Name (A to Z)]: Entering username: standard_user
2026-09-28 15:31:01 [INFO] [TC_IP_0002 - Verify sorting products by Name (A to Z)]: Filling element "locator('#user-name')" with value: "standard_user"
2026-09-28 15:31:01 [INFO] [TC_IP_0002 - Verify sorting products by Name (A to Z)]: Successfully filled element "locator('#user-name')" with value: "standard_user"
2026-09-28 15:31:01 [INFO] [TC_IP_0002 - Verify sorting products by Name (A to Z)]: Entering password.
2026-09-28 15:31:01 [INFO] [TC_IP_0002 - Verify sorting products by Name (A to Z)]: Filling element "locator('#password')" with value: "secret_sauce"
2026-09-28 15:31:01 [INFO] [TC_IP_0002 - Verify sorting products by Name (A to Z)]: Successfully filled element "locator('#password')" with value: "secret_sauce"
2026-09-28 15:31:01 [INFO] [TC_IP_0002 - Verify sorting products by Name (A to Z)]: Clicking the Login button.
2026-09-28 15:31:01 [INFO] [TC_IP_0002 - Verify sorting products by Name (A to Z)]: Clicking on element with selector: "locator('#login-button')"
2026-09-28 15:31:01 [INFO] [TC_IP_0003 - Verify sorting products by Name (Z to A)]: Accessing Playwright Page object directly.
2026-09-28 15:31:01 [INFO] [TC_IP_0003 - Verify sorting products by Name (Z to A)]: Successfully navigated to: https://www.saucedemo.com/
2026-09-28 15:31:01 [INFO] [TC_IP_0003 - Verify sorting products by Name (Z to A)]: Accessing Playwright Page object directly.
2026-09-28 15:31:01 [INFO] [TC_IP_0003 - Verify sorting products by Name (Z to A)]: Page loaded and stable after navigation.
2026-09-28 15:31:01 [INFO] [TC_IP_0003 - Verify sorting products by Name (Z to A)]: Waiting for element to be visible: "locator('#user-name')"
2026-09-28 15:31:01 [INFO] [TC_IP_0005 - Verify sorting products by Price (high to low)]: Accessing Playwright Page object directly.
2026-09-28 15:31:01 [INFO] [TC_IP_0005 - Verify sorting products by Price (high to low)]: Accessing Playwright Page object directly.
2026-09-28 15:31:01 [INFO] [TC_IP_0005 - Verify sorting products by Price (high to low)]: Accessing Playwright Page object directly.
2026-09-28 15:31:01 [INFO] [TC_IP_0005 - Verify sorting products by Price (high to low)]: Accessing Playwright Page object directly.
2026-09-28 15:31:01 [INFO] [TC_IP_0005 - Verify sorting products by Price (high to low)]: Start of BeforeEach
2026-09-28 15:31:01 [INFO] [TC_IP_0005 - Verify sorting products by Price (high to low)]: Navigating to the Sauce Demo login page...
2026-09-28 15:31:01 [INFO] [TC_IP_0005 - Verify sorting products by Price (high to low)]: Navigating to URL: https://www.saucedemo.com/
2026-09-28 15:31:01 [INFO] [TC_IP_0005 - Verify sorting products by Price (high to low)]: Accessing Playwright Page object directly.
2026-09-28 15:31:01 [INFO] [TC_IP_0004 - Verify sorting products by Price (low to high)]: Accessing Playwright Page object directly.
2026-09-28 15:31:01 [INFO] [TC_IP_0004 - Verify sorting products by Price (low to high)]: Successfully navigated to: https://www.saucedemo.com/
2026-09-28 15:31:01 [INFO] [TC_IP_0004 - Verify sorting products by Price (low to high)]: Accessing Playwright Page object directly.
2026-09-28 15:31:01 [INFO] [TC_IP_0004 - Verify sorting products by Price (low to high)]: Page loaded and stable after navigation.
2026-09-28 15:31:01 [INFO] [TC_IP_0004 - Verify sorting products by Price (low to high)]: Waiting for element to be visible: "locator('#user-name')"
2026-09-28 15:31:01 [INFO] [TC_IP_0002 - Verify sorting products by Name (A to Z)]: Successfully clicked on element: "locator('#login-button')"
2026-09-28 15:31:01 [INFO] [TC_IP_0002 - Verify sorting products by Name (A to Z)]: Login action completed.
2026-09-28 15:31:01 [INFO] [TC_IP_0002 - Verify sorting products by Name (A to Z)]: End of BeforeEach
2026-09-28 15:31:01 [INFO] [TC_IP_0002 - Verify sorting products by Name (A to Z)]: Accessing Playwright Page object directly.
2026-09-28 15:31:01 [INFO] [TC_IP_0002 - Verify sorting products by Name (A to Z)]: Accessing Playwright Page object directly.
2026-09-28 15:31:01 [INFO] [TC_IP_0002 - Verify sorting products by Name (A to Z)]: Accessing Playwright Page object directly.
2026-09-28 15:31:01 [INFO] [TC_IP_0002 - Verify sorting products by Name (A to Z)]: Accessing Playwright Page object directly.
2026-09-28 15:31:01 [INFO] [TC_IP_0002 - Verify sorting products by Name (A to Z)]: Accessing Playwright Page object directly.
2026-09-28 15:31:01 [INFO] [TC_IP_0002 - Verify sorting products by Name (A to Z)]: Accessing Playwright Page object directly.
2026-09-28 15:31:01 [INFO] [TC_IP_0002 - Verify sorting products by Name (A to Z)]: Accessing Playwright Page object directly.
2026-09-28 15:31:01 [INFO] [TC_IP_0002 - Verify sorting products by Name (A to Z)]: Accessing Playwright Page object directly.
2026-09-28 15:31:01 [INFO] [TC_IP_0002 - Verify sorting products by Name (A to Z)]: Accessing Playwright Page object directly.
2026-09-28 15:31:01 [INFO] [TC_IP_0002 - Verify sorting products by Name (A to Z)]: Accessing Playwright Page object directly.
2026-09-28 15:31:01 [INFO] [TC_IP_0002 - Verify sorting products by Name (A to Z)]: Accessing Playwright Page object directly.
2026-09-28 15:31:01 [INFO] [TC_IP_0002 - Verify sorting products by Name (A to Z)]: Accessing Playwright Page object directly.
2026-09-28 15:31:01 [INFO] [TC_IP_0002 - Verify sorting products by Name (A to Z)]: Sorting products by: "az"
2026-09-28 15:31:01 [INFO] [TC_IP_0002 - Verify sorting products by Name (A to Z)]: Selecting option in element "locator('[data-test="product-sort-container"]')" with value/label/index: "az"
2026-09-28 15:31:01 [INFO] [TC_IP_0002 - Verify sorting products by Name (A to Z)]: Successfully selected option in element: "locator('[data-test="product-sort-container"]')"
2026-09-28 15:31:01 [INFO] [TC_IP_0002 - Verify sorting products by Name (A to Z)]: Asserting products are sorted by name (ascending).
2026-09-28 15:31:01 [INFO] [TC_IP_0003 - Verify sorting products by Name (Z to A)]: Element is now visible: "locator('#user-name')"
2026-09-28 15:31:01 [INFO] [TC_IP_0003 - Verify sorting products by Name (Z to A)]: Landed on the Sauce Demo login page.
2026-09-28 15:31:01 [INFO] [TC_IP_0003 - Verify sorting products by Name (Z to A)]: Performing login action.
2026-09-28 15:31:01 [INFO] [TC_IP_0003 - Verify sorting products by Name (Z to A)]: Entering username: standard_user
2026-09-28 15:31:01 [INFO] [TC_IP_0003 - Verify sorting products by Name (Z to A)]: Filling element "locator('#user-name')" with value: "standard_user"
2026-09-28 15:31:01 [INFO] [TC_IP_0003 - Verify sorting products by Name (Z to A)]: Successfully filled element "locator('#user-name')" with value: "standard_user"
2026-09-28 15:31:01 [INFO] [TC_IP_0003 - Verify sorting products by Name (Z to A)]: Entering password.
2026-09-28 15:31:01 [INFO] [TC_IP_0003 - Verify sorting products by Name (Z to A)]: Filling element "locator('#password')" with value: "secret_sauce"
2026-09-28 15:31:01 [INFO] [TC_IP_0004 - Verify sorting products by Price (low to high)]: Element is now visible: "locator('#user-name')"
2026-09-28 15:31:01 [INFO] [TC_IP_0002 - Verify sorting products by Name (A to Z)]: Asserting value to equal: "["Sauce Labs Backpack","Sauce Labs Bike Light","Sauce Labs Bolt T-Shirt","Sauce Labs Fleece Jacket","Sauce Labs Onesie","Test.allTheThings() T-Shirt (Red)"]"
2026-09-28 15:31:01 [INFO] [TC_IP_0004 - Verify sorting products by Price (low to high)]: Landed on the Sauce Demo login page.
2026-09-28 15:31:01 [INFO] [TC_IP_0004 - Verify sorting products by Price (low to high)]: Performing login action.
2026-09-28 15:31:01 [INFO] [TC_IP_0004 - Verify sorting products by Price (low to high)]: Entering username: standard_user
2026-09-28 15:31:01 [INFO] [TC_IP_0004 - Verify sorting products by Price (low to high)]: Filling element "locator('#user-name')" with value: "standard_user"
2026-09-28 15:31:01 [INFO] [TC_IP_0002 - Verify sorting products by Name (A to Z)]: Assertion passed: Value equals "["Sauce Labs Backpack","Sauce Labs Bike Light","Sauce Labs Bolt T-Shirt","Sauce Labs Fleece Jacket","Sauce Labs Onesie","Test.allTheThings() T-Shirt (Red)"]".
2026-09-28 15:31:01 [INFO] [TC_IP_0004 - Verify sorting products by Price (low to high)]: Successfully filled element "locator('#user-name')" with value: "standard_user"
2026-09-28 15:31:01 [INFO] [TC_IP_0003 - Verify sorting products by Name (Z to A)]: Successfully filled element "locator('#password')" with value: "secret_sauce"
2026-09-28 15:31:01 [INFO] [TC_IP_0004 - Verify sorting products by Price (low to high)]: Entering password.
2026-09-28 15:31:01 [INFO] [TC_IP_0004 - Verify sorting products by Price (low to high)]: Filling element "locator('#password')" with value: "secret_sauce"
2026-09-28 15:31:01 [INFO] [TC_IP_0003 - Verify sorting products by Name (Z to A)]: Clicking the Login button.
2026-09-28 15:31:01 [INFO] [TC_IP_0003 - Verify sorting products by Name (Z to A)]: Clicking on element with selector: "locator('#login-button')"
2026-09-28 15:31:01 [INFO] [TC_IP_0005 - Verify sorting products by Price (high to low)]: Accessing Playwright Page object directly.
2026-09-28 15:31:01 [INFO] [TC_IP_0005 - Verify sorting products by Price (high to low)]: Successfully navigated to: https://www.saucedemo.com/
2026-09-28 15:31:01 [INFO] [TC_IP_0005 - Verify sorting products by Price (high to low)]: Accessing Playwright Page object directly.
2026-09-28 15:31:01 [INFO] [TC_IP_0005 - Verify sorting products by Price (high to low)]: Page loaded and stable after navigation.
2026-09-28 15:31:01 [INFO] [TC_IP_0005 - Verify sorting products by Price (high to low)]: Waiting for element to be visible: "locator('#user-name')"
2026-09-28 15:31:01 [INFO] [TC_IP_0004 - Verify sorting products by Price (low to high)]: Successfully filled element "locator('#password')" with value: "secret_sauce"
2026-09-28 15:31:01 [INFO] [TC_IP_0004 - Verify sorting products by Price (low to high)]: Clicking the Login button.
2026-09-28 15:31:01 [INFO] [TC_IP_0004 - Verify sorting products by Price (low to high)]: Clicking on element with selector: "locator('#login-button')"
2026-09-28 15:31:01 [INFO] [TC_IP_0005 - Verify sorting products by Price (high to low)]: Element is now visible: "locator('#user-name')"
2026-09-28 15:31:01 [INFO] [TC_IP_0005 - Verify sorting products by Price (high to low)]: Landed on the Sauce Demo login page.
2026-09-28 15:31:01 [INFO] [TC_IP_0005 - Verify sorting products by Price (high to low)]: Performing login action.
2026-09-28 15:31:01 [INFO] [TC_IP_0005 - Verify sorting products by Price (high to low)]: Entering username: standard_user
2026-09-28 15:31:01 [INFO] [TC_IP_0005 - Verify sorting products by Price (high to low)]: Filling element "locator('#user-name')" with value: "standard_user"
2026-09-28 15:31:01 [INFO] [TC_IP_0005 - Verify sorting products by Price (high to low)]: Successfully filled element "locator('#user-name')" with value: "standard_user"
2026-09-28 15:31:01 [INFO] [TC_IP_0005 - Verify sorting products by Price (high to low)]: Entering password.
2026-09-28 15:31:01 [INFO] [TC_IP_0005 - Verify sorting products by Price (high to low)]: Filling element "locator('#password')" with value: "secret_sauce"
2026-09-28 15:31:01 [INFO] [TC_IP_0005 - Verify sorting products by Price (high to low)]: Successfully filled element "locator('#password')" with value: "secret_sauce"
2026-09-28 15:31:01 [INFO] [TC_IP_0005 - Verify sorting products by Price (high to low)]: Clicking the Login button.
2026-09-28 15:31:01 [INFO] [TC_IP_0005 - Verify sorting products by Price (high to low)]: Clicking on element with selector: "locator('#login-button')"
2026-09-28 15:31:01 [INFO] [TC_IP_0004 - Verify sorting products by Price (low to high)]: Successfully clicked on element: "locator('#login-button')"
2026-09-28 15:31:01 [INFO] [TC_IP_0005 - Verify sorting products by Price (high to low)]: Successfully clicked on element: "locator('#login-button')"
2026-09-28 15:31:01 [INFO] [TC_IP_0004 - Verify sorting products by Price (low to high)]: Login action completed.
2026-09-28 15:31:01 [INFO] [TC_IP_0004 - Verify sorting products by Price (low to high)]: End of BeforeEach
2026-09-28 15:31:01 [INFO] [TC_IP_0004 - Verify sorting products by Price (low to high)]: Accessing Playwright Page object directly.
2026-09-28 15:31:01 [INFO] [TC_IP_0004 - Verify sorting products by Price (low to high)]: Accessing Playwright Page object directly.
2026-09-28 15:31:01 [INFO] [TC_IP_0004 - Verify sorting products by Price (low to high)]: Accessing Playwright Page object directly.
2026-09-28 15:31:01 [INFO] [TC_IP_0004 - Verify sorting products by Price (low to high)]: Accessing Playwright Page object directly.
2026-09-28 15:31:01 [INFO] [TC_IP_0004 - Verify sorting products by Price (low to high)]: Accessing Playwright Page object directly.
2026-09-28 15:31:01 [INFO] [TC_IP_0004 - Verify sorting products by Price (low to high)]: Accessing Playwright Page object directly.
2026-09-28 15:31:01 [INFO] [TC_IP_0004 - Verify sorting products by Price (low to high)]: Accessing Playwright Page object directly.
2026-09-28 15:31:01 [INFO] [TC_IP_0004 - Verify sorting products by Price (low to high)]: Accessing Playwright Page object directly.
2026-09-28 15:31:01 [INFO] [TC_IP_0004 - Verify sorting products by Price (low to high)]: Accessing Playwright Page object directly.
2026-09-28 15:31:01 [INFO] [TC_IP_0004 - Verify sorting products by Price (low to high)]: Accessing Playwright Page object directly.
2026-09-28 15:31:01 [INFO] [TC_IP_0004 - Verify sorting products by Price (low to high)]: Accessing Playwright Page object directly.
2026-09-28 15:31:01 [INFO] [TC_IP_0004 - Verify sorting products by Price (low to high)]: Accessing Playwright Page object directly.
2026-09-28 15:31:01 [INFO] [TC_IP_0004 - Verify sorting products by Price (low to high)]: Sorting products by: "lohi"
2026-09-28 15:31:01 [INFO] [TC_IP_0004 - Verify sorting products by Price (low to high)]: Selecting option in element "locator('[data-test="product-sort-container"]')" with value/label/index: "lohi"
2026-09-28 15:31:01 [INFO] [TC_IP_0005 - Verify sorting products by Price (high to low)]: Login action completed.
2026-09-28 15:31:01 [INFO] [TC_IP_0005 - Verify sorting products by Price (high to low)]: End of BeforeEach
2026-09-28 15:31:01 [INFO] [TC_IP_0005 - Verify sorting products by Price (high to low)]: Accessing Playwright Page object directly.
2026-09-28 15:31:01 [INFO] [TC_IP_0005 - Verify sorting products by Price (high to low)]: Accessing Playwright Page object directly.
2026-09-28 15:31:01 [INFO] [TC_IP_0005 - Verify sorting products by Price (high to low)]: Accessing Playwright Page object directly.
2026-09-28 15:31:01 [INFO] [TC_IP_0005 - Verify sorting products by Price (high to low)]: Accessing Playwright Page object directly.
2026-09-28 15:31:01 [INFO] [TC_IP_0005 - Verify sorting products by Price (high to low)]: Accessing Playwright Page object directly.
2026-09-28 15:31:01 [INFO] [TC_IP_0005 - Verify sorting products by Price (high to low)]: Accessing Playwright Page object directly.
2026-09-28 15:31:01 [INFO] [TC_IP_0005 - Verify sorting products by Price (high to low)]: Accessing Playwright Page object directly.
2026-09-28 15:31:01 [INFO] [TC_IP_0005 - Verify sorting products by Price (high to low)]: Accessing Playwright Page object directly.
2026-09-28 15:31:01 [INFO] [TC_IP_0005 - Verify sorting products by Price (high to low)]: Accessing Playwright Page object directly.
2026-09-28 15:31:01 [INFO] [TC_IP_0005 - Verify sorting products by Price (high to low)]: Accessing Playwright Page object directly.
2026-09-28 15:31:01 [INFO] [TC_IP_0005 - Verify sorting products by Price (high to low)]: Accessing Playwright Page object directly.
2026-09-28 15:31:01 [INFO] [TC_IP_0005 - Verify sorting products by Price (high to low)]: Accessing Playwright Page object directly.
2026-09-28 15:31:01 [INFO] [TC_IP_0005 - Verify sorting products by Price (high to low)]: Sorting products by: "hilo"
2026-09-28 15:31:01 [INFO] [TC_IP_0005 - Verify sorting products by Price (high to low)]: Selecting option in element "locator('[data-test="product-sort-container"]')" with value/label/index: "hilo"
2026-09-28 15:31:01 [INFO] [TC_IP_0003 - Verify sorting products by Name (Z to A)]: Successfully clicked on element: "locator('#login-button')"
2026-09-28 15:31:01 [INFO] [TC_IP_0003 - Verify sorting products by Name (Z to A)]: Login action completed.
2026-09-28 15:31:01 [INFO] [TC_IP_0003 - Verify sorting products by Name (Z to A)]: End of BeforeEach
2026-09-28 15:31:01 [INFO] [TC_IP_0003 - Verify sorting products by Name (Z to A)]: Accessing Playwright Page object directly.
2026-09-28 15:31:01 [INFO] [TC_IP_0003 - Verify sorting products by Name (Z to A)]: Accessing Playwright Page object directly.
2026-09-28 15:31:01 [INFO] [TC_IP_0003 - Verify sorting products by Name (Z to A)]: Accessing Playwright Page object directly.
2026-09-28 15:31:01 [INFO] [TC_IP_0003 - Verify sorting products by Name (Z to A)]: Accessing Playwright Page object directly.
2026-09-28 15:31:01 [INFO] [TC_IP_0003 - Verify sorting products by Name (Z to A)]: Accessing Playwright Page object directly.
2026-09-28 15:31:01 [INFO] [TC_IP_0003 - Verify sorting products by Name (Z to A)]: Accessing Playwright Page object directly.
2026-09-28 15:31:01 [INFO] [TC_IP_0003 - Verify sorting products by Name (Z to A)]: Accessing Playwright Page object directly.
2026-09-28 15:31:01 [INFO] [TC_IP_0003 - Verify sorting products by Name (Z to A)]: Accessing Playwright Page object directly.
2026-09-28 15:31:01 [INFO] [TC_IP_0003 - Verify sorting products by Name (Z to A)]: Accessing Playwright Page object directly.
2026-09-28 15:31:01 [INFO] [TC_IP_0003 - Verify sorting products by Name (Z to A)]: Accessing Playwright Page object directly.
2026-09-28 15:31:01 [INFO] [TC_IP_0003 - Verify sorting products by Name (Z to A)]: Accessing Playwright Page object directly.
2026-09-28 15:31:01 [INFO] [TC_IP_0003 - Verify sorting products by Name (Z to A)]: Accessing Playwright Page object directly.
2026-09-28 15:31:01 [INFO] [TC_IP_0003 - Verify sorting products by Name (Z to A)]: Sorting products by: "za"
2026-09-28 15:31:01 [INFO] [TC_IP_0003 - Verify sorting products by Name (Z to A)]: Selecting option in element "locator('[data-test="product-sort-container"]')" with value/label/index: "za"
2026-09-28 15:31:01 [INFO] [TC_IP_0003 - Verify sorting products by Name (Z to A)]: Successfully selected option in element: "locator('[data-test="product-sort-container"]')"
2026-09-28 15:31:01 [INFO] [TC_IP_0003 - Verify sorting products by Name (Z to A)]: Asserting products are sorted by name (descending).
2026-09-28 15:31:01 [INFO] [TC_IP_0005 - Verify sorting products by Price (high to low)]: Successfully selected option in element: "locator('[data-test="product-sort-container"]')"
2026-09-28 15:31:01 [INFO] [TC_IP_0005 - Verify sorting products by Price (high to low)]: Asserting products are sorted by price (descending).
2026-09-28 15:31:01 [INFO] [TC_IP_0004 - Verify sorting products by Price (low to high)]: Successfully selected option in element: "locator('[data-test="product-sort-container"]')"
2026-09-28 15:31:01 [INFO] [TC_IP_0004 - Verify sorting products by Price (low to high)]: Asserting products are sorted by price (ascending).
2026-09-28 15:31:01 [INFO] [TC_IP_0005 - Verify sorting products by Price (high to low)]: Asserting value to equal: "[49.99,29.99,15.99,15.99,9.99,7.99]"
2026-09-28 15:31:01 [INFO] [TC_IP_0005 - Verify sorting products by Price (high to low)]: Assertion passed: Value equals "[49.99,29.99,15.99,15.99,9.99,7.99]".
2026-09-28 15:31:01 [INFO] [TC_IP_0003 - Verify sorting products by Name (Z to A)]: Asserting value to equal: "["Test.allTheThings() T-Shirt (Red)","Sauce Labs Onesie","Sauce Labs Fleece Jacket","Sauce Labs Bolt T-Shirt","Sauce Labs Bike Light","Sauce Labs Backpack"]"
2026-09-28 15:31:02 [INFO] [TC_IP_0003 - Verify sorting products by Name (Z to A)]: Assertion passed: Value equals "["Test.allTheThings() T-Shirt (Red)","Sauce Labs Onesie","Sauce Labs Fleece Jacket","Sauce Labs Bolt T-Shirt","Sauce Labs Bike Light","Sauce Labs Backpack"]".
2026-09-28 15:31:02 [INFO] [TC_IP_0004 - Verify sorting products by Price (low to high)]: Asserting value to equal: "[7.99,9.99,15.99,15.99,29.99,49.99]"
2026-09-28 15:31:02 [INFO] [TC_IP_0004 - Verify sorting products by Price (low to high)]: Assertion passed: Value equals "[7.99,9.99,15.99,15.99,29.99,49.99]".
2026-09-28 15:31:02 [INFO] [TC_IP_0006 - Verify adding a product to the cart updates the cart badge]: Accessing Playwright Page object directly.
2026-09-28 15:31:02 [INFO] [TC_IP_0006 - Verify adding a product to the cart updates the cart badge]: Accessing Playwright Page object directly.
2026-09-28 15:31:02 [INFO] [TC_IP_0006 - Verify adding a product to the cart updates the cart badge]: Accessing Playwright Page object directly.
2026-09-28 15:31:02 [INFO] [TC_IP_0006 - Verify adding a product to the cart updates the cart badge]: Accessing Playwright Page object directly.
2026-09-28 15:31:02 [INFO] [TC_IP_0006 - Verify adding a product to the cart updates the cart badge]: Start of BeforeEach
2026-09-28 15:31:02 [INFO] [TC_IP_0006 - Verify adding a product to the cart updates the cart badge]: Navigating to the Sauce Demo login page...
2026-09-28 15:31:02 [INFO] [TC_IP_0006 - Verify adding a product to the cart updates the cart badge]: Navigating to URL: https://www.saucedemo.com/
2026-09-28 15:31:02 [INFO] [TC_IP_0006 - Verify adding a product to the cart updates the cart badge]: Accessing Playwright Page object directly.
2026-09-28 15:31:02 [INFO] [TC_IP_0006 - Verify adding a product to the cart updates the cart badge]: Accessing Playwright Page object directly.
2026-09-28 15:31:02 [INFO] [TC_IP_0006 - Verify adding a product to the cart updates the cart badge]: Successfully navigated to: https://www.saucedemo.com/
2026-09-28 15:31:02 [INFO] [TC_IP_0006 - Verify adding a product to the cart updates the cart badge]: Accessing Playwright Page object directly.
2026-09-28 15:31:02 [INFO] [TC_IP_0006 - Verify adding a product to the cart updates the cart badge]: Page loaded and stable after navigation.
2026-09-28 15:31:02 [INFO] [TC_IP_0006 - Verify adding a product to the cart updates the cart badge]: Waiting for element to be visible: "locator('#user-name')"
2026-09-28 15:31:03 [INFO] [TC_IP_0006 - Verify adding a product to the cart updates the cart badge]: Element is now visible: "locator('#user-name')"
2026-09-28 15:31:03 [INFO] [TC_IP_0006 - Verify adding a product to the cart updates the cart badge]: Landed on the Sauce Demo login page.
2026-09-28 15:31:03 [INFO] [TC_IP_0006 - Verify adding a product to the cart updates the cart badge]: Performing login action.
2026-09-28 15:31:03 [INFO] [TC_IP_0006 - Verify adding a product to the cart updates the cart badge]: Entering username: standard_user
2026-09-28 15:31:03 [INFO] [TC_IP_0006 - Verify adding a product to the cart updates the cart badge]: Filling element "locator('#user-name')" with value: "standard_user"
2026-09-28 15:31:03 [INFO] [TC_IP_0006 - Verify adding a product to the cart updates the cart badge]: Successfully filled element "locator('#user-name')" with value: "standard_user"
2026-09-28 15:31:03 [INFO] [TC_IP_0006 - Verify adding a product to the cart updates the cart badge]: Entering password.
2026-09-28 15:31:03 [INFO] [TC_IP_0006 - Verify adding a product to the cart updates the cart badge]: Filling element "locator('#password')" with value: "secret_sauce"
2026-09-28 15:31:03 [INFO] [TC_IP_0006 - Verify adding a product to the cart updates the cart badge]: Successfully filled element "locator('#password')" with value: "secret_sauce"
2026-09-28 15:31:03 [INFO] [TC_IP_0006 - Verify adding a product to the cart updates the cart badge]: Clicking the Login button.
2026-09-28 15:31:03 [INFO] [TC_IP_0006 - Verify adding a product to the cart updates the cart badge]: Clicking on element with selector: "locator('#login-button')"
2026-09-28 15:31:03 [INFO] [TC_IP_0009 - Verify Reset App State empties the cart]: Accessing Playwright Page object directly.
2026-09-28 15:31:03 [INFO] [TC_IP_0009 - Verify Reset App State empties the cart]: Accessing Playwright Page object directly.
2026-09-28 15:31:03 [INFO] [TC_IP_0009 - Verify Reset App State empties the cart]: Accessing Playwright Page object directly.
2026-09-28 15:31:03 [INFO] [TC_IP_0009 - Verify Reset App State empties the cart]: Accessing Playwright Page object directly.
2026-09-28 15:31:03 [INFO] [TC_IP_0009 - Verify Reset App State empties the cart]: Start of BeforeEach
2026-09-28 15:31:03 [INFO] [TC_IP_0009 - Verify Reset App State empties the cart]: Navigating to the Sauce Demo login page...
2026-09-28 15:31:03 [INFO] [TC_IP_0009 - Verify Reset App State empties the cart]: Navigating to URL: https://www.saucedemo.com/
2026-09-28 15:31:03 [INFO] [TC_IP_0009 - Verify Reset App State empties the cart]: Accessing Playwright Page object directly.
2026-09-28 15:31:03 [INFO] [TC_IP_0007 - Verify removing a product from the cart clears the cart badge]: Accessing Playwright Page object directly.
2026-09-28 15:31:03 [INFO] [TC_IP_0007 - Verify removing a product from the cart clears the cart badge]: Accessing Playwright Page object directly.
2026-09-28 15:31:03 [INFO] [TC_IP_0007 - Verify removing a product from the cart clears the cart badge]: Accessing Playwright Page object directly.
2026-09-28 15:31:03 [INFO] [TC_IP_0007 - Verify removing a product from the cart clears the cart badge]: Accessing Playwright Page object directly.
2026-09-28 15:31:03 [INFO] [TC_IP_0007 - Verify removing a product from the cart clears the cart badge]: Start of BeforeEach
2026-09-28 15:31:03 [INFO] [TC_IP_0007 - Verify removing a product from the cart clears the cart badge]: Navigating to the Sauce Demo login page...
2026-09-28 15:31:03 [INFO] [TC_IP_0007 - Verify removing a product from the cart clears the cart badge]: Navigating to URL: https://www.saucedemo.com/
2026-09-28 15:31:03 [INFO] [TC_IP_0007 - Verify removing a product from the cart clears the cart badge]: Accessing Playwright Page object directly.
2026-09-28 15:31:03 [INFO] [TC_IP_0006 - Verify adding a product to the cart updates the cart badge]: Successfully clicked on element: "locator('#login-button')"
2026-09-28 15:31:03 [INFO] [TC_IP_0006 - Verify adding a product to the cart updates the cart badge]: Login action completed.
2026-09-28 15:31:03 [INFO] [TC_IP_0006 - Verify adding a product to the cart updates the cart badge]: End of BeforeEach
2026-09-28 15:31:03 [INFO] [TC_IP_0006 - Verify adding a product to the cart updates the cart badge]: Accessing Playwright Page object directly.
2026-09-28 15:31:03 [INFO] [TC_IP_0006 - Verify adding a product to the cart updates the cart badge]: Accessing Playwright Page object directly.
2026-09-28 15:31:03 [INFO] [TC_IP_0006 - Verify adding a product to the cart updates the cart badge]: Accessing Playwright Page object directly.
2026-09-28 15:31:03 [INFO] [TC_IP_0006 - Verify adding a product to the cart updates the cart badge]: Accessing Playwright Page object directly.
2026-09-28 15:31:03 [INFO] [TC_IP_0006 - Verify adding a product to the cart updates the cart badge]: Accessing Playwright Page object directly.
2026-09-28 15:31:03 [INFO] [TC_IP_0006 - Verify adding a product to the cart updates the cart badge]: Accessing Playwright Page object directly.
2026-09-28 15:31:03 [INFO] [TC_IP_0006 - Verify adding a product to the cart updates the cart badge]: Accessing Playwright Page object directly.
2026-09-28 15:31:03 [INFO] [TC_IP_0006 - Verify adding a product to the cart updates the cart badge]: Accessing Playwright Page object directly.
2026-09-28 15:31:03 [INFO] [TC_IP_0006 - Verify adding a product to the cart updates the cart badge]: Accessing Playwright Page object directly.
2026-09-28 15:31:03 [INFO] [TC_IP_0006 - Verify adding a product to the cart updates the cart badge]: Accessing Playwright Page object directly.
2026-09-28 15:31:03 [INFO] [TC_IP_0006 - Verify adding a product to the cart updates the cart badge]: Accessing Playwright Page object directly.
2026-09-28 15:31:03 [INFO] [TC_IP_0006 - Verify adding a product to the cart updates the cart badge]: Accessing Playwright Page object directly.
2026-09-28 15:31:03 [INFO] [TC_IP_0006 - Verify adding a product to the cart updates the cart badge]: Adding product to cart: "Sauce Labs Backpack"
2026-09-28 15:31:03 [INFO] [TC_IP_0006 - Verify adding a product to the cart updates the cart badge]: Accessing Playwright Page object directly.
2026-09-28 15:31:03 [INFO] [TC_IP_0006 - Verify adding a product to the cart updates the cart badge]: Clicking on element with selector: "locator('.inventory_item').filter({ has: locator('.inventory_item_name').filter({ hasText: 'Sauce Labs Backpack' }) }).locator('button.btn_inventory')"
2026-09-28 15:31:03 [INFO] [TC_IP_0008 - Verify clicking a product name navigates to its detail page]: Accessing Playwright Page object directly.
2026-09-28 15:31:03 [INFO] [TC_IP_0008 - Verify clicking a product name navigates to its detail page]: Accessing Playwright Page object directly.
2026-09-28 15:31:03 [INFO] [TC_IP_0008 - Verify clicking a product name navigates to its detail page]: Accessing Playwright Page object directly.
2026-09-28 15:31:03 [INFO] [TC_IP_0008 - Verify clicking a product name navigates to its detail page]: Accessing Playwright Page object directly.
2026-09-28 15:31:03 [INFO] [TC_IP_0008 - Verify clicking a product name navigates to its detail page]: Start of BeforeEach
2026-09-28 15:31:03 [INFO] [TC_IP_0008 - Verify clicking a product name navigates to its detail page]: Navigating to the Sauce Demo login page...
2026-09-28 15:31:03 [INFO] [TC_IP_0008 - Verify clicking a product name navigates to its detail page]: Navigating to URL: https://www.saucedemo.com/
2026-09-28 15:31:03 [INFO] [TC_IP_0008 - Verify clicking a product name navigates to its detail page]: Accessing Playwright Page object directly.
2026-09-28 15:31:03 [INFO] [TC_IP_0006 - Verify adding a product to the cart updates the cart badge]: Successfully clicked on element: "locator('.inventory_item').filter({ has: locator('.inventory_item_name').filter({ hasText: 'Sauce Labs Backpack' }) }).locator('button.btn_inventory')"
2026-09-28 15:31:03 [INFO] [TC_IP_0006 - Verify adding a product to the cart updates the cart badge]: Asserting cart badge count to be: 1
2026-09-28 15:31:03 [INFO] [TC_IP_0006 - Verify adding a product to the cart updates the cart badge]: Asserting 1 elements to have text: "1"
2026-09-28 15:31:03 [INFO] [TC_IP_0006 - Verify adding a product to the cart updates the cart badge]: Asserting element "locator('.shopping_cart_badge')" to have text: "1"
2026-09-28 15:31:03 [INFO] [TC_IP_0006 - Verify adding a product to the cart updates the cart badge]: Waiting for element to be visible: "locator('.shopping_cart_badge')"
2026-09-28 15:31:03 [INFO] [TC_IP_0006 - Verify adding a product to the cart updates the cart badge]: Element is now visible: "locator('.shopping_cart_badge')"
2026-09-28 15:31:03 [INFO] [TC_IP_0006 - Verify adding a product to the cart updates the cart badge]: Assertion passed: Element "locator('.shopping_cart_badge')" has text "1".
2026-09-28 15:31:03 [INFO] [TC_IP_0006 - Verify adding a product to the cart updates the cart badge]: Assertion passed: All 1 elements have text "1".
2026-09-28 15:31:03 [INFO] [TC_IP_0009 - Verify Reset App State empties the cart]: Accessing Playwright Page object directly.
2026-09-28 15:31:03 [INFO] [TC_IP_0009 - Verify Reset App State empties the cart]: Successfully navigated to: https://www.saucedemo.com/
2026-09-28 15:31:03 [INFO] [TC_IP_0009 - Verify Reset App State empties the cart]: Accessing Playwright Page object directly.
2026-09-28 15:31:03 [INFO] [TC_IP_0009 - Verify Reset App State empties the cart]: Page loaded and stable after navigation.
2026-09-28 15:31:03 [INFO] [TC_IP_0009 - Verify Reset App State empties the cart]: Waiting for element to be visible: "locator('#user-name')"
2026-09-28 15:31:03 [INFO] [TC_IP_0007 - Verify removing a product from the cart clears the cart badge]: Accessing Playwright Page object directly.
2026-09-28 15:31:03 [INFO] [TC_IP_0007 - Verify removing a product from the cart clears the cart badge]: Successfully navigated to: https://www.saucedemo.com/
2026-09-28 15:31:03 [INFO] [TC_IP_0007 - Verify removing a product from the cart clears the cart badge]: Accessing Playwright Page object directly.
2026-09-28 15:31:03 [INFO] [TC_IP_0007 - Verify removing a product from the cart clears the cart badge]: Page loaded and stable after navigation.
2026-09-28 15:31:03 [INFO] [TC_IP_0007 - Verify removing a product from the cart clears the cart badge]: Waiting for element to be visible: "locator('#user-name')"
2026-09-28 15:31:03 [INFO] [TC_IP_0009 - Verify Reset App State empties the cart]: Element is now visible: "locator('#user-name')"
2026-09-28 15:31:03 [INFO] [TC_IP_0009 - Verify Reset App State empties the cart]: Landed on the Sauce Demo login page.
2026-09-28 15:31:03 [INFO] [TC_IP_0009 - Verify Reset App State empties the cart]: Performing login action.
2026-09-28 15:31:03 [INFO] [TC_IP_0009 - Verify Reset App State empties the cart]: Entering username: standard_user
2026-09-28 15:31:03 [INFO] [TC_IP_0009 - Verify Reset App State empties the cart]: Filling element "locator('#user-name')" with value: "standard_user"
2026-09-28 15:31:03 [INFO] [TC_IP_0009 - Verify Reset App State empties the cart]: Successfully filled element "locator('#user-name')" with value: "standard_user"
2026-09-28 15:31:03 [INFO] [TC_IP_0009 - Verify Reset App State empties the cart]: Entering password.
2026-09-28 15:31:03 [INFO] [TC_IP_0009 - Verify Reset App State empties the cart]: Filling element "locator('#password')" with value: "secret_sauce"
2026-09-28 15:31:03 [INFO] [TC_IP_0009 - Verify Reset App State empties the cart]: Successfully filled element "locator('#password')" with value: "secret_sauce"
2026-09-28 15:31:03 [INFO] [TC_IP_0009 - Verify Reset App State empties the cart]: Clicking the Login button.
2026-09-28 15:31:03 [INFO] [TC_IP_0009 - Verify Reset App State empties the cart]: Clicking on element with selector: "locator('#login-button')"
2026-09-28 15:31:03 [INFO] [TC_IP_0007 - Verify removing a product from the cart clears the cart badge]: Element is now visible: "locator('#user-name')"
2026-09-28 15:31:03 [INFO] [TC_IP_0007 - Verify removing a product from the cart clears the cart badge]: Landed on the Sauce Demo login page.
2026-09-28 15:31:03 [INFO] [TC_IP_0007 - Verify removing a product from the cart clears the cart badge]: Performing login action.
2026-09-28 15:31:03 [INFO] [TC_IP_0007 - Verify removing a product from the cart clears the cart badge]: Entering username: standard_user
2026-09-28 15:31:03 [INFO] [TC_IP_0007 - Verify removing a product from the cart clears the cart badge]: Filling element "locator('#user-name')" with value: "standard_user"
2026-09-28 15:31:03 [INFO] [TC_IP_0007 - Verify removing a product from the cart clears the cart badge]: Successfully filled element "locator('#user-name')" with value: "standard_user"
2026-09-28 15:31:03 [INFO] [TC_IP_0008 - Verify clicking a product name navigates to its detail page]: Accessing Playwright Page object directly.
2026-09-28 15:31:03 [INFO] [TC_IP_0007 - Verify removing a product from the cart clears the cart badge]: Entering password.
2026-09-28 15:31:03 [INFO] [TC_IP_0007 - Verify removing a product from the cart clears the cart badge]: Filling element "locator('#password')" with value: "secret_sauce"
2026-09-28 15:31:03 [INFO] [TC_IP_0008 - Verify clicking a product name navigates to its detail page]: Successfully navigated to: https://www.saucedemo.com/
2026-09-28 15:31:03 [INFO] [TC_IP_0008 - Verify clicking a product name navigates to its detail page]: Accessing Playwright Page object directly.
2026-09-28 15:31:03 [INFO] [TC_IP_0008 - Verify clicking a product name navigates to its detail page]: Page loaded and stable after navigation.
2026-09-28 15:31:03 [INFO] [TC_IP_0008 - Verify clicking a product name navigates to its detail page]: Waiting for element to be visible: "locator('#user-name')"
2026-09-28 15:31:03 [INFO] [TC_IP_0009 - Verify Reset App State empties the cart]: Successfully clicked on element: "locator('#login-button')"
2026-09-28 15:31:03 [INFO] [TC_IP_0009 - Verify Reset App State empties the cart]: Login action completed.
2026-09-28 15:31:03 [INFO] [TC_IP_0007 - Verify removing a product from the cart clears the cart badge]: Successfully filled element "locator('#password')" with value: "secret_sauce"
2026-09-28 15:31:03 [INFO] [TC_IP_0009 - Verify Reset App State empties the cart]: End of BeforeEach
2026-09-28 15:31:03 [INFO] [TC_IP_0009 - Verify Reset App State empties the cart]: Accessing Playwright Page object directly.
2026-09-28 15:31:03 [INFO] [TC_IP_0009 - Verify Reset App State empties the cart]: Accessing Playwright Page object directly.
2026-09-28 15:31:03 [INFO] [TC_IP_0009 - Verify Reset App State empties the cart]: Accessing Playwright Page object directly.
2026-09-28 15:31:03 [INFO] [TC_IP_0009 - Verify Reset App State empties the cart]: Accessing Playwright Page object directly.
2026-09-28 15:31:03 [INFO] [TC_IP_0009 - Verify Reset App State empties the cart]: Accessing Playwright Page object directly.
2026-09-28 15:31:03 [INFO] [TC_IP_0009 - Verify Reset App State empties the cart]: Accessing Playwright Page object directly.
2026-09-28 15:31:03 [INFO] [TC_IP_0009 - Verify Reset App State empties the cart]: Accessing Playwright Page object directly.
2026-09-28 15:31:03 [INFO] [TC_IP_0009 - Verify Reset App State empties the cart]: Accessing Playwright Page object directly.
2026-09-28 15:31:03 [INFO] [TC_IP_0009 - Verify Reset App State empties the cart]: Accessing Playwright Page object directly.
2026-09-28 15:31:03 [INFO] [TC_IP_0009 - Verify Reset App State empties the cart]: Accessing Playwright Page object directly.
2026-09-28 15:31:03 [INFO] [TC_IP_0009 - Verify Reset App State empties the cart]: Accessing Playwright Page object directly.
2026-09-28 15:31:03 [INFO] [TC_IP_0009 - Verify Reset App State empties the cart]: Accessing Playwright Page object directly.
2026-09-28 15:31:03 [INFO] [TC_IP_0009 - Verify Reset App State empties the cart]: Adding product to cart: "Sauce Labs Backpack"
2026-09-28 15:31:03 [INFO] [TC_IP_0009 - Verify Reset App State empties the cart]: Accessing Playwright Page object directly.
2026-09-28 15:31:03 [INFO] [TC_IP_0009 - Verify Reset App State empties the cart]: Clicking on element with selector: "locator('.inventory_item').filter({ has: locator('.inventory_item_name').filter({ hasText: 'Sauce Labs Backpack' }) }).locator('button.btn_inventory')"
2026-09-28 15:31:03 [INFO] [TC_IP_0007 - Verify removing a product from the cart clears the cart badge]: Clicking the Login button.
2026-09-28 15:31:03 [INFO] [TC_IP_0007 - Verify removing a product from the cart clears the cart badge]: Clicking on element with selector: "locator('#login-button')"
2026-09-28 15:31:03 [INFO] [TC_IP_0009 - Verify Reset App State empties the cart]: Successfully clicked on element: "locator('.inventory_item').filter({ has: locator('.inventory_item_name').filter({ hasText: 'Sauce Labs Backpack' }) }).locator('button.btn_inventory')"
2026-09-28 15:31:03 [INFO] [TC_IP_0009 - Verify Reset App State empties the cart]: Asserting cart badge count to be: 1
2026-09-28 15:31:03 [INFO] [TC_IP_0009 - Verify Reset App State empties the cart]: Asserting 1 elements to have text: "1"
2026-09-28 15:31:03 [INFO] [TC_IP_0009 - Verify Reset App State empties the cart]: Asserting element "locator('.shopping_cart_badge')" to have text: "1"
2026-09-28 15:31:03 [INFO] [TC_IP_0009 - Verify Reset App State empties the cart]: Waiting for element to be visible: "locator('.shopping_cart_badge')"
2026-09-28 15:31:03 [INFO] [TC_IP_0009 - Verify Reset App State empties the cart]: Element is now visible: "locator('.shopping_cart_badge')"
2026-09-28 15:31:03 [INFO] [TC_IP_0009 - Verify Reset App State empties the cart]: Assertion passed: Element "locator('.shopping_cart_badge')" has text "1".
2026-09-28 15:31:03 [INFO] [TC_IP_0009 - Verify Reset App State empties the cart]: Assertion passed: All 1 elements have text "1".
2026-09-28 15:31:03 [INFO] [TC_IP_0009 - Verify Reset App State empties the cart]: Resetting app state.
2026-09-28 15:31:03 [INFO] [TC_IP_0009 - Verify Reset App State empties the cart]: Opening the burger menu.
2026-09-28 15:31:03 [INFO] [TC_IP_0009 - Verify Reset App State empties the cart]: Clicking on element with selector: "locator('#react-burger-menu-btn')"
2026-09-28 15:31:03 [INFO] [TC_IP_0008 - Verify clicking a product name navigates to its detail page]: Element is now visible: "locator('#user-name')"
2026-09-28 15:31:03 [INFO] [TC_IP_0008 - Verify clicking a product name navigates to its detail page]: Landed on the Sauce Demo login page.
2026-09-28 15:31:03 [INFO] [TC_IP_0008 - Verify clicking a product name navigates to its detail page]: Performing login action.
2026-09-28 15:31:03 [INFO] [TC_IP_0008 - Verify clicking a product name navigates to its detail page]: Entering username: standard_user
2026-09-28 15:31:03 [INFO] [TC_IP_0008 - Verify clicking a product name navigates to its detail page]: Filling element "locator('#user-name')" with value: "standard_user"
2026-09-28 15:31:03 [INFO] [TC_IP_0008 - Verify clicking a product name navigates to its detail page]: Successfully filled element "locator('#user-name')" with value: "standard_user"
2026-09-28 15:31:03 [INFO] [TC_IP_0008 - Verify clicking a product name navigates to its detail page]: Entering password.
2026-09-28 15:31:03 [INFO] [TC_IP_0008 - Verify clicking a product name navigates to its detail page]: Filling element "locator('#password')" with value: "secret_sauce"
2026-09-28 15:31:03 [INFO] [TC_IP_0009 - Verify Reset App State empties the cart]: Successfully clicked on element: "locator('#react-burger-menu-btn')"
2026-09-28 15:31:03 [INFO] [TC_IP_0009 - Verify Reset App State empties the cart]: Waiting for element to be visible: "locator('#logout_sidebar_link')"
2026-09-28 15:31:03 [INFO] [TC_IP_0009 - Verify Reset App State empties the cart]: Element is now visible: "locator('#logout_sidebar_link')"
2026-09-28 15:31:03 [INFO] [TC_IP_0009 - Verify Reset App State empties the cart]: Clicking on element with selector: "locator('#reset_sidebar_link')"
2026-09-28 15:31:04 [INFO] [TC_IP_0008 - Verify clicking a product name navigates to its detail page]: Successfully filled element "locator('#password')" with value: "secret_sauce"
2026-09-28 15:31:04 [INFO] [TC_IP_0008 - Verify clicking a product name navigates to its detail page]: Clicking the Login button.
2026-09-28 15:31:04 [INFO] [TC_IP_0008 - Verify clicking a product name navigates to its detail page]: Clicking on element with selector: "locator('#login-button')"
2026-09-28 15:31:04 [INFO] [TC_IP_0008 - Verify clicking a product name navigates to its detail page]: Successfully clicked on element: "locator('#login-button')"
2026-09-28 15:31:04 [INFO] [TC_IP_0008 - Verify clicking a product name navigates to its detail page]: Login action completed.
2026-09-28 15:31:04 [INFO] [TC_IP_0008 - Verify clicking a product name navigates to its detail page]: End of BeforeEach
2026-09-28 15:31:04 [INFO] [TC_IP_0008 - Verify clicking a product name navigates to its detail page]: Accessing Playwright Page object directly.
2026-09-28 15:31:04 [INFO] [TC_IP_0008 - Verify clicking a product name navigates to its detail page]: Accessing Playwright Page object directly.
2026-09-28 15:31:04 [INFO] [TC_IP_0008 - Verify clicking a product name navigates to its detail page]: Accessing Playwright Page object directly.
2026-09-28 15:31:04 [INFO] [TC_IP_0008 - Verify clicking a product name navigates to its detail page]: Accessing Playwright Page object directly.
2026-09-28 15:31:04 [INFO] [TC_IP_0008 - Verify clicking a product name navigates to its detail page]: Accessing Playwright Page object directly.
2026-09-28 15:31:04 [INFO] [TC_IP_0008 - Verify clicking a product name navigates to its detail page]: Accessing Playwright Page object directly.
2026-09-28 15:31:04 [INFO] [TC_IP_0008 - Verify clicking a product name navigates to its detail page]: Accessing Playwright Page object directly.
2026-09-28 15:31:04 [INFO] [TC_IP_0008 - Verify clicking a product name navigates to its detail page]: Accessing Playwright Page object directly.
2026-09-28 15:31:04 [INFO] [TC_IP_0008 - Verify clicking a product name navigates to its detail page]: Accessing Playwright Page object directly.
2026-09-28 15:31:04 [INFO] [TC_IP_0008 - Verify clicking a product name navigates to its detail page]: Accessing Playwright Page object directly.
2026-09-28 15:31:04 [INFO] [TC_IP_0008 - Verify clicking a product name navigates to its detail page]: Accessing Playwright Page object directly.
2026-09-28 15:31:04 [INFO] [TC_IP_0008 - Verify clicking a product name navigates to its detail page]: Accessing Playwright Page object directly.
2026-09-28 15:31:04 [INFO] [TC_IP_0008 - Verify clicking a product name navigates to its detail page]: Accessing Playwright Page object directly.
2026-09-28 15:31:04 [INFO] [TC_IP_0008 - Verify clicking a product name navigates to its detail page]: Accessing Playwright Page object directly.
2026-09-28 15:31:04 [INFO] [TC_IP_0008 - Verify clicking a product name navigates to its detail page]: Accessing Playwright Page object directly.
2026-09-28 15:31:04 [INFO] [TC_IP_0008 - Verify clicking a product name navigates to its detail page]: Accessing Playwright Page object directly.
2026-09-28 15:31:04 [INFO] [TC_IP_0008 - Verify clicking a product name navigates to its detail page]: Accessing Playwright Page object directly.
2026-09-28 15:31:04 [INFO] [TC_IP_0008 - Verify clicking a product name navigates to its detail page]: Opening product details for: "Sauce Labs Backpack"
2026-09-28 15:31:04 [INFO] [TC_IP_0008 - Verify clicking a product name navigates to its detail page]: Accessing Playwright Page object directly.
2026-09-28 15:31:04 [INFO] [TC_IP_0008 - Verify clicking a product name navigates to its detail page]: Clicking on element with selector: "locator('.inventory_item').filter({ has: locator('.inventory_item_name').filter({ hasText: 'Sauce Labs Backpack' }) }).locator('.inventory_item_name')"
2026-09-28 15:31:04 [INFO] [TC_IP_0007 - Verify removing a product from the cart clears the cart badge]: Successfully clicked on element: "locator('#login-button')"
2026-09-28 15:31:04 [INFO] [TC_IP_0007 - Verify removing a product from the cart clears the cart badge]: Login action completed.
2026-09-28 15:31:04 [INFO] [TC_IP_0007 - Verify removing a product from the cart clears the cart badge]: End of BeforeEach
2026-09-28 15:31:04 [INFO] [TC_IP_0007 - Verify removing a product from the cart clears the cart badge]: Accessing Playwright Page object directly.
2026-09-28 15:31:04 [INFO] [TC_IP_0007 - Verify removing a product from the cart clears the cart badge]: Accessing Playwright Page object directly.
2026-09-28 15:31:04 [INFO] [TC_IP_0007 - Verify removing a product from the cart clears the cart badge]: Accessing Playwright Page object directly.
2026-09-28 15:31:04 [INFO] [TC_IP_0007 - Verify removing a product from the cart clears the cart badge]: Accessing Playwright Page object directly.
2026-09-28 15:31:04 [INFO] [TC_IP_0007 - Verify removing a product from the cart clears the cart badge]: Accessing Playwright Page object directly.
2026-09-28 15:31:04 [INFO] [TC_IP_0007 - Verify removing a product from the cart clears the cart badge]: Accessing Playwright Page object directly.
2026-09-28 15:31:04 [INFO] [TC_IP_0007 - Verify removing a product from the cart clears the cart badge]: Accessing Playwright Page object directly.
2026-09-28 15:31:04 [INFO] [TC_IP_0007 - Verify removing a product from the cart clears the cart badge]: Accessing Playwright Page object directly.
2026-09-28 15:31:04 [INFO] [TC_IP_0007 - Verify removing a product from the cart clears the cart badge]: Accessing Playwright Page object directly.
2026-09-28 15:31:04 [INFO] [TC_IP_0007 - Verify removing a product from the cart clears the cart badge]: Accessing Playwright Page object directly.
2026-09-28 15:31:04 [INFO] [TC_IP_0007 - Verify removing a product from the cart clears the cart badge]: Accessing Playwright Page object directly.
2026-09-28 15:31:04 [INFO] [TC_IP_0007 - Verify removing a product from the cart clears the cart badge]: Accessing Playwright Page object directly.
2026-09-28 15:31:04 [INFO] [TC_IP_0007 - Verify removing a product from the cart clears the cart badge]: Adding product to cart: "Sauce Labs Backpack"
2026-09-28 15:31:04 [INFO] [TC_IP_0007 - Verify removing a product from the cart clears the cart badge]: Accessing Playwright Page object directly.
2026-09-28 15:31:04 [INFO] [TC_IP_0007 - Verify removing a product from the cart clears the cart badge]: Clicking on element with selector: "locator('.inventory_item').filter({ has: locator('.inventory_item_name').filter({ hasText: 'Sauce Labs Backpack' }) }).locator('button.btn_inventory')"
2026-09-28 15:31:04 [INFO] [TC_IP_0007 - Verify removing a product from the cart clears the cart badge]: Successfully clicked on element: "locator('.inventory_item').filter({ has: locator('.inventory_item_name').filter({ hasText: 'Sauce Labs Backpack' }) }).locator('button.btn_inventory')"
2026-09-28 15:31:04 [INFO] [TC_IP_0007 - Verify removing a product from the cart clears the cart badge]: Asserting cart badge count to be: 1
2026-09-28 15:31:04 [INFO] [TC_IP_0007 - Verify removing a product from the cart clears the cart badge]: Asserting 1 elements to have text: "1"
2026-09-28 15:31:04 [INFO] [TC_IP_0007 - Verify removing a product from the cart clears the cart badge]: Asserting element "locator('.shopping_cart_badge')" to have text: "1"
2026-09-28 15:31:04 [INFO] [TC_IP_0007 - Verify removing a product from the cart clears the cart badge]: Waiting for element to be visible: "locator('.shopping_cart_badge')"
2026-09-28 15:31:04 [INFO] [TC_IP_0007 - Verify removing a product from the cart clears the cart badge]: Element is now visible: "locator('.shopping_cart_badge')"
2026-09-28 15:31:04 [INFO] [TC_IP_0007 - Verify removing a product from the cart clears the cart badge]: Assertion passed: Element "locator('.shopping_cart_badge')" has text "1".
2026-09-28 15:31:04 [INFO] [TC_IP_0007 - Verify removing a product from the cart clears the cart badge]: Assertion passed: All 1 elements have text "1".
2026-09-28 15:31:04 [INFO] [TC_IP_0007 - Verify removing a product from the cart clears the cart badge]: Removing product from cart: "Sauce Labs Backpack"
2026-09-28 15:31:04 [INFO] [TC_IP_0007 - Verify removing a product from the cart clears the cart badge]: Accessing Playwright Page object directly.
2026-09-28 15:31:04 [INFO] [TC_IP_0007 - Verify removing a product from the cart clears the cart badge]: Clicking on element with selector: "locator('.inventory_item').filter({ has: locator('.inventory_item_name').filter({ hasText: 'Sauce Labs Backpack' }) }).locator('button.btn_inventory')"
2026-09-28 15:31:04 [INFO] [TC_IP_0007 - Verify removing a product from the cart clears the cart badge]: Successfully clicked on element: "locator('.inventory_item').filter({ has: locator('.inventory_item_name').filter({ hasText: 'Sauce Labs Backpack' }) }).locator('button.btn_inventory')"
2026-09-28 15:31:04 [INFO] [TC_IP_0007 - Verify removing a product from the cart clears the cart badge]: Asserting cart badge is hidden (cart is empty).
2026-09-28 15:31:04 [INFO] [TC_IP_0007 - Verify removing a product from the cart clears the cart badge]: Asserting 1 elements to be hidden.
2026-09-28 15:31:04 [INFO] [TC_IP_0007 - Verify removing a product from the cart clears the cart badge]: Asserting element "locator('.shopping_cart_badge')" to be hidden.
2026-09-28 15:31:04 [INFO] [TC_IP_0008 - Verify clicking a product name navigates to its detail page]: Successfully clicked on element: "locator('.inventory_item').filter({ has: locator('.inventory_item_name').filter({ hasText: 'Sauce Labs Backpack' }) }).locator('.inventory_item_name')"
2026-09-28 15:31:04 [INFO] [TC_IP_0007 - Verify removing a product from the cart clears the cart badge]: Assertion passed: Element "locator('.shopping_cart_badge')" is hidden.
2026-09-28 15:31:04 [INFO] [TC_IP_0007 - Verify removing a product from the cart clears the cart badge]: Assertion passed: All 1 elements are hidden.
2026-09-28 15:31:04 [INFO] [TC_IP_0008 - Verify clicking a product name navigates to its detail page]: Asserting product detail page shows "Sauce Labs Backpack" at "$29.99".
2026-09-28 15:31:04 [INFO] [TC_IP_0008 - Verify clicking a product name navigates to its detail page]: Asserting 1 elements to have text: "Sauce Labs Backpack"
2026-09-28 15:31:04 [INFO] [TC_IP_0008 - Verify clicking a product name navigates to its detail page]: Asserting element "locator('[data-test="inventory-item-name"]')" to have text: "Sauce Labs Backpack"
2026-09-28 15:31:04 [INFO] [TC_IP_0008 - Verify clicking a product name navigates to its detail page]: Waiting for element to be visible: "locator('[data-test="inventory-item-name"]')"
2026-09-28 15:31:04 [INFO] [TC_IP_0008 - Verify clicking a product name navigates to its detail page]: Element is now visible: "locator('[data-test="inventory-item-name"]')"
2026-09-28 15:31:04 [INFO] [TC_IP_0008 - Verify clicking a product name navigates to its detail page]: Assertion passed: Element "locator('[data-test="inventory-item-name"]')" has text "Sauce Labs Backpack".
2026-09-28 15:31:04 [INFO] [TC_IP_0008 - Verify clicking a product name navigates to its detail page]: Assertion passed: All 1 elements have text "Sauce Labs Backpack".
2026-09-28 15:31:04 [INFO] [TC_IP_0008 - Verify clicking a product name navigates to its detail page]: Asserting 1 elements to have text: "$29.99"
2026-09-28 15:31:04 [INFO] [TC_IP_0008 - Verify clicking a product name navigates to its detail page]: Asserting element "locator('[data-test="inventory-item-price"]')" to have text: "$29.99"
2026-09-28 15:31:04 [INFO] [TC_IP_0008 - Verify clicking a product name navigates to its detail page]: Waiting for element to be visible: "locator('[data-test="inventory-item-price"]')"
2026-09-28 15:31:04 [INFO] [TC_IP_0008 - Verify clicking a product name navigates to its detail page]: Element is now visible: "locator('[data-test="inventory-item-price"]')"
2026-09-28 15:31:04 [INFO] [TC_IP_0008 - Verify clicking a product name navigates to its detail page]: Assertion passed: Element "locator('[data-test="inventory-item-price"]')" has text "$29.99".
2026-09-28 15:31:04 [INFO] [TC_IP_0008 - Verify clicking a product name navigates to its detail page]: Assertion passed: All 1 elements have text "$29.99".
2026-09-28 15:31:04 [INFO] [TC_IP_0008 - Verify clicking a product name navigates to its detail page]: Asserting element "locator('[data-test="inventory-item-desc"]')" to be visible.
2026-09-28 15:31:04 [INFO] [TC_IP_0008 - Verify clicking a product name navigates to its detail page]: Assertion passed: Element "locator('[data-test="inventory-item-desc"]')" is visible.
2026-09-28 15:31:04 [INFO] [TC_IP_0010 - Verify Logout returns to the login page]: Accessing Playwright Page object directly.
2026-09-28 15:31:04 [INFO] [TC_IP_0010 - Verify Logout returns to the login page]: Accessing Playwright Page object directly.
2026-09-28 15:31:04 [INFO] [TC_IP_0010 - Verify Logout returns to the login page]: Accessing Playwright Page object directly.
2026-09-28 15:31:04 [INFO] [TC_IP_0010 - Verify Logout returns to the login page]: Accessing Playwright Page object directly.
2026-09-28 15:31:04 [INFO] [TC_IP_0010 - Verify Logout returns to the login page]: Start of BeforeEach
2026-09-28 15:31:04 [INFO] [TC_IP_0010 - Verify Logout returns to the login page]: Navigating to the Sauce Demo login page...
2026-09-28 15:31:04 [INFO] [TC_IP_0010 - Verify Logout returns to the login page]: Navigating to URL: https://www.saucedemo.com/
2026-09-28 15:31:04 [INFO] [TC_IP_0010 - Verify Logout returns to the login page]: Accessing Playwright Page object directly.
2026-09-28 15:31:04 [INFO] [TC_IP_0010 - Verify Logout returns to the login page]: Accessing Playwright Page object directly.
2026-09-28 15:31:04 [INFO] [TC_IP_0010 - Verify Logout returns to the login page]: Successfully navigated to: https://www.saucedemo.com/
2026-09-28 15:31:04 [INFO] [TC_IP_0010 - Verify Logout returns to the login page]: Accessing Playwright Page object directly.
2026-09-28 15:31:04 [INFO] [TC_IP_0010 - Verify Logout returns to the login page]: Page loaded and stable after navigation.
2026-09-28 15:31:04 [INFO] [TC_IP_0010 - Verify Logout returns to the login page]: Waiting for element to be visible: "locator('#user-name')"
2026-09-28 15:31:04 [INFO] [TC_IP_0009 - Verify Reset App State empties the cart]: Successfully clicked on element: "locator('#reset_sidebar_link')"
2026-09-28 15:31:04 [INFO] [TC_IP_0009 - Verify Reset App State empties the cart]: Clicking on element with selector: "locator('#react-burger-cross-btn')"
2026-09-28 15:31:05 [INFO] [TC_IP_0009 - Verify Reset App State empties the cart]: Successfully clicked on element: "locator('#react-burger-cross-btn')"
2026-09-28 15:31:05 [INFO] [TC_IP_0009 - Verify Reset App State empties the cart]: Asserting cart badge is hidden (cart is empty).
2026-09-28 15:31:05 [INFO] [TC_IP_0009 - Verify Reset App State empties the cart]: Asserting 1 elements to be hidden.
2026-09-28 15:31:05 [INFO] [TC_IP_0009 - Verify Reset App State empties the cart]: Asserting element "locator('.shopping_cart_badge')" to be hidden.
2026-09-28 15:31:05 [INFO] [TC_IP_0009 - Verify Reset App State empties the cart]: Assertion passed: Element "locator('.shopping_cart_badge')" is hidden.
2026-09-28 15:31:05 [INFO] [TC_IP_0009 - Verify Reset App State empties the cart]: Assertion passed: All 1 elements are hidden.
2026-09-28 15:31:05 [INFO] [TC_IP_0010 - Verify Logout returns to the login page]: Element is now visible: "locator('#user-name')"
2026-09-28 15:31:05 [INFO] [TC_IP_0010 - Verify Logout returns to the login page]: Landed on the Sauce Demo login page.
2026-09-28 15:31:05 [INFO] [TC_IP_0010 - Verify Logout returns to the login page]: Performing login action.
2026-09-28 15:31:05 [INFO] [TC_IP_0010 - Verify Logout returns to the login page]: Entering username: standard_user
2026-09-28 15:31:05 [INFO] [TC_IP_0010 - Verify Logout returns to the login page]: Filling element "locator('#user-name')" with value: "standard_user"
2026-09-28 15:31:05 [INFO] [TC_IP_0010 - Verify Logout returns to the login page]: Successfully filled element "locator('#user-name')" with value: "standard_user"
2026-09-28 15:31:05 [INFO] [TC_IP_0010 - Verify Logout returns to the login page]: Entering password.
2026-09-28 15:31:05 [INFO] [TC_IP_0010 - Verify Logout returns to the login page]: Filling element "locator('#password')" with value: "secret_sauce"
2026-09-28 15:31:05 [INFO] [TC_IP_0010 - Verify Logout returns to the login page]: Successfully filled element "locator('#password')" with value: "secret_sauce"
2026-09-28 15:31:05 [INFO] [TC_IP_0010 - Verify Logout returns to the login page]: Clicking the Login button.
2026-09-28 15:31:05 [INFO] [TC_IP_0010 - Verify Logout returns to the login page]: Clicking on element with selector: "locator('#login-button')"
2026-09-28 15:31:05 [INFO] [TC_IP_0010 - Verify Logout returns to the login page]: Successfully clicked on element: "locator('#login-button')"
2026-09-28 15:31:05 [INFO] [TC_IP_0010 - Verify Logout returns to the login page]: Login action completed.
2026-09-28 15:31:05 [INFO] [TC_IP_0010 - Verify Logout returns to the login page]: End of BeforeEach
2026-09-28 15:31:05 [INFO] [TC_IP_0010 - Verify Logout returns to the login page]: Accessing Playwright Page object directly.
2026-09-28 15:31:05 [INFO] [TC_IP_0010 - Verify Logout returns to the login page]: Accessing Playwright Page object directly.
2026-09-28 15:31:05 [INFO] [TC_IP_0010 - Verify Logout returns to the login page]: Accessing Playwright Page object directly.
2026-09-28 15:31:05 [INFO] [TC_IP_0010 - Verify Logout returns to the login page]: Accessing Playwright Page object directly.
2026-09-28 15:31:05 [INFO] [TC_IP_0010 - Verify Logout returns to the login page]: Accessing Playwright Page object directly.
2026-09-28 15:31:05 [INFO] [TC_IP_0010 - Verify Logout returns to the login page]: Accessing Playwright Page object directly.
2026-09-28 15:31:05 [INFO] [TC_IP_0010 - Verify Logout returns to the login page]: Accessing Playwright Page object directly.
2026-09-28 15:31:05 [INFO] [TC_IP_0010 - Verify Logout returns to the login page]: Accessing Playwright Page object directly.
2026-09-28 15:31:05 [INFO] [TC_IP_0010 - Verify Logout returns to the login page]: Accessing Playwright Page object directly.
2026-09-28 15:31:05 [INFO] [TC_IP_0010 - Verify Logout returns to the login page]: Accessing Playwright Page object directly.
2026-09-28 15:31:05 [INFO] [TC_IP_0010 - Verify Logout returns to the login page]: Accessing Playwright Page object directly.
2026-09-28 15:31:05 [INFO] [TC_IP_0010 - Verify Logout returns to the login page]: Accessing Playwright Page object directly.
2026-09-28 15:31:05 [INFO] [TC_IP_0010 - Verify Logout returns to the login page]: Logging out.
2026-09-28 15:31:05 [INFO] [TC_IP_0010 - Verify Logout returns to the login page]: Opening the burger menu.
2026-09-28 15:31:05 [INFO] [TC_IP_0010 - Verify Logout returns to the login page]: Clicking on element with selector: "locator('#react-burger-menu-btn')"
2026-09-28 15:31:05 [INFO] [TC_LP_0001 - Verify successful login with the standard user]: Accessing Playwright Page object directly.
2026-09-28 15:31:05 [INFO] [TC_LP_0001 - Verify successful login with the standard user]: Accessing Playwright Page object directly.
2026-09-28 15:31:05 [INFO] [TC_LP_0001 - Verify successful login with the standard user]: Accessing Playwright Page object directly.
2026-09-28 15:31:05 [INFO] [TC_LP_0001 - Verify successful login with the standard user]: Accessing Playwright Page object directly.
2026-09-28 15:31:05 [INFO] [TC_LP_0001 - Verify successful login with the standard user]: Start of BeforeEach
2026-09-28 15:31:05 [INFO] [TC_LP_0001 - Verify successful login with the standard user]: Navigating to the Sauce Demo login page...
2026-09-28 15:31:05 [INFO] [TC_LP_0001 - Verify successful login with the standard user]: Navigating to URL: https://www.saucedemo.com/
2026-09-28 15:31:05 [INFO] [TC_LP_0001 - Verify successful login with the standard user]: Accessing Playwright Page object directly.
2026-09-28 15:31:05 [INFO] [TC_LP_0002 - Verify the problem user can still reach the Products page]: Accessing Playwright Page object directly.
2026-09-28 15:31:05 [INFO] [TC_LP_0002 - Verify the problem user can still reach the Products page]: Accessing Playwright Page object directly.
2026-09-28 15:31:05 [INFO] [TC_LP_0002 - Verify the problem user can still reach the Products page]: Accessing Playwright Page object directly.
2026-09-28 15:31:05 [INFO] [TC_LP_0002 - Verify the problem user can still reach the Products page]: Accessing Playwright Page object directly.
2026-09-28 15:31:05 [INFO] [TC_LP_0002 - Verify the problem user can still reach the Products page]: Start of BeforeEach
2026-09-28 15:31:05 [INFO] [TC_LP_0002 - Verify the problem user can still reach the Products page]: Navigating to the Sauce Demo login page...
2026-09-28 15:31:05 [INFO] [TC_LP_0002 - Verify the problem user can still reach the Products page]: Navigating to URL: https://www.saucedemo.com/
2026-09-28 15:31:05 [INFO] [TC_LP_0002 - Verify the problem user can still reach the Products page]: Accessing Playwright Page object directly.
2026-09-28 15:31:05 [INFO] [TC_IP_0010 - Verify Logout returns to the login page]: Successfully clicked on element: "locator('#react-burger-menu-btn')"
2026-09-28 15:31:05 [INFO] [TC_IP_0010 - Verify Logout returns to the login page]: Waiting for element to be visible: "locator('#logout_sidebar_link')"
2026-09-28 15:31:05 [INFO] [TC_IP_0010 - Verify Logout returns to the login page]: Element is now visible: "locator('#logout_sidebar_link')"
2026-09-28 15:31:05 [INFO] [TC_IP_0010 - Verify Logout returns to the login page]: Clicking on element with selector: "locator('#logout_sidebar_link')"
2026-09-28 15:31:05 [INFO] [TC_LP_0001 - Verify successful login with the standard user]: Accessing Playwright Page object directly.
2026-09-28 15:31:05 [INFO] [TC_LP_0001 - Verify successful login with the standard user]: Successfully navigated to: https://www.saucedemo.com/
2026-09-28 15:31:05 [INFO] [TC_LP_0001 - Verify successful login with the standard user]: Accessing Playwright Page object directly.
2026-09-28 15:31:05 [INFO] [TC_LP_0001 - Verify successful login with the standard user]: Page loaded and stable after navigation.
2026-09-28 15:31:05 [INFO] [TC_LP_0001 - Verify successful login with the standard user]: Waiting for element to be visible: "locator('#user-name')"
2026-09-28 15:31:05 [INFO] [TC_LP_0001 - Verify successful login with the standard user]: Element is now visible: "locator('#user-name')"
2026-09-28 15:31:05 [INFO] [TC_LP_0001 - Verify successful login with the standard user]: Landed on the Sauce Demo login page.
2026-09-28 15:31:05 [INFO] [TC_LP_0001 - Verify successful login with the standard user]: End of BeforeEach
2026-09-28 15:31:05 [INFO] [TC_LP_0001 - Verify successful login with the standard user]: Accessing Playwright Page object directly.
2026-09-28 15:31:05 [INFO] [TC_LP_0001 - Verify successful login with the standard user]: Accessing Playwright Page object directly.
2026-09-28 15:31:05 [INFO] [TC_LP_0001 - Verify successful login with the standard user]: Accessing Playwright Page object directly.
2026-09-28 15:31:05 [INFO] [TC_LP_0001 - Verify successful login with the standard user]: Accessing Playwright Page object directly.
2026-09-28 15:31:05 [INFO] [TC_LP_0001 - Verify successful login with the standard user]: Accessing Playwright Page object directly.
2026-09-28 15:31:05 [INFO] [TC_LP_0001 - Verify successful login with the standard user]: Accessing Playwright Page object directly.
2026-09-28 15:31:05 [INFO] [TC_LP_0001 - Verify successful login with the standard user]: Accessing Playwright Page object directly.
2026-09-28 15:31:05 [INFO] [TC_LP_0001 - Verify successful login with the standard user]: Accessing Playwright Page object directly.
2026-09-28 15:31:05 [INFO] [TC_LP_0001 - Verify successful login with the standard user]: Accessing Playwright Page object directly.
2026-09-28 15:31:05 [INFO] [TC_LP_0001 - Verify successful login with the standard user]: Accessing Playwright Page object directly.
2026-09-28 15:31:05 [INFO] [TC_LP_0001 - Verify successful login with the standard user]: Accessing Playwright Page object directly.
2026-09-28 15:31:05 [INFO] [TC_LP_0001 - Verify successful login with the standard user]: Accessing Playwright Page object directly.
2026-09-28 15:31:05 [INFO] [TC_LP_0001 - Verify successful login with the standard user]: Performing login action.
2026-09-28 15:31:05 [INFO] [TC_LP_0001 - Verify successful login with the standard user]: Entering username: standard_user
2026-09-28 15:31:05 [INFO] [TC_LP_0001 - Verify successful login with the standard user]: Filling element "locator('#user-name')" with value: "standard_user"
2026-09-28 15:31:05 [INFO] [TC_LP_0001 - Verify successful login with the standard user]: Successfully filled element "locator('#user-name')" with value: "standard_user"
2026-09-28 15:31:05 [INFO] [TC_LP_0001 - Verify successful login with the standard user]: Entering password.
2026-09-28 15:31:05 [INFO] [TC_LP_0001 - Verify successful login with the standard user]: Filling element "locator('#password')" with value: "secret_sauce"
2026-09-28 15:31:05 [INFO] [TC_LP_0001 - Verify successful login with the standard user]: Successfully filled element "locator('#password')" with value: "secret_sauce"
2026-09-28 15:31:05 [INFO] [TC_LP_0001 - Verify successful login with the standard user]: Clicking the Login button.
2026-09-28 15:31:05 [INFO] [TC_LP_0001 - Verify successful login with the standard user]: Clicking on element with selector: "locator('#login-button')"
2026-09-28 15:31:06 [INFO] [TC_LP_0003 - Verify the locked out user cannot log in]: Accessing Playwright Page object directly.
2026-09-28 15:31:06 [INFO] [TC_LP_0003 - Verify the locked out user cannot log in]: Accessing Playwright Page object directly.
2026-09-28 15:31:06 [INFO] [TC_LP_0003 - Verify the locked out user cannot log in]: Accessing Playwright Page object directly.
2026-09-28 15:31:06 [INFO] [TC_LP_0003 - Verify the locked out user cannot log in]: Accessing Playwright Page object directly.
2026-09-28 15:31:06 [INFO] [TC_LP_0003 - Verify the locked out user cannot log in]: Start of BeforeEach
2026-09-28 15:31:06 [INFO] [TC_LP_0003 - Verify the locked out user cannot log in]: Navigating to the Sauce Demo login page...
2026-09-28 15:31:06 [INFO] [TC_LP_0003 - Verify the locked out user cannot log in]: Navigating to URL: https://www.saucedemo.com/
2026-09-28 15:31:06 [INFO] [TC_LP_0003 - Verify the locked out user cannot log in]: Accessing Playwright Page object directly.
2026-09-28 15:31:06 [INFO] [TC_LP_0001 - Verify successful login with the standard user]: Successfully clicked on element: "locator('#login-button')"
2026-09-28 15:31:06 [INFO] [TC_LP_0001 - Verify successful login with the standard user]: Login action completed.
2026-09-28 15:31:06 [INFO] [TC_LP_0001 - Verify successful login with the standard user]: Asserting that landed in the Inventory (Products) Page.
2026-09-28 15:31:06 [INFO] [TC_LP_0001 - Verify successful login with the standard user]: Asserting element "locator('.app_logo')" to be visible.
2026-09-28 15:31:06 [INFO] [TC_LP_0001 - Verify successful login with the standard user]: Assertion passed: Element "locator('.app_logo')" is visible.
2026-09-28 15:31:06 [INFO] [TC_LP_0001 - Verify successful login with the standard user]: Asserting 1 elements to have text: "Products"
2026-09-28 15:31:06 [INFO] [TC_LP_0001 - Verify successful login with the standard user]: Asserting element "locator('.title')" to have text: "Products"
2026-09-28 15:31:06 [INFO] [TC_LP_0001 - Verify successful login with the standard user]: Waiting for element to be visible: "locator('.title')"
2026-09-28 15:31:06 [INFO] [TC_LP_0001 - Verify successful login with the standard user]: Element is now visible: "locator('.title')"
2026-09-28 15:31:06 [INFO] [TC_LP_0001 - Verify successful login with the standard user]: Assertion passed: Element "locator('.title')" has text "Products".
2026-09-28 15:31:06 [INFO] [TC_LP_0001 - Verify successful login with the standard user]: Assertion passed: All 1 elements have text "Products".
2026-09-28 15:31:06 [INFO] [TC_LP_0001 - Verify successful login with the standard user]: Assertion passed: Landed in Inventory Page.
2026-09-28 15:31:06 [INFO] [TC_LP_0003 - Verify the locked out user cannot log in]: Accessing Playwright Page object directly.
2026-09-28 15:31:06 [INFO] [TC_LP_0003 - Verify the locked out user cannot log in]: Successfully navigated to: https://www.saucedemo.com/
2026-09-28 15:31:06 [INFO] [TC_LP_0003 - Verify the locked out user cannot log in]: Accessing Playwright Page object directly.
2026-09-28 15:31:06 [INFO] [TC_LP_0003 - Verify the locked out user cannot log in]: Page loaded and stable after navigation.
2026-09-28 15:31:06 [INFO] [TC_LP_0003 - Verify the locked out user cannot log in]: Waiting for element to be visible: "locator('#user-name')"
2026-09-28 15:31:06 [INFO] [TC_LP_0003 - Verify the locked out user cannot log in]: Element is now visible: "locator('#user-name')"
2026-09-28 15:31:06 [INFO] [TC_LP_0003 - Verify the locked out user cannot log in]: Landed on the Sauce Demo login page.
2026-09-28 15:31:06 [INFO] [TC_LP_0003 - Verify the locked out user cannot log in]: End of BeforeEach
2026-09-28 15:31:06 [INFO] [TC_LP_0003 - Verify the locked out user cannot log in]: Performing login action.
2026-09-28 15:31:06 [INFO] [TC_LP_0003 - Verify the locked out user cannot log in]: Entering username: locked_out_user
2026-09-28 15:31:06 [INFO] [TC_LP_0003 - Verify the locked out user cannot log in]: Filling element "locator('#user-name')" with value: "locked_out_user"
2026-09-28 15:31:06 [INFO] [TC_LP_0003 - Verify the locked out user cannot log in]: Successfully filled element "locator('#user-name')" with value: "locked_out_user"
2026-09-28 15:31:06 [INFO] [TC_LP_0003 - Verify the locked out user cannot log in]: Entering password.
2026-09-28 15:31:06 [INFO] [TC_LP_0003 - Verify the locked out user cannot log in]: Filling element "locator('#password')" with value: "secret_sauce"
2026-09-28 15:31:06 [INFO] [TC_LP_0003 - Verify the locked out user cannot log in]: Successfully filled element "locator('#password')" with value: "secret_sauce"
2026-09-28 15:31:06 [INFO] [TC_LP_0003 - Verify the locked out user cannot log in]: Clicking the Login button.
2026-09-28 15:31:06 [INFO] [TC_LP_0003 - Verify the locked out user cannot log in]: Clicking on element with selector: "locator('#login-button')"
2026-09-28 15:31:06 [INFO] [TC_LP_0003 - Verify the locked out user cannot log in]: Successfully clicked on element: "locator('#login-button')"
2026-09-28 15:31:06 [INFO] [TC_LP_0003 - Verify the locked out user cannot log in]: Login action completed.
2026-09-28 15:31:06 [INFO] [TC_LP_0003 - Verify the locked out user cannot log in]: Asserting login error message contains text: "Epic sadface: Sorry, this user has been locked out."
2026-09-28 15:31:06 [INFO] [TC_LP_0003 - Verify the locked out user cannot log in]: Asserting 1 elements to contain text: "Epic sadface: Sorry, this user has been locked out."
2026-09-28 15:31:06 [INFO] [TC_LP_0003 - Verify the locked out user cannot log in]: Asserting element "locator('[data-test="error"]')" to contain text: "Epic sadface: Sorry, this user has been locked out."
2026-09-28 15:31:06 [INFO] [TC_LP_0003 - Verify the locked out user cannot log in]: Waiting for element to be visible: "locator('[data-test="error"]')"
2026-09-28 15:31:06 [INFO] [TC_LP_0003 - Verify the locked out user cannot log in]: Element is now visible: "locator('[data-test="error"]')"
2026-09-28 15:31:06 [INFO] [TC_LP_0003 - Verify the locked out user cannot log in]: Assertion passed: Element "locator('[data-test="error"]')" contains text "Epic sadface: Sorry, this user has been locked out.".
2026-09-28 15:31:06 [INFO] [TC_LP_0003 - Verify the locked out user cannot log in]: Assertion passed: All 1 elements contain text "Epic sadface: Sorry, this user has been locked out.".
2026-09-28 15:31:06 [INFO] [TC_LP_0003 - Verify the locked out user cannot log in]: Assertion passed: Error message contains expected text.
2026-09-28 15:31:06 [INFO] [TC_IP_0010 - Verify Logout returns to the login page]: Successfully clicked on element: "locator('#logout_sidebar_link')"
2026-09-28 15:31:06 [INFO] [TC_IP_0010 - Verify Logout returns to the login page]: Asserting that the Login Page is visible.
2026-09-28 15:31:06 [INFO] [TC_IP_0010 - Verify Logout returns to the login page]: Asserting element "locator('#user-name')" to be visible.
2026-09-28 15:31:06 [INFO] [TC_IP_0010 - Verify Logout returns to the login page]: Assertion passed: Element "locator('#user-name')" is visible.
2026-09-28 15:31:06 [INFO] [TC_IP_0010 - Verify Logout returns to the login page]: Asserting element "locator('#password')" to be visible.
2026-09-28 15:31:06 [INFO] [TC_IP_0010 - Verify Logout returns to the login page]: Assertion passed: Element "locator('#password')" is visible.
2026-09-28 15:31:06 [INFO] [TC_IP_0010 - Verify Logout returns to the login page]: Assertion passed: Login Page is visible.
2026-09-28 15:31:06 [INFO] [TC_LP_0004 - Verify login fails with an invalid password]: Accessing Playwright Page object directly.
2026-09-28 15:31:06 [INFO] [TC_LP_0004 - Verify login fails with an invalid password]: Accessing Playwright Page object directly.
2026-09-28 15:31:06 [INFO] [TC_LP_0004 - Verify login fails with an invalid password]: Accessing Playwright Page object directly.
2026-09-28 15:31:06 [INFO] [TC_LP_0004 - Verify login fails with an invalid password]: Accessing Playwright Page object directly.
2026-09-28 15:31:06 [INFO] [TC_LP_0004 - Verify login fails with an invalid password]: Start of BeforeEach
2026-09-28 15:31:06 [INFO] [TC_LP_0004 - Verify login fails with an invalid password]: Navigating to the Sauce Demo login page...
2026-09-28 15:31:06 [INFO] [TC_LP_0004 - Verify login fails with an invalid password]: Navigating to URL: https://www.saucedemo.com/
2026-09-28 15:31:06 [INFO] [TC_LP_0004 - Verify login fails with an invalid password]: Accessing Playwright Page object directly.
2026-09-28 15:31:07 [INFO] [TC_LP_0004 - Verify login fails with an invalid password]: Accessing Playwright Page object directly.
2026-09-28 15:31:07 [INFO] [TC_LP_0004 - Verify login fails with an invalid password]: Successfully navigated to: https://www.saucedemo.com/
2026-09-28 15:31:07 [INFO] [TC_LP_0004 - Verify login fails with an invalid password]: Accessing Playwright Page object directly.
2026-09-28 15:31:07 [INFO] [TC_LP_0004 - Verify login fails with an invalid password]: Page loaded and stable after navigation.
2026-09-28 15:31:07 [INFO] [TC_LP_0004 - Verify login fails with an invalid password]: Waiting for element to be visible: "locator('#user-name')"
2026-09-28 15:31:07 [INFO] [TC_LP_0004 - Verify login fails with an invalid password]: Element is now visible: "locator('#user-name')"
2026-09-28 15:31:07 [INFO] [TC_LP_0004 - Verify login fails with an invalid password]: Landed on the Sauce Demo login page.
2026-09-28 15:31:07 [INFO] [TC_LP_0004 - Verify login fails with an invalid password]: End of BeforeEach
2026-09-28 15:31:07 [INFO] [TC_LP_0004 - Verify login fails with an invalid password]: Performing login action.
2026-09-28 15:31:07 [INFO] [TC_LP_0004 - Verify login fails with an invalid password]: Entering username: standard_user
2026-09-28 15:31:07 [INFO] [TC_LP_0004 - Verify login fails with an invalid password]: Filling element "locator('#user-name')" with value: "standard_user"
2026-09-28 15:31:07 [INFO] [TC_LP_0004 - Verify login fails with an invalid password]: Successfully filled element "locator('#user-name')" with value: "standard_user"
2026-09-28 15:31:07 [INFO] [TC_LP_0004 - Verify login fails with an invalid password]: Entering password.
2026-09-28 15:31:07 [INFO] [TC_LP_0004 - Verify login fails with an invalid password]: Filling element "locator('#password')" with value: "wrong_password"
2026-09-28 15:31:07 [INFO] [TC_LP_0004 - Verify login fails with an invalid password]: Successfully filled element "locator('#password')" with value: "wrong_password"
2026-09-28 15:31:07 [INFO] [TC_LP_0004 - Verify login fails with an invalid password]: Clicking the Login button.
2026-09-28 15:31:07 [INFO] [TC_LP_0004 - Verify login fails with an invalid password]: Clicking on element with selector: "locator('#login-button')"
2026-09-28 15:31:07 [INFO] [TC_LP_0005 - Verify login fails when the username is missing]: Accessing Playwright Page object directly.
2026-09-28 15:31:07 [INFO] [TC_LP_0005 - Verify login fails when the username is missing]: Accessing Playwright Page object directly.
2026-09-28 15:31:07 [INFO] [TC_LP_0005 - Verify login fails when the username is missing]: Accessing Playwright Page object directly.
2026-09-28 15:31:07 [INFO] [TC_LP_0005 - Verify login fails when the username is missing]: Accessing Playwright Page object directly.
2026-09-28 15:31:07 [INFO] [TC_LP_0005 - Verify login fails when the username is missing]: Start of BeforeEach
2026-09-28 15:31:07 [INFO] [TC_LP_0005 - Verify login fails when the username is missing]: Navigating to the Sauce Demo login page...
2026-09-28 15:31:07 [INFO] [TC_LP_0005 - Verify login fails when the username is missing]: Navigating to URL: https://www.saucedemo.com/
2026-09-28 15:31:07 [INFO] [TC_LP_0005 - Verify login fails when the username is missing]: Accessing Playwright Page object directly.
2026-09-28 15:31:07 [INFO] [TC_LP_0004 - Verify login fails with an invalid password]: Successfully clicked on element: "locator('#login-button')"
2026-09-28 15:31:07 [INFO] [TC_LP_0004 - Verify login fails with an invalid password]: Login action completed.
2026-09-28 15:31:07 [INFO] [TC_LP_0004 - Verify login fails with an invalid password]: Asserting login error message contains text: "Epic sadface: Username and password do not match any user in this service"
2026-09-28 15:31:07 [INFO] [TC_LP_0004 - Verify login fails with an invalid password]: Asserting 1 elements to contain text: "Epic sadface: Username and password do not match any user in this service"
2026-09-28 15:31:07 [INFO] [TC_LP_0004 - Verify login fails with an invalid password]: Asserting element "locator('[data-test="error"]')" to contain text: "Epic sadface: Username and password do not match any user in this service"
2026-09-28 15:31:07 [INFO] [TC_LP_0004 - Verify login fails with an invalid password]: Waiting for element to be visible: "locator('[data-test="error"]')"
2026-09-28 15:31:07 [INFO] [TC_LP_0004 - Verify login fails with an invalid password]: Element is now visible: "locator('[data-test="error"]')"
2026-09-28 15:31:07 [INFO] [TC_LP_0004 - Verify login fails with an invalid password]: Assertion passed: Element "locator('[data-test="error"]')" contains text "Epic sadface: Username and password do not match any user in this service".
2026-09-28 15:31:07 [INFO] [TC_LP_0004 - Verify login fails with an invalid password]: Assertion passed: All 1 elements contain text "Epic sadface: Username and password do not match any user in this service".
2026-09-28 15:31:07 [INFO] [TC_LP_0004 - Verify login fails with an invalid password]: Assertion passed: Error message contains expected text.
2026-09-28 15:31:07 [INFO] [TC_LP_0006 - Verify login fails when the password is missing]: Accessing Playwright Page object directly.
2026-09-28 15:31:07 [INFO] [TC_LP_0006 - Verify login fails when the password is missing]: Accessing Playwright Page object directly.
2026-09-28 15:31:07 [INFO] [TC_LP_0006 - Verify login fails when the password is missing]: Accessing Playwright Page object directly.
2026-09-28 15:31:07 [INFO] [TC_LP_0006 - Verify login fails when the password is missing]: Accessing Playwright Page object directly.
2026-09-28 15:31:07 [INFO] [TC_LP_0006 - Verify login fails when the password is missing]: Start of BeforeEach
2026-09-28 15:31:07 [INFO] [TC_LP_0006 - Verify login fails when the password is missing]: Navigating to the Sauce Demo login page...
2026-09-28 15:31:07 [INFO] [TC_LP_0006 - Verify login fails when the password is missing]: Navigating to URL: https://www.saucedemo.com/
2026-09-28 15:31:07 [INFO] [TC_LP_0006 - Verify login fails when the password is missing]: Accessing Playwright Page object directly.
2026-09-28 15:31:07 [INFO] [TC_LP_0005 - Verify login fails when the username is missing]: Accessing Playwright Page object directly.
2026-09-28 15:31:07 [INFO] [TC_LP_0005 - Verify login fails when the username is missing]: Successfully navigated to: https://www.saucedemo.com/
2026-09-28 15:31:07 [INFO] [TC_LP_0005 - Verify login fails when the username is missing]: Accessing Playwright Page object directly.
2026-09-28 15:31:07 [INFO] [TC_LP_0005 - Verify login fails when the username is missing]: Page loaded and stable after navigation.
2026-09-28 15:31:07 [INFO] [TC_LP_0005 - Verify login fails when the username is missing]: Waiting for element to be visible: "locator('#user-name')"
2026-09-28 15:31:07 [INFO] [TC_LP_0005 - Verify login fails when the username is missing]: Element is now visible: "locator('#user-name')"
2026-09-28 15:31:07 [INFO] [TC_LP_0005 - Verify login fails when the username is missing]: Landed on the Sauce Demo login page.
2026-09-28 15:31:07 [INFO] [TC_LP_0005 - Verify login fails when the username is missing]: End of BeforeEach
2026-09-28 15:31:07 [INFO] [TC_LP_0005 - Verify login fails when the username is missing]: Performing login action.
2026-09-28 15:31:07 [INFO] [TC_LP_0005 - Verify login fails when the username is missing]: Entering username: 
2026-09-28 15:31:07 [INFO] [TC_LP_0005 - Verify login fails when the username is missing]: Filling element "locator('#user-name')" with value: ""
2026-09-28 15:31:07 [INFO] [TC_LP_0005 - Verify login fails when the username is missing]: Successfully filled element "locator('#user-name')" with value: ""
2026-09-28 15:31:07 [INFO] [TC_LP_0005 - Verify login fails when the username is missing]: Entering password.
2026-09-28 15:31:07 [INFO] [TC_LP_0005 - Verify login fails when the username is missing]: Filling element "locator('#password')" with value: "secret_sauce"
2026-09-28 15:31:07 [INFO] [TC_LP_0005 - Verify login fails when the username is missing]: Successfully filled element "locator('#password')" with value: "secret_sauce"
2026-09-28 15:31:07 [INFO] [TC_LP_0005 - Verify login fails when the username is missing]: Clicking the Login button.
2026-09-28 15:31:07 [INFO] [TC_LP_0005 - Verify login fails when the username is missing]: Clicking on element with selector: "locator('#login-button')"
2026-09-28 15:31:07 [INFO] [TC_LP_0005 - Verify login fails when the username is missing]: Successfully clicked on element: "locator('#login-button')"
2026-09-28 15:31:07 [INFO] [TC_LP_0005 - Verify login fails when the username is missing]: Login action completed.
2026-09-28 15:31:07 [INFO] [TC_LP_0005 - Verify login fails when the username is missing]: Asserting login error message contains text: "Epic sadface: Username is required"
2026-09-28 15:31:07 [INFO] [TC_LP_0005 - Verify login fails when the username is missing]: Asserting 1 elements to contain text: "Epic sadface: Username is required"
2026-09-28 15:31:07 [INFO] [TC_LP_0005 - Verify login fails when the username is missing]: Asserting element "locator('[data-test="error"]')" to contain text: "Epic sadface: Username is required"
2026-09-28 15:31:07 [INFO] [TC_LP_0005 - Verify login fails when the username is missing]: Waiting for element to be visible: "locator('[data-test="error"]')"
2026-09-28 15:31:07 [INFO] [TC_LP_0005 - Verify login fails when the username is missing]: Element is now visible: "locator('[data-test="error"]')"
2026-09-28 15:31:07 [INFO] [TC_LP_0005 - Verify login fails when the username is missing]: Assertion passed: Element "locator('[data-test="error"]')" contains text "Epic sadface: Username is required".
2026-09-28 15:31:07 [INFO] [TC_LP_0005 - Verify login fails when the username is missing]: Assertion passed: All 1 elements contain text "Epic sadface: Username is required".
2026-09-28 15:31:07 [INFO] [TC_LP_0005 - Verify login fails when the username is missing]: Assertion passed: Error message contains expected text.
2026-09-28 15:31:07 [INFO] [TC_PD_0001 - Verify product detail page shows the correct name and price]: Accessing Playwright Page object directly.
2026-09-28 15:31:07 [INFO] [TC_PD_0001 - Verify product detail page shows the correct name and price]: Accessing Playwright Page object directly.
2026-09-28 15:31:07 [INFO] [TC_PD_0001 - Verify product detail page shows the correct name and price]: Accessing Playwright Page object directly.
2026-09-28 15:31:07 [INFO] [TC_PD_0001 - Verify product detail page shows the correct name and price]: Accessing Playwright Page object directly.
2026-09-28 15:31:07 [INFO] [TC_PD_0001 - Verify product detail page shows the correct name and price]: Accessing Playwright Page object directly.
2026-09-28 15:31:07 [INFO] [TC_PD_0001 - Verify product detail page shows the correct name and price]: Accessing Playwright Page object directly.
2026-09-28 15:31:07 [INFO] [TC_PD_0001 - Verify product detail page shows the correct name and price]: Accessing Playwright Page object directly.
2026-09-28 15:31:07 [INFO] [TC_PD_0001 - Verify product detail page shows the correct name and price]: Accessing Playwright Page object directly.
2026-09-28 15:31:07 [INFO] [TC_PD_0001 - Verify product detail page shows the correct name and price]: Accessing Playwright Page object directly.
2026-09-28 15:31:07 [INFO] [TC_PD_0001 - Verify product detail page shows the correct name and price]: Accessing Playwright Page object directly.
2026-09-28 15:31:07 [INFO] [TC_PD_0001 - Verify product detail page shows the correct name and price]: Accessing Playwright Page object directly.
2026-09-28 15:31:07 [INFO] [TC_PD_0001 - Verify product detail page shows the correct name and price]: Accessing Playwright Page object directly.
2026-09-28 15:31:07 [INFO] [TC_PD_0001 - Verify product detail page shows the correct name and price]: Accessing Playwright Page object directly.
2026-09-28 15:31:07 [INFO] [TC_PD_0001 - Verify product detail page shows the correct name and price]: Accessing Playwright Page object directly.
2026-09-28 15:31:07 [INFO] [TC_PD_0001 - Verify product detail page shows the correct name and price]: Accessing Playwright Page object directly.
2026-09-28 15:31:07 [INFO] [TC_PD_0001 - Verify product detail page shows the correct name and price]: Accessing Playwright Page object directly.
2026-09-28 15:31:07 [INFO] [TC_PD_0001 - Verify product detail page shows the correct name and price]: Start of BeforeEach
2026-09-28 15:31:07 [INFO] [TC_PD_0001 - Verify product detail page shows the correct name and price]: Navigating to the Sauce Demo login page...
2026-09-28 15:31:07 [INFO] [TC_PD_0001 - Verify product detail page shows the correct name and price]: Navigating to URL: https://www.saucedemo.com/
2026-09-28 15:31:07 [INFO] [TC_PD_0001 - Verify product detail page shows the correct name and price]: Accessing Playwright Page object directly.
2026-09-28 15:31:08 [INFO] [TC_PD_0001 - Verify product detail page shows the correct name and price]: Accessing Playwright Page object directly.
2026-09-28 15:31:08 [INFO] [TC_PD_0001 - Verify product detail page shows the correct name and price]: Successfully navigated to: https://www.saucedemo.com/
2026-09-28 15:31:08 [INFO] [TC_PD_0001 - Verify product detail page shows the correct name and price]: Accessing Playwright Page object directly.
2026-09-28 15:31:08 [INFO] [TC_PD_0001 - Verify product detail page shows the correct name and price]: Page loaded and stable after navigation.
2026-09-28 15:31:08 [INFO] [TC_PD_0001 - Verify product detail page shows the correct name and price]: Waiting for element to be visible: "locator('#user-name')"
2026-09-28 15:31:08 [INFO] [TC_PD_0001 - Verify product detail page shows the correct name and price]: Element is now visible: "locator('#user-name')"
2026-09-28 15:31:08 [INFO] [TC_PD_0001 - Verify product detail page shows the correct name and price]: Landed on the Sauce Demo login page.
2026-09-28 15:31:08 [INFO] [TC_PD_0001 - Verify product detail page shows the correct name and price]: Performing login action.
2026-09-28 15:31:08 [INFO] [TC_PD_0001 - Verify product detail page shows the correct name and price]: Entering username: standard_user
2026-09-28 15:31:08 [INFO] [TC_PD_0001 - Verify product detail page shows the correct name and price]: Filling element "locator('#user-name')" with value: "standard_user"
2026-09-28 15:31:08 [INFO] [TC_PD_0001 - Verify product detail page shows the correct name and price]: Successfully filled element "locator('#user-name')" with value: "standard_user"
2026-09-28 15:31:08 [INFO] [TC_PD_0001 - Verify product detail page shows the correct name and price]: Entering password.
2026-09-28 15:31:08 [INFO] [TC_PD_0001 - Verify product detail page shows the correct name and price]: Filling element "locator('#password')" with value: "secret_sauce"
2026-09-28 15:31:08 [INFO] [TC_PD_0001 - Verify product detail page shows the correct name and price]: Successfully filled element "locator('#password')" with value: "secret_sauce"
2026-09-28 15:31:08 [INFO] [TC_PD_0001 - Verify product detail page shows the correct name and price]: Clicking the Login button.
2026-09-28 15:31:08 [INFO] [TC_PD_0001 - Verify product detail page shows the correct name and price]: Clicking on element with selector: "locator('#login-button')"
2026-09-28 15:31:08 [INFO] [TC_PD_0002 - Verify adding to cart from the detail page updates the button to Remove]: Accessing Playwright Page object directly.
2026-09-28 15:31:08 [INFO] [TC_PD_0002 - Verify adding to cart from the detail page updates the button to Remove]: Accessing Playwright Page object directly.
2026-09-28 15:31:08 [INFO] [TC_PD_0002 - Verify adding to cart from the detail page updates the button to Remove]: Accessing Playwright Page object directly.
2026-09-28 15:31:08 [INFO] [TC_PD_0002 - Verify adding to cart from the detail page updates the button to Remove]: Accessing Playwright Page object directly.
2026-09-28 15:31:08 [INFO] [TC_PD_0002 - Verify adding to cart from the detail page updates the button to Remove]: Accessing Playwright Page object directly.
2026-09-28 15:31:08 [INFO] [TC_PD_0002 - Verify adding to cart from the detail page updates the button to Remove]: Accessing Playwright Page object directly.
2026-09-28 15:31:08 [INFO] [TC_PD_0002 - Verify adding to cart from the detail page updates the button to Remove]: Accessing Playwright Page object directly.
2026-09-28 15:31:08 [INFO] [TC_PD_0002 - Verify adding to cart from the detail page updates the button to Remove]: Accessing Playwright Page object directly.
2026-09-28 15:31:08 [INFO] [TC_PD_0002 - Verify adding to cart from the detail page updates the button to Remove]: Accessing Playwright Page object directly.
2026-09-28 15:31:08 [INFO] [TC_PD_0002 - Verify adding to cart from the detail page updates the button to Remove]: Accessing Playwright Page object directly.
2026-09-28 15:31:08 [INFO] [TC_PD_0002 - Verify adding to cart from the detail page updates the button to Remove]: Accessing Playwright Page object directly.
2026-09-28 15:31:08 [INFO] [TC_PD_0002 - Verify adding to cart from the detail page updates the button to Remove]: Accessing Playwright Page object directly.
2026-09-28 15:31:08 [INFO] [TC_PD_0002 - Verify adding to cart from the detail page updates the button to Remove]: Accessing Playwright Page object directly.
2026-09-28 15:31:08 [INFO] [TC_PD_0002 - Verify adding to cart from the detail page updates the button to Remove]: Accessing Playwright Page object directly.
2026-09-28 15:31:08 [INFO] [TC_PD_0002 - Verify adding to cart from the detail page updates the button to Remove]: Accessing Playwright Page object directly.
2026-09-28 15:31:08 [INFO] [TC_PD_0002 - Verify adding to cart from the detail page updates the button to Remove]: Accessing Playwright Page object directly.
2026-09-28 15:31:08 [INFO] [TC_PD_0002 - Verify adding to cart from the detail page updates the button to Remove]: Start of BeforeEach
2026-09-28 15:31:08 [INFO] [TC_PD_0002 - Verify adding to cart from the detail page updates the button to Remove]: Navigating to the Sauce Demo login page...
2026-09-28 15:31:08 [INFO] [TC_PD_0002 - Verify adding to cart from the detail page updates the button to Remove]: Navigating to URL: https://www.saucedemo.com/
2026-09-28 15:31:08 [INFO] [TC_PD_0002 - Verify adding to cart from the detail page updates the button to Remove]: Accessing Playwright Page object directly.
2026-09-28 15:31:08 [INFO] [TC_PD_0001 - Verify product detail page shows the correct name and price]: Successfully clicked on element: "locator('#login-button')"
2026-09-28 15:31:08 [INFO] [TC_PD_0001 - Verify product detail page shows the correct name and price]: Login action completed.
2026-09-28 15:31:08 [INFO] [TC_PD_0001 - Verify product detail page shows the correct name and price]: Opening product details for: "Sauce Labs Backpack"
2026-09-28 15:31:08 [INFO] [TC_PD_0001 - Verify product detail page shows the correct name and price]: Accessing Playwright Page object directly.
2026-09-28 15:31:08 [INFO] [TC_PD_0001 - Verify product detail page shows the correct name and price]: Clicking on element with selector: "locator('.inventory_item').filter({ has: locator('.inventory_item_name').filter({ hasText: 'Sauce Labs Backpack' }) }).locator('.inventory_item_name')"
2026-09-28 15:31:08 [INFO] [TC_PD_0001 - Verify product detail page shows the correct name and price]: Successfully clicked on element: "locator('.inventory_item').filter({ has: locator('.inventory_item_name').filter({ hasText: 'Sauce Labs Backpack' }) }).locator('.inventory_item_name')"
2026-09-28 15:31:08 [INFO] [TC_PD_0001 - Verify product detail page shows the correct name and price]: End of BeforeEach
2026-09-28 15:31:08 [INFO] [TC_PD_0001 - Verify product detail page shows the correct name and price]: Accessing Playwright Page object directly.
2026-09-28 15:31:08 [INFO] [TC_PD_0001 - Verify product detail page shows the correct name and price]: Accessing Playwright Page object directly.
2026-09-28 15:31:08 [INFO] [TC_PD_0001 - Verify product detail page shows the correct name and price]: Accessing Playwright Page object directly.
2026-09-28 15:31:08 [INFO] [TC_PD_0001 - Verify product detail page shows the correct name and price]: Accessing Playwright Page object directly.
2026-09-28 15:31:08 [INFO] [TC_PD_0001 - Verify product detail page shows the correct name and price]: Accessing Playwright Page object directly.
2026-09-28 15:31:08 [INFO] [TC_PD_0001 - Verify product detail page shows the correct name and price]: Asserting product detail page shows "Sauce Labs Backpack" at "$29.99".
2026-09-28 15:31:08 [INFO] [TC_PD_0001 - Verify product detail page shows the correct name and price]: Asserting 1 elements to have text: "Sauce Labs Backpack"
2026-09-28 15:31:08 [INFO] [TC_PD_0001 - Verify product detail page shows the correct name and price]: Asserting element "locator('[data-test="inventory-item-name"]')" to have text: "Sauce Labs Backpack"
2026-09-28 15:31:08 [INFO] [TC_PD_0001 - Verify product detail page shows the correct name and price]: Waiting for element to be visible: "locator('[data-test="inventory-item-name"]')"
2026-09-28 15:31:08 [INFO] [TC_PD_0001 - Verify product detail page shows the correct name and price]: Element is now visible: "locator('[data-test="inventory-item-name"]')"
2026-09-28 15:31:08 [INFO] [TC_PD_0001 - Verify product detail page shows the correct name and price]: Assertion passed: Element "locator('[data-test="inventory-item-name"]')" has text "Sauce Labs Backpack".
2026-09-28 15:31:08 [INFO] [TC_PD_0001 - Verify product detail page shows the correct name and price]: Assertion passed: All 1 elements have text "Sauce Labs Backpack".
2026-09-28 15:31:08 [INFO] [TC_PD_0001 - Verify product detail page shows the correct name and price]: Asserting 1 elements to have text: "$29.99"
2026-09-28 15:31:08 [INFO] [TC_PD_0001 - Verify product detail page shows the correct name and price]: Asserting element "locator('[data-test="inventory-item-price"]')" to have text: "$29.99"
2026-09-28 15:31:08 [INFO] [TC_PD_0001 - Verify product detail page shows the correct name and price]: Waiting for element to be visible: "locator('[data-test="inventory-item-price"]')"
2026-09-28 15:31:08 [INFO] [TC_PD_0001 - Verify product detail page shows the correct name and price]: Element is now visible: "locator('[data-test="inventory-item-price"]')"
2026-09-28 15:31:08 [INFO] [TC_PD_0001 - Verify product detail page shows the correct name and price]: Assertion passed: Element "locator('[data-test="inventory-item-price"]')" has text "$29.99".
2026-09-28 15:31:08 [INFO] [TC_PD_0001 - Verify product detail page shows the correct name and price]: Assertion passed: All 1 elements have text "$29.99".
2026-09-28 15:31:08 [INFO] [TC_PD_0001 - Verify product detail page shows the correct name and price]: Asserting element "locator('[data-test="inventory-item-desc"]')" to be visible.
2026-09-28 15:31:08 [INFO] [TC_PD_0001 - Verify product detail page shows the correct name and price]: Assertion passed: Element "locator('[data-test="inventory-item-desc"]')" is visible.
2026-09-28 15:31:08 [INFO] [TC_PD_0001 - Verify product detail page shows the correct name and price]: Asserting cart button label is: "Add to cart"
2026-09-28 15:31:08 [INFO] [TC_PD_0001 - Verify product detail page shows the correct name and price]: Asserting 1 elements to have text: "Add to cart"
2026-09-28 15:31:08 [INFO] [TC_PD_0001 - Verify product detail page shows the correct name and price]: Asserting element "locator('button.btn_inventory')" to have text: "Add to cart"
2026-09-28 15:31:08 [INFO] [TC_PD_0001 - Verify product detail page shows the correct name and price]: Waiting for element to be visible: "locator('button.btn_inventory')"
2026-09-28 15:31:08 [INFO] [TC_PD_0001 - Verify product detail page shows the correct name and price]: Element is now visible: "locator('button.btn_inventory')"
2026-09-28 15:31:08 [INFO] [TC_PD_0001 - Verify product detail page shows the correct name and price]: Assertion passed: Element "locator('button.btn_inventory')" has text "Add to cart".
2026-09-28 15:31:08 [INFO] [TC_PD_0001 - Verify product detail page shows the correct name and price]: Assertion passed: All 1 elements have text "Add to cart".
2026-09-28 15:31:08 [INFO] [TC_PD_0002 - Verify adding to cart from the detail page updates the button to Remove]: Accessing Playwright Page object directly.
2026-09-28 15:31:08 [INFO] [TC_PD_0002 - Verify adding to cart from the detail page updates the button to Remove]: Successfully navigated to: https://www.saucedemo.com/
2026-09-28 15:31:08 [INFO] [TC_PD_0002 - Verify adding to cart from the detail page updates the button to Remove]: Accessing Playwright Page object directly.
2026-09-28 15:31:08 [INFO] [TC_PD_0002 - Verify adding to cart from the detail page updates the button to Remove]: Page loaded and stable after navigation.
2026-09-28 15:31:08 [INFO] [TC_PD_0002 - Verify adding to cart from the detail page updates the button to Remove]: Waiting for element to be visible: "locator('#user-name')"
2026-09-28 15:31:08 [INFO] [TC_PD_0002 - Verify adding to cart from the detail page updates the button to Remove]: Element is now visible: "locator('#user-name')"
2026-09-28 15:31:08 [INFO] [TC_PD_0002 - Verify adding to cart from the detail page updates the button to Remove]: Landed on the Sauce Demo login page.
2026-09-28 15:31:08 [INFO] [TC_PD_0002 - Verify adding to cart from the detail page updates the button to Remove]: Performing login action.
2026-09-28 15:31:08 [INFO] [TC_PD_0002 - Verify adding to cart from the detail page updates the button to Remove]: Entering username: standard_user
2026-09-28 15:31:08 [INFO] [TC_PD_0002 - Verify adding to cart from the detail page updates the button to Remove]: Filling element "locator('#user-name')" with value: "standard_user"
2026-09-28 15:31:08 [INFO] [TC_PD_0002 - Verify adding to cart from the detail page updates the button to Remove]: Successfully filled element "locator('#user-name')" with value: "standard_user"
2026-09-28 15:31:08 [INFO] [TC_PD_0002 - Verify adding to cart from the detail page updates the button to Remove]: Entering password.
2026-09-28 15:31:08 [INFO] [TC_PD_0002 - Verify adding to cart from the detail page updates the button to Remove]: Filling element "locator('#password')" with value: "secret_sauce"
2026-09-28 15:31:08 [INFO] [TC_PD_0002 - Verify adding to cart from the detail page updates the button to Remove]: Successfully filled element "locator('#password')" with value: "secret_sauce"
2026-09-28 15:31:08 [INFO] [TC_PD_0002 - Verify adding to cart from the detail page updates the button to Remove]: Clicking the Login button.
2026-09-28 15:31:08 [INFO] [TC_PD_0002 - Verify adding to cart from the detail page updates the button to Remove]: Clicking on element with selector: "locator('#login-button')"
2026-09-28 15:31:08 [INFO] [TC_LP_0002 - Verify the problem user can still reach the Products page]: Accessing Playwright Page object directly.
2026-09-28 15:31:08 [INFO] [TC_LP_0002 - Verify the problem user can still reach the Products page]: Successfully navigated to: https://www.saucedemo.com/
2026-09-28 15:31:08 [INFO] [TC_LP_0002 - Verify the problem user can still reach the Products page]: Accessing Playwright Page object directly.
2026-09-28 15:31:08 [INFO] [TC_LP_0002 - Verify the problem user can still reach the Products page]: Page loaded and stable after navigation.
2026-09-28 15:31:08 [INFO] [TC_LP_0002 - Verify the problem user can still reach the Products page]: Waiting for element to be visible: "locator('#user-name')"
2026-09-28 15:31:08 [INFO] [TC_PD_0002 - Verify adding to cart from the detail page updates the button to Remove]: Successfully clicked on element: "locator('#login-button')"
2026-09-28 15:31:08 [INFO] [TC_PD_0002 - Verify adding to cart from the detail page updates the button to Remove]: Login action completed.
2026-09-28 15:31:08 [INFO] [TC_PD_0002 - Verify adding to cart from the detail page updates the button to Remove]: Opening product details for: "Sauce Labs Backpack"
2026-09-28 15:31:08 [INFO] [TC_PD_0002 - Verify adding to cart from the detail page updates the button to Remove]: Accessing Playwright Page object directly.
2026-09-28 15:31:08 [INFO] [TC_PD_0002 - Verify adding to cart from the detail page updates the button to Remove]: Clicking on element with selector: "locator('.inventory_item').filter({ has: locator('.inventory_item_name').filter({ hasText: 'Sauce Labs Backpack' }) }).locator('.inventory_item_name')"
2026-09-28 15:31:08 [INFO] [TC_LP_0002 - Verify the problem user can still reach the Products page]: Element is now visible: "locator('#user-name')"
2026-09-28 15:31:08 [INFO] [TC_LP_0002 - Verify the problem user can still reach the Products page]: Landed on the Sauce Demo login page.
2026-09-28 15:31:08 [INFO] [TC_LP_0002 - Verify the problem user can still reach the Products page]: End of BeforeEach
2026-09-28 15:31:08 [INFO] [TC_LP_0002 - Verify the problem user can still reach the Products page]: Accessing Playwright Page object directly.
2026-09-28 15:31:08 [INFO] [TC_LP_0002 - Verify the problem user can still reach the Products page]: Accessing Playwright Page object directly.
2026-09-28 15:31:08 [INFO] [TC_LP_0002 - Verify the problem user can still reach the Products page]: Accessing Playwright Page object directly.
2026-09-28 15:31:08 [INFO] [TC_LP_0002 - Verify the problem user can still reach the Products page]: Accessing Playwright Page object directly.
2026-09-28 15:31:08 [INFO] [TC_LP_0002 - Verify the problem user can still reach the Products page]: Accessing Playwright Page object directly.
2026-09-28 15:31:08 [INFO] [TC_LP_0002 - Verify the problem user can still reach the Products page]: Accessing Playwright Page object directly.
2026-09-28 15:31:08 [INFO] [TC_LP_0002 - Verify the problem user can still reach the Products page]: Accessing Playwright Page object directly.
2026-09-28 15:31:08 [INFO] [TC_LP_0002 - Verify the problem user can still reach the Products page]: Accessing Playwright Page object directly.
2026-09-28 15:31:08 [INFO] [TC_LP_0002 - Verify the problem user can still reach the Products page]: Accessing Playwright Page object directly.
2026-09-28 15:31:08 [INFO] [TC_LP_0002 - Verify the problem user can still reach the Products page]: Accessing Playwright Page object directly.
2026-09-28 15:31:08 [INFO] [TC_LP_0002 - Verify the problem user can still reach the Products page]: Accessing Playwright Page object directly.
2026-09-28 15:31:08 [INFO] [TC_LP_0002 - Verify the problem user can still reach the Products page]: Accessing Playwright Page object directly.
2026-09-28 15:31:08 [INFO] [TC_LP_0002 - Verify the problem user can still reach the Products page]: Performing login action.
2026-09-28 15:31:08 [INFO] [TC_LP_0002 - Verify the problem user can still reach the Products page]: Entering username: problem_user
2026-09-28 15:31:08 [INFO] [TC_LP_0002 - Verify the problem user can still reach the Products page]: Filling element "locator('#user-name')" with value: "problem_user"
2026-09-28 15:31:08 [INFO] [TC_LP_0002 - Verify the problem user can still reach the Products page]: Successfully filled element "locator('#user-name')" with value: "problem_user"
2026-09-28 15:31:08 [INFO] [TC_LP_0002 - Verify the problem user can still reach the Products page]: Entering password.
2026-09-28 15:31:08 [INFO] [TC_LP_0002 - Verify the problem user can still reach the Products page]: Filling element "locator('#password')" with value: "secret_sauce"
2026-09-28 15:31:08 [INFO] [TC_PD_0002 - Verify adding to cart from the detail page updates the button to Remove]: Successfully clicked on element: "locator('.inventory_item').filter({ has: locator('.inventory_item_name').filter({ hasText: 'Sauce Labs Backpack' }) }).locator('.inventory_item_name')"
2026-09-28 15:31:08 [INFO] [TC_LP_0002 - Verify the problem user can still reach the Products page]: Successfully filled element "locator('#password')" with value: "secret_sauce"
2026-09-28 15:31:08 [INFO] [TC_LP_0002 - Verify the problem user can still reach the Products page]: Clicking the Login button.
2026-09-28 15:31:08 [INFO] [TC_LP_0002 - Verify the problem user can still reach the Products page]: Clicking on element with selector: "locator('#login-button')"
2026-09-28 15:31:08 [INFO] [TC_PD_0002 - Verify adding to cart from the detail page updates the button to Remove]: End of BeforeEach
2026-09-28 15:31:08 [INFO] [TC_PD_0002 - Verify adding to cart from the detail page updates the button to Remove]: Accessing Playwright Page object directly.
2026-09-28 15:31:08 [INFO] [TC_PD_0002 - Verify adding to cart from the detail page updates the button to Remove]: Accessing Playwright Page object directly.
2026-09-28 15:31:08 [INFO] [TC_PD_0002 - Verify adding to cart from the detail page updates the button to Remove]: Accessing Playwright Page object directly.
2026-09-28 15:31:08 [INFO] [TC_PD_0002 - Verify adding to cart from the detail page updates the button to Remove]: Accessing Playwright Page object directly.
2026-09-28 15:31:08 [INFO] [TC_PD_0002 - Verify adding to cart from the detail page updates the button to Remove]: Accessing Playwright Page object directly.
2026-09-28 15:31:08 [INFO] [TC_PD_0002 - Verify adding to cart from the detail page updates the button to Remove]: Adding the current product to cart.
2026-09-28 15:31:08 [INFO] [TC_PD_0002 - Verify adding to cart from the detail page updates the button to Remove]: Clicking on element with selector: "locator('button.btn_inventory')"
2026-09-28 15:31:09 [INFO] [TC_PD_0002 - Verify adding to cart from the detail page updates the button to Remove]: Successfully clicked on element: "locator('button.btn_inventory')"
2026-09-28 15:31:09 [INFO] [TC_PD_0002 - Verify adding to cart from the detail page updates the button to Remove]: Asserting cart button label is: "Remove"
2026-09-28 15:31:09 [INFO] [TC_PD_0002 - Verify adding to cart from the detail page updates the button to Remove]: Asserting 1 elements to have text: "Remove"
2026-09-28 15:31:09 [INFO] [TC_PD_0002 - Verify adding to cart from the detail page updates the button to Remove]: Asserting element "locator('button.btn_inventory')" to have text: "Remove"
2026-09-28 15:31:09 [INFO] [TC_PD_0002 - Verify adding to cart from the detail page updates the button to Remove]: Waiting for element to be visible: "locator('button.btn_inventory')"
2026-09-28 15:31:09 [INFO] [TC_PD_0002 - Verify adding to cart from the detail page updates the button to Remove]: Element is now visible: "locator('button.btn_inventory')"
2026-09-28 15:31:09 [INFO] [TC_PD_0002 - Verify adding to cart from the detail page updates the button to Remove]: Assertion passed: Element "locator('button.btn_inventory')" has text "Remove".
2026-09-28 15:31:09 [INFO] [TC_PD_0002 - Verify adding to cart from the detail page updates the button to Remove]: Assertion passed: All 1 elements have text "Remove".
2026-09-28 15:31:09 [INFO] [TC_LP_0002 - Verify the problem user can still reach the Products page]: Successfully clicked on element: "locator('#login-button')"
2026-09-28 15:31:09 [INFO] [TC_LP_0002 - Verify the problem user can still reach the Products page]: Login action completed.
2026-09-28 15:31:09 [INFO] [TC_LP_0002 - Verify the problem user can still reach the Products page]: Asserting that landed in the Inventory (Products) Page.
2026-09-28 15:31:09 [INFO] [TC_LP_0002 - Verify the problem user can still reach the Products page]: Asserting element "locator('.app_logo')" to be visible.
2026-09-28 15:31:09 [INFO] [TC_LP_0002 - Verify the problem user can still reach the Products page]: Assertion passed: Element "locator('.app_logo')" is visible.
2026-09-28 15:31:09 [INFO] [TC_LP_0002 - Verify the problem user can still reach the Products page]: Asserting 1 elements to have text: "Products"
2026-09-28 15:31:09 [INFO] [TC_LP_0002 - Verify the problem user can still reach the Products page]: Asserting element "locator('.title')" to have text: "Products"
2026-09-28 15:31:09 [INFO] [TC_LP_0002 - Verify the problem user can still reach the Products page]: Waiting for element to be visible: "locator('.title')"
2026-09-28 15:31:09 [INFO] [TC_LP_0002 - Verify the problem user can still reach the Products page]: Element is now visible: "locator('.title')"
2026-09-28 15:31:09 [INFO] [TC_LP_0002 - Verify the problem user can still reach the Products page]: Assertion passed: Element "locator('.title')" has text "Products".
2026-09-28 15:31:09 [INFO] [TC_LP_0002 - Verify the problem user can still reach the Products page]: Assertion passed: All 1 elements have text "Products".
2026-09-28 15:31:09 [INFO] [TC_LP_0002 - Verify the problem user can still reach the Products page]: Assertion passed: Landed in Inventory Page.
2026-09-28 15:31:09 [INFO] [TC_PD_0003 - Verify removing from cart on the detail page reverts the button to Add to cart]: Accessing Playwright Page object directly.
2026-09-28 15:31:09 [INFO] [TC_PD_0003 - Verify removing from cart on the detail page reverts the button to Add to cart]: Accessing Playwright Page object directly.
2026-09-28 15:31:09 [INFO] [TC_PD_0003 - Verify removing from cart on the detail page reverts the button to Add to cart]: Accessing Playwright Page object directly.
2026-09-28 15:31:09 [INFO] [TC_PD_0003 - Verify removing from cart on the detail page reverts the button to Add to cart]: Accessing Playwright Page object directly.
2026-09-28 15:31:09 [INFO] [TC_PD_0003 - Verify removing from cart on the detail page reverts the button to Add to cart]: Accessing Playwright Page object directly.
2026-09-28 15:31:09 [INFO] [TC_PD_0003 - Verify removing from cart on the detail page reverts the button to Add to cart]: Accessing Playwright Page object directly.
2026-09-28 15:31:09 [INFO] [TC_PD_0003 - Verify removing from cart on the detail page reverts the button to Add to cart]: Accessing Playwright Page object directly.
2026-09-28 15:31:09 [INFO] [TC_PD_0003 - Verify removing from cart on the detail page reverts the button to Add to cart]: Accessing Playwright Page object directly.
2026-09-28 15:31:09 [INFO] [TC_PD_0003 - Verify removing from cart on the detail page reverts the button to Add to cart]: Accessing Playwright Page object directly.
2026-09-28 15:31:09 [INFO] [TC_PD_0003 - Verify removing from cart on the detail page reverts the button to Add to cart]: Accessing Playwright Page object directly.
2026-09-28 15:31:09 [INFO] [TC_PD_0003 - Verify removing from cart on the detail page reverts the button to Add to cart]: Accessing Playwright Page object directly.
2026-09-28 15:31:09 [INFO] [TC_PD_0003 - Verify removing from cart on the detail page reverts the button to Add to cart]: Accessing Playwright Page object directly.
2026-09-28 15:31:09 [INFO] [TC_PD_0003 - Verify removing from cart on the detail page reverts the button to Add to cart]: Accessing Playwright Page object directly.
2026-09-28 15:31:09 [INFO] [TC_PD_0003 - Verify removing from cart on the detail page reverts the button to Add to cart]: Accessing Playwright Page object directly.
2026-09-28 15:31:09 [INFO] [TC_PD_0003 - Verify removing from cart on the detail page reverts the button to Add to cart]: Accessing Playwright Page object directly.
2026-09-28 15:31:09 [INFO] [TC_PD_0003 - Verify removing from cart on the detail page reverts the button to Add to cart]: Accessing Playwright Page object directly.
2026-09-28 15:31:09 [INFO] [TC_PD_0003 - Verify removing from cart on the detail page reverts the button to Add to cart]: Start of BeforeEach
2026-09-28 15:31:09 [INFO] [TC_PD_0003 - Verify removing from cart on the detail page reverts the button to Add to cart]: Navigating to the Sauce Demo login page...
2026-09-28 15:31:09 [INFO] [TC_PD_0003 - Verify removing from cart on the detail page reverts the button to Add to cart]: Navigating to URL: https://www.saucedemo.com/
2026-09-28 15:31:09 [INFO] [TC_PD_0003 - Verify removing from cart on the detail page reverts the button to Add to cart]: Accessing Playwright Page object directly.
2026-09-28 15:31:09 [INFO] [TC_PD_0003 - Verify removing from cart on the detail page reverts the button to Add to cart]: Accessing Playwright Page object directly.
2026-09-28 15:31:09 [INFO] [TC_PD_0003 - Verify removing from cart on the detail page reverts the button to Add to cart]: Successfully navigated to: https://www.saucedemo.com/
2026-09-28 15:31:09 [INFO] [TC_PD_0003 - Verify removing from cart on the detail page reverts the button to Add to cart]: Accessing Playwright Page object directly.
2026-09-28 15:31:09 [INFO] [TC_PD_0003 - Verify removing from cart on the detail page reverts the button to Add to cart]: Page loaded and stable after navigation.
2026-09-28 15:31:09 [INFO] [TC_PD_0003 - Verify removing from cart on the detail page reverts the button to Add to cart]: Waiting for element to be visible: "locator('#user-name')"
2026-09-28 15:31:09 [INFO] [TC_PD_0003 - Verify removing from cart on the detail page reverts the button to Add to cart]: Element is now visible: "locator('#user-name')"
2026-09-28 15:31:09 [INFO] [TC_PD_0003 - Verify removing from cart on the detail page reverts the button to Add to cart]: Landed on the Sauce Demo login page.
2026-09-28 15:31:09 [INFO] [TC_PD_0003 - Verify removing from cart on the detail page reverts the button to Add to cart]: Performing login action.
2026-09-28 15:31:09 [INFO] [TC_PD_0003 - Verify removing from cart on the detail page reverts the button to Add to cart]: Entering username: standard_user
2026-09-28 15:31:09 [INFO] [TC_PD_0003 - Verify removing from cart on the detail page reverts the button to Add to cart]: Filling element "locator('#user-name')" with value: "standard_user"
2026-09-28 15:31:09 [INFO] [TC_PD_0003 - Verify removing from cart on the detail page reverts the button to Add to cart]: Successfully filled element "locator('#user-name')" with value: "standard_user"
2026-09-28 15:31:09 [INFO] [TC_PD_0004 - Verify Back to products returns to the Products page]: Accessing Playwright Page object directly.
2026-09-28 15:31:09 [INFO] [TC_PD_0004 - Verify Back to products returns to the Products page]: Accessing Playwright Page object directly.
2026-09-28 15:31:09 [INFO] [TC_PD_0004 - Verify Back to products returns to the Products page]: Accessing Playwright Page object directly.
2026-09-28 15:31:09 [INFO] [TC_PD_0004 - Verify Back to products returns to the Products page]: Accessing Playwright Page object directly.
2026-09-28 15:31:09 [INFO] [TC_PD_0004 - Verify Back to products returns to the Products page]: Accessing Playwright Page object directly.
2026-09-28 15:31:09 [INFO] [TC_PD_0004 - Verify Back to products returns to the Products page]: Accessing Playwright Page object directly.
2026-09-28 15:31:09 [INFO] [TC_PD_0004 - Verify Back to products returns to the Products page]: Accessing Playwright Page object directly.
2026-09-28 15:31:09 [INFO] [TC_PD_0004 - Verify Back to products returns to the Products page]: Accessing Playwright Page object directly.
2026-09-28 15:31:09 [INFO] [TC_PD_0004 - Verify Back to products returns to the Products page]: Accessing Playwright Page object directly.
2026-09-28 15:31:09 [INFO] [TC_PD_0004 - Verify Back to products returns to the Products page]: Accessing Playwright Page object directly.
2026-09-28 15:31:09 [INFO] [TC_PD_0004 - Verify Back to products returns to the Products page]: Accessing Playwright Page object directly.
2026-09-28 15:31:09 [INFO] [TC_PD_0004 - Verify Back to products returns to the Products page]: Accessing Playwright Page object directly.
2026-09-28 15:31:09 [INFO] [TC_PD_0004 - Verify Back to products returns to the Products page]: Accessing Playwright Page object directly.
2026-09-28 15:31:09 [INFO] [TC_PD_0004 - Verify Back to products returns to the Products page]: Accessing Playwright Page object directly.
2026-09-28 15:31:09 [INFO] [TC_PD_0004 - Verify Back to products returns to the Products page]: Accessing Playwright Page object directly.
2026-09-28 15:31:09 [INFO] [TC_PD_0004 - Verify Back to products returns to the Products page]: Accessing Playwright Page object directly.
2026-09-28 15:31:09 [INFO] [TC_PD_0004 - Verify Back to products returns to the Products page]: Start of BeforeEach
2026-09-28 15:31:09 [INFO] [TC_PD_0004 - Verify Back to products returns to the Products page]: Navigating to the Sauce Demo login page...
2026-09-28 15:31:09 [INFO] [TC_PD_0004 - Verify Back to products returns to the Products page]: Navigating to URL: https://www.saucedemo.com/
2026-09-28 15:31:09 [INFO] [TC_PD_0004 - Verify Back to products returns to the Products page]: Accessing Playwright Page object directly.
2026-09-28 15:31:09 [INFO] [TC_PD_0003 - Verify removing from cart on the detail page reverts the button to Add to cart]: Entering password.
2026-09-28 15:31:09 [INFO] [TC_PD_0003 - Verify removing from cart on the detail page reverts the button to Add to cart]: Filling element "locator('#password')" with value: "secret_sauce"
2026-09-28 15:31:09 [INFO] [TC_PD_0003 - Verify removing from cart on the detail page reverts the button to Add to cart]: Successfully filled element "locator('#password')" with value: "secret_sauce"
2026-09-28 15:31:09 [INFO] [TC_PD_0003 - Verify removing from cart on the detail page reverts the button to Add to cart]: Clicking the Login button.
2026-09-28 15:31:09 [INFO] [TC_PD_0003 - Verify removing from cart on the detail page reverts the button to Add to cart]: Clicking on element with selector: "locator('#login-button')"
2026-09-28 15:31:09 [INFO] [TC_PD_0003 - Verify removing from cart on the detail page reverts the button to Add to cart]: Successfully clicked on element: "locator('#login-button')"
2026-09-28 15:31:09 [INFO] [TC_PD_0003 - Verify removing from cart on the detail page reverts the button to Add to cart]: Login action completed.
2026-09-28 15:31:09 [INFO] [TC_PD_0003 - Verify removing from cart on the detail page reverts the button to Add to cart]: Opening product details for: "Sauce Labs Backpack"
2026-09-28 15:31:09 [INFO] [TC_PD_0003 - Verify removing from cart on the detail page reverts the button to Add to cart]: Accessing Playwright Page object directly.
2026-09-28 15:31:09 [INFO] [TC_PD_0003 - Verify removing from cart on the detail page reverts the button to Add to cart]: Clicking on element with selector: "locator('.inventory_item').filter({ has: locator('.inventory_item_name').filter({ hasText: 'Sauce Labs Backpack' }) }).locator('.inventory_item_name')"
2026-09-28 15:31:10 [INFO] [TC_PD_0003 - Verify removing from cart on the detail page reverts the button to Add to cart]: Successfully clicked on element: "locator('.inventory_item').filter({ has: locator('.inventory_item_name').filter({ hasText: 'Sauce Labs Backpack' }) }).locator('.inventory_item_name')"
2026-09-28 15:31:10 [INFO] [TC_PD_0003 - Verify removing from cart on the detail page reverts the button to Add to cart]: End of BeforeEach
2026-09-28 15:31:10 [INFO] [TC_PD_0003 - Verify removing from cart on the detail page reverts the button to Add to cart]: Accessing Playwright Page object directly.
2026-09-28 15:31:10 [INFO] [TC_PD_0003 - Verify removing from cart on the detail page reverts the button to Add to cart]: Accessing Playwright Page object directly.
2026-09-28 15:31:10 [INFO] [TC_PD_0003 - Verify removing from cart on the detail page reverts the button to Add to cart]: Accessing Playwright Page object directly.
2026-09-28 15:31:10 [INFO] [TC_PD_0003 - Verify removing from cart on the detail page reverts the button to Add to cart]: Accessing Playwright Page object directly.
2026-09-28 15:31:10 [INFO] [TC_PD_0003 - Verify removing from cart on the detail page reverts the button to Add to cart]: Accessing Playwright Page object directly.
2026-09-28 15:31:10 [INFO] [TC_PD_0003 - Verify removing from cart on the detail page reverts the button to Add to cart]: Adding the current product to cart.
2026-09-28 15:31:10 [INFO] [TC_PD_0003 - Verify removing from cart on the detail page reverts the button to Add to cart]: Clicking on element with selector: "locator('button.btn_inventory')"
2026-09-28 15:31:10 [INFO] [TC_PD_0004 - Verify Back to products returns to the Products page]: Accessing Playwright Page object directly.
2026-09-28 15:31:10 [INFO] [TC_PD_0004 - Verify Back to products returns to the Products page]: Successfully navigated to: https://www.saucedemo.com/
2026-09-28 15:31:10 [INFO] [TC_PD_0004 - Verify Back to products returns to the Products page]: Accessing Playwright Page object directly.
2026-09-28 15:31:10 [INFO] [TC_PD_0004 - Verify Back to products returns to the Products page]: Page loaded and stable after navigation.
2026-09-28 15:31:10 [INFO] [TC_PD_0004 - Verify Back to products returns to the Products page]: Waiting for element to be visible: "locator('#user-name')"
2026-09-28 15:31:10 [INFO] [TC_PD_0003 - Verify removing from cart on the detail page reverts the button to Add to cart]: Successfully clicked on element: "locator('button.btn_inventory')"
2026-09-28 15:31:10 [INFO] [TC_PD_0003 - Verify removing from cart on the detail page reverts the button to Add to cart]: Asserting cart button label is: "Remove"
2026-09-28 15:31:10 [INFO] [TC_PD_0003 - Verify removing from cart on the detail page reverts the button to Add to cart]: Asserting 1 elements to have text: "Remove"
2026-09-28 15:31:10 [INFO] [TC_PD_0003 - Verify removing from cart on the detail page reverts the button to Add to cart]: Asserting element "locator('button.btn_inventory')" to have text: "Remove"
2026-09-28 15:31:10 [INFO] [TC_PD_0003 - Verify removing from cart on the detail page reverts the button to Add to cart]: Waiting for element to be visible: "locator('button.btn_inventory')"
2026-09-28 15:31:10 [INFO] [TC_PD_0003 - Verify removing from cart on the detail page reverts the button to Add to cart]: Element is now visible: "locator('button.btn_inventory')"
2026-09-28 15:31:10 [INFO] [TC_PD_0003 - Verify removing from cart on the detail page reverts the button to Add to cart]: Assertion passed: Element "locator('button.btn_inventory')" has text "Remove".
2026-09-28 15:31:10 [INFO] [TC_PD_0003 - Verify removing from cart on the detail page reverts the button to Add to cart]: Assertion passed: All 1 elements have text "Remove".
2026-09-28 15:31:10 [INFO] [TC_PD_0003 - Verify removing from cart on the detail page reverts the button to Add to cart]: Removing the current product from cart.
2026-09-28 15:31:10 [INFO] [TC_PD_0003 - Verify removing from cart on the detail page reverts the button to Add to cart]: Clicking on element with selector: "locator('button.btn_inventory')"
2026-09-28 15:31:10 [INFO] [TC_PD_0004 - Verify Back to products returns to the Products page]: Element is now visible: "locator('#user-name')"
2026-09-28 15:31:10 [INFO] [TC_PD_0004 - Verify Back to products returns to the Products page]: Landed on the Sauce Demo login page.
2026-09-28 15:31:10 [INFO] [TC_PD_0004 - Verify Back to products returns to the Products page]: Performing login action.
2026-09-28 15:31:10 [INFO] [TC_PD_0004 - Verify Back to products returns to the Products page]: Entering username: standard_user
2026-09-28 15:31:10 [INFO] [TC_PD_0004 - Verify Back to products returns to the Products page]: Filling element "locator('#user-name')" with value: "standard_user"
2026-09-28 15:31:10 [INFO] [TC_PD_0003 - Verify removing from cart on the detail page reverts the button to Add to cart]: Successfully clicked on element: "locator('button.btn_inventory')"
2026-09-28 15:31:10 [INFO] [TC_PD_0003 - Verify removing from cart on the detail page reverts the button to Add to cart]: Asserting cart button label is: "Add to cart"
2026-09-28 15:31:10 [INFO] [TC_PD_0003 - Verify removing from cart on the detail page reverts the button to Add to cart]: Asserting 1 elements to have text: "Add to cart"
2026-09-28 15:31:10 [INFO] [TC_PD_0003 - Verify removing from cart on the detail page reverts the button to Add to cart]: Asserting element "locator('button.btn_inventory')" to have text: "Add to cart"
2026-09-28 15:31:10 [INFO] [TC_PD_0003 - Verify removing from cart on the detail page reverts the button to Add to cart]: Waiting for element to be visible: "locator('button.btn_inventory')"
2026-09-28 15:31:10 [INFO] [TC_PD_0004 - Verify Back to products returns to the Products page]: Successfully filled element "locator('#user-name')" with value: "standard_user"
2026-09-28 15:31:10 [INFO] [TC_PD_0004 - Verify Back to products returns to the Products page]: Entering password.
2026-09-28 15:31:10 [INFO] [TC_PD_0004 - Verify Back to products returns to the Products page]: Filling element "locator('#password')" with value: "secret_sauce"
2026-09-28 15:31:10 [INFO] [TC_PD_0003 - Verify removing from cart on the detail page reverts the button to Add to cart]: Element is now visible: "locator('button.btn_inventory')"
2026-09-28 15:31:10 [INFO] [TC_PD_0003 - Verify removing from cart on the detail page reverts the button to Add to cart]: Assertion passed: Element "locator('button.btn_inventory')" has text "Add to cart".
2026-09-28 15:31:10 [INFO] [TC_PD_0003 - Verify removing from cart on the detail page reverts the button to Add to cart]: Assertion passed: All 1 elements have text "Add to cart".
2026-09-28 15:31:10 [INFO] [TC_PD_0004 - Verify Back to products returns to the Products page]: Successfully filled element "locator('#password')" with value: "secret_sauce"
2026-09-28 15:31:10 [INFO] [TC_PD_0004 - Verify Back to products returns to the Products page]: Clicking the Login button.
2026-09-28 15:31:10 [INFO] [TC_PD_0004 - Verify Back to products returns to the Products page]: Clicking on element with selector: "locator('#login-button')"
2026-09-28 15:31:10 [INFO] [TC_PD_0004 - Verify Back to products returns to the Products page]: Successfully clicked on element: "locator('#login-button')"
2026-09-28 15:31:10 [INFO] [TC_PD_0004 - Verify Back to products returns to the Products page]: Login action completed.
2026-09-28 15:31:10 [INFO] [TC_PD_0004 - Verify Back to products returns to the Products page]: Opening product details for: "Sauce Labs Backpack"
2026-09-28 15:31:10 [INFO] [TC_PD_0004 - Verify Back to products returns to the Products page]: Accessing Playwright Page object directly.
2026-09-28 15:31:10 [INFO] [TC_PD_0004 - Verify Back to products returns to the Products page]: Clicking on element with selector: "locator('.inventory_item').filter({ has: locator('.inventory_item_name').filter({ hasText: 'Sauce Labs Backpack' }) }).locator('.inventory_item_name')"
2026-09-28 15:31:10 [INFO] [TC_PD_0004 - Verify Back to products returns to the Products page]: Successfully clicked on element: "locator('.inventory_item').filter({ has: locator('.inventory_item_name').filter({ hasText: 'Sauce Labs Backpack' }) }).locator('.inventory_item_name')"
2026-09-28 15:31:10 [INFO] [TC_PD_0004 - Verify Back to products returns to the Products page]: End of BeforeEach
2026-09-28 15:31:10 [INFO] [TC_PD_0004 - Verify Back to products returns to the Products page]: Accessing Playwright Page object directly.
2026-09-28 15:31:10 [INFO] [TC_PD_0004 - Verify Back to products returns to the Products page]: Accessing Playwright Page object directly.
2026-09-28 15:31:10 [INFO] [TC_PD_0004 - Verify Back to products returns to the Products page]: Accessing Playwright Page object directly.
2026-09-28 15:31:10 [INFO] [TC_PD_0004 - Verify Back to products returns to the Products page]: Accessing Playwright Page object directly.
2026-09-28 15:31:10 [INFO] [TC_PD_0004 - Verify Back to products returns to the Products page]: Accessing Playwright Page object directly.
2026-09-28 15:31:10 [INFO] [TC_PD_0004 - Verify Back to products returns to the Products page]: Navigating back to the Products page.
2026-09-28 15:31:10 [INFO] [TC_PD_0004 - Verify Back to products returns to the Products page]: Clicking on element with selector: "locator('[data-test="back-to-products"]')"
2026-09-28 15:31:10 [INFO] [TC_PD_0004 - Verify Back to products returns to the Products page]: Successfully clicked on element: "locator('[data-test="back-to-products"]')"
2026-09-28 15:31:10 [INFO] [TC_PD_0004 - Verify Back to products returns to the Products page]: Asserting that landed in the Inventory (Products) Page.
2026-09-28 15:31:10 [INFO] [TC_PD_0004 - Verify Back to products returns to the Products page]: Asserting element "locator('.app_logo')" to be visible.
2026-09-28 15:31:10 [INFO] [TC_PD_0004 - Verify Back to products returns to the Products page]: Assertion passed: Element "locator('.app_logo')" is visible.
2026-09-28 15:31:10 [INFO] [TC_PD_0004 - Verify Back to products returns to the Products page]: Asserting 1 elements to have text: "Products"
2026-09-28 15:31:10 [INFO] [TC_PD_0004 - Verify Back to products returns to the Products page]: Asserting element "locator('.title')" to have text: "Products"
2026-09-28 15:31:10 [INFO] [TC_PD_0004 - Verify Back to products returns to the Products page]: Waiting for element to be visible: "locator('.title')"
2026-09-28 15:31:10 [INFO] [TC_PD_0004 - Verify Back to products returns to the Products page]: Element is now visible: "locator('.title')"
2026-09-28 15:31:10 [INFO] [TC_PD_0004 - Verify Back to products returns to the Products page]: Assertion passed: Element "locator('.title')" has text "Products".
2026-09-28 15:31:10 [INFO] [TC_PD_0004 - Verify Back to products returns to the Products page]: Assertion passed: All 1 elements have text "Products".
2026-09-28 15:31:10 [INFO] [TC_PD_0004 - Verify Back to products returns to the Products page]: Assertion passed: Landed in Inventory Page.
2026-09-28 15:31:13 [INFO] [TC_LP_0006 - Verify login fails when the password is missing]: Accessing Playwright Page object directly.
2026-09-28 15:31:13 [INFO] [TC_LP_0006 - Verify login fails when the password is missing]: Successfully navigated to: https://www.saucedemo.com/
2026-09-28 15:31:13 [INFO] [TC_LP_0006 - Verify login fails when the password is missing]: Accessing Playwright Page object directly.
2026-09-28 15:31:13 [INFO] [TC_LP_0006 - Verify login fails when the password is missing]: Page loaded and stable after navigation.
2026-09-28 15:31:13 [INFO] [TC_LP_0006 - Verify login fails when the password is missing]: Waiting for element to be visible: "locator('#user-name')"
2026-09-28 15:31:13 [INFO] [TC_LP_0006 - Verify login fails when the password is missing]: Element is now visible: "locator('#user-name')"
2026-09-28 15:31:13 [INFO] [TC_LP_0006 - Verify login fails when the password is missing]: Landed on the Sauce Demo login page.
2026-09-28 15:31:13 [INFO] [TC_LP_0006 - Verify login fails when the password is missing]: End of BeforeEach
2026-09-28 15:31:13 [INFO] [TC_LP_0006 - Verify login fails when the password is missing]: Performing login action.
2026-09-28 15:31:13 [INFO] [TC_LP_0006 - Verify login fails when the password is missing]: Entering username: standard_user
2026-09-28 15:31:13 [INFO] [TC_LP_0006 - Verify login fails when the password is missing]: Filling element "locator('#user-name')" with value: "standard_user"
2026-09-28 15:31:13 [INFO] [TC_LP_0006 - Verify login fails when the password is missing]: Successfully filled element "locator('#user-name')" with value: "standard_user"
2026-09-28 15:31:13 [INFO] [TC_LP_0006 - Verify login fails when the password is missing]: Entering password.
2026-09-28 15:31:13 [INFO] [TC_LP_0006 - Verify login fails when the password is missing]: Filling element "locator('#password')" with value: ""
2026-09-28 15:31:13 [INFO] [TC_LP_0006 - Verify login fails when the password is missing]: Successfully filled element "locator('#password')" with value: ""
2026-09-28 15:31:13 [INFO] [TC_LP_0006 - Verify login fails when the password is missing]: Clicking the Login button.
2026-09-28 15:31:13 [INFO] [TC_LP_0006 - Verify login fails when the password is missing]: Clicking on element with selector: "locator('#login-button')"
2026-09-28 15:31:13 [INFO] [TC_LP_0006 - Verify login fails when the password is missing]: Successfully clicked on element: "locator('#login-button')"
2026-09-28 15:31:13 [INFO] [TC_LP_0006 - Verify login fails when the password is missing]: Login action completed.
2026-09-28 15:31:13 [INFO] [TC_LP_0006 - Verify login fails when the password is missing]: Asserting login error message contains text: "Epic sadface: Password is required"
2026-09-28 15:31:13 [INFO] [TC_LP_0006 - Verify login fails when the password is missing]: Asserting 1 elements to contain text: "Epic sadface: Password is required"
2026-09-28 15:31:13 [INFO] [TC_LP_0006 - Verify login fails when the password is missing]: Asserting element "locator('[data-test="error"]')" to contain text: "Epic sadface: Password is required"
2026-09-28 15:31:13 [INFO] [TC_LP_0006 - Verify login fails when the password is missing]: Waiting for element to be visible: "locator('[data-test="error"]')"
2026-09-28 15:31:13 [INFO] [TC_LP_0006 - Verify login fails when the password is missing]: Element is now visible: "locator('[data-test="error"]')"
2026-09-28 15:31:13 [INFO] [TC_LP_0006 - Verify login fails when the password is missing]: Assertion passed: Element "locator('[data-test="error"]')" contains text "Epic sadface: Password is required".
2026-09-28 15:31:13 [INFO] [TC_LP_0006 - Verify login fails when the password is missing]: Assertion passed: All 1 elements contain text "Epic sadface: Password is required".
2026-09-28 15:31:13 [INFO] [TC_LP_0006 - Verify login fails when the password is missing]: Assertion passed: Error message contains expected text.
